BL51 BANKED LINKER/LOCATER V6.22                                                        05/26/2020  14:25:38  PAGE 1


BL51 BANKED LINKER/LOCATER V6.22, INVOKED BY:
D:\YZ\KEILC51\C51\BIN\BL51.EXE .\output\main.obj, .\output\public.obj, .\output\uart.obj, .\output\tftlcd.obj, .\output\
>> touch.obj, .\output\gui.obj TO .\output\template PRINT (.\output\template.m51) RAMSIZE (256)


MEMORY MODEL: LARGE


INPUT MODULES INCLUDED:
  .\output\main.obj (MAIN)
  .\output\public.obj (PUBLIC)
  .\output\uart.obj (UART)
  .\output\tftlcd.obj (TFTLCD)
  .\output\touch.obj (TOUCH)
  .\output\gui.obj (GUI)
  D:\YZ\KEILC51\C51\LIB\C51L.LIB (?C_STARTUP)
  D:\YZ\KEILC51\C51\LIB\C51L.LIB (?C?CLDPTR)
  D:\YZ\KEILC51\C51\LIB\C51L.LIB (?C?CLDOPTR)
  D:\YZ\KEILC51\C51\LIB\C51L.LIB (?C?CSTPTR)
  D:\YZ\KEILC51\C51\LIB\C51L.LIB (?C?IMUL)
  D:\YZ\KEILC51\C51\LIB\C51L.LIB (?C?UIDIV)
  D:\YZ\KEILC51\C51\LIB\C51L.LIB (?C?IILDX)
  D:\YZ\KEILC51\C51\LIB\C51L.LIB (?C?ILDIX)
  D:\YZ\KEILC51\C51\LIB\C51L.LIB (?C?ILDOPTR)
  D:\YZ\KEILC51\C51\LIB\C51L.LIB (?C?ISTOPTR)
  D:\YZ\KEILC51\C51\LIB\C51L.LIB (?C?LMUL)
  D:\YZ\KEILC51\C51\LIB\C51L.LIB (?C?ULDIV)
  D:\YZ\KEILC51\C51\LIB\C51L.LIB (?C?SLDIV)
  D:\YZ\KEILC51\C51\LIB\C51L.LIB (?C?SLCMP)
  D:\YZ\KEILC51\C51\LIB\C51L.LIB (?C?ULCMP)
  D:\YZ\KEILC51\C51\LIB\C51L.LIB (?C?ULSHR)
  D:\YZ\KEILC51\C51\LIB\C51L.LIB (?C?LSTXDATA)
  D:\YZ\KEILC51\C51\LIB\C51L.LIB (?C?LSTKXDATA)
  D:\YZ\KEILC51\C51\LIB\C51L.LIB (?C?LIMUL)
  D:\YZ\KEILC51\C51\LIB\C51L.LIB (PRINTF)
  D:\YZ\KEILC51\C51\LIB\C51L.LIB (STRLEN)
  D:\YZ\KEILC51\C51\LIB\C51L.LIB (?C_INIT)
  D:\YZ\KEILC51\C51\LIB\C51L.LIB (?C?PLDIXDATA)
  D:\YZ\KEILC51\C51\LIB\C51L.LIB (?C?PSTXDATA)
  D:\YZ\KEILC51\C51\LIB\C51L.LIB (?C?CCASE)
  D:\YZ\KEILC51\C51\LIB\C51L.LIB (PUTCHAR)


LINK MAP OF MODULE:  .\output\template (MAIN)


            TYPE    BASE      LENGTH    RELOCATION   SEGMENT NAME
            -----------------------------------------------------

            * * * * * * *   D A T A   M E M O R Y   * * * * * * *
            REG     0000H     0008H     ABSOLUTE     "REG BANK 0"
            DATA    0008H     0005H     UNIT         _DATA_GROUP_
                    000DH     0013H                  *** GAP ***
            BIT     0020H.0   0001H.1   UNIT         _BIT_GROUP_
                    0021H.1   0000H.7                *** GAP ***
            IDATA   0022H     0001H     UNIT         ?STACK

            * * * * * * *  X D A T A   M E M O R Y  * * * * * * *
BL51 BANKED LINKER/LOCATER V6.22                                                      05/26/2020  14:25:38  PAGE 2


            XDATA   0000H     0039H     UNIT         _XDATA_GROUP_
            XDATA   0039H     0034H     UNIT         ?XD?UART
            XDATA   006DH     0024H     UNIT         ?XD?_GUI_DRAW_ELLIPSE?GUI
            XDATA   0091H     0022H     UNIT         ?XD?_GUI_FILL_ELLIPSE?GUI
            XDATA   00B3H     001FH     UNIT         ?XD?_GUI_DRAW_BLINE?GUI
            XDATA   00D2H     001FH     UNIT         ?XD?_GUI_DRAW_BLINE1?GUI
            XDATA   00F1H     001EH     UNIT         ?XD?_LCD_DRAWLINE_COLOR?TFTLCD
            XDATA   010FH     001EH     UNIT         ?XD?_GUI_DRAW_LINE?GUI
            XDATA   012DH     001EH     UNIT         ?XD?_GUI_SMOOTH_COLOR?GUI
            XDATA   014BH     001CH     UNIT         ?XD?_LCD_DRAWLINE?TFTLCD
            XDATA   0167H     001AH     UNIT         ?XD?_TOUCH_XPT_READDATA?TOUCH
            XDATA   0181H     0019H     UNIT         ?XD?_GUI_DRAW_ARC?GUI
            XDATA   019AH     0019H     UNIT         ?XD?_GUI_SHOW_PTCHAR?GUI
            XDATA   01B3H     0017H     UNIT         ?XD?_GUI_DRAW_SMOOTH_RECTANGLE?GUI
            XDATA   01CAH     0016H     UNIT         ?XD?_GUI_SHOW_STRING?GUI
            XDATA   01E0H     0015H     UNIT         ?XD?_LCD_SHOWPICTURE?TFTLCD
            XDATA   01F5H     0013H     UNIT         ?XD?_LCD_COLOR_FILL?TFTLCD
            XDATA   0208H     0013H     UNIT         ?XD?_GUI_SHOW_PTSTR?GUI
            XDATA   021BH     0012H     UNIT         ?XD?_GUI_DRAW_CIRCLE8?GUI
            XDATA   022DH     0012H     UNIT         ?XD?_GUI_SHOW_STRMID?GUI
            XDATA   023FH     0012H     UNIT         ?XD?_GUI_SHOW_PTSTRWHITERIM?GUI
            XDATA   0251H     0011H     UNIT         ?XD?_GUI_ALPHABLEND_AREA?GUI
            XDATA   0262H     0010H     UNIT         ?XD?_GUI_DRAW_ARCRECTANGLE?GUI
            XDATA   0272H     0010H     UNIT         ?XD?_GUI_DRAW_EXPOINT?GUI
            XDATA   0282H     0010H     UNIT         ?XD?_GUI_SHOW_NUM?GUI
            XDATA   0292H     000EH     UNIT         ?XD?_LCD_SHOWXNUM?TFTLCD
            XDATA   02A0H     000EH     UNIT         ?XD?_GUI_DRAW_BIGPOINT?GUI
            XDATA   02AEH     000EH     UNIT         ?XD?_GUI_FILL_COLORBLOCK?GUI
            XDATA   02BCH     000DH     UNIT         ?XD?_LCD_SHOWNUM?TFTLCD
            XDATA   02C9H     000DH     UNIT         ?XD?TOUCH
            XDATA   02D6H     000DH     UNIT         ?XD?_GUI_ALPHA_BLEND565?GUI
            XDATA   02E3H     000CH     UNIT         ?XD?_GUI_GET_STRINGLINE?GUI
            XDATA   02EFH     000BH     UNIT         ?XD?TFTLCD
            XDATA   02FAH     000AH     UNIT         ?XD?_LCD_READPOINT?TFTLCD
            XDATA   0304H     000AH     UNIT         ?XD?_LCD_DRAW_CIRCLE?TFTLCD
            XDATA   030EH     000AH     UNIT         ?XD?_LCD_SHOWFONTHZ?TFTLCD
            XDATA   0318H     000AH     UNIT         ?XD?TOUCH_XPT_READXY?TOUCH
            XDATA   0322H     000AH     UNIT         ?XD?_GUI_DRAW_RECTANGLE?GUI
            XDATA   032CH     000AH     UNIT         ?XD?_GUI_FILL_RECTANGLE?GUI
            XDATA   0336H     0009H     UNIT         ?XD?_GUI_NUM2STR?GUI
            XDATA   033FH     0008H     UNIT         ?XD?_LCD_DRAWRECTANGLE?TFTLCD
            XDATA   0347H     0008H     UNIT         ?XD?_GUI_COLOR_CHG?GUI
            XDATA   034FH     0008H     UNIT         ?XD?_GUI_DISABS?GUI
            XDATA   0357H     0008H     UNIT         ?XD?_GUI_DRAW_VLINE?GUI
            XDATA   035FH     0006H     UNIT         ?XD?_LCD_DRAWBIGPOINT?TFTLCD
            XDATA   0365H     0006H     UNIT         ?XD?_LCD_DROWSIGN?TFTLCD
            XDATA   036BH     0006H     UNIT         ?XD?_LCD_POW?TFTLCD
            XDATA   0371H     0006H     UNIT         ?XD?_GUI_POW?GUI
            XDATA   0377H     0005H     UNIT         ?XD?TOUCH_SCAN?TOUCH
            XDATA   037CH     0004H     UNIT         ?XD?_GUI_DRAW_POINT?GUI
            XDATA   0380H     0003H     UNIT         ?XD?_UART_SENDSTRING?UART
            XDATA   0383H     0002H     UNIT         ?XD?TOUCH_SPI_READ?TOUCH

            * * * * * * *   C O D E   M E M O R Y   * * * * * * *
            CODE    0000H     0003H     ABSOLUTE     
            CODE    0003H     001FH     UNIT         ?PR?_DELAY?TFTLCD
                    0022H     0001H                  *** GAP ***
BL51 BANKED LINKER/LOCATER V6.22                                                      05/26/2020  14:25:38  PAGE 3


            CODE    0023H     0003H     ABSOLUTE     
            CODE    0026H     1BF3H     UNIT         ?CO?TFTLCD
            CODE    1C19H     06B3H     UNIT         ?PR?_GUI_DRAW_ARCRECTANGLE?GUI
            CODE    22CCH     0404H     UNIT         ?PR?_GUI_DRAW_ELLIPSE?GUI
            CODE    26D0H     03CAH     UNIT         ?PR?_GUI_DRAW_BLINE1?GUI
            CODE    2A9AH     03A0H     UNIT         ?PR?_GUI_FILL_CIRCLE?GUI
            CODE    2E3AH     0365H     UNIT         ?PR?PRINTF?PRINTF
            CODE    319FH     0357H     UNIT         ?C?LIB_CODE
            CODE    34F6H     0271H     UNIT         ?PR?_GUI_DRAW_CIRCLE8?GUI
            CODE    3767H     026CH     UNIT         ?PR?_GUI_DRAW_BLINE?GUI
            CODE    39D3H     025DH     UNIT         ?PR?TFTLCD_INIT?TFTLCD
            CODE    3C30H     025CH     UNIT         ?PR?_GUI_FILL_ELLIPSE?GUI
            CODE    3E8CH     024EH     UNIT         ?PR?_GUI_SHOW_PTCHAR?GUI
            CODE    40DAH     024BH     UNIT         ?PR?_GUI_SHOW_PTSTR?GUI
            CODE    4325H     022BH     UNIT         ?PR?_GUI_SHOW_STRING?GUI
            CODE    4550H     01F3H     UNIT         ?PR?_GUI_DRAW_LINE?GUI
            CODE    4743H     01EFH     UNIT         ?PR?_LCD_DRAWLINE?TFTLCD
            CODE    4932H     01EDH     UNIT         ?PR?_LCD_DRAWLINE_COLOR?TFTLCD
            CODE    4B1FH     01E9H     UNIT         ?PR?_GUI_SMOOTH_COLOR?GUI
            CODE    4D08H     01D8H     UNIT         ?PR?_LCD_DRAW_CIRCLE?TFTLCD
            CODE    4EE0H     01D7H     UNIT         ?PR?_GUI_DRAW_ARC?GUI
            CODE    50B7H     01C3H     UNIT         ?PR?_GUI_SHOW_NUM?GUI
            CODE    527AH     0187H     UNIT         ?PR?_TOUCH_XPT_READDATA?TOUCH
            CODE    5401H     017CH     UNIT         ?PR?_GUI_GET_STRINGLINE?GUI
            CODE    557DH     0178H     UNIT         ?PR?_LCD_SHOWCHAR?TFTLCD
            CODE    56F5H     0148H     UNIT         ?PR?_GUI_SHOW_STRMID?GUI
            CODE    583DH     0147H     UNIT         ?PR?_GUI_FILL_COLORBLOCK?GUI
            CODE    5984H     0140H     UNIT         ?PR?TOUCH_SCAN?TOUCH
            CODE    5AC4H     012DH     UNIT         ?PR?_LCD_SHOWPICTURE?TFTLCD
            CODE    5BF1H     012BH     UNIT         ?PR?_LCD_SHOWFONTHZ?TFTLCD
            CODE    5D1CH     0129H     UNIT         ?PR?_LCD_SHOWXNUM?TFTLCD
            CODE    5E45H     0114H     UNIT         ?PR?TOUCH_XPT_READXY?TOUCH
            CODE    5F59H     0110H     UNIT         ?PR?LEDFLOW_TEST?MAIN
            CODE    6069H     010CH     UNIT         ?PR?_GUI_DRAW_SMOOTH_RECTANGLE?GUI
            CODE    6175H     00F8H     UNIT         ?PR?_LCD_COLOR_FILL?TFTLCD
            CODE    626DH     00F7H     UNIT         ?PR?_GUI_ALPHABLEND_AREA?GUI
            CODE    6364H     00F4H     UNIT         ?PR?_GUI_DRAW_BIGPOINT?GUI
            CODE    6458H     00EDH     UNIT         ?PR?_GUI_ALPHA_BLEND565?GUI
            CODE    6545H     00E5H     UNIT         ?PR?_LCD_SHOWSTRING?TFTLCD
            CODE    662AH     00DCH     UNIT         ?PR?_LCD_SHOWNUM?TFTLCD
            CODE    6706H     00D8H     UNIT         ?PR?_LCD_DROWSIGN?TFTLCD
            CODE    67DEH     00D2H     UNIT         ?PR?_GUI_SHOW_PTSTRWHITERIM?GUI
            CODE    68B0H     00D0H     UNIT         ?PR?_LCD_FILL?TFTLCD
            CODE    6980H     00C8H     UNIT         ?PR?_GUI_DRAW_RECTANGLE?GUI
            CODE    6A48H     00C1H     UNIT         ?PR?_GUI_DRAW_EXPOINT?GUI
            CODE    6B09H     00AAH     UNIT         ?PR?_LCD_DRAWRECTANGLE?TFTLCD
            CODE    6BB3H     00AAH     UNIT         ?PR?_GUI_NUM2STR?GUI
            CODE    6C5DH     0096H     UNIT         ?PR?_GUI_DRAW_VLINE?GUI
            CODE    6CF3H     0092H     UNIT         ?PR?_LCD_SET_WINDOW?TFTLCD
            CODE    6D85H     008CH     UNIT         ?C_C51STARTUP
            CODE    6E11H     008AH     UNIT         ?PR?_GUI_FILL_RECTANGLE?GUI
            CODE    6E9BH     0087H     UNIT         ?PR?UART_IRQN?UART
            CODE    6F22H     0081H     UNIT         ?PR?_LCD_CLEAR?TFTLCD
            CODE    6FA3H     0080H     UNIT         ?PR?_GUI_COLOR_CHG?GUI
            CODE    7023H     007BH     UNIT         ?PR?_GUI_DRAW_HLINE?GUI
            CODE    709EH     0073H     UNIT         ?PR?_LCD_DRAWBIGPOINT?TFTLCD
            CODE    7111H     006BH     UNIT         ?PR?_GUI_DISABS?GUI
BL51 BANKED LINKER/LOCATER V6.22                                                      05/26/2020  14:25:38  PAGE 4


            CODE    717CH     0065H     UNIT         ?PR?_LCD_READPOINT?TFTLCD
            CODE    71E1H     0050H     UNIT         ?PR?_LCD_POW?TFTLCD
            CODE    7231H     0049H     UNIT         ?PR?_GUI_POW?GUI
            CODE    727AH     0048H     UNIT         ?PR?_LCD_DRAWFRONT_COLOR?TFTLCD
            CODE    72C2H     0044H     UNIT         ?C?LDIV
            CODE    7306H     0040H     UNIT         ?PR?_LCD_DISPLAY_DIR?TFTLCD
            CODE    7346H     0040H     UNIT         ?PR?_LCD_DRAWPOINT?TFTLCD
            CODE    7386H     003CH     UNIT         ?PR?_GUI_RGB332TORGB565?GUI
            CODE    73C2H     003CH     UNIT         ?PR?_GUI_DRAW_POINT?GUI
            CODE    73FEH     003BH     UNIT         ?PR?TOUCH_SPI_READ?TOUCH
            CODE    7439H     0033H     UNIT         ?PR?_UART_SENDSTRING?UART
            CODE    746CH     002FH     UNIT         ?PR?_LCD_WRITECMD?TFTLCD
            CODE    749BH     0027H     UNIT         ?PR?PUTCHAR?PUTCHAR
            CODE    74C2H     0025H     UNIT         ?PR?_LCD_WRITEDATA?TFTLCD
            CODE    74E7H     0025H     UNIT         ?PR?_LCD_WRITEDATA_COLOR?TFTLCD
            CODE    750CH     001EH     UNIT         ?PR?_DELAY_MS?PUBLIC
            CODE    752AH     001DH     UNIT         ?PR?_TOUCH_SPI_WRITE?TOUCH
            CODE    7547H     001AH     UNIT         ?PR?LCD_READDATA?TFTLCD
            CODE    7561H     0016H     UNIT         ?PR?UART_INIT?UART
            CODE    7577H     0015H     UNIT         ?PR?_STRLEN?STRLEN
            CODE    758CH     0010H     UNIT         ?C_INITSEG
            CODE    759CH     000EH     UNIT         ?CO?MAIN
            CODE    75AAH     000EH     UNIT         ?PR?_UART_SENDDATA?UART
            CODE    75B8H     000EH     UNIT         ?PR?_LCD_WRITECMDDATA?TFTLCD
            CODE    75C6H     000BH     UNIT         ?PR?MAIN?MAIN
            CODE    75D1H     000BH     UNIT         ?PR?_DELAY_10US?PUBLIC
            CODE    75DCH     000BH     UNIT         ?PR?TOUCH_SPI_START?TOUCH
            CODE    75E7H     0006H     UNIT         ?PR?_UART_CMD?UART



OVERLAY MAP OF MODULE:   .\output\template (MAIN)


SEGMENT                                       BIT_GROUP          DATA_GROUP          XDATA_GROUP
  +--> CALLED SEGMENT                      START    LENGTH     START    LENGTH     START    LENGTH
--------------------------------------------------------------------------------------------------
?C_C51STARTUP                              -----    -----      -----    -----      -----    -----
  +--> ?PR?MAIN?MAIN
  +--> ?C_INITSEG

?PR?MAIN?MAIN                              -----    -----      -----    -----      -----    -----
  +--> ?PR?UART_INIT?UART
  +--> ?PR?TFTLCD_INIT?TFTLCD
  +--> ?PR?LEDFLOW_TEST?MAIN

?PR?TFTLCD_INIT?TFTLCD                     -----    -----      -----    -----      -----    -----
  +--> ?PR?_DELAY_MS?PUBLIC
  +--> ?PR?_LCD_WRITECMD?TFTLCD
  +--> ?PR?LCD_READDATA?TFTLCD
  +--> ?CO?TFTLCD
  +--> ?PR?PRINTF?PRINTF
  +--> ?PR?_LCD_WRITEDATA?TFTLCD
  +--> ?PR?_LCD_DISPLAY_DIR?TFTLCD
  +--> ?PR?_LCD_CLEAR?TFTLCD

?PR?_LCD_WRITECMD?TFTLCD                   -----    -----      -----    -----      -----    -----
BL51 BANKED LINKER/LOCATER V6.22                                                      05/26/2020  14:25:38  PAGE 5


  +--> ?PR?_LCD_WRITEDATA?TFTLCD

?PR?PRINTF?PRINTF                          0020H.0  0001H.1    0008H    0005H      0000H    0028H
  +--> ?PR?PUTCHAR?PUTCHAR

?PR?_LCD_DISPLAY_DIR?TFTLCD                -----    -----      -----    -----      -----    -----
  +--> ?PR?_LCD_WRITECMDDATA?TFTLCD

?PR?_LCD_WRITECMDDATA?TFTLCD               -----    -----      -----    -----      -----    -----
  +--> ?PR?_LCD_WRITECMD?TFTLCD
  +--> ?PR?_LCD_WRITEDATA?TFTLCD

?PR?_LCD_CLEAR?TFTLCD                      -----    -----      -----    -----      0000H    0004H
  +--> ?PR?_LCD_SET_WINDOW?TFTLCD
  +--> ?PR?_LCD_WRITEDATA_COLOR?TFTLCD

?PR?_LCD_SET_WINDOW?TFTLCD                 -----    -----      -----    -----      002DH    000CH
  +--> ?PR?_LCD_WRITECMD?TFTLCD
  +--> ?PR?_LCD_WRITEDATA?TFTLCD

?PR?LEDFLOW_TEST?MAIN                      -----    -----      -----    -----      0000H    0001H
  +--> ?CO?MAIN
  +--> ?PR?_LCD_SHOWSTRING?TFTLCD
  +--> ?PR?_GUI_FILL_CIRCLE?GUI
  +--> ?PR?_DELAY_MS?PUBLIC

?PR?_LCD_SHOWSTRING?TFTLCD                 -----    -----      -----    -----      0001H    000DH
  +--> ?PR?_LCD_SHOWCHAR?TFTLCD

?PR?_LCD_SHOWCHAR?TFTLCD                   -----    -----      -----    -----      000EH    000CH
  +--> ?CO?TFTLCD
  +--> ?PR?_LCD_DRAWFRONT_COLOR?TFTLCD

?PR?_LCD_DRAWFRONT_COLOR?TFTLCD            -----    -----      -----    -----      001AH    0006H
  +--> ?PR?_LCD_SET_WINDOW?TFTLCD
  +--> ?PR?_LCD_WRITEDATA_COLOR?TFTLCD

?PR?_GUI_FILL_CIRCLE?GUI                   -----    -----      -----    -----      0001H    0018H
  +--> ?PR?_GUI_DRAW_HLINE?GUI

?PR?_GUI_DRAW_HLINE?GUI                    -----    -----      -----    -----      0019H    0008H
  +--> ?PR?_LCD_FILL?TFTLCD

?PR?_LCD_FILL?TFTLCD                       -----    -----      -----    -----      0021H    000CH
  +--> ?PR?_LCD_SET_WINDOW?TFTLCD
  +--> ?PR?_LCD_WRITEDATA_COLOR?TFTLCD



SYMBOL TABLE OF MODULE:  .\output\template (MAIN)

  VALUE           TYPE          NAME
  ----------------------------------

  -------         MODULE        MAIN
  C:0000H         SYMBOL        _ICE_DUMMY_
  D:00A0H         PUBLIC        P2
BL51 BANKED LINKER/LOCATER V6.22                                                      05/26/2020  14:25:38  PAGE 6


  D:00B0H         PUBLIC        P3
  D:00A8H         PUBLIC        IE
  D:00B8H         PUBLIC        IP
  D:00D8H         PUBLIC        CCON
  C:75C6H         PUBLIC        main
  D:0098H         PUBLIC        SCON
  D:0088H         PUBLIC        TCON
  C:5F59H         PUBLIC        LEDFlow_Test
  D:00D0H         PUBLIC        PSW
  -------         PROC          LEDFLOW_TEST
  -------         DO            
  X:0000H         SYMBOL        i
  -------         ENDDO         
  C:5F59H         LINE#         21
  C:5F59H         LINE#         22
  C:5F59H         LINE#         23
  C:5F5EH         LINE#         25
  C:5F67H         LINE#         26
  C:5F99H         LINE#         27
  C:5FA8H         LINE#         28
  C:5FA8H         LINE#         29
  C:5FC7H         LINE#         30
  C:5FCFH         LINE#         32
  C:5FCFH         LINE#         33
  C:5FCFH         LINE#         34
  C:5FE6H         LINE#         35
  C:5FFEH         LINE#         36
  C:6005H         LINE#         37
  C:6015H         LINE#         38
  C:6015H         LINE#         39
  C:6037H         LINE#         40
  C:605AH         LINE#         41
  C:6061H         LINE#         42
  -------         ENDPROC       LEDFLOW_TEST
  -------         PROC          MAIN
  C:75C6H         LINE#         46
  C:75C6H         LINE#         47
  C:75C6H         LINE#         49
  C:75C9H         LINE#         50
  C:75CCH         LINE#         52
  C:75CFH         LINE#         54
  C:75CFH         LINE#         55
  C:75CFH         LINE#         57
  -------         ENDPROC       MAIN
  -------         ENDMOD        MAIN

  -------         MODULE        PUBLIC
  C:0000H         SYMBOL        _ICE_DUMMY_
  D:00A8H         PUBLIC        IE
  D:00B8H         PUBLIC        IP
  D:00D8H         PUBLIC        CCON
  D:0098H         PUBLIC        SCON
  D:0088H         PUBLIC        TCON
  C:75D1H         PUBLIC        _delay_10us
  C:750CH         PUBLIC        _delay_ms
  D:00D0H         PUBLIC        PSW
  -------         PROC          _DELAY_10US
BL51 BANKED LINKER/LOCATER V6.22                                                      05/26/2020  14:25:38  PAGE 7


  D:0006H         SYMBOL        us
  C:75D1H         LINE#         6
  C:75D1H         LINE#         7
  C:75D1H         LINE#         8
  C:75DBH         LINE#         9
  -------         ENDPROC       _DELAY_10US
  -------         PROC          _DELAY_MS
  D:0006H         SYMBOL        ms
  -------         DO            
  D:0006H         SYMBOL        i
  D:0004H         SYMBOL        j
  -------         ENDDO         
  C:750CH         LINE#         11
  C:750CH         LINE#         12
  C:750CH         LINE#         14
  C:7515H         LINE#         15
  C:7529H         LINE#         16
  -------         ENDPROC       _DELAY_MS
  -------         ENDMOD        PUBLIC

  -------         MODULE        UART
  C:0000H         SYMBOL        _ICE_DUMMY_
  B:00A8H.7       PUBLIC        EA
  X:0039H         PUBLIC        UART_RX_BUF
  D:00A8H         PUBLIC        IE
  X:006BH         PUBLIC        UART_RX_STA
  B:00A8H.4       PUBLIC        ES
  D:00B8H         PUBLIC        IP
  B:0098H.0       PUBLIC        RI
  B:0098H.1       PUBLIC        TI
  D:00D8H         PUBLIC        CCON
  C:7439H         PUBLIC        _UART_SendString
  C:75AAH         PUBLIC        _UART_SendData
  D:0099H         PUBLIC        SBUF
  D:0087H         PUBLIC        PCON
  C:75E7H         PUBLIC        _UART_Cmd
  C:7561H         PUBLIC        UART_Init
  D:0098H         PUBLIC        SCON
  D:0089H         PUBLIC        TMOD
  D:0088H         PUBLIC        TCON
  D:008DH         PUBLIC        TH1
  D:008BH         PUBLIC        TL1
  B:0088H.6       PUBLIC        TR1
  C:6E9BH         PUBLIC        UART_IRQn
  D:00D0H         PUBLIC        PSW
  -------         PROC          UART_INIT
  C:7561H         LINE#         5
  C:7561H         LINE#         6
  C:7561H         LINE#         7
  C:7564H         LINE#         8
  C:7567H         LINE#         9
  C:756AH         LINE#         10
  C:756DH         LINE#         11
  C:7570H         LINE#         13
  C:7572H         LINE#         14
  C:7574H         LINE#         15
  C:7576H         LINE#         16
BL51 BANKED LINKER/LOCATER V6.22                                                      05/26/2020  14:25:38  PAGE 8


  -------         ENDPROC       UART_INIT
  -------         PROC          _UART_CMD
  D:0007H         SYMBOL        ensta
  C:75E7H         LINE#         18
  C:75E7H         LINE#         19
  C:75E7H         LINE#         20
  C:75ECH         LINE#         21
  -------         ENDPROC       _UART_CMD
  -------         PROC          _UART_SENDDATA
  D:0007H         SYMBOL        dat
  C:75AAH         LINE#         23
  C:75AAH         LINE#         24
  C:75AAH         LINE#         25
  C:75ACH         LINE#         26
  C:75AEH         LINE#         27
  C:75B0H         LINE#         28
  C:75B3H         LINE#         29
  C:75B5H         LINE#         30
  C:75B7H         LINE#         31
  -------         ENDPROC       _UART_SENDDATA
  -------         PROC          _UART_SENDSTRING
  X:0380H         SYMBOL        pbuf
  C:7439H         LINE#         33
  C:7444H         LINE#         34
  C:7444H         LINE#         35
  C:7455H         LINE#         36
  C:7455H         LINE#         37
  C:7458H         LINE#         38
  C:745FH         LINE#         39
  C:7469H         LINE#         40
  C:746BH         LINE#         41
  -------         ENDPROC       _UART_SENDSTRING
  -------         PROC          UART_IRQN
  -------         DO            
  D:0007H         SYMBOL        r
  -------         ENDDO         
  C:6E9BH         LINE#         51
  C:6EACH         LINE#         55
  C:6EAFH         LINE#         56
  C:6EAFH         LINE#         57
  C:6EB1H         LINE#         58
  C:6EB3H         LINE#         59
  C:6EBCH         LINE#         60
  C:6EBCH         LINE#         61
  C:6EBFH         LINE#         62
  C:6EBFH         LINE#         63
  C:6EC9H         LINE#         64
  C:6ECCH         LINE#         65
  C:6ECEH         LINE#         67
  C:6ECEH         LINE#         68
  C:6EDEH         LINE#         70
  C:6EDEH         LINE#         71
  C:6EF2H         LINE#         72
  C:6F00H         LINE#         73
  C:6F13H         LINE#         74
  C:6F13H         LINE#         75
  C:6F13H         LINE#         76
BL51 BANKED LINKER/LOCATER V6.22                                                      05/26/2020  14:25:38  PAGE 9


  C:6F13H         LINE#         77
  C:6F13H         LINE#         78
  -------         ENDPROC       UART_IRQN
  -------         ENDMOD        UART

  -------         MODULE        TFTLCD
  C:0000H         SYMBOL        _ICE_DUMMY_
  D:0080H         PUBLIC        P0
  D:0090H         PUBLIC        P1
  X:02EFH         PUBLIC        tftlcd_data
  D:00A0H         PUBLIC        P2
  C:5D1CH         PUBLIC        _LCD_ShowxNum
  D:00B0H         PUBLIC        P3
  C:662AH         PUBLIC        _LCD_ShowNum
  D:00A8H         PUBLIC        IE
  C:7306H         PUBLIC        _LCD_Display_Dir
  C:5BF1H         PUBLIC        _LCD_ShowFontHZ
  D:00B8H         PUBLIC        IP
  C:6F22H         PUBLIC        _LCD_Clear
  C:6175H         PUBLIC        _LCD_Color_Fill
  C:74EFH         PUBLIC        _LCD_WriteData_Color
  D:00D8H         PUBLIC        CCON
  C:7547H         PUBLIC        LCD_ReadData
  C:4932H         PUBLIC        _LCD_DrawLine_Color
  C:7280H         PUBLIC        _LCD_DrawFRONT_COLOR
  D:0098H         PUBLIC        SCON
  D:0088H         PUBLIC        TCON
  C:0A97H         PUBLIC        ascii_2412
  C:0033H         PUBLIC        ascii_1206
  C:5AC4H         PUBLIC        _LCD_ShowPicture
  C:39D3H         PUBLIC        TFTLCD_Init
  C:04A7H         PUBLIC        ascii_1608
  C:68B0H         PUBLIC        _LCD_Fill
  C:6CF8H         PUBLIC        _LCD_Set_Window
  C:74CAH         PUBLIC        _LCD_WriteData
  C:717CH         PUBLIC        _LCD_ReadPoint
  B:00B0H.3       PUBLIC        TFT_RST
  C:4743H         PUBLIC        _LCD_DrawLine
  C:735CH         PUBLIC        _LCD_DrawPoint
  C:6545H         PUBLIC        _LCD_ShowString
  C:75B8H         PUBLIC        _LCD_WriteCmdData
  C:557DH         PUBLIC        _LCD_ShowChar
  C:747EH         PUBLIC        _LCD_WriteCmd
  C:6B09H         PUBLIC        _LCD_DrawRectangle
  B:00B0H.2       PUBLIC        TFT_RD
  B:00A0H.7       PUBLIC        TFT_CS
  C:6706H         PUBLIC        _LCD_DrowSign
  C:709EH         PUBLIC        _LCD_DrawBigPoint
  C:71E8H         PUBLIC        _LCD_Pow
  X:02F6H         PUBLIC        FRONT_COLOR
  C:0003H         PUBLIC        _Delay
  X:02F8H         PUBLIC        BACK_COLOR
  B:00A0H.6       PUBLIC        TFT_RS
  B:00A0H.5       PUBLIC        TFT_WR
  C:4D08H         PUBLIC        _LCD_Draw_Circle
  D:00D0H         PUBLIC        PSW
  C:17F3H         PUBLIC        CnChar32x29
BL51 BANKED LINKER/LOCATER V6.22                                                      05/26/2020  14:25:38  PAGE 10


  -------         PROC          _DELAY
  D:0006H         SYMBOL        dly
  -------         DO            
  D:0004H         SYMBOL        i
  D:0002H         SYMBOL        j
  -------         ENDDO         
  C:0003H         LINE#         14
  C:0003H         LINE#         15
  C:0003H         LINE#         18
  C:000DH         LINE#         19
  C:0021H         LINE#         20
  -------         ENDPROC       _DELAY
  -------         PROC          L?0217
  -------         ENDPROC       L?0217
  -------         PROC          _LCD_WRITECMD
  D:0004H         SYMBOL        cmd
  -------         DO            
  D:0007H         SYMBOL        cmdH
  D:0006H         SYMBOL        cmdL
  -------         ENDDO         
  C:747EH         LINE#         23
  C:7482H         LINE#         24
  C:7482H         LINE#         27
  C:7484H         LINE#         28
  C:7486H         LINE#         30
  C:7488H         LINE#         31
  C:748AH         LINE#         33
  C:748CH         LINE#         34
  C:748EH         LINE#         36
  C:7490H         LINE#         37
  C:7494H         LINE#         39
  C:7496H         LINE#         40
  C:7498H         LINE#         42
  C:749AH         LINE#         115
  -------         ENDPROC       _LCD_WRITECMD
  C:74C2H         SYMBOL        L?0210
  -------         PROC          L?0209
  -------         ENDPROC       L?0209
  C:74C2H         SYMBOL        L?0210
  -------         PROC          _LCD_WRITEDATA
  D:0004H         SYMBOL        dat
  -------         DO            
  D:0007H         SYMBOL        datH
  D:0006H         SYMBOL        datL
  -------         ENDDO         
  C:74CAH         LINE#         119
  C:74CEH         LINE#         120
  C:74CEH         LINE#         123
  C:74D0H         LINE#         124
  C:74D2H         LINE#         126
  C:74D4H         LINE#         127
  C:74D6H         LINE#         129
  C:74D8H         LINE#         130
  C:74DAH         LINE#         132
  C:74DCH         LINE#         133
  C:74E0H         LINE#         135
  C:74E2H         LINE#         136
BL51 BANKED LINKER/LOCATER V6.22                                                      05/26/2020  14:25:38  PAGE 11


  C:74E4H         LINE#         138
  C:74E6H         LINE#         209
  -------         ENDPROC       _LCD_WRITEDATA
  C:74E7H         SYMBOL        L?0215
  C:74EAH         SYMBOL        L?0216
  -------         PROC          L?0214
  -------         ENDPROC       L?0214
  C:74E7H         SYMBOL        L?0215
  C:74EAH         SYMBOL        L?0216
  -------         PROC          _LCD_WRITEDATA_COLOR
  D:0004H         SYMBOL        color
  -------         DO            
  D:0007H         SYMBOL        datH
  D:0006H         SYMBOL        datL
  -------         ENDDO         
  C:74EFH         LINE#         211
  C:74F3H         LINE#         212
  C:74F3H         LINE#         215
  C:74F5H         LINE#         216
  C:74F7H         LINE#         218
  C:74F9H         LINE#         219
  C:74FBH         LINE#         221
  C:74FDH         LINE#         222
  C:74FFH         LINE#         224
  C:7501H         LINE#         225
  C:7505H         LINE#         227
  C:7507H         LINE#         228
  C:7509H         LINE#         230
  C:750BH         LINE#         301
  -------         ENDPROC       _LCD_WRITEDATA_COLOR
  -------         PROC          _LCD_WRITECMDDATA
  D:0006H         SYMBOL        cmd
  D:0002H         SYMBOL        dat
  C:75B8H         LINE#         303
  C:75BCH         LINE#         304
  C:75BCH         LINE#         305
  C:75BFH         LINE#         306
  -------         ENDPROC       _LCD_WRITECMDDATA
  -------         PROC          LCD_READDATA
  -------         DO            
  D:0006H         SYMBOL        ram
  -------         ENDDO         
  C:7547H         LINE#         311
  C:7547H         LINE#         312
  C:7547H         LINE#         315
  C:754AH         LINE#         316
  C:754DH         LINE#         319
  C:754FH         LINE#         320
  C:7551H         LINE#         321
  C:7553H         LINE#         322
  C:7554H         LINE#         323
  C:7556H         LINE#         324
  C:7558H         LINE#         325
  C:755CH         LINE#         326
  C:755EH         LINE#         327
  C:7560H         LINE#         399
  C:7560H         LINE#         400
BL51 BANKED LINKER/LOCATER V6.22                                                      05/26/2020  14:25:38  PAGE 12


  -------         ENDPROC       LCD_READDATA
  -------         PROC          _LCD_DISPLAY_DIR
  D:0007H         SYMBOL        dir
  C:7306H         LINE#         404
  C:7306H         LINE#         405
  C:7306H         LINE#         406
  C:730BH         LINE#         407
  C:730DH         LINE#         408
  C:730DH         LINE#         410
  C:7317H         LINE#         437
  C:7320H         LINE#         438
  C:7329H         LINE#         439
  C:732AH         LINE#         441
  C:732AH         LINE#         443
  C:7333H         LINE#         472
  C:733CH         LINE#         473
  C:7345H         LINE#         474
  C:7345H         LINE#         475
  -------         ENDPROC       _LCD_DISPLAY_DIR
  -------         PROC          TFTLCD_INIT
  -------         DO            
  D:0006H         SYMBOL        i
  -------         ENDDO         
  C:39D3H         LINE#         478
  C:39D3H         LINE#         479
  C:39D3H         LINE#         480
  C:39D5H         LINE#         481
  C:39D7H         LINE#         482
  C:39DCH         LINE#         484
  C:39DEH         LINE#         485
  C:39E5H         LINE#         487
  C:39E7H         LINE#         488
  C:39EEH         LINE#         491
  C:39F4H         LINE#         492
  C:39FFH         LINE#         519
  C:3A10H         LINE#         522
  C:3A15H         LINE#         523
  C:3A1AH         LINE#         524
  C:3A1FH         LINE#         525
  C:3A24H         LINE#         526
  C:3A31H         LINE#         527
  C:3A3EH         LINE#         528
  C:3A4CH         LINE#         529
  C:3A5AH         LINE#         530
  C:3A68H         LINE#         531
  C:3A76H         LINE#         532
  C:3A83H         LINE#         534
  C:3A91H         LINE#         536
  C:3A9FH         LINE#         537
  C:3AACH         LINE#         538
  C:3ABAH         LINE#         539
  C:3AC8H         LINE#         540
  C:3ACDH         LINE#         542
  C:3AD2H         LINE#         543
  C:3AD7H         LINE#         544
  C:3ADCH         LINE#         546
  C:3AE1H         LINE#         547
BL51 BANKED LINKER/LOCATER V6.22                                                      05/26/2020  14:25:38  PAGE 13


  C:3AE6H         LINE#         548
  C:3AF4H         LINE#         549
  C:3B02H         LINE#         550
  C:3B07H         LINE#         551
  C:3B0CH         LINE#         552
  C:3B11H         LINE#         553
  C:3B16H         LINE#         554
  C:3B1BH         LINE#         555
  C:3B20H         LINE#         557
  C:3B2EH         LINE#         558
  C:3B3CH         LINE#         559
  C:3B4AH         LINE#         560
  C:3B4FH         LINE#         561
  C:3B54H         LINE#         563
  C:3B59H         LINE#         564
  C:3B67H         LINE#         566
  C:3B75H         LINE#         567
  C:3B83H         LINE#         568
  C:3B91H         LINE#         569
  C:3B9FH         LINE#         571
  C:3BADH         LINE#         572
  C:3BBBH         LINE#         573
  C:3BC8H         LINE#         574
  C:3BD6H         LINE#         575
  C:3BE3H         LINE#         576
  C:3BF1H         LINE#         577
  C:3BFEH         LINE#         578
  C:3C0CH         LINE#         579
  C:3C19H         LINE#         580
  C:3C20H         LINE#         893
  C:3C25H         LINE#         894
  -------         ENDPROC       TFTLCD_INIT
  C:6CF3H         SYMBOL        L?0221
  -------         PROC          L?0220
  -------         ENDPROC       L?0220
  C:6CF3H         SYMBOL        L?0221
  -------         PROC          _LCD_SET_WINDOW
  X:002DH         SYMBOL        sx
  X:002FH         SYMBOL        sy
  D:0002H         SYMBOL        width
  X:0033H         SYMBOL        height
  -------         DO            
  X:0035H         SYMBOL        x
  X:0037H         SYMBOL        y
  D:0002H         SYMBOL        xy
  -------         ENDDO         
  C:6CF8H         LINE#         901
  C:6D06H         LINE#         902
  C:6D06H         LINE#         905
  C:6D1CH         LINE#         906
  C:6D35H         LINE#         907
  C:6D3EH         LINE#         908
  C:6D44H         LINE#         909
  C:6D44H         LINE#         910
  C:6D55H         LINE#         911
  C:6D57H         LINE#         912
  C:6D5EH         LINE#         913
BL51 BANKED LINKER/LOCATER V6.22                                                      05/26/2020  14:25:38  PAGE 14


  C:6D60H         LINE#         915
  C:6D60H         LINE#         916
  C:6D72H         LINE#         917
  C:6D74H         LINE#         918
  C:6D7EH         LINE#         919
  C:6D7EH         LINE#         920
  -------         ENDPROC       _LCD_SET_WINDOW
  -------         PROC          _LCD_READPOINT
  D:0002H         SYMBOL        x
  X:02FAH         SYMBOL        y
  -------         DO            
  X:02FCH         SYMBOL        r
  X:02FEH         SYMBOL        g
  X:0300H         SYMBOL        b
  X:0302H         SYMBOL        dat
  -------         ENDDO         
  C:717CH         LINE#         1072
  C:7188H         LINE#         1073
  C:7188H         LINE#         1074
  C:7198H         LINE#         1075
  C:71BEH         LINE#         1076
  C:71D8H         LINE#         1122
  C:71E0H         LINE#         1123
  -------         ENDPROC       _LCD_READPOINT
  -------         PROC          _LCD_CLEAR
  X:0000H         SYMBOL        color
  -------         DO            
  D:0002H         SYMBOL        i
  X:0002H         SYMBOL        j
  -------         ENDDO         
  C:6F22H         LINE#         1127
  C:6F2AH         LINE#         1128
  C:6F2AH         LINE#         1129
  C:6F2FH         LINE#         1131
  C:6F59H         LINE#         1132
  C:6F69H         LINE#         1133
  C:6F69H         LINE#         1134
  C:6F85H         LINE#         1135
  C:6F85H         LINE#         1136
  C:6F8BH         LINE#         1137
  C:6F9BH         LINE#         1138
  C:6FA2H         LINE#         1139
  -------         ENDPROC       _LCD_CLEAR
  -------         PROC          _LCD_FILL
  X:0021H         SYMBOL        xState
  X:0023H         SYMBOL        yState
  X:0025H         SYMBOL        xEnd
  X:0027H         SYMBOL        yEnd
  X:0029H         SYMBOL        color
  -------         DO            
  X:002BH         SYMBOL        temp
  -------         ENDDO         
  C:68B0H         LINE#         1144
  C:68C8H         LINE#         1145
  C:68C8H         LINE#         1146
  C:68CFH         LINE#         1148
  C:68F1H         LINE#         1149
BL51 BANKED LINKER/LOCATER V6.22                                                      05/26/2020  14:25:38  PAGE 15


  C:68F1H         LINE#         1151
  C:68F1H         LINE#         1152
  C:690CH         LINE#         1153
  C:692DH         LINE#         1154
  C:694CH         LINE#         1156
  C:695AH         LINE#         1157
  C:695AH         LINE#         1158
  C:6969H         LINE#         1159
  C:6977H         LINE#         1160
  C:6977H         LINE#         1161
  C:697DH         LINE#         1162
  C:697FH         LINE#         1163
  C:697FH         LINE#         1164
  -------         ENDPROC       _LCD_FILL
  -------         PROC          _LCD_COLOR_FILL
  X:01F5H         SYMBOL        sx
  X:01F7H         SYMBOL        sy
  D:0002H         SYMBOL        ex
  X:01FBH         SYMBOL        ey
  X:01FDH         SYMBOL        color
  -------         DO            
  X:0200H         SYMBOL        height
  X:0202H         SYMBOL        width
  X:0204H         SYMBOL        i
  X:0206H         SYMBOL        j
  -------         ENDDO         
  C:6175H         LINE#         1169
  C:6183H         LINE#         1170
  C:6183H         LINE#         1173
  C:619EH         LINE#         1174
  C:61BFH         LINE#         1175
  C:61DCH         LINE#         1176
  C:61F8H         LINE#         1177
  C:61F8H         LINE#         1178
  C:6215H         LINE#         1179
  C:6215H         LINE#         1180
  C:624BH         LINE#         1181
  C:625BH         LINE#         1182
  C:626CH         LINE#         1183
  -------         ENDPROC       _LCD_COLOR_FILL
  C:7349H         SYMBOL        L?0212
  C:734AH         SYMBOL        L?0213
  -------         PROC          L?0211
  -------         ENDPROC       L?0211
  C:7349H         SYMBOL        L?0212
  C:734AH         SYMBOL        L?0213
  -------         PROC          _LCD_DRAWPOINT
  D:0002H         SYMBOL        x
  D:0082H         SYMBOL        y
  C:735CH         LINE#         1188
  C:7364H         LINE#         1189
  C:7364H         LINE#         1190
  C:737BH         LINE#         1191
  -------         ENDPROC       _LCD_DRAWPOINT
  C:727BH         SYMBOL        L?0219
  -------         PROC          L?0218
  -------         ENDPROC       L?0218
BL51 BANKED LINKER/LOCATER V6.22                                                      05/26/2020  14:25:38  PAGE 16


  C:727BH         SYMBOL        L?0219
  -------         PROC          _LCD_DRAWFRONT_COLOR
  X:001AH         SYMBOL        x
  X:001CH         SYMBOL        y
  X:001EH         SYMBOL        color
  C:7280H         LINE#         1197
  C:7298H         LINE#         1198
  C:7298H         LINE#         1199
  C:72B7H         LINE#         1200
  -------         ENDPROC       _LCD_DRAWFRONT_COLOR
  -------         PROC          _LCD_DRAWBIGPOINT
  X:035FH         SYMBOL        x
  X:0361H         SYMBOL        y
  X:0363H         SYMBOL        color
  C:709EH         LINE#         1205
  C:70B2H         LINE#         1206
  C:70B2H         LINE#         1207
  C:70B5H         LINE#         1208
  C:70CEH         LINE#         1209
  C:70EAH         LINE#         1210
  -------         ENDPROC       _LCD_DRAWBIGPOINT
  -------         PROC          _LCD_DRAWLINE
  X:014BH         SYMBOL        x1
  X:014DH         SYMBOL        y1
  D:0002H         SYMBOL        x2
  X:0151H         SYMBOL        y2
  -------         DO            
  X:0153H         SYMBOL        t
  X:0155H         SYMBOL        xerr
  X:0157H         SYMBOL        yerr
  X:0159H         SYMBOL        delta_x
  X:015BH         SYMBOL        delta_y
  X:015DH         SYMBOL        distance
  X:015FH         SYMBOL        incx
  X:0161H         SYMBOL        incy
  X:0163H         SYMBOL        uRow
  X:0165H         SYMBOL        uCol
  -------         ENDDO         
  C:4743H         LINE#         1216
  C:4751H         LINE#         1217
  C:4751H         LINE#         1218
  C:4758H         LINE#         1219
  C:4760H         LINE#         1221
  C:4775H         LINE#         1222
  C:4790H         LINE#         1223
  C:479FH         LINE#         1224
  C:47A5H         LINE#         1225
  C:47C1H         LINE#         1226
  C:47CDH         LINE#         1227
  C:47E2H         LINE#         1228
  C:47FEH         LINE#         1229
  C:480AH         LINE#         1230
  C:481FH         LINE#         1231
  C:4845H         LINE#         1232
  C:484AH         LINE#         1233
  C:486FH         LINE#         1234
  C:486FH         LINE#         1235
BL51 BANKED LINKER/LOCATER V6.22                                                      05/26/2020  14:25:38  PAGE 17


  C:4880H         LINE#         1236
  C:4894H         LINE#         1237
  C:48A8H         LINE#         1238
  C:48C4H         LINE#         1239
  C:48C4H         LINE#         1240
  C:48D0H         LINE#         1241
  C:48E4H         LINE#         1242
  C:48E4H         LINE#         1243
  C:4900H         LINE#         1244
  C:4900H         LINE#         1245
  C:490CH         LINE#         1246
  C:4920H         LINE#         1247
  C:4920H         LINE#         1248
  C:4931H         LINE#         1249
  -------         ENDPROC       _LCD_DRAWLINE
  -------         PROC          _LCD_DRAWLINE_COLOR
  X:00F1H         SYMBOL        x1
  X:00F3H         SYMBOL        y1
  D:0002H         SYMBOL        x2
  X:00F7H         SYMBOL        y2
  X:00F9H         SYMBOL        color
  -------         DO            
  X:00FBH         SYMBOL        t
  X:00FDH         SYMBOL        xerr
  X:00FFH         SYMBOL        yerr
  X:0101H         SYMBOL        delta_x
  X:0103H         SYMBOL        delta_y
  X:0105H         SYMBOL        distance
  X:0107H         SYMBOL        incx
  X:0109H         SYMBOL        incy
  X:010BH         SYMBOL        uRow
  X:010DH         SYMBOL        uCol
  -------         ENDDO         
  C:4932H         LINE#         1251
  C:4940H         LINE#         1252
  C:4940H         LINE#         1254
  C:494BH         LINE#         1256
  C:4960H         LINE#         1257
  C:497BH         LINE#         1258
  C:498AH         LINE#         1259
  C:4990H         LINE#         1260
  C:49ACH         LINE#         1261
  C:49B8H         LINE#         1262
  C:49CDH         LINE#         1263
  C:49E9H         LINE#         1264
  C:49F5H         LINE#         1265
  C:4A0AH         LINE#         1266
  C:4A30H         LINE#         1267
  C:4A35H         LINE#         1268
  C:4A5AH         LINE#         1269
  C:4A5AH         LINE#         1270
  C:4A6DH         LINE#         1271
  C:4A81H         LINE#         1272
  C:4A95H         LINE#         1273
  C:4AB1H         LINE#         1274
  C:4AB1H         LINE#         1275
  C:4ABDH         LINE#         1276
BL51 BANKED LINKER/LOCATER V6.22                                                      05/26/2020  14:25:38  PAGE 18


  C:4AD1H         LINE#         1277
  C:4AD1H         LINE#         1278
  C:4AEDH         LINE#         1279
  C:4AEDH         LINE#         1280
  C:4AF9H         LINE#         1281
  C:4B0DH         LINE#         1282
  C:4B0DH         LINE#         1283
  C:4B1EH         LINE#         1284
  -------         ENDPROC       _LCD_DRAWLINE_COLOR
  -------         PROC          _LCD_DROWSIGN
  X:0365H         SYMBOL        x
  X:0367H         SYMBOL        y
  X:0369H         SYMBOL        color
  -------         DO            
  D:0003H         SYMBOL        i
  -------         ENDDO         
  C:6706H         LINE#         1291
  C:671EH         LINE#         1292
  C:671EH         LINE#         1296
  C:6758H         LINE#         1297
  C:675AH         LINE#         1298
  C:675AH         LINE#         1299
  C:675DH         LINE#         1300
  C:6762H         LINE#         1303
  C:679CH         LINE#         1304
  C:679EH         LINE#         1305
  C:679EH         LINE#         1306
  C:67A1H         LINE#         1307
  C:67A6H         LINE#         1310
  C:67D3H         LINE#         1311
  C:67D5H         LINE#         1312
  C:67D5H         LINE#         1313
  C:67D8H         LINE#         1314
  C:67DDH         LINE#         1315
  -------         ENDPROC       _LCD_DROWSIGN
  -------         PROC          _LCD_DRAWRECTANGLE
  X:033FH         SYMBOL        x1
  X:0341H         SYMBOL        y1
  X:0343H         SYMBOL        x2
  X:0345H         SYMBOL        y2
  C:6B09H         LINE#         1319
  C:6B1FH         LINE#         1320
  C:6B1FH         LINE#         1321
  C:6B3BH         LINE#         1322
  C:6B62H         LINE#         1323
  C:6B8AH         LINE#         1324
  -------         ENDPROC       _LCD_DRAWRECTANGLE
  -------         PROC          _LCD_DRAW_CIRCLE
  X:0304H         SYMBOL        x0
  X:0306H         SYMBOL        y0
  D:0003H         SYMBOL        r
  -------         DO            
  X:0308H         SYMBOL        a
  X:030AH         SYMBOL        b
  X:030CH         SYMBOL        di
  -------         ENDDO         
  C:4D08H         LINE#         1329
BL51 BANKED LINKER/LOCATER V6.22                                                      05/26/2020  14:25:38  PAGE 19


  C:4D16H         LINE#         1330
  C:4D16H         LINE#         1333
  C:4D25H         LINE#         1334
  C:4D39H         LINE#         1335
  C:4D58H         LINE#         1336
  C:4D58H         LINE#         1337
  C:4D66H         LINE#         1338
  C:4D7FH         LINE#         1339
  C:4DAAH         LINE#         1340
  C:4DD5H         LINE#         1341
  C:4E01H         LINE#         1342
  C:4E2DH         LINE#         1343
  C:4E44H         LINE#         1344
  C:4E5FH         LINE#         1345
  C:4E6DH         LINE#         1347
  C:4E9DH         LINE#         1349
  C:4E9DH         LINE#         1350
  C:4ECEH         LINE#         1351
  C:4EDCH         LINE#         1352
  C:4EDCH         LINE#         1353
  C:4EDFH         LINE#         1354
  -------         ENDPROC       _LCD_DRAW_CIRCLE
  -------         PROC          _LCD_SHOWCHAR
  X:000EH         SYMBOL        x
  X:0010H         SYMBOL        y
  X:0012H         SYMBOL        num
  X:0013H         SYMBOL        size
  X:0014H         SYMBOL        mode
  -------         DO            
  X:0015H         SYMBOL        temp
  X:0016H         SYMBOL        t1
  D:0001H         SYMBOL        t
  X:0017H         SYMBOL        y0
  X:0019H         SYMBOL        csize
  -------         ENDDO         
  C:557DH         LINE#         1362
  C:5592H         LINE#         1363
  C:5592H         LINE#         1365
  C:559AH         LINE#         1366
  C:55C2H         LINE#         1367
  C:55C9H         LINE#         1368
  C:55D8H         LINE#         1369
  C:55D8H         LINE#         1370
  C:55F2H         LINE#         1371
  C:5608H         LINE#         1372
  C:5635H         LINE#         1374
  C:563AH         LINE#         1375
  C:563AH         LINE#         1376
  C:5654H         LINE#         1377
  C:566EH         LINE#         1378
  C:5675H         LINE#         1379
  C:5683H         LINE#         1380
  C:5699H         LINE#         1381
  C:56B5H         LINE#         1382
  C:56B5H         LINE#         1383
  C:56BDH         LINE#         1384
  C:56CBH         LINE#         1385
BL51 BANKED LINKER/LOCATER V6.22                                                      05/26/2020  14:25:38  PAGE 20


  C:56E1H         LINE#         1387
  C:56E1H         LINE#         1388
  C:56F0H         LINE#         1389
  C:56F4H         LINE#         1390
  -------         ENDPROC       _LCD_SHOWCHAR
  -------         PROC          L?0222
  -------         ENDPROC       L?0222
  -------         PROC          _LCD_POW
  X:036BH         SYMBOL        m
  X:036CH         SYMBOL        n
  -------         DO            
  X:036DH         SYMBOL        result
  -------         ENDDO         
  C:71E8H         LINE#         1393
  C:71F0H         LINE#         1394
  C:71F0H         LINE#         1395
  C:71F8H         LINE#         1396
  C:7222H         LINE#         1397
  C:7230H         LINE#         1398
  -------         ENDPROC       _LCD_POW
  -------         PROC          _LCD_SHOWNUM
  X:02BCH         SYMBOL        x
  X:02BEH         SYMBOL        y
  X:02C0H         SYMBOL        num
  X:02C4H         SYMBOL        len
  X:02C5H         SYMBOL        size
  -------         DO            
  X:02C6H         SYMBOL        t
  X:02C7H         SYMBOL        temp
  X:02C8H         SYMBOL        enshow
  -------         ENDDO         
  C:662AH         LINE#         1405
  C:6638H         LINE#         1406
  C:6638H         LINE#         1408
  C:663DH         LINE#         1409
  C:6652H         LINE#         1410
  C:6652H         LINE#         1411
  C:667CH         LINE#         1412
  C:668FH         LINE#         1413
  C:668FH         LINE#         1414
  C:6693H         LINE#         1415
  C:6693H         LINE#         1416
  C:66BDH         LINE#         1417
  C:66BFH         LINE#         1418
  C:66C5H         LINE#         1420
  C:66C5H         LINE#         1421
  C:66FCH         LINE#         1422
  C:6705H         LINE#         1423
  -------         ENDPROC       _LCD_SHOWNUM
  -------         PROC          _LCD_SHOWXNUM
  X:0292H         SYMBOL        x
  X:0294H         SYMBOL        y
  X:0296H         SYMBOL        num
  X:029AH         SYMBOL        len
  X:029BH         SYMBOL        size
  X:029CH         SYMBOL        mode
  -------         DO            
BL51 BANKED LINKER/LOCATER V6.22                                                      05/26/2020  14:25:38  PAGE 21


  X:029DH         SYMBOL        t
  X:029EH         SYMBOL        temp
  X:029FH         SYMBOL        enshow
  -------         ENDDO         
  C:5D1CH         LINE#         1434
  C:5D2AH         LINE#         1435
  C:5D2AH         LINE#         1437
  C:5D2FH         LINE#         1438
  C:5D44H         LINE#         1439
  C:5D44H         LINE#         1440
  C:5D6EH         LINE#         1441
  C:5D84H         LINE#         1442
  C:5D84H         LINE#         1443
  C:5D88H         LINE#         1444
  C:5D88H         LINE#         1445
  C:5DBEH         LINE#         1446
  C:5DF3H         LINE#         1447
  C:5DF5H         LINE#         1448
  C:5DFBH         LINE#         1450
  C:5DFBH         LINE#         1451
  C:5E3BH         LINE#         1452
  C:5E44H         LINE#         1453
  -------         ENDPROC       _LCD_SHOWXNUM
  -------         PROC          _LCD_SHOWSTRING
  X:0001H         SYMBOL        x
  X:0003H         SYMBOL        y
  X:0005H         SYMBOL        width
  X:0007H         SYMBOL        height
  X:0009H         SYMBOL        size
  X:000AH         SYMBOL        p
  -------         DO            
  X:000DH         SYMBOL        x0
  -------         ENDDO         
  C:6545H         LINE#         1459
  C:6559H         LINE#         1460
  C:6559H         LINE#         1461
  C:6565H         LINE#         1462
  C:6571H         LINE#         1463
  C:6585H         LINE#         1464
  C:65A5H         LINE#         1465
  C:65A5H         LINE#         1466
  C:65D8H         LINE#         1467
  C:65EEH         LINE#         1468
  C:6608H         LINE#         1469
  C:661CH         LINE#         1470
  C:6626H         LINE#         1471
  C:6629H         LINE#         1472
  -------         ENDPROC       _LCD_SHOWSTRING
  -------         PROC          _LCD_SHOWFONTHZ
  X:030EH         SYMBOL        x
  X:0310H         SYMBOL        y
  X:0312H         SYMBOL        cn
  -------         DO            
  D:0003H         SYMBOL        i
  D:0002H         SYMBOL        j
  X:0315H         SYMBOL        wordNum
  X:0316H         SYMBOL        color
BL51 BANKED LINKER/LOCATER V6.22                                                      05/26/2020  14:25:38  PAGE 22


  -------         ENDDO         
  C:5BF1H         LINE#         1485
  C:5C08H         LINE#         1486
  C:5C08H         LINE#         1489
  C:5C1BH         LINE#         1490
  C:5C1BH         LINE#         1491
  C:5C51H         LINE#         1492
  C:5C63H         LINE#         1493
  C:5C63H         LINE#         1494
  C:5CA4H         LINE#         1496
  C:5CA4H         LINE#         1498
  C:5CA5H         LINE#         1499
  C:5CA5H         LINE#         1500
  C:5CCCH         LINE#         1501
  C:5CCEH         LINE#         1502
  C:5CCEH         LINE#         1503
  C:5CD5H         LINE#         1504
  C:5CD5H         LINE#         1505
  C:5CD8H         LINE#         1506
  C:5CDAH         LINE#         1508
  C:5CDAH         LINE#         1509
  C:5CE0H         LINE#         1510
  C:5CE0H         LINE#         1511
  C:5CEDH         LINE#         1512
  C:5CF2H         LINE#         1513
  C:5CF7H         LINE#         1514
  C:5CF7H         LINE#         1515
  C:5D00H         LINE#         1516
  C:5D0AH         LINE#         1517
  C:5D18H         LINE#         1518
  C:5D1BH         LINE#         1519
  -------         ENDPROC       _LCD_SHOWFONTHZ
  -------         PROC          _LCD_SHOWPICTURE
  X:01E0H         SYMBOL        x
  X:01E2H         SYMBOL        y
  X:01E4H         SYMBOL        wide
  X:01E6H         SYMBOL        high
  X:01E8H         SYMBOL        pic
  -------         DO            
  X:01EBH         SYMBOL        temp
  X:01EDH         SYMBOL        tmp
  X:01F1H         SYMBOL        num
  -------         ENDDO         
  C:5AC4H         LINE#         1573
  C:5AD8H         LINE#         1574
  C:5AD8H         LINE#         1575
  C:5ADFH         LINE#         1576
  C:5AF1H         LINE#         1577
  C:5B38H         LINE#         1578
  C:5B5BH         LINE#         1580
  C:5B5BH         LINE#         1581
  C:5B88H         LINE#         1582
  C:5B91H         LINE#         1583
  C:5BABH         LINE#         1584
  C:5BAEH         LINE#         1585
  C:5BCBH         LINE#         1586
  C:5BCBH         LINE#         1587
BL51 BANKED LINKER/LOCATER V6.22                                                      05/26/2020  14:25:38  PAGE 23


  C:5BF0H         LINE#         1588
  -------         ENDPROC       _LCD_SHOWPICTURE
  -------         ENDMOD        TFTLCD

  -------         MODULE        TOUCH
  C:0000H         SYMBOL        _ICE_DUMMY_
  D:00A0H         PUBLIC        P2
  D:00B0H         PUBLIC        P3
  D:00A8H         PUBLIC        IE
  D:00B8H         PUBLIC        IP
  B:00A0H.0       PUBLIC        TOUCH_DOUT
  D:00D8H         PUBLIC        CCON
  X:02C9H         PUBLIC        xpt_xy
  C:73FEH         PUBLIC        TOUCH_SPI_Read
  D:0098H         PUBLIC        SCON
  D:0088H         PUBLIC        TCON
  C:5281H         PUBLIC        _TOUCH_XPT_ReadData
  B:00A0H.1       PUBLIC        TOUCH_CLK
  C:752AH         PUBLIC        _TOUCH_SPI_Write
  B:00A0H.2       PUBLIC        TOUCH_DIN
  C:75DCH         PUBLIC        TOUCH_SPI_Start
  C:5984H         PUBLIC        TOUCH_Scan
  C:5E45H         PUBLIC        TOUCH_XPT_ReadXY
  D:00D0H         PUBLIC        PSW
  B:00A0H.3       PUBLIC        TOUCH_CS
  -------         PROC          TOUCH_SPI_START
  C:75DCH         LINE#         9
  C:75DCH         LINE#         10
  C:75DCH         LINE#         11
  C:75DEH         LINE#         12
  C:75E0H         LINE#         13
  C:75E2H         LINE#         14
  C:75E4H         LINE#         15
  C:75E6H         LINE#         16
  -------         ENDPROC       TOUCH_SPI_START
  -------         PROC          _TOUCH_SPI_WRITE
  D:0007H         SYMBOL        dat
  -------         DO            
  D:0006H         SYMBOL        i
  -------         ENDDO         
  C:752AH         LINE#         18
  C:752AH         LINE#         19
  C:752AH         LINE#         21
  C:752CH         LINE#         22
  C:752EH         LINE#         23
  C:752EH         LINE#         24
  C:7539H         LINE#         25
  C:753DH         LINE#         26
  C:753FH         LINE#         28
  C:7541H         LINE#         30
  C:7546H         LINE#         31
  -------         ENDPROC       _TOUCH_SPI_WRITE
  -------         PROC          TOUCH_SPI_READ
  -------         DO            
  D:0004H         SYMBOL        i
  X:0383H         SYMBOL        dat
  -------         ENDDO         
BL51 BANKED LINKER/LOCATER V6.22                                                      05/26/2020  14:25:38  PAGE 24


  C:73FEH         LINE#         33
  C:73FEH         LINE#         34
  C:73FEH         LINE#         35
  C:7405H         LINE#         36
  C:7407H         LINE#         37
  C:7409H         LINE#         38
  C:7409H         LINE#         39
  C:7416H         LINE#         41
  C:7418H         LINE#         42
  C:741AH         LINE#         44
  C:7425H         LINE#         46
  C:7430H         LINE#         47
  C:7438H         LINE#         48
  -------         ENDPROC       TOUCH_SPI_READ
  -------         PROC          L?0046
  -------         ENDPROC       L?0046
  -------         PROC          _TOUCH_XPT_READDATA
  D:0003H         SYMBOL        cmd
  -------         DO            
  X:0167H         SYMBOL        i
  X:0168H         SYMBOL        j
  X:0169H         SYMBOL        readValue
  X:017DH         SYMBOL        endValue
  -------         ENDDO         
  C:5281H         LINE#         52
  C:5283H         LINE#         53
  C:5283H         LINE#         58
  C:5285H         LINE#         59
  C:5287H         LINE#         61
  C:528CH         LINE#         62
  C:528CH         LINE#         63
  C:5291H         LINE#         65
  C:52A0H         LINE#         66
  C:52A2H         LINE#         67
  C:52A3H         LINE#         68
  C:52A4H         LINE#         69
  C:52A6H         LINE#         70
  C:52A7H         LINE#         71
  C:52A8H         LINE#         73
  C:52BFH         LINE#         74
  C:52CBH         LINE#         75
  C:52CDH         LINE#         79
  C:52DFH         LINE#         80
  C:52DFH         LINE#         81
  C:52F0H         LINE#         82
  C:52F0H         LINE#         83
  C:531BH         LINE#         84
  C:531BH         LINE#         85
  C:5335H         LINE#         86
  C:535BH         LINE#         87
  C:5376H         LINE#         88
  C:5376H         LINE#         89
  C:537FH         LINE#         90
  C:5388H         LINE#         95
  C:5392H         LINE#         96
  C:5398H         LINE#         97
  C:5398H         LINE#         98
BL51 BANKED LINKER/LOCATER V6.22                                                      05/26/2020  14:25:38  PAGE 25


  C:53CFH         LINE#         99
  C:53D9H         LINE#         100
  C:53F6H         LINE#         102
  C:5400H         LINE#         103
  -------         ENDPROC       _TOUCH_XPT_READDATA
  -------         PROC          TOUCH_XPT_READXY
  -------         DO            
  X:0318H         SYMBOL        x1
  X:031AH         SYMBOL        x2
  X:031CH         SYMBOL        x
  X:031EH         SYMBOL        y1
  D:0004H         SYMBOL        y2
  X:0320H         SYMBOL        y
  -------         ENDDO         
  C:5E45H         LINE#         107
  C:5E45H         LINE#         108
  C:5E45H         LINE#         111
  C:5E48H         LINE#         113
  C:5E50H         LINE#         114
  C:5E5BH         LINE#         115
  C:5E63H         LINE#         116
  C:5E6AH         LINE#         120
  C:5E80H         LINE#         121
  C:5E80H         LINE#         122
  C:5E88H         LINE#         123
  C:5E8AH         LINE#         125
  C:5E8AH         LINE#         126
  C:5EA5H         LINE#         127
  C:5EA5H         LINE#         130
  C:5EB3H         LINE#         131
  C:5EB3H         LINE#         132
  C:5EB8H         LINE#         133
  C:5EBAH         LINE#         135
  C:5EBAH         LINE#         136
  C:5ECDH         LINE#         137
  C:5ECDH         LINE#         140
  C:5EEAH         LINE#         141
  C:5EEAH         LINE#         142
  C:5EEDH         LINE#         143
  C:5EEDH         LINE#         146
  C:5F0EH         LINE#         147
  C:5F27H         LINE#         149
  C:5F2EH         LINE#         150
  C:5F35H         LINE#         153
  C:5F53H         LINE#         154
  C:5F53H         LINE#         155
  C:5F56H         LINE#         156
  C:5F56H         LINE#         158
  C:5F58H         LINE#         159
  -------         ENDPROC       TOUCH_XPT_READXY
  -------         PROC          TOUCH_SCAN
  -------         DO            
  X:0377H         SYMBOL        res
  X:0378H         SYMBOL        temp
  -------         ENDDO         
  C:5984H         LINE#         163
  C:5984H         LINE#         164
BL51 BANKED LINKER/LOCATER V6.22                                                      05/26/2020  14:25:38  PAGE 26


  C:5984H         LINE#         165
  C:5989H         LINE#         168
  C:5992H         LINE#         169
  C:5992H         LINE#         172
  C:599BH         LINE#         173
  C:599BH         LINE#         175
  C:59ACH         LINE#         176
  C:59E1H         LINE#         177
  C:59F2H         LINE#         178
  C:5A1CH         LINE#         216
  C:5A1FH         LINE#         218
  C:5A1FH         LINE#         220
  C:5A36H         LINE#         221
  C:5A6BH         LINE#         222
  C:5A7CH         LINE#         223
  C:5AB1H         LINE#         261
  C:5AB1H         LINE#         278
  C:5AB7H         LINE#         279
  C:5AB7H         LINE#         280
  C:5AB9H         LINE#         282
  C:5ABEH         LINE#         283
  C:5AC3H         LINE#         284
  -------         ENDPROC       TOUCH_SCAN
  -------         ENDMOD        TOUCH

  -------         MODULE        GUI
  C:0000H         SYMBOL        _ICE_DUMMY_
  C:7231H         PUBLIC        _gui_pow
  D:00A0H         PUBLIC        P2
  D:00B0H         PUBLIC        P3
  C:6BB3H         PUBLIC        _gui_num2str
  C:40DAH         PUBLIC        _gui_show_ptstr
  D:00A8H         PUBLIC        IE
  C:5401H         PUBLIC        _gui_get_stringline
  D:00B8H         PUBLIC        IP
  C:6364H         PUBLIC        _gui_draw_bigpoint
  C:50B7H         PUBLIC        _gui_show_num
  C:7111H         PUBLIC        _gui_disabs
  C:3C30H         PUBLIC        _gui_fill_ellipse
  D:00D8H         PUBLIC        CCON
  C:2A9AH         PUBLIC        _gui_fill_circle
  C:22CCH         PUBLIC        _gui_draw_ellipse
  C:1C19H         PUBLIC        _gui_draw_arcrectangle
  D:0098H         PUBLIC        SCON
  C:626DH         PUBLIC        _gui_alphablend_area
  D:0088H         PUBLIC        TCON
  C:6458H         PUBLIC        _gui_alpha_blend565
  C:7386H         PUBLIC        _gui_rgb332torgb565
  C:6A80H         PUBLIC        _gui_draw_expoint
  C:3767H         PUBLIC        _gui_draw_bline
  C:4B1FH         PUBLIC        _gui_smooth_color
  C:7023H         PUBLIC        _gui_draw_hline
  C:3E8CH         PUBLIC        _gui_show_ptchar
  C:6C72H         PUBLIC        _gui_draw_vline
  C:6FA3H         PUBLIC        _gui_color_chg
  C:56F5H         PUBLIC        _gui_show_strmid
  C:583DH         PUBLIC        _gui_fill_colorblock
BL51 BANKED LINKER/LOCATER V6.22                                                      05/26/2020  14:25:38  PAGE 27


  C:4550H         PUBLIC        _gui_draw_line
  C:73C2H         PUBLIC        _gui_draw_point
  C:3519H         PUBLIC        _gui_draw_circle8
  C:4325H         PUBLIC        _gui_show_string
  C:6E25H         PUBLIC        _gui_fill_rectangle
  C:4EFCH         PUBLIC        _gui_draw_arc
  C:6069H         PUBLIC        _gui_draw_smooth_rectangle
  C:6980H         PUBLIC        _gui_draw_rectangle
  C:26D0H         PUBLIC        _gui_draw_bline1
  D:00D0H         PUBLIC        PSW
  C:67DEH         PUBLIC        _gui_show_ptstrwhiterim
  -------         PROC          _GUI_COLOR_CHG
  X:0347H         SYMBOL        rgb
  -------         DO            
  X:034BH         SYMBOL        r
  X:034DH         SYMBOL        g
  D:0004H         SYMBOL        b
  -------         ENDDO         
  C:6FA3H         LINE#         15
  C:6FA9H         LINE#         16
  C:6FA9H         LINE#         18
  C:6FC2H         LINE#         19
  C:6FE1H         LINE#         20
  C:6FFCH         LINE#         21
  C:7022H         LINE#         22
  -------         ENDPROC       _GUI_COLOR_CHG
  -------         PROC          _GUI_RGB332TORGB565
  D:0004H         SYMBOL        rgb332
  -------         DO            
  D:0002H         SYMBOL        rgb565
  -------         ENDDO         
  C:7386H         LINE#         26
  C:738AH         LINE#         27
  C:738AH         LINE#         28
  C:738EH         LINE#         29
  C:73A3H         LINE#         30
  C:73B8H         LINE#         31
  C:73BEH         LINE#         32
  C:73C1H         LINE#         33
  -------         ENDPROC       _GUI_RGB332TORGB565
  -------         PROC          _GUI_POW
  X:0371H         SYMBOL        m
  X:0372H         SYMBOL        n
  -------         DO            
  X:0373H         SYMBOL        result
  -------         ENDDO         
  C:7231H         LINE#         35
  C:7239H         LINE#         36
  C:7239H         LINE#         37
  C:7241H         LINE#         38
  C:726BH         LINE#         39
  C:7279H         LINE#         40
  -------         ENDPROC       _GUI_POW
  -------         PROC          _GUI_DISABS
  X:034FH         SYMBOL        x1
  X:0353H         SYMBOL        x2
  C:7111H         LINE#         42
BL51 BANKED LINKER/LOCATER V6.22                                                      05/26/2020  14:25:38  PAGE 28


  C:7117H         LINE#         43
  C:7117H         LINE#         44
  C:717BH         LINE#         45
  -------         ENDPROC       _GUI_DISABS
  -------         PROC          _GUI_DRAW_POINT
  X:037CH         SYMBOL        x0
  D:0004H         SYMBOL        y0
  D:0002H         SYMBOL        color
  -------         DO            
  X:037EH         SYMBOL        tempcolor
  -------         ENDDO         
  C:73C2H         LINE#         51
  C:73CAH         LINE#         52
  C:73CAH         LINE#         53
  C:73D9H         LINE#         54
  C:73E3H         LINE#         55
  C:73EEH         LINE#         56
  C:73FDH         LINE#         57
  -------         ENDPROC       _GUI_DRAW_POINT
  -------         PROC          _GUI_ALPHABLEND_AREA
  X:0251H         SYMBOL        x
  X:0253H         SYMBOL        y
  X:0255H         SYMBOL        width
  X:0257H         SYMBOL        height
  X:0259H         SYMBOL        color
  X:025BH         SYMBOL        aval
  -------         DO            
  X:025CH         SYMBOL        i
  X:025EH         SYMBOL        j
  X:0260H         SYMBOL        tempcolor
  -------         ENDDO         
  C:626DH         LINE#         63
  C:6281H         LINE#         64
  C:6281H         LINE#         67
  C:62A0H         LINE#         68
  C:62A0H         LINE#         69
  C:62BFH         LINE#         70
  C:62BFH         LINE#         71
  C:62F2H         LINE#         72
  C:6308H         LINE#         73
  C:633BH         LINE#         74
  C:634FH         LINE#         75
  C:6363H         LINE#         76
  -------         ENDPROC       _GUI_ALPHABLEND_AREA
  -------         PROC          _GUI_DRAW_BIGPOINT
  X:02A0H         SYMBOL        x0
  X:02A2H         SYMBOL        y0
  X:02A4H         SYMBOL        color
  -------         DO            
  X:02A6H         SYMBOL        i
  X:02A8H         SYMBOL        j
  X:02AAH         SYMBOL        x
  X:02ACH         SYMBOL        y
  -------         ENDDO         
  C:6364H         LINE#         82
  C:637AH         LINE#         83
  C:637AH         LINE#         86
BL51 BANKED LINKER/LOCATER V6.22                                                      05/26/2020  14:25:38  PAGE 29


  C:6395H         LINE#         87
  C:63A4H         LINE#         88
  C:63C0H         LINE#         89
  C:63CFH         LINE#         90
  C:63F9H         LINE#         91
  C:63F9H         LINE#         92
  C:6447H         LINE#         93
  C:6457H         LINE#         94
  -------         ENDPROC       _GUI_DRAW_BIGPOINT
  -------         PROC          _GUI_DRAW_LINE
  X:010FH         SYMBOL        x0
  X:0111H         SYMBOL        y0
  D:0002H         SYMBOL        x1
  X:0115H         SYMBOL        y1
  X:0117H         SYMBOL        color
  -------         DO            
  X:0119H         SYMBOL        t
  X:011BH         SYMBOL        xerr
  X:011DH         SYMBOL        yerr
  X:011FH         SYMBOL        delta_x
  X:0121H         SYMBOL        delta_y
  X:0123H         SYMBOL        distance
  X:0125H         SYMBOL        incx
  X:0127H         SYMBOL        incy
  X:0129H         SYMBOL        uRow
  X:012BH         SYMBOL        uCol
  -------         ENDDO         
  C:4550H         LINE#         98
  C:455EH         LINE#         99
  C:455EH         LINE#         101
  C:4569H         LINE#         104
  C:457EH         LINE#         105
  C:4599H         LINE#         106
  C:45A8H         LINE#         107
  C:45AEH         LINE#         108
  C:45CAH         LINE#         109
  C:45D6H         LINE#         110
  C:45EBH         LINE#         111
  C:4607H         LINE#         112
  C:4613H         LINE#         113
  C:4628H         LINE#         114
  C:464EH         LINE#         115
  C:4653H         LINE#         116
  C:4678H         LINE#         117
  C:4678H         LINE#         118
  C:4691H         LINE#         119
  C:46A5H         LINE#         120
  C:46B9H         LINE#         121
  C:46D5H         LINE#         122
  C:46D5H         LINE#         123
  C:46E1H         LINE#         124
  C:46F5H         LINE#         125
  C:46F5H         LINE#         126
  C:4711H         LINE#         127
  C:4711H         LINE#         128
  C:471DH         LINE#         129
  C:4731H         LINE#         130
BL51 BANKED LINKER/LOCATER V6.22                                                      05/26/2020  14:25:38  PAGE 30


  C:4731H         LINE#         131
  C:4742H         LINE#         132
  -------         ENDPROC       _GUI_DRAW_LINE
  -------         PROC          _GUI_DRAW_BLINE
  X:00B3H         SYMBOL        x1
  X:00B5H         SYMBOL        y1
  X:00B7H         SYMBOL        x2
  X:00B9H         SYMBOL        y2
  X:00BBH         SYMBOL        size
  X:00BCH         SYMBOL        color
  -------         DO            
  X:00BEH         SYMBOL        t
  X:00C0H         SYMBOL        xerr
  X:00C2H         SYMBOL        yerr
  X:00C4H         SYMBOL        delta_x
  X:00C6H         SYMBOL        delta_y
  X:00C8H         SYMBOL        distance
  X:00CAH         SYMBOL        incx
  X:00CCH         SYMBOL        incy
  X:00CEH         SYMBOL        uRow
  X:00D0H         SYMBOL        uCol
  -------         ENDDO         
  C:3767H         LINE#         137
  C:377BH         LINE#         138
  C:377BH         LINE#         140
  C:3786H         LINE#         142
  C:37CBH         LINE#         143
  C:37E4H         LINE#         144
  C:37FFH         LINE#         145
  C:381AH         LINE#         146
  C:3822H         LINE#         147
  C:3830H         LINE#         148
  C:384CH         LINE#         149
  C:3858H         LINE#         150
  C:386DH         LINE#         151
  C:3889H         LINE#         152
  C:3895H         LINE#         153
  C:38AAH         LINE#         154
  C:38D0H         LINE#         155
  C:38D5H         LINE#         156
  C:38FAH         LINE#         157
  C:38FAH         LINE#         158
  C:3921H         LINE#         159
  C:3935H         LINE#         160
  C:3949H         LINE#         161
  C:3985H         LINE#         162
  C:39C1H         LINE#         163
  C:39D2H         LINE#         164
  -------         ENDPROC       _GUI_DRAW_BLINE
  -------         PROC          _GUI_DRAW_BLINE1
  X:00D2H         SYMBOL        x0
  X:00D4H         SYMBOL        y0
  D:0002H         SYMBOL        x1
  X:00D8H         SYMBOL        y1
  X:00DAH         SYMBOL        size
  X:00DBH         SYMBOL        color
  -------         DO            
BL51 BANKED LINKER/LOCATER V6.22                                                      05/26/2020  14:25:38  PAGE 31


  X:00DDH         SYMBOL        t
  X:00DFH         SYMBOL        xerr
  X:00E1H         SYMBOL        yerr
  X:00E3H         SYMBOL        delta_x
  X:00E5H         SYMBOL        delta_y
  X:00E7H         SYMBOL        distance
  X:00E9H         SYMBOL        incx
  X:00EBH         SYMBOL        incy
  X:00EDH         SYMBOL        uRow
  X:00EFH         SYMBOL        uCol
  -------         ENDDO         
  C:26D0H         LINE#         170
  C:26DEH         LINE#         171
  C:26DEH         LINE#         173
  C:26E9H         LINE#         176
  C:26FEH         LINE#         177
  C:2719H         LINE#         178
  C:2728H         LINE#         179
  C:272EH         LINE#         180
  C:274AH         LINE#         181
  C:2756H         LINE#         182
  C:276BH         LINE#         183
  C:2787H         LINE#         184
  C:2793H         LINE#         185
  C:27A8H         LINE#         186
  C:27CEH         LINE#         187
  C:27D3H         LINE#         188
  C:27F8H         LINE#         189
  C:27F8H         LINE#         190
  C:2817H         LINE#         191
  C:2822H         LINE#         192
  C:2822H         LINE#         193
  C:283BH         LINE#         194
  C:285CH         LINE#         195
  C:287DH         LINE#         196
  C:28A4H         LINE#         197
  C:28A4H         LINE#         198
  C:28AFH         LINE#         199
  C:28AFH         LINE#         200
  C:28C8H         LINE#         201
  C:28E9H         LINE#         202
  C:290AH         LINE#         203
  C:2931H         LINE#         204
  C:2958H         LINE#         205
  C:297FH         LINE#         206
  C:29A6H         LINE#         207
  C:29C7H         LINE#         208
  C:29E8H         LINE#         209
  C:29E8H         LINE#         210
  C:29FCH         LINE#         211
  C:2A10H         LINE#         212
  C:2A2CH         LINE#         213
  C:2A2CH         LINE#         214
  C:2A38H         LINE#         215
  C:2A4CH         LINE#         216
  C:2A4CH         LINE#         217
  C:2A68H         LINE#         218
BL51 BANKED LINKER/LOCATER V6.22                                                      05/26/2020  14:25:38  PAGE 32


  C:2A68H         LINE#         219
  C:2A74H         LINE#         220
  C:2A88H         LINE#         221
  C:2A88H         LINE#         222
  C:2A99H         LINE#         223
  -------         ENDPROC       _GUI_DRAW_BLINE1
  C:6C6DH         SYMBOL        L?0318
  -------         PROC          L?0317
  -------         ENDPROC       L?0317
  C:6C6DH         SYMBOL        L?0318
  -------         PROC          _GUI_DRAW_VLINE
  X:0357H         SYMBOL        x0
  X:0359H         SYMBOL        y0
  X:035BH         SYMBOL        len
  X:035DH         SYMBOL        color
  C:6C72H         LINE#         228
  C:6C86H         LINE#         229
  C:6C86H         LINE#         230
  C:6CB4H         LINE#         231
  C:6CF2H         LINE#         232
  -------         ENDPROC       _GUI_DRAW_VLINE
  -------         PROC          _GUI_DRAW_HLINE
  X:0019H         SYMBOL        x0
  X:001BH         SYMBOL        y0
  D:0002H         SYMBOL        len
  X:001FH         SYMBOL        color
  C:7023H         LINE#         237
  C:7031H         LINE#         238
  C:7031H         LINE#         239
  C:705FH         LINE#         240
  C:709DH         LINE#         241
  -------         ENDPROC       _GUI_DRAW_HLINE
  -------         PROC          _GUI_FILL_COLORBLOCK
  X:02AEH         SYMBOL        x0
  X:02B0H         SYMBOL        y0
  X:02B2H         SYMBOL        width
  X:02B4H         SYMBOL        height
  X:02B6H         SYMBOL        ctbl
  X:02B9H         SYMBOL        mode
  -------         DO            
  X:02BAH         SYMBOL        i
  -------         ENDDO         
  C:583DH         LINE#         248
  C:5851H         LINE#         249
  C:5851H         LINE#         251
  C:5869H         LINE#         252
  C:5873H         LINE#         253
  C:5873H         LINE#         254
  C:5891H         LINE#         255
  C:5891H         LINE#         256
  C:58EFH         LINE#         257
  C:5900H         LINE#         258
  C:5900H         LINE#         259
  C:5900H         LINE#         260
  C:591DH         LINE#         261
  C:591DH         LINE#         262
  C:5973H         LINE#         263
BL51 BANKED LINKER/LOCATER V6.22                                                      05/26/2020  14:25:38  PAGE 33


  C:5983H         LINE#         264
  C:5983H         LINE#         265
  -------         ENDPROC       _GUI_FILL_COLORBLOCK
  -------         PROC          _GUI_SMOOTH_COLOR
  X:012DH         SYMBOL        srgb
  X:0131H         SYMBOL        ergb
  X:0135H         SYMBOL        cbuf
  X:0138H         SYMBOL        len
  -------         DO            
  X:013AH         SYMBOL        sr
  X:013BH         SYMBOL        sg
  X:013CH         SYMBOL        sb
  X:013DH         SYMBOL        dr
  X:013FH         SYMBOL        dg
  X:0141H         SYMBOL        db
  X:0143H         SYMBOL        r
  X:0145H         SYMBOL        g
  X:0147H         SYMBOL        b
  X:0149H         SYMBOL        i
  -------         ENDDO         
  C:4B1FH         LINE#         271
  C:4B25H         LINE#         272
  C:4B25H         LINE#         276
  C:4B2CH         LINE#         277
  C:4B45H         LINE#         278
  C:4B5EH         LINE#         279
  C:4B6DH         LINE#         280
  C:4B90H         LINE#         281
  C:4BB3H         LINE#         282
  C:4BCBH         LINE#         283
  C:4BEAH         LINE#         284
  C:4BEAH         LINE#         285
  C:4C18H         LINE#         286
  C:4C43H         LINE#         287
  C:4C6EH         LINE#         288
  C:4C84H         LINE#         289
  C:4C9AH         LINE#         290
  C:4CB0H         LINE#         291
  C:4CF6H         LINE#         292
  C:4D07H         LINE#         293
  -------         ENDPROC       _GUI_SMOOTH_COLOR
  -------         PROC          _GUI_DRAW_SMOOTH_RECTANGLE
  X:01B3H         SYMBOL        x
  X:01B5H         SYMBOL        y
  X:01B7H         SYMBOL        width
  X:01B9H         SYMBOL        height
  X:01BBH         SYMBOL        srgb
  X:01BFH         SYMBOL        ergb
  -------         DO            
  X:01C3H         SYMBOL        i
  X:01C5H         SYMBOL        j
  X:01C7H         SYMBOL        colortbl
  -------         ENDDO         
  C:6069H         LINE#         298
  C:607DH         LINE#         299
  C:607DH         LINE#         303
  C:60C6H         LINE#         304
BL51 BANKED LINKER/LOCATER V6.22                                                      05/26/2020  14:25:38  PAGE 34


[...]
  C:577AH         LINE#         543
  C:577AH         LINE#         544
  C:5791H         LINE#         545
  C:5791H         LINE#         546
  C:583CH         LINE#         547
  -------         ENDPROC       _GUI_SHOW_STRMID
  -------         PROC          _GUI_SHOW_PTCHAR
  X:019AH         SYMBOL        x
  X:019CH         SYMBOL        y
  X:019EH         SYMBOL        xend
  X:01A0H         SYMBOL        yend
  X:01A2H         SYMBOL        offset
  X:01A4H         SYMBOL        color
  X:01A6H         SYMBOL        size
  X:01A8H         SYMBOL        chr
  X:01A9H         SYMBOL        mode
  -------         DO            
  X:01AAH         SYMBOL        temp
  X:01ABH         SYMBOL        t1
  X:01ACH         SYMBOL        t
  X:01ADH         SYMBOL        tempoff
  X:01AFH         SYMBOL        y0
  X:01B1H         SYMBOL        csize
  -------         ENDDO         
  C:3E8CH         LINE#         557
  C:3EA4H         LINE#         558
  C:3EA4H         LINE#         562
  C:3EACH         LINE#         563
  C:3EEDH         LINE#         564
  C:3EFCH         LINE#         565
  C:3F01H         LINE#         566
  C:3F1DH         LINE#         567
  C:3F1DH         LINE#         568
  C:3F3BH         LINE#         569
  C:3F3BH         LINE#         570
  C:3F3BH         LINE#         571
  C:3F4BH         LINE#         572
  C:3F4DH         LINE#         573
  C:3F4DH         LINE#         574
  C:3F62H         LINE#         575
BL51 BANKED LINKER/LOCATER V6.22                                                      05/26/2020  14:25:38  PAGE 40


  C:3F64H         LINE#         576
  C:3F64H         LINE#         577
  C:3F8BH         LINE#         578
  C:3F8BH         LINE#         579
  C:3F8BH         LINE#         581
  C:3F8BH         LINE#         582
  C:3F9AH         LINE#         583
  C:3FB2H         LINE#         584
  C:3FBFH         LINE#         585
  C:3FBFH         LINE#         586
  C:3FC3H         LINE#         587
  C:3FC3H         LINE#         588
  C:3FD9H         LINE#         589
  C:3FD9H         LINE#         590
  C:3FE0H         LINE#         591
  C:3FE0H         LINE#         592
  C:3FFCH         LINE#         593
  C:400AH         LINE#         594
  C:402BH         LINE#         595
  C:402BH         LINE#         596
  C:4032H         LINE#         597
  C:4040H         LINE#         598
  C:4061H         LINE#         599
  C:4061H         LINE#         600
  C:4069H         LINE#         601
  C:4077H         LINE#         602
  C:4079H         LINE#         603
  C:4079H         LINE#         604
  C:408AH         LINE#         605
  C:408AH         LINE#         606
  C:408AH         LINE#         607
  C:4098H         LINE#         608
  C:40BAH         LINE#         609
  C:40BAH         LINE#         610
  C:40C2H         LINE#         611
  C:40D0H         LINE#         612
  C:40D0H         LINE#         613
  C:40D0H         LINE#         614
  C:40D9H         LINE#         615
  -------         ENDPROC       _GUI_SHOW_PTCHAR
  -------         PROC          _GUI_SHOW_NUM
  X:0282H         SYMBOL        x
  X:0284H         SYMBOL        y
  X:0286H         SYMBOL        len
  X:0287H         SYMBOL        color
  X:0289H         SYMBOL        size
  X:028AH         SYMBOL        num
  X:028EH         SYMBOL        mode
  -------         DO            
  X:028FH         SYMBOL        t
  X:0290H         SYMBOL        temp
  X:0291H         SYMBOL        enshow
  -------         ENDDO         
  C:50B7H         LINE#         626
  C:50C8H         LINE#         627
  C:50C8H         LINE#         629
  C:50CDH         LINE#         630
BL51 BANKED LINKER/LOCATER V6.22                                                      05/26/2020  14:25:38  PAGE 41


  C:50E2H         LINE#         631
  C:50E2H         LINE#         632
  C:5113H         LINE#         633
  C:512CH         LINE#         634
  C:512CH         LINE#         635
  C:5133H         LINE#         636
  C:5133H         LINE#         637
  C:5195H         LINE#         638
  C:51F1H         LINE#         639
  C:51F3H         LINE#         640
  C:51F9H         LINE#         642
  C:51F9H         LINE#         643
  C:5270H         LINE#         644
  C:5279H         LINE#         645
  -------         ENDPROC       _GUI_SHOW_NUM
  -------         PROC          _GUI_NUM2STR
  X:0336H         SYMBOL        str
  X:0339H         SYMBOL        num
  -------         DO            
  X:033DH         SYMBOL        t
  D:0007H         SYMBOL        temp
  X:033EH         SYMBOL        enrec
  -------         ENDDO         
  C:6BB3H         LINE#         650
  C:6BC2H         LINE#         651
  C:6BC2H         LINE#         653
  C:6BC7H         LINE#         654
  C:6BD5H         LINE#         655
  C:6BD5H         LINE#         656
  C:6C03H         LINE#         657
  C:6C12H         LINE#         658
  C:6C12H         LINE#         659
  C:6C17H         LINE#         660
  C:6C1DH         LINE#         661
  C:6C1DH         LINE#         662
  C:6C30H         LINE#         663
  C:6C3AH         LINE#         664
  C:6C42H         LINE#         665
  C:6C51H         LINE#         666
  C:6C5CH         LINE#         667
  -------         ENDPROC       _GUI_NUM2STR
  -------         PROC          _GUI_SHOW_PTSTR
  X:0208H         SYMBOL        x
  X:020AH         SYMBOL        y
  X:020CH         SYMBOL        xend
  X:020EH         SYMBOL        yend
  X:0210H         SYMBOL        offset
  X:0212H         SYMBOL        color
  X:0214H         SYMBOL        size
  X:0215H         SYMBOL        str
  X:0218H         SYMBOL        mode
  -------         DO            
  X:0219H         SYMBOL        bHz
  X:021AH         SYMBOL        EnDisp
  -------         ENDDO         
  C:40DAH         LINE#         677
  C:40EEH         LINE#         678
BL51 BANKED LINKER/LOCATER V6.22                                                      05/26/2020  14:25:38  PAGE 42


  C:40EEH         LINE#         679
  C:40F3H         LINE#         680
  C:40F5H         LINE#         681
  C:4109H         LINE#         682
  C:4109H         LINE#         683
  C:4112H         LINE#         684
  C:4112H         LINE#         685
  C:411DH         LINE#         687
  C:411DH         LINE#         688
  C:4123H         LINE#         689
  C:4123H         LINE#         690
  C:413AH         LINE#         691
  C:413AH         LINE#         692
  C:4147H         LINE#         693
  C:4149H         LINE#         694
  C:4149H         LINE#         695
  C:4160H         LINE#         696
  C:4166H         LINE#         697
  C:4166H         LINE#         698
  C:4166H         LINE#         699
  C:4171H         LINE#         700
  C:4171H         LINE#         701
  C:41DEH         LINE#         702
  C:4211H         LINE#         703
  C:4219H         LINE#         704
  C:4224H         LINE#         705
  C:4224H         LINE#         706
  C:4231H         LINE#         707
  C:4238H         LINE#         708
  C:4238H         LINE#         709
  C:4238H         LINE#         710
  C:4250H         LINE#         711
  C:4257H         LINE#         712
  C:4257H         LINE#         713
  C:425AH         LINE#         714
  C:425AH         LINE#         715
  C:425FH         LINE#         716
  C:4263H         LINE#         717
  C:4263H         LINE#         718
  C:4278H         LINE#         719
  C:4278H         LINE#         720
  C:4285H         LINE#         721
  C:4287H         LINE#         722
  C:4287H         LINE#         723
  C:429EH         LINE#         724
  C:42A4H         LINE#         725
  C:42A4H         LINE#         726
  C:42A4H         LINE#         727
  C:42AAH         LINE#         728
  C:42AAH         LINE#         730
  C:42DBH         LINE#         731
  C:42E3H         LINE#         732
  C:42EEH         LINE#         733
  C:42EEH         LINE#         734
  C:42FBH         LINE#         735
  C:4302H         LINE#         736
  C:4302H         LINE#         737
BL51 BANKED LINKER/LOCATER V6.22                                                      05/26/2020  14:25:38  PAGE 43


  C:4302H         LINE#         738
  C:4317H         LINE#         739
  C:4321H         LINE#         740
  C:4321H         LINE#         741
  C:4324H         LINE#         742
  -------         ENDPROC       _GUI_SHOW_PTSTR
  -------         PROC          _GUI_SHOW_PTSTRWHITERIM
  X:023FH         SYMBOL        x
  X:0241H         SYMBOL        y
  X:0243H         SYMBOL        xend
  X:0245H         SYMBOL        yend
  X:0247H         SYMBOL        offset
  X:0249H         SYMBOL        color
  X:024BH         SYMBOL        rimcolor
  X:024DH         SYMBOL        size
  X:024EH         SYMBOL        str
  C:67DEH         LINE#         752
  C:67F2H         LINE#         753
  C:67F2H         LINE#         754
  C:6849H         LINE#         755
  -------         ENDPROC       _GUI_SHOW_PTSTRWHITERIM
  -------         PROC          _GUI_GET_STRINGLINE
  X:02E3H         SYMBOL        str
  X:02E6H         SYMBOL        linelenth
  X:02E8H         SYMBOL        font
  -------         DO            
  X:02E9H         SYMBOL        xpos
  X:02EBH         SYMBOL        lincnt
  -------         ENDDO         
  C:5401H         LINE#         763
  C:5414H         LINE#         764
  C:5414H         LINE#         765
  C:541BH         LINE#         766
  C:5423H         LINE#         767
  C:5439H         LINE#         768
  C:5469H         LINE#         769
  C:5469H         LINE#         770
  C:5489H         LINE#         771
  C:5489H         LINE#         772
  C:5498H         LINE#         773
  C:549FH         LINE#         774
  C:54BEH         LINE#         775
  C:54C5H         LINE#         776
  C:54DBH         LINE#         777
  C:54DBH         LINE#         778
  C:54EEH         LINE#         779
  C:54F8H         LINE#         780
  C:5510H         LINE#         781
  C:5510H         LINE#         782
  C:5510H         LINE#         783
  C:5510H         LINE#         784
  C:5510H         LINE#         785
  C:5512H         LINE#         786
  C:5512H         LINE#         787
  C:5527H         LINE#         788
  C:5531H         LINE#         789
  C:5549H         LINE#         790
BL51 BANKED LINKER/LOCATER V6.22                                                      05/26/2020  14:25:38  PAGE 44


  C:5549H         LINE#         791
  C:554EH         LINE#         792
  C:556BH         LINE#         793
  C:556BH         LINE#         794
  C:556BH         LINE#         795
  C:556EH         LINE#         796
  C:557CH         LINE#         797
  -------         ENDPROC       _GUI_GET_STRINGLINE
  -------         PROC          _GUI_SHOW_STRING
  X:01CAH         SYMBOL        str
  X:01CDH         SYMBOL        x
  X:01CFH         SYMBOL        y
  X:01D1H         SYMBOL        width
  X:01D3H         SYMBOL        height
  X:01D5H         SYMBOL        font
  X:01D6H         SYMBOL        fcolor
  -------         DO            
  X:01D8H         SYMBOL        xpos
  X:01DAH         SYMBOL        ypos
  X:01DCH         SYMBOL        endx
  X:01DEH         SYMBOL        endy
  -------         ENDDO         
  C:4325H         LINE#         804
  C:4336H         LINE#         805
  C:4336H         LINE#         806
  C:4346H         LINE#         807
  C:4356H         LINE#         808
  C:4370H         LINE#         809
  C:438AH         LINE#         810
  C:43A2H         LINE#         811
  C:43B5H         LINE#         812
  C:43B5H         LINE#         813
  C:43C9H         LINE#         814
  C:43C9H         LINE#         815
  C:43D8H         LINE#         816
  C:43DFH         LINE#         817
  C:43EEH         LINE#         818
  C:4400H         LINE#         819
  C:4414H         LINE#         820
  C:4414H         LINE#         821
  C:443CH         LINE#         822
  C:443CH         LINE#         823
  C:444BH         LINE#         824
  C:4457H         LINE#         825
  C:4457H         LINE#         827
  C:4469H         LINE#         828
  C:4470H         LINE#         830
  C:4473H         LINE#         831
  C:4473H         LINE#         832
  C:449DH         LINE#         833
  C:449DH         LINE#         834
  C:44ACH         LINE#         835
  C:44B9H         LINE#         836
  C:44B9H         LINE#         837
  C:4518H         LINE#         838
  C:452CH         LINE#         839
  C:4536H         LINE#         840
BL51 BANKED LINKER/LOCATER V6.22                                                      05/26/2020  14:25:38  PAGE 45


  C:4536H         LINE#         841
  C:454FH         LINE#         843
  -------         ENDPROC       _GUI_SHOW_STRING
  -------         ENDMOD        GUI

  -------         MODULE        ?C?CLDPTR
  C:319FH         PUBLIC        ?C?CLDPTR
  -------         ENDMOD        ?C?CLDPTR

  -------         MODULE        ?C?CLDOPTR
  C:31B8H         PUBLIC        ?C?CLDOPTR
  -------         ENDMOD        ?C?CLDOPTR

  -------         MODULE        ?C?CSTPTR
  C:31E5H         PUBLIC        ?C?CSTPTR
  -------         ENDMOD        ?C?CSTPTR

  -------         MODULE        ?C?IMUL
  C:31F7H         PUBLIC        ?C?IMUL
  -------         ENDMOD        ?C?IMUL

  -------         MODULE        ?C?UIDIV
  C:3209H         PUBLIC        ?C?UIDIV
  -------         ENDMOD        ?C?UIDIV

  -------         MODULE        ?C?IILDX
  C:325EH         PUBLIC        ?C?IILDX
  -------         ENDMOD        ?C?IILDX

  -------         MODULE        ?C?ILDIX
  C:3274H         PUBLIC        ?C?ILDIX
  -------         ENDMOD        ?C?ILDIX

  -------         MODULE        ?C?ILDOPTR
  C:328AH         PUBLIC        ?C?ILDOPTR
  -------         ENDMOD        ?C?ILDOPTR

  -------         MODULE        ?C?ISTOPTR
  C:32C2H         PUBLIC        ?C?ISTOPTR
  -------         ENDMOD        ?C?ISTOPTR

  -------         MODULE        ?C?LMUL
  C:32EFH         PUBLIC        ?C?LMUL
  -------         ENDMOD        ?C?LMUL

  -------         MODULE        ?C?ULDIV
  C:337AH         PUBLIC        ?C?ULDIV
  -------         ENDMOD        ?C?ULDIV

  -------         MODULE        ?C?SLDIV
  C:72C2H         PUBLIC        ?C?SLDIV
  -------         ENDMOD        ?C?SLDIV

  -------         MODULE        ?C?SLCMP
  C:340CH         PUBLIC        ?C?SLCMP
  -------         ENDMOD        ?C?SLCMP

BL51 BANKED LINKER/LOCATER V6.22                                                      05/26/2020  14:25:38  PAGE 46


  -------         MODULE        ?C?ULCMP
  C:3422H         PUBLIC        ?C?ULCMP
  -------         ENDMOD        ?C?ULCMP

  -------         MODULE        ?C?ULSHR
  C:3433H         PUBLIC        ?C?ULSHR
  -------         ENDMOD        ?C?ULSHR

  -------         MODULE        ?C?LSTXDATA
  C:3446H         PUBLIC        ?C?LSTXDATA
  -------         ENDMOD        ?C?LSTXDATA

  -------         MODULE        ?C?LSTKXDATA
  C:3452H         PUBLIC        ?C?LSTKXDATA
  -------         ENDMOD        ?C?LSTKXDATA

  -------         MODULE        ?C?LIMUL
  C:3483H         PUBLIC        ?C?LIMUL
  -------         ENDMOD        ?C?LIMUL

  -------         MODULE        PRINTF
  X:0000H         PUBLIC        ?_PRINTF517?BYTE
  X:0000H         PUBLIC        ?_PRINTF?BYTE
  X:0000H         PUBLIC        ?_SPRINTF517?BYTE
  X:0000H         PUBLIC        ?_SPRINTF?BYTE
  C:2EA5H         PUBLIC        _PRINTF
  C:2EA5H         PUBLIC        _PRINTF517
  C:2E9FH         PUBLIC        _SPRINTF
  C:2E9FH         PUBLIC        _SPRINTF517
  -------         ENDMOD        PRINTF

  -------         MODULE        STRLEN
  C:7577H         PUBLIC        _STRLEN
  -------         ENDMOD        STRLEN

  -------         MODULE        ?C?PLDIXDATA
  C:34B0H         PUBLIC        ?C?PLDIXDATA
  -------         ENDMOD        ?C?PLDIXDATA

  -------         MODULE        ?C?PSTXDATA
  C:34C7H         PUBLIC        ?C?PSTXDATA
  -------         ENDMOD        ?C?PSTXDATA

  -------         MODULE        ?C?CCASE
  C:34D0H         PUBLIC        ?C?CCASE
  -------         ENDMOD        ?C?CCASE

  -------         MODULE        PUTCHAR
  C:749BH         PUBLIC        _PUTCHAR
  -------         ENDMOD        PUTCHAR

*** WARNING L16: UNCALLED SEGMENT, IGNORED FOR OVERLAY PROCESS
    SEGMENT: ?PR?_UART_CMD?UART

*** WARNING L16: UNCALLED SEGMENT, IGNORED FOR OVERLAY PROCESS
    SEGMENT: ?PR?_UART_SENDSTRING?UART

BL51 BANKED LINKER/LOCATER V6.22                                                      05/26/2020  14:25:38  PAGE 47


*** WARNING L16: UNCALLED SEGMENT, IGNORED FOR OVERLAY PROCESS
    SEGMENT: ?PR?_DELAY?TFTLCD

*** WARNING L16: UNCALLED SEGMENT, IGNORED FOR OVERLAY PROCESS
    SEGMENT: ?PR?_LCD_COLOR_FILL?TFTLCD

*** WARNING L16: UNCALLED SEGMENT, IGNORED FOR OVERLAY PROCESS
    SEGMENT: ?PR?_LCD_DRAWBIGPOINT?TFTLCD

*** WARNING L16: UNCALLED SEGMENT, IGNORED FOR OVERLAY PROCESS
    SEGMENT: ?PR?_LCD_DRAWLINE_COLOR?TFTLCD

*** WARNING L16: UNCALLED SEGMENT, IGNORED FOR OVERLAY PROCESS
    SEGMENT: ?PR?_LCD_DROWSIGN?TFTLCD

*** WARNING L16: UNCALLED SEGMENT, IGNORED FOR OVERLAY PROCESS
    SEGMENT: ?PR?_LCD_DRAWRECTANGLE?TFTLCD

*** WARNING L16: UNCALLED SEGMENT, IGNORED FOR OVERLAY PROCESS
    SEGMENT: ?PR?_LCD_DRAW_CIRCLE?TFTLCD

*** WARNING L16: UNCALLED SEGMENT, IGNORED FOR OVERLAY PROCESS
    SEGMENT: ?PR?_LCD_SHOWNUM?TFTLCD

*** WARNING L16: UNCALLED SEGMENT, IGNORED FOR OVERLAY PROCESS
    SEGMENT: ?PR?_LCD_SHOWXNUM?TFTLCD

*** WARNING L16: UNCALLED SEGMENT, IGNORED FOR OVERLAY PROCESS
    SEGMENT: ?PR?_LCD_SHOWFONTHZ?TFTLCD

*** WARNING L16: UNCALLED SEGMENT, IGNORED FOR OVERLAY PROCESS
    SEGMENT: ?PR?_LCD_SHOWPICTURE?TFTLCD

*** WARNING L16: UNCALLED SEGMENT, IGNORED FOR OVERLAY PROCESS
    SEGMENT: ?PR?TOUCH_SCAN?TOUCH

*** WARNING L16: UNCALLED SEGMENT, IGNORED FOR OVERLAY PROCESS
    SEGMENT: ?PR?_GUI_COLOR_CHG?GUI

*** WARNING L16: UNCALLED SEGMENT, IGNORED FOR OVERLAY PROCESS
    SEGMENT: ?PR?_GUI_RGB332TORGB565?GUI

*** WARNING L16: UNCALLED SEGMENT, IGNORED FOR OVERLAY PROCESS
    SEGMENT: ?PR?_GUI_DISABS?GUI

*** WARNING L16: UNCALLED SEGMENT, IGNORED FOR OVERLAY PROCESS
    SEGMENT: ?PR?_GUI_DRAW_POINT?GUI

*** WARNING L16: UNCALLED SEGMENT, IGNORED FOR OVERLAY PROCESS
    SEGMENT: ?PR?_GUI_ALPHABLEND_AREA?GUI

*** WARNING L16: UNCALLED SEGMENT, IGNORED FOR OVERLAY PROCESS
    SEGMENT: ?PR?_GUI_DRAW_BLINE?GUI

*** WARNING L16: UNCALLED SEGMENT, IGNORED FOR OVERLAY PROCESS
    SEGMENT: ?PR?_GUI_DRAW_BLINE1?GUI

BL51 BANKED LINKER/LOCATER V6.22                                                      05/26/2020  14:25:38  PAGE 48


*** WARNING L16: UNCALLED SEGMENT, IGNORED FOR OVERLAY PROCESS
    SEGMENT: ?PR?_GUI_FILL_COLORBLOCK?GUI

*** WARNING L16: UNCALLED SEGMENT, IGNORED FOR OVERLAY PROCESS
    SEGMENT: ?PR?_GUI_DRAW_SMOOTH_RECTANGLE?GUI

*** WARNING L16: UNCALLED SEGMENT, IGNORED FOR OVERLAY PROCESS
    SEGMENT: ?PR?_GUI_DRAW_RECTANGLE?GUI

*** WARNING L16: UNCALLED SEGMENT, IGNORED FOR OVERLAY PROCESS
    SEGMENT: ?PR?_GUI_DRAW_ARCRECTANGLE?GUI

*** WARNING L16: UNCALLED SEGMENT, IGNORED FOR OVERLAY PROCESS
    SEGMENT: ?PR?_GUI_DRAW_ELLIPSE?GUI

*** WARNING L16: UNCALLED SEGMENT, IGNORED FOR OVERLAY PROCESS
    SEGMENT: ?PR?_GUI_FILL_ELLIPSE?GUI

*** WARNING L16: UNCALLED SEGMENT, IGNORED FOR OVERLAY PROCESS
    SEGMENT: ?PR?_GUI_SHOW_STRMID?GUI

*** WARNING L16: UNCALLED SEGMENT, IGNORED FOR OVERLAY PROCESS
    SEGMENT: ?PR?_GUI_SHOW_NUM?GUI

*** WARNING L16: UNCALLED SEGMENT, IGNORED FOR OVERLAY PROCESS
    SEGMENT: ?PR?_GUI_NUM2STR?GUI

*** WARNING L16: UNCALLED SEGMENT, IGNORED FOR OVERLAY PROCESS
    SEGMENT: ?PR?_GUI_SHOW_PTSTRWHITERIM?GUI

*** WARNING L16: UNCALLED SEGMENT, IGNORED FOR OVERLAY PROCESS
    SEGMENT: ?PR?_GUI_GET_STRINGLINE?GUI

*** WARNING L16: UNCALLED SEGMENT, IGNORED FOR OVERLAY PROCESS
    SEGMENT: ?PR?_GUI_SHOW_STRING?GUI

Program Size: data=15.1 xdata=901 code=30188
LINK/LOCATE RUN COMPLETE.  33 WARNING(S),  0 ERROR(S)
