BL51 BANKED LINKER/LOCATER V6.22                                                        09/20/2021  16:47:30  PAGE 1


BL51 BANKED LINKER/LOCATER V6.22, INVOKED BY:
D:\YZ\KEILC51\C51\BIN\BL51.EXE .\output\main.obj, .\output\public.obj, .\output\uart.obj, .\output\tftlcd.obj, .\output\
>> touch.obj, .\output\gui.obj TO .\output\template PRINT (.\output\template.m51) RAMSIZE (256)


MEMORY MODEL: LARGE


INPUT MODULES INCLUDED:
  .\output\main.obj (MAIN)
  .\output\public.obj (PUBLIC)
  .\output\uart.obj (UART)
  .\output\tftlcd.obj (TFTLCD)
  .\output\touch.obj (TOUCH)
  .\output\gui.obj (GUI)
  D:\YZ\KEILC51\C51\LIB\C51L.LIB (?C_STARTUP)
  D:\YZ\KEILC51\C51\LIB\C51L.LIB (?C?CLDPTR)
  D:\YZ\KEILC51\C51\LIB\C51L.LIB (?C?CLDOPTR)
  D:\YZ\KEILC51\C51\LIB\C51L.LIB (?C?CSTPTR)
  D:\YZ\KEILC51\C51\LIB\C51L.LIB (?C?IMUL)
  D:\YZ\KEILC51\C51\LIB\C51L.LIB (?C?UIDIV)
  D:\YZ\KEILC51\C51\LIB\C51L.LIB (?C?IILDX)
  D:\YZ\KEILC51\C51\LIB\C51L.LIB (?C?ILDIX)
  D:\YZ\KEILC51\C51\LIB\C51L.LIB (?C?ILDOPTR)
  D:\YZ\KEILC51\C51\LIB\C51L.LIB (?C?ISTOPTR)
  D:\YZ\KEILC51\C51\LIB\C51L.LIB (?C?LMUL)
  D:\YZ\KEILC51\C51\LIB\C51L.LIB (?C?ULDIV)
  D:\YZ\KEILC51\C51\LIB\C51L.LIB (?C?SLDIV)
  D:\YZ\KEILC51\C51\LIB\C51L.LIB (?C?SLCMP)
  D:\YZ\KEILC51\C51\LIB\C51L.LIB (?C?ULCMP)
  D:\YZ\KEILC51\C51\LIB\C51L.LIB (?C?ULSHR)
  D:\YZ\KEILC51\C51\LIB\C51L.LIB (?C?LSTXDATA)
  D:\YZ\KEILC51\C51\LIB\C51L.LIB (?C?LSTKXDATA)
  D:\YZ\KEILC51\C51\LIB\C51L.LIB (?C?LIMUL)
  D:\YZ\KEILC51\C51\LIB\C51L.LIB (PRINTF)
  D:\YZ\KEILC51\C51\LIB\C51L.LIB (STRLEN)
  D:\YZ\KEILC51\C51\LIB\C51L.LIB (?C_INIT)
  D:\YZ\KEILC51\C51\LIB\C51L.LIB (?C?PLDIXDATA)
  D:\YZ\KEILC51\C51\LIB\C51L.LIB (?C?PSTXDATA)
  D:\YZ\KEILC51\C51\LIB\C51L.LIB (?C?CCASE)
  D:\YZ\KEILC51\C51\LIB\C51L.LIB (PUTCHAR)


LINK MAP OF MODULE:  .\output\template (MAIN)


            TYPE    BASE      LENGTH    RELOCATION   SEGMENT NAME
            -----------------------------------------------------

            * * * * * * *   D A T A   M E M O R Y   * * * * * * *
            REG     0000H     0008H     ABSOLUTE     "REG BANK 0"
            DATA    0008H     0005H     UNIT         _DATA_GROUP_
                    000DH     0013H                  *** GAP ***
            BIT     0020H.0   0001H.1   UNIT         _BIT_GROUP_
                    0021H.1   0000H.7                *** GAP ***
            IDATA   0022H     0001H     UNIT         ?STACK

            * * * * * * *  X D A T A   M E M O R Y  * * * * * * *
BL51 BANKED LINKER/LOCATER V6.22                                                      09/20/2021  16:47:30  PAGE 2


            XDATA   0000H     006FH     UNIT         _XDATA_GROUP_
            XDATA   006FH     0034H     UNIT         ?XD?UART
            XDATA   00A3H     0024H     UNIT         ?XD?_GUI_DRAW_ELLIPSE?GUI
            XDATA   00C7H     0022H     UNIT         ?XD?_GUI_FILL_ELLIPSE?GUI
            XDATA   00E9H     001FH     UNIT         ?XD?_GUI_DRAW_BLINE?GUI
            XDATA   0108H     001FH     UNIT         ?XD?_GUI_DRAW_BLINE1?GUI
            XDATA   0127H     001EH     UNIT         ?XD?_LCD_DRAWLINE_COLOR?TFTLCD
            XDATA   0145H     001EH     UNIT         ?XD?_GUI_DRAW_LINE?GUI
            XDATA   0163H     001EH     UNIT         ?XD?_GUI_SMOOTH_COLOR?GUI
            XDATA   0181H     001CH     UNIT         ?XD?_LCD_DRAWLINE?TFTLCD
            XDATA   019DH     0017H     UNIT         ?XD?_GUI_DRAW_SMOOTH_RECTANGLE?GUI
            XDATA   01B4H     0017H     UNIT         ?XD?_GUI_SHOW_STRINGEX?GUI
            XDATA   01CBH     0016H     UNIT         ?XD?_GUI_SHOW_STRING?GUI
            XDATA   01E1H     0015H     UNIT         ?XD?_LCD_SHOWPICTURE?TFTLCD
            XDATA   01F6H     0013H     UNIT         ?XD?_LCD_COLOR_FILL?TFTLCD
            XDATA   0209H     0013H     UNIT         ?XD?_GUI_SHOW_STRMIDEX?GUI
            XDATA   021CH     0012H     UNIT         ?XD?_GUI_SHOW_PTSTRWHITERIM?GUI
            XDATA   022EH     0011H     UNIT         ?XD?_GUI_ALPHABLEND_AREA?GUI
            XDATA   023FH     0010H     UNIT         ?XD?_GUI_SHOW_NUM?GUI
            XDATA   024FH     000FH     UNIT         ?XD?MAIN
            XDATA   025EH     000EH     UNIT         ?XD?_LCD_SHOWXNUM?TFTLCD
            XDATA   026CH     000EH     UNIT         ?XD?_GUI_FILL_COLORBLOCK?GUI
            XDATA   027AH     000DH     UNIT         ?XD?_LCD_SHOWNUM?TFTLCD
            XDATA   0287H     000DH     UNIT         ?XD?TOUCH
            XDATA   0294H     000DH     UNIT         ?XD?_GUI_ALPHA_BLEND565?GUI
            XDATA   02A1H     000CH     UNIT         ?XD?_GUI_GET_STRINGLINE?GUI
            XDATA   02ADH     000BH     UNIT         ?XD?TFTLCD
            XDATA   02B8H     000AH     UNIT         ?XD?_LCD_DRAW_CIRCLE?TFTLCD
            XDATA   02C2H     000AH     UNIT         ?XD?_LCD_SHOWFONTHZ?TFTLCD
            XDATA   02CCH     000AH     UNIT         ?XD?_GUI_DRAW_RECTANGLE?GUI
            XDATA   02D6H     0009H     UNIT         ?XD?_GUI_NUM2STR?GUI
            XDATA   02DFH     0008H     UNIT         ?XD?_LCD_READPOINT?TFTLCD
            XDATA   02E7H     0008H     UNIT         ?XD?_LCD_DRAWRECTANGLE?TFTLCD
            XDATA   02EFH     0008H     UNIT         ?XD?_GUI_COLOR_CHG?GUI
            XDATA   02F7H     0008H     UNIT         ?XD?_GUI_DISABS?GUI
            XDATA   02FFH     0006H     UNIT         ?XD?_LCD_DRAWBIGPOINT?TFTLCD
            XDATA   0305H     0006H     UNIT         ?XD?_LCD_DROWSIGN?TFTLCD
            XDATA   030BH     0006H     UNIT         ?XD?_LCD_POW?TFTLCD
            XDATA   0311H     0006H     UNIT         ?XD?_GUI_POW?GUI
            XDATA   0317H     0004H     UNIT         ?XD?_GUI_DRAW_POINT?GUI
            XDATA   031BH     0003H     UNIT         ?XD?_UART_SENDSTRING?UART

            * * * * * * *   C O D E   M E M O R Y   * * * * * * *
            CODE    0000H     0003H     ABSOLUTE     
            CODE    0003H     001FH     UNIT         ?PR?_DELAY?TFTLCD
                    0022H     0001H                  *** GAP ***
            CODE    0023H     0003H     ABSOLUTE     
            CODE    0026H     1BF3H     UNIT         ?CO?TFTLCD
            CODE    1C19H     06B3H     UNIT         ?PR?_GUI_DRAW_ARCRECTANGLE?GUI
            CODE    22CCH     0447H     UNIT         ?PR?BUTTON_TEST?MAIN
            CODE    2713H     0404H     UNIT         ?PR?_GUI_DRAW_ELLIPSE?GUI
            CODE    2B17H     03CAH     UNIT         ?PR?_GUI_DRAW_BLINE1?GUI
            CODE    2EE1H     03A0H     UNIT         ?PR?_GUI_FILL_CIRCLE?GUI
            CODE    3281H     0365H     UNIT         ?PR?PRINTF?PRINTF
            CODE    35E6H     0357H     UNIT         ?C?LIB_CODE
            CODE    393DH     0271H     UNIT         ?PR?_GUI_DRAW_CIRCLE8?GUI
            CODE    3BAEH     026CH     UNIT         ?PR?_GUI_DRAW_BLINE?GUI
BL51 BANKED LINKER/LOCATER V6.22                                                      09/20/2021  16:47:30  PAGE 3


            CODE    3E1AH     025CH     UNIT         ?PR?_GUI_FILL_ELLIPSE?GUI
            CODE    4076H     0253H     UNIT         ?PR?_GUI_SHOW_PTCHAR?GUI
            CODE    42C9H     0246H     UNIT         ?PR?_GUI_SHOW_PTSTR?GUI
            CODE    450FH     0226H     UNIT         ?PR?_GUI_SHOW_STRING?GUI
            CODE    4735H     021CH     UNIT         ?PR?_GUI_SHOW_STRINGEX?GUI
            CODE    4951H     01F3H     UNIT         ?PR?_GUI_DRAW_LINE?GUI
            CODE    4B44H     01EFH     UNIT         ?PR?_LCD_DRAWLINE?TFTLCD
            CODE    4D33H     01EDH     UNIT         ?PR?_LCD_DRAWLINE_COLOR?TFTLCD
            CODE    4F20H     01E9H     UNIT         ?PR?_GUI_SMOOTH_COLOR?GUI
            CODE    5109H     01D8H     UNIT         ?PR?_LCD_DRAW_CIRCLE?TFTLCD
            CODE    52E1H     01D7H     UNIT         ?PR?_GUI_DRAW_ARC?GUI
            CODE    54B8H     01C3H     UNIT         ?PR?_GUI_SHOW_NUM?GUI
            CODE    567BH     0187H     UNIT         ?PR?_TOUCH_XPT_READDATA?TOUCH
            CODE    5802H     017CH     UNIT         ?PR?_GUI_GET_STRINGLINE?GUI
            CODE    597EH     0178H     UNIT         ?PR?_LCD_SHOWCHAR?TFTLCD
            CODE    5AF6H     0165H     UNIT         ?PR?TFTLCD_INIT?TFTLCD
            CODE    5C5BH     014CH     UNIT         ?PR?_GUI_SHOW_STRMIDEX?GUI
            CODE    5DA7H     0148H     UNIT         ?PR?_GUI_SHOW_STRMID?GUI
            CODE    5EEFH     0147H     UNIT         ?PR?_GUI_FILL_COLORBLOCK?GUI
            CODE    6036H     013EH     UNIT         ?PR?TOUCH_SCAN?TOUCH
            CODE    6174H     012DH     UNIT         ?PR?_BUTTON_PRESSCREATE?MAIN
            CODE    62A1H     012DH     UNIT         ?PR?_LCD_SHOWPICTURE?TFTLCD
            CODE    63CEH     012BH     UNIT         ?PR?_LCD_SHOWFONTHZ?TFTLCD
            CODE    64F9H     0129H     UNIT         ?PR?_BUTTON_CREATE?MAIN
            CODE    6622H     0129H     UNIT         ?PR?_LCD_SHOWXNUM?TFTLCD
            CODE    674BH     0114H     UNIT         ?PR?TOUCH_XPT_READXY?TOUCH
            CODE    685FH     010CH     UNIT         ?PR?_GUI_DRAW_SMOOTH_RECTANGLE?GUI
            CODE    696BH     00F8H     UNIT         ?PR?_LCD_COLOR_FILL?TFTLCD
            CODE    6A63H     00F7H     UNIT         ?PR?_GUI_ALPHABLEND_AREA?GUI
            CODE    6B5AH     00F4H     UNIT         ?PR?_GUI_DRAW_BIGPOINT?GUI
            CODE    6C4EH     00EDH     UNIT         ?PR?_GUI_ALPHA_BLEND565?GUI
            CODE    6D3BH     00E5H     UNIT         ?PR?_LCD_SHOWSTRING?TFTLCD
            CODE    6E20H     00DCH     UNIT         ?PR?_LCD_SHOWNUM?TFTLCD
            CODE    6EFCH     00D8H     UNIT         ?PR?_LCD_DROWSIGN?TFTLCD
            CODE    6FD4H     00D2H     UNIT         ?PR?_GUI_SHOW_PTSTRWHITERIM?GUI
            CODE    70A6H     00D0H     UNIT         ?PR?_LCD_FILL?TFTLCD
            CODE    7176H     00C8H     UNIT         ?PR?_GUI_DRAW_RECTANGLE?GUI
            CODE    723EH     00C1H     UNIT         ?PR?_GUI_DRAW_EXPOINT?GUI
            CODE    72FFH     00AAH     UNIT         ?PR?_LCD_DRAWRECTANGLE?TFTLCD
            CODE    73A9H     00AAH     UNIT         ?PR?_GUI_NUM2STR?GUI
            CODE    7453H     0096H     UNIT         ?PR?_GUI_DRAW_VLINE?GUI
            CODE    74E9H     008CH     UNIT         ?C_C51STARTUP
            CODE    7575H     008AH     UNIT         ?PR?_GUI_FILL_RECTANGLE?GUI
            CODE    75FFH     0087H     UNIT         ?PR?UART_IRQN?UART
            CODE    7686H     0081H     UNIT         ?PR?_LCD_CLEAR?TFTLCD
            CODE    7707H     0080H     UNIT         ?PR?_GUI_COLOR_CHG?GUI
            CODE    7787H     007CH     UNIT         ?PR?_LCD_READPOINT?TFTLCD
            CODE    7803H     007BH     UNIT         ?PR?_GUI_DRAW_HLINE?GUI
            CODE    787EH     0073H     UNIT         ?PR?_LCD_DRAWBIGPOINT?TFTLCD
            CODE    78F1H     006BH     UNIT         ?PR?_GUI_DISABS?GUI
            CODE    795CH     0050H     UNIT         ?PR?_LCD_POW?TFTLCD
            CODE    79ACH     004DH     UNIT         ?PR?_LCD_SET_WINDOW?TFTLCD
            CODE    79F9H     0049H     UNIT         ?PR?_GUI_POW?GUI
            CODE    7A42H     0048H     UNIT         ?PR?_LCD_DRAWFRONT_COLOR?TFTLCD
            CODE    7A8AH     0044H     UNIT         ?C?LDIV
            CODE    7ACEH     0042H     UNIT         ?PR?_LCD_DISPLAY_DIR?TFTLCD
            CODE    7B10H     0040H     UNIT         ?PR?_LCD_DRAWPOINT?TFTLCD
BL51 BANKED LINKER/LOCATER V6.22                                                      09/20/2021  16:47:30  PAGE 4


            CODE    7B50H     003CH     UNIT         ?PR?_GUI_RGB332TORGB565?GUI
            CODE    7B8CH     003CH     UNIT         ?PR?_GUI_DRAW_POINT?GUI
            CODE    7BC8H     003BH     UNIT         ?PR?TOUCH_SPI_READ?TOUCH
            CODE    7C03H     0033H     UNIT         ?PR?_UART_SENDSTRING?UART
            CODE    7C36H     0027H     UNIT         ?PR?PUTCHAR?PUTCHAR
            CODE    7C5DH     0025H     UNIT         ?PR?_LCD_WRITEDATA_COLOR?TFTLCD
            CODE    7C82H     0024H     UNIT         ?PR?_LCD_WRITEDATA?TFTLCD
            CODE    7CA6H     0022H     UNIT         ?C_INITSEG
            CODE    7CC8H     001EH     UNIT         ?PR?_DELAY_MS?PUBLIC
            CODE    7CE6H     001DH     UNIT         ?PR?_TOUCH_SPI_WRITE?TOUCH
            CODE    7D03H     0016H     UNIT         ?PR?UART_INIT?UART
            CODE    7D19H     0016H     UNIT         ?PR?LCD_READDATA?TFTLCD
            CODE    7D2FH     0015H     UNIT         ?PR?_STRLEN?STRLEN
            CODE    7D44H     0011H     UNIT         ?PR?_LCD_WRITECMD?TFTLCD
            CODE    7D55H     000EH     UNIT         ?PR?_UART_SENDDATA?UART
            CODE    7D63H     000CH     UNIT         ?CO?MAIN
            CODE    7D6FH     000BH     UNIT         ?PR?MAIN?MAIN
            CODE    7D7AH     000BH     UNIT         ?PR?_DELAY_10US?PUBLIC
            CODE    7D85H     000BH     UNIT         ?PR?TOUCH_SPI_START?TOUCH
            CODE    7D90H     000AH     UNIT         ?PR?_LCD_WRITECMDDATA?TFTLCD
            CODE    7D9AH     0006H     UNIT         ?PR?_UART_CMD?UART



OVERLAY MAP OF MODULE:   .\output\template (MAIN)


SEGMENT                                       BIT_GROUP          DATA_GROUP          XDATA_GROUP
  +--> CALLED SEGMENT                      START    LENGTH     START    LENGTH     START    LENGTH
--------------------------------------------------------------------------------------------------
?C_C51STARTUP                              -----    -----      -----    -----      -----    -----
  +--> ?PR?MAIN?MAIN
  +--> ?C_INITSEG

?PR?MAIN?MAIN                              -----    -----      -----    -----      -----    -----
  +--> ?PR?UART_INIT?UART
  +--> ?PR?TFTLCD_INIT?TFTLCD
  +--> ?PR?BUTTON_TEST?MAIN

?PR?TFTLCD_INIT?TFTLCD                     -----    -----      -----    -----      0000H    0002H
  +--> ?PR?_DELAY_MS?PUBLIC
  +--> ?PR?_LCD_WRITECMD?TFTLCD
  +--> ?PR?LCD_READDATA?TFTLCD
  +--> ?CO?TFTLCD
  +--> ?PR?PRINTF?PRINTF
  +--> ?PR?_LCD_WRITEDATA?TFTLCD
  +--> ?PR?_LCD_DISPLAY_DIR?TFTLCD
  +--> ?PR?_LCD_CLEAR?TFTLCD

?PR?PRINTF?PRINTF                          0020H.0  0001H.1    0008H    0005H      0002H    0028H
  +--> ?PR?PUTCHAR?PUTCHAR

?PR?_LCD_WRITEDATA?TFTLCD                  -----    -----      -----    -----      -----    -----
  +--> ?PR?_LCD_WRITECMD?TFTLCD

?PR?_LCD_DISPLAY_DIR?TFTLCD                -----    -----      -----    -----      -----    -----
  +--> ?PR?_LCD_WRITECMDDATA?TFTLCD
BL51 BANKED LINKER/LOCATER V6.22                                                      09/20/2021  16:47:30  PAGE 5



?PR?_LCD_WRITECMDDATA?TFTLCD               -----    -----      -----    -----      -----    -----
  +--> ?PR?_LCD_WRITECMD?TFTLCD
  +--> ?PR?_LCD_WRITEDATA?TFTLCD

?PR?_LCD_CLEAR?TFTLCD                      -----    -----      -----    -----      0002H    0004H
  +--> ?PR?_LCD_SET_WINDOW?TFTLCD
  +--> ?PR?_LCD_WRITEDATA_COLOR?TFTLCD

?PR?_LCD_SET_WINDOW?TFTLCD                 -----    -----      -----    -----      0067H    0008H
  +--> ?PR?_LCD_WRITECMD?TFTLCD
  +--> ?PR?_LCD_WRITEDATA?TFTLCD

?PR?BUTTON_TEST?MAIN                       -----    -----      -----    -----      0000H    0004H
  +--> ?CO?MAIN
  +--> ?PR?_LCD_SHOWSTRING?TFTLCD
  +--> ?PR?_BUTTON_CREATE?MAIN
  +--> ?PR?_GUI_FILL_CIRCLE?GUI
  +--> ?PR?TOUCH_SCAN?TOUCH
  +--> ?PR?_BUTTON_PRESSCREATE?MAIN

?PR?_LCD_SHOWSTRING?TFTLCD                 -----    -----      -----    -----      0004H    000DH
  +--> ?PR?_LCD_SHOWCHAR?TFTLCD

?PR?_LCD_SHOWCHAR?TFTLCD                   -----    -----      -----    -----      0011H    000CH
  +--> ?CO?TFTLCD
  +--> ?PR?_LCD_DRAWFRONT_COLOR?TFTLCD

?PR?_LCD_DRAWFRONT_COLOR?TFTLCD            -----    -----      -----    -----      0061H    0006H
  +--> ?PR?_LCD_SET_WINDOW?TFTLCD
  +--> ?PR?_LCD_WRITEDATA_COLOR?TFTLCD

?PR?_BUTTON_CREATE?MAIN                    -----    -----      -----    -----      0004H    0011H
  +--> ?PR?_GUI_DRAW_ARCRECTANGLE?GUI
  +--> ?PR?_GUI_DRAW_HLINE?GUI
  +--> ?PR?_GUI_SHOW_STRMID?GUI

?PR?_GUI_DRAW_ARCRECTANGLE?GUI             -----    -----      -----    -----      0015H    0010H
  +--> ?PR?_GUI_FILL_RECTANGLE?GUI
  +--> ?PR?_GUI_DRAW_HLINE?GUI
  +--> ?PR?_GUI_DRAW_VLINE?GUI
  +--> ?PR?_GUI_DRAW_ARC?GUI

?PR?_GUI_FILL_RECTANGLE?GUI                -----    -----      -----    -----      0025H    000AH
  +--> ?PR?_LCD_FILL?TFTLCD

?PR?_LCD_FILL?TFTLCD                       -----    -----      -----    -----      002FH    000CH
  +--> ?PR?_LCD_SET_WINDOW?TFTLCD
  +--> ?PR?_LCD_WRITEDATA_COLOR?TFTLCD

?PR?_GUI_DRAW_HLINE?GUI                    -----    -----      -----    -----      0025H    0008H
  +--> ?PR?_LCD_FILL?TFTLCD

?PR?_GUI_DRAW_VLINE?GUI                    -----    -----      -----    -----      0025H    0008H
  +--> ?PR?_LCD_FILL?TFTLCD

?PR?_GUI_DRAW_ARC?GUI                      -----    -----      -----    -----      0025H    0019H
BL51 BANKED LINKER/LOCATER V6.22                                                      09/20/2021  16:47:30  PAGE 6


  +--> ?PR?_GUI_DRAW_CIRCLE8?GUI

?PR?_GUI_DRAW_CIRCLE8?GUI                  -----    -----      -----    -----      003EH    0012H
  +--> ?PR?_GUI_DRAW_EXPOINT?GUI

?PR?_GUI_DRAW_EXPOINT?GUI                  -----    -----      -----    -----      0050H    0010H
  +--> ?PR?_LCD_DRAWPOINT?TFTLCD

?PR?_LCD_DRAWPOINT?TFTLCD                  -----    -----      -----    -----      -----    -----
  +--> ?PR?_LCD_SET_WINDOW?TFTLCD
  +--> ?PR?_LCD_WRITEDATA_COLOR?TFTLCD

?PR?_GUI_SHOW_STRMID?GUI                   -----    -----      -----    -----      0015H    0012H
  +--> ?PR?_STRLEN?STRLEN
  +--> ?PR?_GUI_SHOW_PTSTR?GUI

?PR?_GUI_SHOW_PTSTR?GUI                    -----    -----      -----    -----      0027H    0013H
  +--> ?PR?_GUI_SHOW_PTCHAR?GUI

?PR?_GUI_SHOW_PTCHAR?GUI                   -----    -----      -----    -----      003AH    0019H
  +--> ?CO?TFTLCD
  +--> ?PR?_GUI_DRAW_BIGPOINT?GUI
  +--> ?PR?_LCD_DRAWFRONT_COLOR?TFTLCD

?PR?_GUI_DRAW_BIGPOINT?GUI                 -----    -----      -----    -----      0053H    000EH
  +--> ?PR?_LCD_DRAWFRONT_COLOR?TFTLCD

?PR?_GUI_FILL_CIRCLE?GUI                   -----    -----      -----    -----      0004H    0018H
  +--> ?PR?_GUI_DRAW_HLINE?GUI

?PR?TOUCH_SCAN?TOUCH                       -----    -----      -----    -----      0004H    0005H
  +--> ?PR?TOUCH_XPT_READXY?TOUCH

?PR?TOUCH_XPT_READXY?TOUCH                 -----    -----      -----    -----      0009H    000AH
  +--> ?PR?TOUCH_SPI_START?TOUCH
  +--> ?PR?_TOUCH_XPT_READDATA?TOUCH

?PR?_TOUCH_XPT_READDATA?TOUCH              -----    -----      -----    -----      0013H    001AH
  +--> ?PR?_TOUCH_SPI_WRITE?TOUCH
  +--> ?PR?TOUCH_SPI_READ?TOUCH

?PR?TOUCH_SPI_READ?TOUCH                   -----    -----      -----    -----      002DH    0002H

?PR?_BUTTON_PRESSCREATE?MAIN               -----    -----      -----    -----      0004H    0011H
  +--> ?PR?_GUI_DRAW_ARCRECTANGLE?GUI
  +--> ?PR?_GUI_DRAW_HLINE?GUI
  +--> ?PR?_GUI_SHOW_STRMID?GUI



SYMBOL TABLE OF MODULE:  .\output\template (MAIN)

  VALUE           TYPE          NAME
  ----------------------------------

  -------         MODULE        MAIN
  C:0000H         SYMBOL        _ICE_DUMMY_
BL51 BANKED LINKER/LOCATER V6.22                                                      09/20/2021  16:47:30  PAGE 7


  D:00A0H         PUBLIC        P2
  C:22CCH         PUBLIC        Button_Test
  D:00B0H         PUBLIC        P3
  B:00B0H.5       PUBLIC        LED1
  B:00B0H.6       PUBLIC        LED2
  B:00B0H.7       PUBLIC        LED3
  D:00A8H         PUBLIC        IE
  D:00B8H         PUBLIC        IP
  D:00D8H         PUBLIC        CCON
  C:7D6FH         PUBLIC        main
  X:024FH         PUBLIC        Button_text
  D:0098H         PUBLIC        SCON
  D:0088H         PUBLIC        TCON
  C:6503H         PUBLIC        _Button_Create
  C:617EH         PUBLIC        _Button_PressCreate
  D:00D0H         PUBLIC        PSW
  -------         PROC          L?0034
  -------         ENDPROC       L?0034
  -------         PROC          _BUTTON_CREATE
  X:0004H         SYMBOL        x0
  X:0006H         SYMBOL        y0
  X:0008H         SYMBOL        width
  X:000AH         SYMBOL        height
  X:000CH         SYMBOL        r
  X:000DH         SYMBOL        backcolor
  X:000FH         SYMBOL        frontcolor
  X:0011H         SYMBOL        size
  X:0012H         SYMBOL        str
  C:6503H         LINE#         73
  C:6517H         LINE#         74
  C:6517H         LINE#         75
  C:6545H         LINE#         76
  C:657EH         LINE#         77
  C:65C0H         LINE#         78
  -------         ENDPROC       _BUTTON_CREATE
  -------         PROC          L?0035
  -------         ENDPROC       L?0035
  -------         PROC          _BUTTON_PRESSCREATE
  X:0004H         SYMBOL        x0
  X:0006H         SYMBOL        y0
  X:0008H         SYMBOL        width
  X:000AH         SYMBOL        height
  X:000CH         SYMBOL        r
  X:000DH         SYMBOL        backcolor
  X:000FH         SYMBOL        frontcolor
  X:0011H         SYMBOL        size
  X:0012H         SYMBOL        str
  C:617EH         LINE#         85
  C:6192H         LINE#         86
  C:6192H         LINE#         87
  C:61BCH         LINE#         88
  C:61FDH         LINE#         89
  C:623FH         LINE#         90
  -------         ENDPROC       _BUTTON_PRESSCREATE
  -------         PROC          BUTTON_TEST
  -------         DO            
  X:0000H         SYMBOL        i
BL51 BANKED LINKER/LOCATER V6.22                                                      09/20/2021  16:47:30  PAGE 8


  X:0001H         SYMBOL        LED1_PressFlag
  X:0002H         SYMBOL        LED2_PressFlag
  X:0003H         SYMBOL        LED3_PressFlag
  -------         ENDDO         
  C:22CCH         LINE#         97
  C:22CCH         LINE#         98
  C:22CCH         LINE#         99
  C:22D1H         LINE#         100
  C:22D3H         LINE#         101
  C:22D5H         LINE#         102
  C:22D7H         LINE#         104
  C:22E0H         LINE#         105
  C:2312H         LINE#         107
  C:2317H         LINE#         108
  C:2317H         LINE#         109
  C:236DH         LINE#         110
  C:238FH         LINE#         111
  C:239EH         LINE#         113
  C:239EH         LINE#         114
  C:239EH         LINE#         115
  C:23A1H         LINE#         117
  C:23AAH         LINE#         118
  C:23AAH         LINE#         120
  C:2408H         LINE#         122
  C:2408H         LINE#         123
  C:2412H         LINE#         124
  C:241CH         LINE#         125
  C:241FH         LINE#         126
  C:2422H         LINE#         129
  C:2480H         LINE#         131
  C:2480H         LINE#         132
  C:248AH         LINE#         133
  C:2494H         LINE#         134
  C:2497H         LINE#         135
  C:249AH         LINE#         138
  C:2504H         LINE#         140
  C:2504H         LINE#         141
  C:250EH         LINE#         142
  C:2518H         LINE#         143
  C:251EH         LINE#         144
  C:251EH         LINE#         145
  C:2521H         LINE#         147
  C:2521H         LINE#         148
  C:2527H         LINE#         149
  C:2527H         LINE#         150
  C:2529H         LINE#         151
  C:2557H         LINE#         152
  C:2559H         LINE#         153
  C:256BH         LINE#         154
  C:256EH         LINE#         155
  C:2574H         LINE#         156
  C:2574H         LINE#         157
  C:2576H         LINE#         158
  C:25A4H         LINE#         159
  C:25A6H         LINE#         160
  C:25B8H         LINE#         161
  C:25BAH         LINE#         162
BL51 BANKED LINKER/LOCATER V6.22                                                      09/20/2021  16:47:30  PAGE 9


  C:25C0H         LINE#         163
  C:25C0H         LINE#         164
  C:25C2H         LINE#         165
  C:25FAH         LINE#         166
  C:25FCH         LINE#         167
  C:2613H         LINE#         168
  C:2613H         LINE#         169
  C:2613H         LINE#         171
  C:2619H         LINE#         172
  C:2619H         LINE#         173
  C:2648H         LINE#         174
  C:264AH         LINE#         175
  C:265EH         LINE#         176
  C:2660H         LINE#         177
  C:2666H         LINE#         178
  C:2666H         LINE#         179
  C:2695H         LINE#         180
  C:2697H         LINE#         181
  C:26B0H         LINE#         182
  C:26B3H         LINE#         183
  C:26BCH         LINE#         184
  C:26BCH         LINE#         185
  C:26F5H         LINE#         186
  C:26F7H         LINE#         187
  C:2710H         LINE#         188
  C:2710H         LINE#         189
  -------         ENDPROC       BUTTON_TEST
  -------         PROC          MAIN
  C:7D6FH         LINE#         192
  C:7D6FH         LINE#         193
  C:7D6FH         LINE#         195
  C:7D72H         LINE#         196
  C:7D75H         LINE#         198
  C:7D78H         LINE#         200
  C:7D78H         LINE#         201
  C:7D78H         LINE#         203
  -------         ENDPROC       MAIN
  -------         ENDMOD        MAIN

  -------         MODULE        PUBLIC
  C:0000H         SYMBOL        _ICE_DUMMY_
  D:00A8H         PUBLIC        IE
  D:00B8H         PUBLIC        IP
  D:00D8H         PUBLIC        CCON
  D:0098H         PUBLIC        SCON
  D:0088H         PUBLIC        TCON
  C:7D7AH         PUBLIC        _delay_10us
  C:7CC8H         PUBLIC        _delay_ms
  D:00D0H         PUBLIC        PSW
  -------         PROC          _DELAY_10US
  D:0006H         SYMBOL        us
  C:7D7AH         LINE#         6
  C:7D7AH         LINE#         7
  C:7D7AH         LINE#         8
  C:7D84H         LINE#         9
  -------         ENDPROC       _DELAY_10US
  -------         PROC          _DELAY_MS
BL51 BANKED LINKER/LOCATER V6.22                                                      09/20/2021  16:47:30  PAGE 10


  D:0006H         SYMBOL        ms
  -------         DO            
  D:0006H         SYMBOL        i
  D:0004H         SYMBOL        j
  -------         ENDDO         
  C:7CC8H         LINE#         11
  C:7CC8H         LINE#         12
  C:7CC8H         LINE#         14
  C:7CD1H         LINE#         15
  C:7CE5H         LINE#         16
  -------         ENDPROC       _DELAY_MS
  -------         ENDMOD        PUBLIC

  -------         MODULE        UART
  C:0000H         SYMBOL        _ICE_DUMMY_
  B:00A8H.7       PUBLIC        EA
  X:006FH         PUBLIC        UART_RX_BUF
  D:00A8H         PUBLIC        IE
  X:00A1H         PUBLIC        UART_RX_STA
  B:00A8H.4       PUBLIC        ES
  D:00B8H         PUBLIC        IP
  B:0098H.0       PUBLIC        RI
  B:0098H.1       PUBLIC        TI
  D:00D8H         PUBLIC        CCON
  C:7C03H         PUBLIC        _UART_SendString
  C:7D55H         PUBLIC        _UART_SendData
  D:0099H         PUBLIC        SBUF
  D:0087H         PUBLIC        PCON
  C:7D9AH         PUBLIC        _UART_Cmd
  C:7D03H         PUBLIC        UART_Init
  D:0098H         PUBLIC        SCON
  D:0089H         PUBLIC        TMOD
  D:0088H         PUBLIC        TCON
  D:008DH         PUBLIC        TH1
  D:008BH         PUBLIC        TL1
  B:0088H.6       PUBLIC        TR1
  C:75FFH         PUBLIC        UART_IRQn
  D:00D0H         PUBLIC        PSW
  -------         PROC          UART_INIT
  C:7D03H         LINE#         5
  C:7D03H         LINE#         6
  C:7D03H         LINE#         7
  C:7D06H         LINE#         8
  C:7D09H         LINE#         9
  C:7D0CH         LINE#         10
  C:7D0FH         LINE#         11
  C:7D12H         LINE#         13
  C:7D14H         LINE#         14
  C:7D16H         LINE#         15
  C:7D18H         LINE#         16
  -------         ENDPROC       UART_INIT
  -------         PROC          _UART_CMD
  D:0007H         SYMBOL        ensta
  C:7D9AH         LINE#         18
  C:7D9AH         LINE#         19
  C:7D9AH         LINE#         20
  C:7D9FH         LINE#         21
BL51 BANKED LINKER/LOCATER V6.22                                                      09/20/2021  16:47:30  PAGE 11


  -------         ENDPROC       _UART_CMD
  -------         PROC          _UART_SENDDATA
  D:0007H         SYMBOL        dat
  C:7D55H         LINE#         23
  C:7D55H         LINE#         24
  C:7D55H         LINE#         25
  C:7D57H         LINE#         26
  C:7D59H         LINE#         27
  C:7D5BH         LINE#         28
  C:7D5EH         LINE#         29
  C:7D60H         LINE#         30
  C:7D62H         LINE#         31
  -------         ENDPROC       _UART_SENDDATA
  -------         PROC          _UART_SENDSTRING
  X:031BH         SYMBOL        pbuf
  C:7C03H         LINE#         33
  C:7C0EH         LINE#         34
  C:7C0EH         LINE#         35
  C:7C1FH         LINE#         36
  C:7C1FH         LINE#         37
  C:7C22H         LINE#         38
  C:7C29H         LINE#         39
  C:7C33H         LINE#         40
  C:7C35H         LINE#         41
  -------         ENDPROC       _UART_SENDSTRING
  -------         PROC          UART_IRQN
  -------         DO            
  D:0007H         SYMBOL        r
  -------         ENDDO         
  C:75FFH         LINE#         51
  C:7610H         LINE#         55
  C:7613H         LINE#         56
  C:7613H         LINE#         57
  C:7615H         LINE#         58
  C:7617H         LINE#         59
  C:7620H         LINE#         60
  C:7620H         LINE#         61
  C:7623H         LINE#         62
  C:7623H         LINE#         63
  C:762DH         LINE#         64
  C:7630H         LINE#         65
  C:7632H         LINE#         67
  C:7632H         LINE#         68
  C:7642H         LINE#         70
  C:7642H         LINE#         71
  C:7656H         LINE#         72
  C:7664H         LINE#         73
  C:7677H         LINE#         74
  C:7677H         LINE#         75
  C:7677H         LINE#         76
  C:7677H         LINE#         77
  C:7677H         LINE#         78
  -------         ENDPROC       UART_IRQN
  -------         ENDMOD        UART

  -------         MODULE        TFTLCD
  C:0000H         SYMBOL        _ICE_DUMMY_
BL51 BANKED LINKER/LOCATER V6.22                                                      09/20/2021  16:47:30  PAGE 12


  D:0080H         PUBLIC        P0
  D:0090H         PUBLIC        P1
  X:02ADH         PUBLIC        tftlcd_data
  D:00A0H         PUBLIC        P2
  C:6622H         PUBLIC        _LCD_ShowxNum
  D:00B0H         PUBLIC        P3
  C:6E20H         PUBLIC        _LCD_ShowNum
  D:00A8H         PUBLIC        IE
  C:7ACEH         PUBLIC        _LCD_Display_Dir
  C:63CEH         PUBLIC        _LCD_ShowFontHZ
  D:00B8H         PUBLIC        IP
  C:7686H         PUBLIC        _LCD_Clear
  C:696BH         PUBLIC        _LCD_Color_Fill
  C:7C65H         PUBLIC        _LCD_WriteData_Color
  D:00D8H         PUBLIC        CCON
  C:7D19H         PUBLIC        LCD_ReadData
  C:4D33H         PUBLIC        _LCD_DrawLine_Color
  C:7A48H         PUBLIC        _LCD_DrawFRONT_COLOR
  D:0098H         PUBLIC        SCON
  D:0088H         PUBLIC        TCON
  C:0A97H         PUBLIC        ascii_2412
  C:0033H         PUBLIC        ascii_1206
  C:62A1H         PUBLIC        _LCD_ShowPicture
  C:5AF6H         PUBLIC        TFTLCD_Init
  C:04A7H         PUBLIC        ascii_1608
  C:70A6H         PUBLIC        _LCD_Fill
  C:79B1H         PUBLIC        _LCD_Set_Window
  C:7C95H         PUBLIC        _LCD_WriteData
  C:7787H         PUBLIC        _LCD_ReadPoint
  B:00B0H.3       PUBLIC        TFT_RST
  C:4B44H         PUBLIC        _LCD_DrawLine
  C:7B26H         PUBLIC        _LCD_DrawPoint
  C:6D3BH         PUBLIC        _LCD_ShowString
  C:7D90H         PUBLIC        _LCD_WriteCmdData
  C:597EH         PUBLIC        _LCD_ShowChar
  C:7D44H         PUBLIC        _LCD_WriteCmd
  C:72FFH         PUBLIC        _LCD_DrawRectangle
  B:00B0H.2       PUBLIC        TFT_RD
  B:00A0H.7       PUBLIC        TFT_CS
  C:6EFCH         PUBLIC        _LCD_DrowSign
  C:787EH         PUBLIC        _LCD_DrawBigPoint
  C:7963H         PUBLIC        _LCD_Pow
  X:02B4H         PUBLIC        FRONT_COLOR
  C:0003H         PUBLIC        _Delay
  X:02B6H         PUBLIC        BACK_COLOR
  B:00A0H.6       PUBLIC        TFT_RS
  B:00A0H.5       PUBLIC        TFT_WR
  C:5109H         PUBLIC        _LCD_Draw_Circle
  D:00D0H         PUBLIC        PSW
  C:17F3H         PUBLIC        CnChar32x29
  -------         PROC          _DELAY
  D:0006H         SYMBOL        dly
  -------         DO            
  D:0004H         SYMBOL        i
  D:0002H         SYMBOL        j
  -------         ENDDO         
  C:0003H         LINE#         14
BL51 BANKED LINKER/LOCATER V6.22                                                      09/20/2021  16:47:30  PAGE 13


  C:0003H         LINE#         15
  C:0003H         LINE#         18
  C:000DH         LINE#         19
  C:0021H         LINE#         20
  -------         ENDPROC       _DELAY
  -------         PROC          _LCD_WRITECMD
  D:0006H         SYMBOL        cmd
  C:7D44H         LINE#         23
  C:7D44H         LINE#         24
  C:7D44H         LINE#         124
  C:7D46H         LINE#         125
  C:7D48H         LINE#         126
  C:7D4AH         LINE#         127
  C:7D4CH         LINE#         128
  C:7D4EH         LINE#         129
  C:7D50H         LINE#         130
  C:7D52H         LINE#         131
  C:7D54H         LINE#         246
  -------         ENDPROC       _LCD_WRITECMD
  -------         PROC          L?0184
  -------         ENDPROC       L?0184
  -------         PROC          _LCD_WRITEDATA
  D:0006H         SYMBOL        dat
  C:7C95H         LINE#         250
  C:7C95H         LINE#         251
  C:7C95H         LINE#         348
  C:7C97H         LINE#         349
  C:7C99H         LINE#         350
  C:7C9BH         LINE#         351
  C:7C9DH         LINE#         352
  C:7C9FH         LINE#         353
  C:7CA1H         LINE#         354
  C:7CA3H         LINE#         355
  C:7CA5H         LINE#         467
  -------         ENDPROC       _LCD_WRITEDATA
  C:7C5DH         SYMBOL        L?0182
  C:7C60H         SYMBOL        L?0183
  -------         PROC          L?0181
  -------         ENDPROC       L?0181
  C:7C5DH         SYMBOL        L?0182
  C:7C60H         SYMBOL        L?0183
  -------         PROC          _LCD_WRITEDATA_COLOR
  D:0004H         SYMBOL        color
  C:7C65H         LINE#         469
  C:7C69H         LINE#         470
  C:7C69H         LINE#         567
  C:7C6BH         LINE#         568
  C:7C6DH         LINE#         569
  C:7C6FH         LINE#         570
  C:7C71H         LINE#         571
  C:7C74H         LINE#         572
  C:7C76H         LINE#         573
  C:7C78H         LINE#         574
  C:7C7BH         LINE#         575
  C:7C7DH         LINE#         576
  C:7C7FH         LINE#         577
  C:7C81H         LINE#         699
BL51 BANKED LINKER/LOCATER V6.22                                                      09/20/2021  16:47:30  PAGE 14


  -------         ENDPROC       _LCD_WRITEDATA_COLOR
  -------         PROC          _LCD_WRITECMDDATA
  D:0006H         SYMBOL        cmd
  D:0004H         SYMBOL        dat
  C:7D90H         LINE#         701
  C:7D90H         LINE#         702
  C:7D90H         LINE#         703
  C:7D93H         LINE#         704
  -------         ENDPROC       _LCD_WRITECMDDATA
  -------         PROC          LCD_READDATA
  -------         DO            
  D:0006H         SYMBOL        ram
  -------         ENDDO         
  C:7D19H         LINE#         709
  C:7D19H         LINE#         710
  C:7D19H         LINE#         713
  C:7D1CH         LINE#         714
  C:7D1FH         LINE#         798
  C:7D21H         LINE#         799
  C:7D23H         LINE#         800
  C:7D25H         LINE#         801
  C:7D26H         LINE#         802
  C:7D2AH         LINE#         803
  C:7D2CH         LINE#         804
  C:7D2EH         LINE#         931
  C:7D2EH         LINE#         932
  -------         ENDPROC       LCD_READDATA
  -------         PROC          _LCD_DISPLAY_DIR
  D:0007H         SYMBOL        dir
  C:7ACEH         LINE#         936
  C:7ACEH         LINE#         937
  C:7ACEH         LINE#         938
  C:7AD3H         LINE#         939
  C:7AD5H         LINE#         940
  C:7AD5H         LINE#         970
  C:7ADEH         LINE#         1015
  C:7AE7H         LINE#         1016
  C:7AF0H         LINE#         1017
  C:7AF1H         LINE#         1019
  C:7AF1H         LINE#         1051
  C:7AFCH         LINE#         1096
  C:7B05H         LINE#         1097
  C:7B0FH         LINE#         1098
  C:7B0FH         LINE#         1099
  -------         ENDPROC       _LCD_DISPLAY_DIR
  -------         PROC          TFTLCD_INIT
  -------         DO            
  X:0000H         SYMBOL        i
  -------         ENDDO         
  C:5AF6H         LINE#         1102
  C:5AF6H         LINE#         1103
  C:5AF6H         LINE#         1104
  C:5AFDH         LINE#         1105
  C:5AFFH         LINE#         1106
  C:5B05H         LINE#         1108
  C:5B07H         LINE#         1109
  C:5B0EH         LINE#         1111
BL51 BANKED LINKER/LOCATER V6.22                                                      09/20/2021  16:47:30  PAGE 15


  C:5B10H         LINE#         1112
  C:5B17H         LINE#         1144
  C:5B1EH         LINE#         1145
  C:5B29H         LINE#         1193
  C:5B3AH         LINE#         1568
  C:5B41H         LINE#         1569
  C:5B46H         LINE#         1571
  C:5B4DH         LINE#         1572
  C:5B52H         LINE#         1573
  C:5B55H         LINE#         1574
  C:5B5AH         LINE#         1575
  C:5B5FH         LINE#         1576
  C:5B62H         LINE#         1577
  C:5B67H         LINE#         1578
  C:5B6CH         LINE#         1580
  C:5B71H         LINE#         1581
  C:5B76H         LINE#         1582
  C:5B7BH         LINE#         1583
  C:5B80H         LINE#         1584
  C:5B85H         LINE#         1585
  C:5B8AH         LINE#         1586
  C:5B8FH         LINE#         1587
  C:5B94H         LINE#         1588
  C:5B99H         LINE#         1589
  C:5B9EH         LINE#         1590
  C:5BA3H         LINE#         1591
  C:5BA8H         LINE#         1592
  C:5BADH         LINE#         1593
  C:5BB2H         LINE#         1594
  C:5BB7H         LINE#         1595
  C:5BBCH         LINE#         1596
  C:5BC1H         LINE#         1597
  C:5BC6H         LINE#         1598
  C:5BCBH         LINE#         1599
  C:5BD0H         LINE#         1600
  C:5BD5H         LINE#         1602
  C:5BDAH         LINE#         1603
  C:5BDFH         LINE#         1609
  C:5BE1H         LINE#         1610
  C:5BE1H         LINE#         1611
  C:5BE1H         LINE#         1612
  C:5BE1H         LINE#         1613
  C:5BE4H         LINE#         1614
  C:5BE9H         LINE#         1615
  C:5BEEH         LINE#         1616
  C:5BF3H         LINE#         1617
  C:5BF8H         LINE#         1618
  C:5BFDH         LINE#         1619
  C:5C02H         LINE#         1620
  C:5C07H         LINE#         1621
  C:5C0AH         LINE#         1622
  C:5C0DH         LINE#         1623
  C:5C12H         LINE#         1624
  C:5C14H         LINE#         1625
  C:5C14H         LINE#         1626
  C:5C14H         LINE#         1627
  C:5C14H         LINE#         1628
BL51 BANKED LINKER/LOCATER V6.22                                                      09/20/2021  16:47:30  PAGE 16


  C:5C17H         LINE#         1629
  C:5C1CH         LINE#         1630
  C:5C21H         LINE#         1631
  C:5C26H         LINE#         1632
  C:5C2BH         LINE#         1633
  C:5C2FH         LINE#         1634
  C:5C34H         LINE#         1635
  C:5C39H         LINE#         1636
  C:5C3EH         LINE#         1637
  C:5C43H         LINE#         1639
  C:5C47H         LINE#         1640
  C:5C4CH         LINE#         2238
  C:5C50H         LINE#         2239
  -------         ENDPROC       TFTLCD_INIT
  C:79ACH         SYMBOL        L?0188
  -------         PROC          L?0187
  -------         ENDPROC       L?0187
  C:79ACH         SYMBOL        L?0188
  -------         PROC          _LCD_SET_WINDOW
  D:0082H         SYMBOL        sx
  D:0004H         SYMBOL        sy
  D:0002H         SYMBOL        width
  X:006DH         SYMBOL        height
  C:79B1H         LINE#         2246
  C:79B5H         LINE#         2247
  C:79B5H         LINE#         2414
  C:79BCH         LINE#         2415
  C:79C2H         LINE#         2416
  C:79C9H         LINE#         2417
  C:79CEH         LINE#         2418
  C:79D5H         LINE#         2420
  C:79DAH         LINE#         2421
  C:79DFH         LINE#         2422
  C:79E6H         LINE#         2423
  C:79EEH         LINE#         2424
  C:79F4H         LINE#         2426
  -------         ENDPROC       _LCD_SET_WINDOW
  -------         PROC          _LCD_READPOINT
  D:0002H         SYMBOL        x
  X:02DFH         SYMBOL        y
  -------         DO            
  X:02E1H         SYMBOL        r
  X:02E3H         SYMBOL        g
  X:02E5H         SYMBOL        b
  D:0004H         SYMBOL        dat
  -------         ENDDO         
  C:7787H         LINE#         2665
  C:7793H         LINE#         2666
  C:7793H         LINE#         2667
  C:77A3H         LINE#         2668
  C:77C9H         LINE#         2669
  C:77E3H         LINE#         2716
  C:77EAH         LINE#         2717
  C:77EFH         LINE#         2718
  C:77F3H         LINE#         2719
  C:77F8H         LINE#         2721
  C:7802H         LINE#         2777
BL51 BANKED LINKER/LOCATER V6.22                                                      09/20/2021  16:47:30  PAGE 17


  C:7802H         LINE#         2778
  -------         ENDPROC       _LCD_READPOINT
  -------         PROC          _LCD_CLEAR
  X:0002H         SYMBOL        color
  -------         DO            
  D:0002H         SYMBOL        i
  X:0004H         SYMBOL        j
  -------         ENDDO         
  C:7686H         LINE#         2782
  C:768EH         LINE#         2783
  C:768EH         LINE#         2784
  C:7693H         LINE#         2786
  C:76BDH         LINE#         2787
  C:76CDH         LINE#         2788
  C:76CDH         LINE#         2789
  C:76E9H         LINE#         2790
  C:76E9H         LINE#         2791
  C:76EFH         LINE#         2792
  C:76FFH         LINE#         2793
  C:7706H         LINE#         2794
  -------         ENDPROC       _LCD_CLEAR
  -------         PROC          _LCD_FILL
  X:002FH         SYMBOL        xState
  X:0031H         SYMBOL        yState
  X:0033H         SYMBOL        xEnd
  X:0035H         SYMBOL        yEnd
  X:0037H         SYMBOL        color
  -------         DO            
  X:0039H         SYMBOL        temp
  -------         ENDDO         
  C:70A6H         LINE#         2799
  C:70BEH         LINE#         2800
  C:70BEH         LINE#         2801
  C:70C5H         LINE#         2803
  C:70E7H         LINE#         2804
  C:70E7H         LINE#         2806
  C:70E7H         LINE#         2807
  C:7102H         LINE#         2808
  C:7123H         LINE#         2809
  C:7142H         LINE#         2811
  C:7150H         LINE#         2812
  C:7150H         LINE#         2813
  C:715FH         LINE#         2814
  C:716DH         LINE#         2815
  C:716DH         LINE#         2816
  C:7173H         LINE#         2817
  C:7175H         LINE#         2818
  C:7175H         LINE#         2819
  -------         ENDPROC       _LCD_FILL
  -------         PROC          _LCD_COLOR_FILL
  X:01F6H         SYMBOL        sx
  X:01F8H         SYMBOL        sy
  D:0002H         SYMBOL        ex
  X:01FCH         SYMBOL        ey
  X:01FEH         SYMBOL        color
  -------         DO            
  X:0201H         SYMBOL        height
BL51 BANKED LINKER/LOCATER V6.22                                                      09/20/2021  16:47:30  PAGE 18


  X:0203H         SYMBOL        width
  X:0205H         SYMBOL        i
  X:0207H         SYMBOL        j
  -------         ENDDO         
  C:696BH         LINE#         2824
  C:6979H         LINE#         2825
  C:6979H         LINE#         2828
  C:6994H         LINE#         2829
  C:69B5H         LINE#         2830
  C:69D2H         LINE#         2831
  C:69EEH         LINE#         2832
  C:69EEH         LINE#         2833
  C:6A0BH         LINE#         2834
  C:6A0BH         LINE#         2835
  C:6A41H         LINE#         2836
  C:6A51H         LINE#         2837
  C:6A62H         LINE#         2838
  -------         ENDPROC       _LCD_COLOR_FILL
  C:7B13H         SYMBOL        L?0179
  C:7B14H         SYMBOL        L?0180
  -------         PROC          L?0178
  -------         ENDPROC       L?0178
  C:7B13H         SYMBOL        L?0179
  C:7B14H         SYMBOL        L?0180
  -------         PROC          _LCD_DRAWPOINT
  D:0002H         SYMBOL        x
  D:0082H         SYMBOL        y
  C:7B26H         LINE#         2843
  C:7B2EH         LINE#         2844
  C:7B2EH         LINE#         2845
  C:7B45H         LINE#         2846
  -------         ENDPROC       _LCD_DRAWPOINT
  C:7A43H         SYMBOL        L?0186
  -------         PROC          L?0185
  -------         ENDPROC       L?0185
  C:7A43H         SYMBOL        L?0186
  -------         PROC          _LCD_DRAWFRONT_COLOR
  X:0061H         SYMBOL        x
  X:0063H         SYMBOL        y
  X:0065H         SYMBOL        color
  C:7A48H         LINE#         2852
  C:7A60H         LINE#         2853
  C:7A60H         LINE#         2854
  C:7A7FH         LINE#         2855
  -------         ENDPROC       _LCD_DRAWFRONT_COLOR
  -------         PROC          _LCD_DRAWBIGPOINT
  X:02FFH         SYMBOL        x
  X:0301H         SYMBOL        y
  X:0303H         SYMBOL        color
  C:787EH         LINE#         2860
  C:7892H         LINE#         2861
  C:7892H         LINE#         2862
  C:7895H         LINE#         2863
  C:78AEH         LINE#         2864
  C:78CAH         LINE#         2865
  -------         ENDPROC       _LCD_DRAWBIGPOINT
  -------         PROC          _LCD_DRAWLINE
BL51 BANKED LINKER/LOCATER V6.22                                                      09/20/2021  16:47:30  PAGE 19


  X:0181H         SYMBOL        x1
  X:0183H         SYMBOL        y1
  D:0002H         SYMBOL        x2
  X:0187H         SYMBOL        y2
  -------         DO            
  X:0189H         SYMBOL        t
  X:018BH         SYMBOL        xerr
  X:018DH         SYMBOL        yerr
  X:018FH         SYMBOL        delta_x
  X:0191H         SYMBOL        delta_y
  X:0193H         SYMBOL        distance
  X:0195H         SYMBOL        incx
  X:0197H         SYMBOL        incy
  X:0199H         SYMBOL        uRow
  X:019BH         SYMBOL        uCol
  -------         ENDDO         
  C:4B44H         LINE#         2871
  C:4B52H         LINE#         2872
  C:4B52H         LINE#         2873
  C:4B59H         LINE#         2874
  C:4B61H         LINE#         2876
  C:4B76H         LINE#         2877
  C:4B91H         LINE#         2878
  C:4BA0H         LINE#         2879
  C:4BA6H         LINE#         2880
  C:4BC2H         LINE#         2881
  C:4BCEH         LINE#         2882
  C:4BE3H         LINE#         2883
  C:4BFFH         LINE#         2884
  C:4C0BH         LINE#         2885
  C:4C20H         LINE#         2886
  C:4C46H         LINE#         2887
  C:4C4BH         LINE#         2888
  C:4C70H         LINE#         2889
  C:4C70H         LINE#         2890
  C:4C81H         LINE#         2891
  C:4C95H         LINE#         2892
  C:4CA9H         LINE#         2893
  C:4CC5H         LINE#         2894
  C:4CC5H         LINE#         2895
  C:4CD1H         LINE#         2896
  C:4CE5H         LINE#         2897
  C:4CE5H         LINE#         2898
  C:4D01H         LINE#         2899
  C:4D01H         LINE#         2900
  C:4D0DH         LINE#         2901
  C:4D21H         LINE#         2902
  C:4D21H         LINE#         2903
  C:4D32H         LINE#         2904
  -------         ENDPROC       _LCD_DRAWLINE
  -------         PROC          _LCD_DRAWLINE_COLOR
  X:0127H         SYMBOL        x1
  X:0129H         SYMBOL        y1
  D:0002H         SYMBOL        x2
  X:012DH         SYMBOL        y2
  X:012FH         SYMBOL        color
  -------         DO            
BL51 BANKED LINKER/LOCATER V6.22                                                      09/20/2021  16:47:30  PAGE 20


  X:0131H         SYMBOL        t
  X:0133H         SYMBOL        xerr
  X:0135H         SYMBOL        yerr
  X:0137H         SYMBOL        delta_x
  X:0139H         SYMBOL        delta_y
  X:013BH         SYMBOL        distance
  X:013DH         SYMBOL        incx
  X:013FH         SYMBOL        incy
  X:0141H         SYMBOL        uRow
  X:0143H         SYMBOL        uCol
  -------         ENDDO         
  C:4D33H         LINE#         2906
  C:4D41H         LINE#         2907
  C:4D41H         LINE#         2909
  C:4D4CH         LINE#         2911
  C:4D61H         LINE#         2912
  C:4D7CH         LINE#         2913
  C:4D8BH         LINE#         2914
  C:4D91H         LINE#         2915
  C:4DADH         LINE#         2916
  C:4DB9H         LINE#         2917
  C:4DCEH         LINE#         2918
  C:4DEAH         LINE#         2919
  C:4DF6H         LINE#         2920
  C:4E0BH         LINE#         2921
  C:4E31H         LINE#         2922
  C:4E36H         LINE#         2923
  C:4E5BH         LINE#         2924
  C:4E5BH         LINE#         2925
  C:4E6EH         LINE#         2926
  C:4E82H         LINE#         2927
  C:4E96H         LINE#         2928
  C:4EB2H         LINE#         2929
  C:4EB2H         LINE#         2930
  C:4EBEH         LINE#         2931
  C:4ED2H         LINE#         2932
  C:4ED2H         LINE#         2933
  C:4EEEH         LINE#         2934
  C:4EEEH         LINE#         2935
  C:4EFAH         LINE#         2936
  C:4F0EH         LINE#         2937
  C:4F0EH         LINE#         2938
  C:4F1FH         LINE#         2939
  -------         ENDPROC       _LCD_DRAWLINE_COLOR
  -------         PROC          _LCD_DROWSIGN
  X:0305H         SYMBOL        x
  X:0307H         SYMBOL        y
  X:0309H         SYMBOL        color
  -------         DO            
  D:0003H         SYMBOL        i
  -------         ENDDO         
  C:6EFCH         LINE#         2946
  C:6F14H         LINE#         2947
  C:6F14H         LINE#         2951
  C:6F4EH         LINE#         2952
  C:6F50H         LINE#         2953
  C:6F50H         LINE#         2954
BL51 BANKED LINKER/LOCATER V6.22                                                      09/20/2021  16:47:30  PAGE 21


  C:6F53H         LINE#         2955
  C:6F58H         LINE#         2958
  C:6F92H         LINE#         2959
  C:6F94H         LINE#         2960
  C:6F94H         LINE#         2961
  C:6F97H         LINE#         2962
  C:6F9CH         LINE#         2965
  C:6FC9H         LINE#         2966
  C:6FCBH         LINE#         2967
  C:6FCBH         LINE#         2968
  C:6FCEH         LINE#         2969
  C:6FD3H         LINE#         2970
  -------         ENDPROC       _LCD_DROWSIGN
  -------         PROC          _LCD_DRAWRECTANGLE
  X:02E7H         SYMBOL        x1
  X:02E9H         SYMBOL        y1
  X:02EBH         SYMBOL        x2
  X:02EDH         SYMBOL        y2
  C:72FFH         LINE#         2974
  C:7315H         LINE#         2975
  C:7315H         LINE#         2976
  C:7331H         LINE#         2977
  C:7358H         LINE#         2978
  C:7380H         LINE#         2979
  -------         ENDPROC       _LCD_DRAWRECTANGLE
  -------         PROC          _LCD_DRAW_CIRCLE
  X:02B8H         SYMBOL        x0
  X:02BAH         SYMBOL        y0
  D:0003H         SYMBOL        r
  -------         DO            
  X:02BCH         SYMBOL        a
  X:02BEH         SYMBOL        b
  X:02C0H         SYMBOL        di
  -------         ENDDO         
  C:5109H         LINE#         2984
  C:5117H         LINE#         2985
  C:5117H         LINE#         2988
  C:5126H         LINE#         2989
  C:513AH         LINE#         2990
  C:5159H         LINE#         2991
  C:5159H         LINE#         2992
  C:5167H         LINE#         2993
  C:5180H         LINE#         2994
  C:51ABH         LINE#         2995
  C:51D6H         LINE#         2996
  C:5202H         LINE#         2997
  C:522EH         LINE#         2998
  C:5245H         LINE#         2999
  C:5260H         LINE#         3000
  C:526EH         LINE#         3002
  C:529EH         LINE#         3004
  C:529EH         LINE#         3005
  C:52CFH         LINE#         3006
  C:52DDH         LINE#         3007
  C:52DDH         LINE#         3008
  C:52E0H         LINE#         3009
  -------         ENDPROC       _LCD_DRAW_CIRCLE
BL51 BANKED LINKER/LOCATER V6.22                                                      09/20/2021  16:47:30  PAGE 22


  -------         PROC          _LCD_SHOWCHAR
  X:0011H         SYMBOL        x
  X:0013H         SYMBOL        y
  X:0015H         SYMBOL        num
  X:0016H         SYMBOL        size
  X:0017H         SYMBOL        mode
  -------         DO            
  X:0018H         SYMBOL        temp
  X:0019H         SYMBOL        t1
  D:0001H         SYMBOL        t
  X:001AH         SYMBOL        y0
  X:001CH         SYMBOL        csize
  -------         ENDDO         
  C:597EH         LINE#         3017
  C:5993H         LINE#         3018
  C:5993H         LINE#         3020
  C:599BH         LINE#         3021
  C:59C3H         LINE#         3022
  C:59CAH         LINE#         3023
  C:59D9H         LINE#         3024
  C:59D9H         LINE#         3025
  C:59F3H         LINE#         3026
  C:5A09H         LINE#         3027
  C:5A36H         LINE#         3029
  C:5A3BH         LINE#         3030
  C:5A3BH         LINE#         3031
  C:5A55H         LINE#         3032
  C:5A6FH         LINE#         3033
  C:5A76H         LINE#         3034
  C:5A84H         LINE#         3035
  C:5A9AH         LINE#         3036
  C:5AB6H         LINE#         3037
  C:5AB6H         LINE#         3038
  C:5ABEH         LINE#         3039
  C:5ACCH         LINE#         3040
  C:5AE2H         LINE#         3042
  C:5AE2H         LINE#         3043
  C:5AF1H         LINE#         3044
  C:5AF5H         LINE#         3045
  -------         ENDPROC       _LCD_SHOWCHAR
  -------         PROC          L?0189
  -------         ENDPROC       L?0189
  -------         PROC          _LCD_POW
  X:030BH         SYMBOL        m
  X:030CH         SYMBOL        n
  -------         DO            
  X:030DH         SYMBOL        result
  -------         ENDDO         
  C:7963H         LINE#         3048
  C:796BH         LINE#         3049
  C:796BH         LINE#         3050
  C:7973H         LINE#         3051
  C:799DH         LINE#         3052
  C:79ABH         LINE#         3053
  -------         ENDPROC       _LCD_POW
  -------         PROC          _LCD_SHOWNUM
  X:027AH         SYMBOL        x
BL51 BANKED LINKER/LOCATER V6.22                                                      09/20/2021  16:47:30  PAGE 23


  X:027CH         SYMBOL        y
  X:027EH         SYMBOL        num
  X:0282H         SYMBOL        len
  X:0283H         SYMBOL        size
  -------         DO            
  X:0284H         SYMBOL        t
  X:0285H         SYMBOL        temp
  X:0286H         SYMBOL        enshow
  -------         ENDDO         
  C:6E20H         LINE#         3060
  C:6E2EH         LINE#         3061
  C:6E2EH         LINE#         3063
  C:6E33H         LINE#         3064
  C:6E48H         LINE#         3065
  C:6E48H         LINE#         3066
  C:6E72H         LINE#         3067
  C:6E85H         LINE#         3068
  C:6E85H         LINE#         3069
  C:6E89H         LINE#         3070
  C:6E89H         LINE#         3071
  C:6EB3H         LINE#         3072
  C:6EB5H         LINE#         3073
  C:6EBBH         LINE#         3075
  C:6EBBH         LINE#         3076
  C:6EF2H         LINE#         3077
  C:6EFBH         LINE#         3078
  -------         ENDPROC       _LCD_SHOWNUM
  -------         PROC          _LCD_SHOWXNUM
  X:025EH         SYMBOL        x
  X:0260H         SYMBOL        y
  X:0262H         SYMBOL        num
  X:0266H         SYMBOL        len
  X:0267H         SYMBOL        size
  X:0268H         SYMBOL        mode
  -------         DO            
  X:0269H         SYMBOL        t
  X:026AH         SYMBOL        temp
  X:026BH         SYMBOL        enshow
  -------         ENDDO         
  C:6622H         LINE#         3089
  C:6630H         LINE#         3090
  C:6630H         LINE#         3092
  C:6635H         LINE#         3093
  C:664AH         LINE#         3094
  C:664AH         LINE#         3095
  C:6674H         LINE#         3096
  C:668AH         LINE#         3097
  C:668AH         LINE#         3098
  C:668EH         LINE#         3099
  C:668EH         LINE#         3100
  C:66C4H         LINE#         3101
  C:66F9H         LINE#         3102
  C:66FBH         LINE#         3103
  C:6701H         LINE#         3105
  C:6701H         LINE#         3106
  C:6741H         LINE#         3107
  C:674AH         LINE#         3108
BL51 BANKED LINKER/LOCATER V6.22                                                      09/20/2021  16:47:30  PAGE 24


  -------         ENDPROC       _LCD_SHOWXNUM
  -------         PROC          _LCD_SHOWSTRING
  X:0004H         SYMBOL        x
  X:0006H         SYMBOL        y
  X:0008H         SYMBOL        width
  X:000AH         SYMBOL        height
  X:000CH         SYMBOL        size
  X:000DH         SYMBOL        p
  -------         DO            
  X:0010H         SYMBOL        x0
  -------         ENDDO         
  C:6D3BH         LINE#         3114
  C:6D4FH         LINE#         3115
  C:6D4FH         LINE#         3116
  C:6D5BH         LINE#         3117
  C:6D67H         LINE#         3118
  C:6D7BH         LINE#         3119
  C:6D9BH         LINE#         3120
  C:6D9BH         LINE#         3121
  C:6DCEH         LINE#         3122
  C:6DE4H         LINE#         3123
  C:6DFEH         LINE#         3124
  C:6E12H         LINE#         3125
  C:6E1CH         LINE#         3126
  C:6E1FH         LINE#         3127
  -------         ENDPROC       _LCD_SHOWSTRING
  -------         PROC          _LCD_SHOWFONTHZ
  X:02C2H         SYMBOL        x
  X:02C4H         SYMBOL        y
  X:02C6H         SYMBOL        cn
  -------         DO            
  D:0003H         SYMBOL        i
  D:0002H         SYMBOL        j
  X:02C9H         SYMBOL        wordNum
  X:02CAH         SYMBOL        color
  -------         ENDDO         
  C:63CEH         LINE#         3140
  C:63E5H         LINE#         3141
  C:63E5H         LINE#         3144
  C:63F8H         LINE#         3145
  C:63F8H         LINE#         3146
  C:642EH         LINE#         3147
  C:6440H         LINE#         3148
  C:6440H         LINE#         3149
  C:6481H         LINE#         3151
  C:6481H         LINE#         3153
  C:6482H         LINE#         3154
  C:6482H         LINE#         3155
  C:64A9H         LINE#         3156
  C:64ABH         LINE#         3157
  C:64ABH         LINE#         3158
  C:64B2H         LINE#         3159
  C:64B2H         LINE#         3160
  C:64B5H         LINE#         3161
  C:64B7H         LINE#         3163
  C:64B7H         LINE#         3164
  C:64BDH         LINE#         3165
BL51 BANKED LINKER/LOCATER V6.22                                                      09/20/2021  16:47:30  PAGE 25


  C:64BDH         LINE#         3166
  C:64CAH         LINE#         3167
  C:64CFH         LINE#         3168
  C:64D4H         LINE#         3169
  C:64D4H         LINE#         3170
  C:64DDH         LINE#         3171
  C:64E7H         LINE#         3172
  C:64F5H         LINE#         3173
  C:64F8H         LINE#         3174
  -------         ENDPROC       _LCD_SHOWFONTHZ
  -------         PROC          _LCD_SHOWPICTURE
  X:01E1H         SYMBOL        x
  X:01E3H         SYMBOL        y
  X:01E5H         SYMBOL        wide
  X:01E7H         SYMBOL        high
  X:01E9H         SYMBOL        pic
  -------         DO            
  X:01ECH         SYMBOL        temp
  X:01EEH         SYMBOL        tmp
  X:01F2H         SYMBOL        num
  -------         ENDDO         
  C:62A1H         LINE#         3228
  C:62B5H         LINE#         3229
  C:62B5H         LINE#         3230
  C:62BCH         LINE#         3231
  C:62CEH         LINE#         3232
  C:6315H         LINE#         3233
  C:6338H         LINE#         3235
  C:6338H         LINE#         3236
  C:6365H         LINE#         3237
  C:636EH         LINE#         3238
  C:6388H         LINE#         3239
  C:638BH         LINE#         3240
  C:63A8H         LINE#         3241
  C:63A8H         LINE#         3242
  C:63CDH         LINE#         3243
  -------         ENDPROC       _LCD_SHOWPICTURE
  -------         ENDMOD        TFTLCD

  -------         MODULE        TOUCH
  C:0000H         SYMBOL        _ICE_DUMMY_
  D:00A0H         PUBLIC        P2
  D:00B0H         PUBLIC        P3
  D:00A8H         PUBLIC        IE
  D:00B8H         PUBLIC        IP
  B:00A0H.0       PUBLIC        TOUCH_DOUT
  D:00D8H         PUBLIC        CCON
  X:0287H         PUBLIC        xpt_xy
  C:7BC8H         PUBLIC        TOUCH_SPI_Read
  D:0098H         PUBLIC        SCON
  D:0088H         PUBLIC        TCON
  C:5682H         PUBLIC        _TOUCH_XPT_ReadData
  B:00A0H.1       PUBLIC        TOUCH_CLK
  C:7CE6H         PUBLIC        _TOUCH_SPI_Write
  B:00A0H.2       PUBLIC        TOUCH_DIN
  C:7D85H         PUBLIC        TOUCH_SPI_Start
  C:6036H         PUBLIC        TOUCH_Scan
BL51 BANKED LINKER/LOCATER V6.22                                                      09/20/2021  16:47:30  PAGE 26


  C:674BH         PUBLIC        TOUCH_XPT_ReadXY
  D:00D0H         PUBLIC        PSW
  B:00A0H.3       PUBLIC        TOUCH_CS
  -------         PROC          TOUCH_SPI_START
  C:7D85H         LINE#         9
  C:7D85H         LINE#         10
  C:7D85H         LINE#         11
  C:7D87H         LINE#         12
  C:7D89H         LINE#         13
  C:7D8BH         LINE#         14
  C:7D8DH         LINE#         15
  C:7D8FH         LINE#         16
  -------         ENDPROC       TOUCH_SPI_START
  -------         PROC          _TOUCH_SPI_WRITE
  D:0007H         SYMBOL        dat
  -------         DO            
  D:0006H         SYMBOL        i
  -------         ENDDO         
  C:7CE6H         LINE#         18
  C:7CE6H         LINE#         19
  C:7CE6H         LINE#         21
  C:7CE8H         LINE#         22
  C:7CEAH         LINE#         23
  C:7CEAH         LINE#         24
  C:7CF5H         LINE#         25
  C:7CF9H         LINE#         26
  C:7CFBH         LINE#         28
  C:7CFDH         LINE#         30
  C:7D02H         LINE#         31
  -------         ENDPROC       _TOUCH_SPI_WRITE
  -------         PROC          TOUCH_SPI_READ
  -------         DO            
  D:0004H         SYMBOL        i
  X:002DH         SYMBOL        dat
  -------         ENDDO         
  C:7BC8H         LINE#         33
  C:7BC8H         LINE#         34
  C:7BC8H         LINE#         35
  C:7BCFH         LINE#         36
  C:7BD1H         LINE#         37
  C:7BD3H         LINE#         38
  C:7BD3H         LINE#         39
  C:7BE0H         LINE#         41
  C:7BE2H         LINE#         42
  C:7BE4H         LINE#         44
  C:7BEFH         LINE#         46
  C:7BFAH         LINE#         47
  C:7C02H         LINE#         48
  -------         ENDPROC       TOUCH_SPI_READ
  -------         PROC          L?0046
  -------         ENDPROC       L?0046
  -------         PROC          _TOUCH_XPT_READDATA
  D:0003H         SYMBOL        cmd
  -------         DO            
  X:0013H         SYMBOL        i
  X:0014H         SYMBOL        j
  X:0015H         SYMBOL        readValue
BL51 BANKED LINKER/LOCATER V6.22                                                      09/20/2021  16:47:30  PAGE 27


  X:0029H         SYMBOL        endValue
  -------         ENDDO         
  C:5682H         LINE#         52
  C:5684H         LINE#         53
  C:5684H         LINE#         58
  C:5686H         LINE#         59
  C:5688H         LINE#         61
  C:568DH         LINE#         62
  C:568DH         LINE#         63
  C:5692H         LINE#         65
  C:56A1H         LINE#         66
  C:56A3H         LINE#         67
  C:56A4H         LINE#         68
  C:56A5H         LINE#         69
  C:56A7H         LINE#         70
  C:56A8H         LINE#         71
  C:56A9H         LINE#         73
  C:56C0H         LINE#         74
  C:56CCH         LINE#         75
  C:56CEH         LINE#         79
  C:56E0H         LINE#         80
  C:56E0H         LINE#         81
  C:56F1H         LINE#         82
  C:56F1H         LINE#         83
  C:571CH         LINE#         84
  C:571CH         LINE#         85
  C:5736H         LINE#         86
  C:575CH         LINE#         87
  C:5777H         LINE#         88
  C:5777H         LINE#         89
  C:5780H         LINE#         90
  C:5789H         LINE#         95
  C:5793H         LINE#         96
  C:5799H         LINE#         97
  C:5799H         LINE#         98
  C:57D0H         LINE#         99
  C:57DAH         LINE#         100
  C:57F7H         LINE#         102
  C:5801H         LINE#         103
  -------         ENDPROC       _TOUCH_XPT_READDATA
  -------         PROC          TOUCH_XPT_READXY
  -------         DO            
  X:0009H         SYMBOL        x1
  X:000BH         SYMBOL        x2
  X:000DH         SYMBOL        x
  X:000FH         SYMBOL        y1
  D:0004H         SYMBOL        y2
  X:0011H         SYMBOL        y
  -------         ENDDO         
  C:674BH         LINE#         107
  C:674BH         LINE#         108
  C:674BH         LINE#         111
  C:674EH         LINE#         113
  C:6756H         LINE#         114
  C:6761H         LINE#         115
  C:6769H         LINE#         116
  C:6770H         LINE#         120
BL51 BANKED LINKER/LOCATER V6.22                                                      09/20/2021  16:47:30  PAGE 28


  C:6786H         LINE#         121
  C:6786H         LINE#         122
  C:678EH         LINE#         123
  C:6790H         LINE#         125
  C:6790H         LINE#         126
  C:67ABH         LINE#         127
  C:67ABH         LINE#         130
  C:67B9H         LINE#         131
  C:67B9H         LINE#         132
  C:67BEH         LINE#         133
  C:67C0H         LINE#         135
  C:67C0H         LINE#         136
  C:67D3H         LINE#         137
  C:67D3H         LINE#         140
  C:67F0H         LINE#         141
  C:67F0H         LINE#         142
  C:67F3H         LINE#         143
  C:67F3H         LINE#         146
  C:6814H         LINE#         147
  C:682DH         LINE#         149
  C:6834H         LINE#         150
  C:683BH         LINE#         153
  C:6859H         LINE#         154
  C:6859H         LINE#         155
  C:685CH         LINE#         156
  C:685CH         LINE#         158
  C:685EH         LINE#         159
  -------         ENDPROC       TOUCH_XPT_READXY
  -------         PROC          TOUCH_SCAN
  -------         DO            
  X:0004H         SYMBOL        res
  X:0005H         SYMBOL        temp
  -------         ENDDO         
  C:6036H         LINE#         163
  C:6036H         LINE#         164
  C:6036H         LINE#         165
  C:603BH         LINE#         168
  C:6044H         LINE#         169
  C:6044H         LINE#         172
  C:604DH         LINE#         173
  C:604DH         LINE#         217
  C:605EH         LINE#         218
  C:6092H         LINE#         219
  C:60A3H         LINE#         220
  C:60CCH         LINE#         237
  C:60CFH         LINE#         239
  C:60CFH         LINE#         283
  C:60DEH         LINE#         284
  C:6114H         LINE#         285
  C:612DH         LINE#         286
  C:6161H         LINE#         303
  C:6161H         LINE#         320
  C:6167H         LINE#         321
  C:6167H         LINE#         322
  C:6169H         LINE#         324
  C:616EH         LINE#         325
  C:6173H         LINE#         326
BL51 BANKED LINKER/LOCATER V6.22                                                      09/20/2021  16:47:30  PAGE 29


  -------         ENDPROC       TOUCH_SCAN
  -------         ENDMOD        TOUCH

  -------         MODULE        GUI
  C:0000H         SYMBOL        _ICE_DUMMY_
  C:79F9H         PUBLIC        _gui_pow
  D:00A0H         PUBLIC        P2
  D:00B0H         PUBLIC        P3
  C:73A9H         PUBLIC        _gui_num2str
  C:42C9H         PUBLIC        _gui_show_ptstr
  D:00A8H         PUBLIC        IE
  C:5802H         PUBLIC        _gui_get_stringline
  D:00B8H         PUBLIC        IP
  C:6B5AH         PUBLIC        _gui_draw_bigpoint
  C:54B8H         PUBLIC        _gui_show_num
  C:78F1H         PUBLIC        _gui_disabs
  C:3E1AH         PUBLIC        _gui_fill_ellipse
  D:00D8H         PUBLIC        CCON
  C:2EE1H         PUBLIC        _gui_fill_circle
  C:2713H         PUBLIC        _gui_draw_ellipse
  C:1C19H         PUBLIC        _gui_draw_arcrectangle
  D:0098H         PUBLIC        SCON
  C:6A63H         PUBLIC        _gui_alphablend_area
  D:0088H         PUBLIC        TCON
  C:6C4EH         PUBLIC        _gui_alpha_blend565
  C:7B50H         PUBLIC        _gui_rgb332torgb565
  C:5C5BH         PUBLIC        _gui_show_strmidex
  C:7276H         PUBLIC        _gui_draw_expoint
  C:4735H         PUBLIC        _gui_show_stringex
  C:3BAEH         PUBLIC        _gui_draw_bline
  C:4F20H         PUBLIC        _gui_smooth_color
  C:7803H         PUBLIC        _gui_draw_hline
  C:407BH         PUBLIC        _gui_show_ptchar
  C:7468H         PUBLIC        _gui_draw_vline
  C:7707H         PUBLIC        _gui_color_chg
  C:5DA7H         PUBLIC        _gui_show_strmid
  C:5EEFH         PUBLIC        _gui_fill_colorblock
  C:4951H         PUBLIC        _gui_draw_line
  C:7B8CH         PUBLIC        _gui_draw_point
  C:3960H         PUBLIC        _gui_draw_circle8
  C:450FH         PUBLIC        _gui_show_string
  C:7589H         PUBLIC        _gui_fill_rectangle
  C:52FDH         PUBLIC        _gui_draw_arc
  C:685FH         PUBLIC        _gui_draw_smooth_rectangle
  C:7176H         PUBLIC        _gui_draw_rectangle
  C:2B17H         PUBLIC        _gui_draw_bline1
  D:00D0H         PUBLIC        PSW
  C:6FD4H         PUBLIC        _gui_show_ptstrwhiterim
  -------         PROC          _GUI_COLOR_CHG
  X:02EFH         SYMBOL        rgb
  -------         DO            
  X:02F3H         SYMBOL        r
  X:02F5H         SYMBOL        g
  D:0004H         SYMBOL        b
  -------         ENDDO         
  C:7707H         LINE#         15
  C:770DH         LINE#         16
BL51 BANKED LINKER/LOCATER V6.22                                                      09/20/2021  16:47:30  PAGE 30


  C:770DH         LINE#         18
  C:7726H         LINE#         19
  C:7745H         LINE#         20
  C:7760H         LINE#         21
  C:7786H         LINE#         22
  -------         ENDPROC       _GUI_COLOR_CHG
  -------         PROC          _GUI_RGB332TORGB565
  D:0004H         SYMBOL        rgb332
  -------         DO            
  D:0002H         SYMBOL        rgb565
  -------         ENDDO         
  C:7B50H         LINE#         26
  C:7B54H         LINE#         27
  C:7B54H         LINE#         28
  C:7B58H         LINE#         29
  C:7B6DH         LINE#         30
  C:7B82H         LINE#         31
  C:7B88H         LINE#         32
  C:7B8BH         LINE#         33
  -------         ENDPROC       _GUI_RGB332TORGB565
  -------         PROC          _GUI_POW
  X:0311H         SYMBOL        m
  X:0312H         SYMBOL        n
  -------         DO            
  X:0313H         SYMBOL        result
  -------         ENDDO         
  C:79F9H         LINE#         35
  C:7A01H         LINE#         36
  C:7A01H         LINE#         37
  C:7A09H         LINE#         38
  C:7A33H         LINE#         39
  C:7A41H         LINE#         40
  -------         ENDPROC       _GUI_POW
  -------         PROC          _GUI_DISABS
  X:02F7H         SYMBOL        x1
  X:02FBH         SYMBOL        x2
  C:78F1H         LINE#         42
  C:78F7H         LINE#         43
  C:78F7H         LINE#         44
  C:795BH         LINE#         45
  -------         ENDPROC       _GUI_DISABS
  -------         PROC          _GUI_DRAW_POINT
  X:0317H         SYMBOL        x0
  D:0004H         SYMBOL        y0
  D:0002H         SYMBOL        color
  -------         DO            
  X:0319H         SYMBOL        tempcolor
  -------         ENDDO         
  C:7B8CH         LINE#         51
  C:7B94H         LINE#         52
  C:7B94H         LINE#         53
  C:7BA3H         LINE#         54
  C:7BADH         LINE#         55
  C:7BB8H         LINE#         56
  C:7BC7H         LINE#         57
  -------         ENDPROC       _GUI_DRAW_POINT
  -------         PROC          _GUI_ALPHABLEND_AREA
BL51 BANKED LINKER/LOCATER V6.22                                                      09/20/2021  16:47:30  PAGE 31


  X:022EH         SYMBOL        x
  X:0230H         SYMBOL        y
  X:0232H         SYMBOL        width
  X:0234H         SYMBOL        height
  X:0236H         SYMBOL        color
  X:0238H         SYMBOL        aval
  -------         DO            
  X:0239H         SYMBOL        i
  X:023BH         SYMBOL        j
  X:023DH         SYMBOL        tempcolor
  -------         ENDDO         
  C:6A63H         LINE#         63
  C:6A77H         LINE#         64
  C:6A77H         LINE#         67
  C:6A96H         LINE#         68
  C:6A96H         LINE#         69
  C:6AB5H         LINE#         70
  C:6AB5H         LINE#         71
  C:6AE8H         LINE#         72
  C:6AFEH         LINE#         73
  C:6B31H         LINE#         74
  C:6B45H         LINE#         75
  C:6B59H         LINE#         76
  -------         ENDPROC       _GUI_ALPHABLEND_AREA
  -------         PROC          _GUI_DRAW_BIGPOINT
  X:0053H         SYMBOL        x0
  X:0055H         SYMBOL        y0
  X:0057H         SYMBOL        color
  -------         DO            
  X:0059H         SYMBOL        i
  X:005BH         SYMBOL        j
  X:005DH         SYMBOL        x
  X:005FH         SYMBOL        y
  -------         ENDDO         
  C:6B5AH         LINE#         82
  C:6B70H         LINE#         83
  C:6B70H         LINE#         86
  C:6B8BH         LINE#         87
  C:6B9AH         LINE#         88
  C:6BB6H         LINE#         89
  C:6BC5H         LINE#         90
  C:6BEFH         LINE#         91
  C:6BEFH         LINE#         92
  C:6C3DH         LINE#         93
  C:6C4DH         LINE#         94
  -------         ENDPROC       _GUI_DRAW_BIGPOINT
  -------         PROC          _GUI_DRAW_LINE
  X:0145H         SYMBOL        x0
  X:0147H         SYMBOL        y0
  D:0002H         SYMBOL        x1
  X:014BH         SYMBOL        y1
  X:014DH         SYMBOL        color
  -------         DO            
  X:014FH         SYMBOL        t
  X:0151H         SYMBOL        xerr
  X:0153H         SYMBOL        yerr
  X:0155H         SYMBOL        delta_x
BL51 BANKED LINKER/LOCATER V6.22                                                      09/20/2021  16:47:30  PAGE 32


  X:0157H         SYMBOL        delta_y
  X:0159H         SYMBOL        distance
  X:015BH         SYMBOL        incx
  X:015DH         SYMBOL        incy
  X:015FH         SYMBOL        uRow
  X:0161H         SYMBOL        uCol
  -------         ENDDO         
  C:4951H         LINE#         98
  C:495FH         LINE#         99
  C:495FH         LINE#         101
  C:496AH         LINE#         104
  C:497FH         LINE#         105
  C:499AH         LINE#         106
  C:49A9H         LINE#         107
  C:49AFH         LINE#         108
  C:49CBH         LINE#         109
  C:49D7H         LINE#         110
  C:49ECH         LINE#         111
  C:4A08H         LINE#         112
  C:4A14H         LINE#         113
  C:4A29H         LINE#         114
  C:4A4FH         LINE#         115
  C:4A54H         LINE#         116
  C:4A79H         LINE#         117
  C:4A79H         LINE#         118
  C:4A92H         LINE#         119
  C:4AA6H         LINE#         120
  C:4ABAH         LINE#         121
  C:4AD6H         LINE#         122
  C:4AD6H         LINE#         123
  C:4AE2H         LINE#         124
  C:4AF6H         LINE#         125
  C:4AF6H         LINE#         126
  C:4B12H         LINE#         127
  C:4B12H         LINE#         128
  C:4B1EH         LINE#         129
  C:4B32H         LINE#         130
  C:4B32H         LINE#         131
  C:4B43H         LINE#         132
  -------         ENDPROC       _GUI_DRAW_LINE
  -------         PROC          _GUI_DRAW_BLINE
  X:00E9H         SYMBOL        x1
  X:00EBH         SYMBOL        y1
  X:00EDH         SYMBOL        x2
  X:00EFH         SYMBOL        y2
  X:00F1H         SYMBOL        size
  X:00F2H         SYMBOL        color
  -------         DO            
  X:00F4H         SYMBOL        t
  X:00F6H         SYMBOL        xerr
  X:00F8H         SYMBOL        yerr
  X:00FAH         SYMBOL        delta_x
  X:00FCH         SYMBOL        delta_y
  X:00FEH         SYMBOL        distance
  X:0100H         SYMBOL        incx
  X:0102H         SYMBOL        incy
  X:0104H         SYMBOL        uRow
BL51 BANKED LINKER/LOCATER V6.22                                                      09/20/2021  16:47:30  PAGE 33


  X:0106H         SYMBOL        uCol
  -------         ENDDO         
  C:3BAEH         LINE#         137
  C:3BC2H         LINE#         138
  C:3BC2H         LINE#         140
  C:3BCDH         LINE#         142
  C:3C12H         LINE#         143
  C:3C2BH         LINE#         144
  C:3C46H         LINE#         145
  C:3C61H         LINE#         146
  C:3C69H         LINE#         147
  C:3C77H         LINE#         148
  C:3C93H         LINE#         149
  C:3C9FH         LINE#         150
  C:3CB4H         LINE#         151
  C:3CD0H         LINE#         152
  C:3CDCH         LINE#         153
  C:3CF1H         LINE#         154
  C:3D17H         LINE#         155
  C:3D1CH         LINE#         156
  C:3D41H         LINE#         157
  C:3D41H         LINE#         158
  C:3D68H         LINE#         159
  C:3D7CH         LINE#         160
  C:3D90H         LINE#         161
  C:3DCCH         LINE#         162
  C:3E08H         LINE#         163
  C:3E19H         LINE#         164
  -------         ENDPROC       _GUI_DRAW_BLINE
  -------         PROC          _GUI_DRAW_BLINE1
  X:0108H         SYMBOL        x0
  X:010AH         SYMBOL        y0
  D:0002H         SYMBOL        x1
  X:010EH         SYMBOL        y1
  X:0110H         SYMBOL        size
  X:0111H         SYMBOL        color
  -------         DO            
  X:0113H         SYMBOL        t
  X:0115H         SYMBOL        xerr
  X:0117H         SYMBOL        yerr
  X:0119H         SYMBOL        delta_x
  X:011BH         SYMBOL        delta_y
  X:011DH         SYMBOL        distance
  X:011FH         SYMBOL        incx
  X:0121H         SYMBOL        incy
  X:0123H         SYMBOL        uRow
  X:0125H         SYMBOL        uCol
  -------         ENDDO         
  C:2B17H         LINE#         170
  C:2B25H         LINE#         171
  C:2B25H         LINE#         173
  C:2B30H         LINE#         176
  C:2B45H         LINE#         177
[...]
  C:41B2H         LINE#         609
  C:41B2H         LINE#         610
  C:41C8H         LINE#         611
  C:41C8H         LINE#         612
  C:41CFH         LINE#         613
  C:41CFH         LINE#         614
  C:41EBH         LINE#         615
  C:41F9H         LINE#         616
  C:421AH         LINE#         617
  C:421AH         LINE#         618
  C:4221H         LINE#         619
  C:422FH         LINE#         620
  C:4250H         LINE#         621
  C:4250H         LINE#         622
  C:4258H         LINE#         623
  C:4266H         LINE#         624
  C:4268H         LINE#         625
  C:4268H         LINE#         626
  C:4279H         LINE#         627
  C:4279H         LINE#         628
  C:4279H         LINE#         629
  C:4287H         LINE#         630
  C:42A9H         LINE#         631
  C:42A9H         LINE#         632
  C:42B1H         LINE#         633
  C:42BFH         LINE#         634
  C:42BFH         LINE#         635
  C:42BFH         LINE#         636
  C:42C8H         LINE#         637
  -------         ENDPROC       _GUI_SHOW_PTCHAR
  -------         PROC          _GUI_SHOW_NUM
  X:023FH         SYMBOL        x
  X:0241H         SYMBOL        y
  X:0243H         SYMBOL        len
BL51 BANKED LINKER/LOCATER V6.22                                                      09/20/2021  16:47:30  PAGE 44


  X:0244H         SYMBOL        color
  X:0246H         SYMBOL        size
  X:0247H         SYMBOL        num
  X:024BH         SYMBOL        mode
  -------         DO            
  X:024CH         SYMBOL        t
  X:024DH         SYMBOL        temp
  X:024EH         SYMBOL        enshow
  -------         ENDDO         
  C:54B8H         LINE#         648
  C:54C9H         LINE#         649
  C:54C9H         LINE#         651
  C:54CEH         LINE#         652
  C:54E3H         LINE#         653
  C:54E3H         LINE#         654
  C:5514H         LINE#         655
  C:552DH         LINE#         656
  C:552DH         LINE#         657
  C:5534H         LINE#         658
  C:5534H         LINE#         659
  C:5596H         LINE#         660
  C:55F2H         LINE#         661
  C:55F4H         LINE#         662
  C:55FAH         LINE#         664
  C:55FAH         LINE#         665
  C:5671H         LINE#         666
  C:567AH         LINE#         667
  -------         ENDPROC       _GUI_SHOW_NUM
  -------         PROC          _GUI_NUM2STR
  X:02D6H         SYMBOL        str
  X:02D9H         SYMBOL        num
  -------         DO            
  X:02DDH         SYMBOL        t
  D:0007H         SYMBOL        temp
  X:02DEH         SYMBOL        enrec
  -------         ENDDO         
  C:73A9H         LINE#         672
  C:73B8H         LINE#         673
  C:73B8H         LINE#         675
  C:73BDH         LINE#         676
  C:73CBH         LINE#         677
  C:73CBH         LINE#         678
  C:73F9H         LINE#         679
  C:7408H         LINE#         680
  C:7408H         LINE#         681
  C:740DH         LINE#         682
  C:7413H         LINE#         683
  C:7413H         LINE#         684
  C:7426H         LINE#         685
  C:7430H         LINE#         686
  C:7438H         LINE#         687
  C:7447H         LINE#         688
  C:7452H         LINE#         689
  -------         ENDPROC       _GUI_NUM2STR
  -------         PROC          _GUI_SHOW_PTSTR
  X:0027H         SYMBOL        x
  X:0029H         SYMBOL        y
BL51 BANKED LINKER/LOCATER V6.22                                                      09/20/2021  16:47:30  PAGE 45


  X:002BH         SYMBOL        xend
  X:002DH         SYMBOL        yend
  X:002FH         SYMBOL        offset
  X:0031H         SYMBOL        color
  X:0033H         SYMBOL        size
  X:0034H         SYMBOL        str
  X:0037H         SYMBOL        mode
  -------         DO            
  X:0038H         SYMBOL        bHz
  X:0039H         SYMBOL        EnDisp
  -------         ENDDO         
  C:42C9H         LINE#         699
  C:42DDH         LINE#         700
  C:42DDH         LINE#         701
  C:42E2H         LINE#         702
  C:42E4H         LINE#         703
  C:42F8H         LINE#         704
  C:42F8H         LINE#         705
  C:4301H         LINE#         706
  C:4301H         LINE#         707
  C:430CH         LINE#         709
  C:430CH         LINE#         710
  C:4312H         LINE#         711
  C:4312H         LINE#         712
  C:4329H         LINE#         713
  C:4329H         LINE#         714
  C:4336H         LINE#         715
  C:4338H         LINE#         716
  C:4338H         LINE#         717
  C:434FH         LINE#         718
  C:4355H         LINE#         719
  C:4355H         LINE#         720
  C:4355H         LINE#         721
  C:4360H         LINE#         722
  C:4360H         LINE#         723
  C:43C8H         LINE#         724
  C:43FBH         LINE#         725
  C:4403H         LINE#         726
  C:440EH         LINE#         727
  C:440EH         LINE#         728
  C:441BH         LINE#         729
  C:4422H         LINE#         730
  C:4422H         LINE#         731
  C:4422H         LINE#         732
  C:443AH         LINE#         733
  C:4441H         LINE#         734
  C:4441H         LINE#         735
  C:4444H         LINE#         736
  C:4444H         LINE#         737
  C:4449H         LINE#         738
  C:444DH         LINE#         739
  C:444DH         LINE#         740
  C:4462H         LINE#         741
  C:4462H         LINE#         742
  C:446FH         LINE#         743
  C:4471H         LINE#         744
  C:4471H         LINE#         745
BL51 BANKED LINKER/LOCATER V6.22                                                      09/20/2021  16:47:30  PAGE 46


  C:4488H         LINE#         746
  C:448EH         LINE#         747
  C:448EH         LINE#         748
  C:448EH         LINE#         749
  C:4494H         LINE#         750
  C:4494H         LINE#         752
  C:44C5H         LINE#         753
  C:44CDH         LINE#         754
  C:44D8H         LINE#         755
  C:44D8H         LINE#         756
  C:44E5H         LINE#         757
  C:44ECH         LINE#         758
  C:44ECH         LINE#         759
  C:44ECH         LINE#         760
  C:4501H         LINE#         761
  C:450BH         LINE#         762
  C:450BH         LINE#         763
  C:450EH         LINE#         764
  -------         ENDPROC       _GUI_SHOW_PTSTR
  -------         PROC          _GUI_SHOW_PTSTRWHITERIM
  X:021CH         SYMBOL        x
  X:021EH         SYMBOL        y
  X:0220H         SYMBOL        xend
  X:0222H         SYMBOL        yend
  X:0224H         SYMBOL        offset
  X:0226H         SYMBOL        color
  X:0228H         SYMBOL        rimcolor
  X:022AH         SYMBOL        size
  X:022BH         SYMBOL        str
  C:6FD4H         LINE#         774
  C:6FE8H         LINE#         775
  C:6FE8H         LINE#         776
  C:703FH         LINE#         777
  -------         ENDPROC       _GUI_SHOW_PTSTRWHITERIM
  -------         PROC          _GUI_GET_STRINGLINE
  X:02A1H         SYMBOL        str
  X:02A4H         SYMBOL        linelenth
  X:02A6H         SYMBOL        font
  -------         DO            
  X:02A7H         SYMBOL        xpos
  X:02A9H         SYMBOL        lincnt
  -------         ENDDO         
  C:5802H         LINE#         785
  C:5815H         LINE#         786
  C:5815H         LINE#         787
  C:581CH         LINE#         788
  C:5824H         LINE#         789
  C:583AH         LINE#         790
  C:586AH         LINE#         791
  C:586AH         LINE#         792
  C:588AH         LINE#         793
  C:588AH         LINE#         794
  C:5899H         LINE#         795
  C:58A0H         LINE#         796
  C:58BFH         LINE#         797
  C:58C6H         LINE#         798
  C:58DCH         LINE#         799
BL51 BANKED LINKER/LOCATER V6.22                                                      09/20/2021  16:47:30  PAGE 47


  C:58DCH         LINE#         800
  C:58EFH         LINE#         801
  C:58F9H         LINE#         802
  C:5911H         LINE#         803
  C:5911H         LINE#         804
  C:5911H         LINE#         805
  C:5911H         LINE#         806
  C:5911H         LINE#         807
  C:5913H         LINE#         808
  C:5913H         LINE#         809
  C:5928H         LINE#         810
  C:5932H         LINE#         811
  C:594AH         LINE#         812
  C:594AH         LINE#         813
  C:594FH         LINE#         814
  C:596CH         LINE#         815
  C:596CH         LINE#         816
  C:596CH         LINE#         817
  C:596FH         LINE#         818
  C:597DH         LINE#         819
  -------         ENDPROC       _GUI_GET_STRINGLINE
  -------         PROC          _GUI_SHOW_STRING
  X:01CBH         SYMBOL        str
  X:01CEH         SYMBOL        x
  X:01D0H         SYMBOL        y
  X:01D2H         SYMBOL        width
  X:01D4H         SYMBOL        height
  X:01D6H         SYMBOL        font
  X:01D7H         SYMBOL        fcolor
  -------         DO            
  X:01D9H         SYMBOL        xpos
  X:01DBH         SYMBOL        ypos
  X:01DDH         SYMBOL        endx
  X:01DFH         SYMBOL        endy
  -------         ENDDO         
  C:450FH         LINE#         826
  C:4520H         LINE#         827
  C:4520H         LINE#         828
  C:4530H         LINE#         829
  C:4540H         LINE#         830
  C:455AH         LINE#         831
  C:4574H         LINE#         832
  C:458CH         LINE#         833
  C:459FH         LINE#         834
  C:459FH         LINE#         835
  C:45B3H         LINE#         836
  C:45B3H         LINE#         837
  C:45C2H         LINE#         838
  C:45C9H         LINE#         839
  C:45D8H         LINE#         840
  C:45EAH         LINE#         841
  C:45FEH         LINE#         842
  C:45FEH         LINE#         843
  C:4626H         LINE#         844
  C:4626H         LINE#         845
  C:4635H         LINE#         846
  C:4641H         LINE#         847
BL51 BANKED LINKER/LOCATER V6.22                                                      09/20/2021  16:47:30  PAGE 48


  C:4641H         LINE#         849
  C:4653H         LINE#         850
  C:465AH         LINE#         852
  C:465DH         LINE#         853
  C:465DH         LINE#         854
  C:4687H         LINE#         855
  C:4687H         LINE#         856
  C:4696H         LINE#         857
  C:46A3H         LINE#         858
  C:46A3H         LINE#         859
  C:46FDH         LINE#         860
  C:4711H         LINE#         861
  C:471BH         LINE#         862
  C:471BH         LINE#         863
  C:4734H         LINE#         865
  -------         ENDPROC       _GUI_SHOW_STRING
  -------         PROC          _GUI_SHOW_STRINGEX
  X:01B4H         SYMBOL        x
  X:01B6H         SYMBOL        y
  D:0002H         SYMBOL        width
  X:01BAH         SYMBOL        height
  X:01BCH         SYMBOL        fcolor
  X:01BEH         SYMBOL        font
  X:01BFH         SYMBOL        str
  X:01C2H         SYMBOL        mode
  -------         DO            
  X:01C3H         SYMBOL        xpos
  X:01C5H         SYMBOL        ypos
  X:01C7H         SYMBOL        endx
  X:01C9H         SYMBOL        endy
  -------         ENDDO         
  C:4735H         LINE#         873
  C:4743H         LINE#         874
  C:4743H         LINE#         875
  C:4753H         LINE#         876
  C:4762H         LINE#         877
  C:4772H         LINE#         878
  C:4792H         LINE#         879
  C:47A4H         LINE#         880
  C:47B7H         LINE#         881
  C:47B7H         LINE#         882
  C:47CBH         LINE#         883
  C:47CBH         LINE#         884
  C:47DAH         LINE#         885
  C:47E1H         LINE#         886
  C:47F0H         LINE#         887
  C:4802H         LINE#         888
  C:4816H         LINE#         889
  C:4816H         LINE#         890
  C:483EH         LINE#         891
  C:483EH         LINE#         892
  C:484DH         LINE#         893
  C:4859H         LINE#         894
  C:4859H         LINE#         896
  C:486BH         LINE#         897
  C:4872H         LINE#         899
  C:4875H         LINE#         900
BL51 BANKED LINKER/LOCATER V6.22                                                      09/20/2021  16:47:30  PAGE 49


  C:4875H         LINE#         901
  C:489FH         LINE#         902
  C:489FH         LINE#         903
  C:48AEH         LINE#         904
  C:48BBH         LINE#         905
  C:48BBH         LINE#         906
  C:4919H         LINE#         907
  C:492DH         LINE#         908
  C:4937H         LINE#         909
  C:4937H         LINE#         910
  C:4950H         LINE#         912
  -------         ENDPROC       _GUI_SHOW_STRINGEX
  -------         ENDMOD        GUI

  -------         MODULE        ?C?CLDPTR
  C:35E6H         PUBLIC        ?C?CLDPTR
  -------         ENDMOD        ?C?CLDPTR

  -------         MODULE        ?C?CLDOPTR
  C:35FFH         PUBLIC        ?C?CLDOPTR
  -------         ENDMOD        ?C?CLDOPTR

  -------         MODULE        ?C?CSTPTR
  C:362CH         PUBLIC        ?C?CSTPTR
  -------         ENDMOD        ?C?CSTPTR

  -------         MODULE        ?C?IMUL
  C:363EH         PUBLIC        ?C?IMUL
  -------         ENDMOD        ?C?IMUL

  -------         MODULE        ?C?UIDIV
  C:3650H         PUBLIC        ?C?UIDIV
  -------         ENDMOD        ?C?UIDIV

  -------         MODULE        ?C?IILDX
  C:36A5H         PUBLIC        ?C?IILDX
  -------         ENDMOD        ?C?IILDX

  -------         MODULE        ?C?ILDIX
  C:36BBH         PUBLIC        ?C?ILDIX
  -------         ENDMOD        ?C?ILDIX

  -------         MODULE        ?C?ILDOPTR
  C:36D1H         PUBLIC        ?C?ILDOPTR
  -------         ENDMOD        ?C?ILDOPTR

  -------         MODULE        ?C?ISTOPTR
  C:3709H         PUBLIC        ?C?ISTOPTR
  -------         ENDMOD        ?C?ISTOPTR

  -------         MODULE        ?C?LMUL
  C:3736H         PUBLIC        ?C?LMUL
  -------         ENDMOD        ?C?LMUL

  -------         MODULE        ?C?ULDIV
  C:37C1H         PUBLIC        ?C?ULDIV
  -------         ENDMOD        ?C?ULDIV
BL51 BANKED LINKER/LOCATER V6.22                                                      09/20/2021  16:47:30  PAGE 50



  -------         MODULE        ?C?SLDIV
  C:7A8AH         PUBLIC        ?C?SLDIV
  -------         ENDMOD        ?C?SLDIV

  -------         MODULE        ?C?SLCMP
  C:3853H         PUBLIC        ?C?SLCMP
  -------         ENDMOD        ?C?SLCMP

  -------         MODULE        ?C?ULCMP
  C:3869H         PUBLIC        ?C?ULCMP
  -------         ENDMOD        ?C?ULCMP

  -------         MODULE        ?C?ULSHR
  C:387AH         PUBLIC        ?C?ULSHR
  -------         ENDMOD        ?C?ULSHR

  -------         MODULE        ?C?LSTXDATA
  C:388DH         PUBLIC        ?C?LSTXDATA
  -------         ENDMOD        ?C?LSTXDATA

  -------         MODULE        ?C?LSTKXDATA
  C:3899H         PUBLIC        ?C?LSTKXDATA
  -------         ENDMOD        ?C?LSTKXDATA

  -------         MODULE        ?C?LIMUL
  C:38CAH         PUBLIC        ?C?LIMUL
  -------         ENDMOD        ?C?LIMUL

  -------         MODULE        PRINTF
  X:0002H         PUBLIC        ?_PRINTF517?BYTE
  X:0002H         PUBLIC        ?_PRINTF?BYTE
  X:0002H         PUBLIC        ?_SPRINTF517?BYTE
  X:0002H         PUBLIC        ?_SPRINTF?BYTE
  C:32ECH         PUBLIC        _PRINTF
  C:32ECH         PUBLIC        _PRINTF517
  C:32E6H         PUBLIC        _SPRINTF
  C:32E6H         PUBLIC        _SPRINTF517
  -------         ENDMOD        PRINTF

  -------         MODULE        STRLEN
  C:7D2FH         PUBLIC        _STRLEN
  -------         ENDMOD        STRLEN

  -------         MODULE        ?C?PLDIXDATA
  C:38F7H         PUBLIC        ?C?PLDIXDATA
  -------         ENDMOD        ?C?PLDIXDATA

  -------         MODULE        ?C?PSTXDATA
  C:390EH         PUBLIC        ?C?PSTXDATA
  -------         ENDMOD        ?C?PSTXDATA

  -------         MODULE        ?C?CCASE
  C:3917H         PUBLIC        ?C?CCASE
  -------         ENDMOD        ?C?CCASE

  -------         MODULE        PUTCHAR
BL51 BANKED LINKER/LOCATER V6.22                                                      09/20/2021  16:47:30  PAGE 51


  C:7C36H         PUBLIC        _PUTCHAR
  -------         ENDMOD        PUTCHAR

*** WARNING L16: UNCALLED SEGMENT, IGNORED FOR OVERLAY PROCESS
    SEGMENT: ?PR?_UART_CMD?UART

*** WARNING L16: UNCALLED SEGMENT, IGNORED FOR OVERLAY PROCESS
    SEGMENT: ?PR?_UART_SENDSTRING?UART

*** WARNING L16: UNCALLED SEGMENT, IGNORED FOR OVERLAY PROCESS
    SEGMENT: ?PR?_DELAY?TFTLCD

*** WARNING L16: UNCALLED SEGMENT, IGNORED FOR OVERLAY PROCESS
    SEGMENT: ?PR?_LCD_COLOR_FILL?TFTLCD

*** WARNING L16: UNCALLED SEGMENT, IGNORED FOR OVERLAY PROCESS
    SEGMENT: ?PR?_LCD_DRAWBIGPOINT?TFTLCD

*** WARNING L16: UNCALLED SEGMENT, IGNORED FOR OVERLAY PROCESS
    SEGMENT: ?PR?_LCD_DRAWLINE_COLOR?TFTLCD

*** WARNING L16: UNCALLED SEGMENT, IGNORED FOR OVERLAY PROCESS
    SEGMENT: ?PR?_LCD_DROWSIGN?TFTLCD

*** WARNING L16: UNCALLED SEGMENT, IGNORED FOR OVERLAY PROCESS
    SEGMENT: ?PR?_LCD_DRAWRECTANGLE?TFTLCD

*** WARNING L16: UNCALLED SEGMENT, IGNORED FOR OVERLAY PROCESS
    SEGMENT: ?PR?_LCD_DRAW_CIRCLE?TFTLCD

*** WARNING L16: UNCALLED SEGMENT, IGNORED FOR OVERLAY PROCESS
    SEGMENT: ?PR?_LCD_SHOWNUM?TFTLCD

*** WARNING L16: UNCALLED SEGMENT, IGNORED FOR OVERLAY PROCESS
    SEGMENT: ?PR?_LCD_SHOWXNUM?TFTLCD

*** WARNING L16: UNCALLED SEGMENT, IGNORED FOR OVERLAY PROCESS
    SEGMENT: ?PR?_LCD_SHOWFONTHZ?TFTLCD

*** WARNING L16: UNCALLED SEGMENT, IGNORED FOR OVERLAY PROCESS
    SEGMENT: ?PR?_LCD_SHOWPICTURE?TFTLCD

*** WARNING L16: UNCALLED SEGMENT, IGNORED FOR OVERLAY PROCESS
    SEGMENT: ?PR?_GUI_COLOR_CHG?GUI

*** WARNING L16: UNCALLED SEGMENT, IGNORED FOR OVERLAY PROCESS
    SEGMENT: ?PR?_GUI_RGB332TORGB565?GUI

*** WARNING L16: UNCALLED SEGMENT, IGNORED FOR OVERLAY PROCESS
    SEGMENT: ?PR?_GUI_DISABS?GUI

*** WARNING L16: UNCALLED SEGMENT, IGNORED FOR OVERLAY PROCESS
    SEGMENT: ?PR?_GUI_DRAW_POINT?GUI

*** WARNING L16: UNCALLED SEGMENT, IGNORED FOR OVERLAY PROCESS
    SEGMENT: ?PR?_GUI_ALPHABLEND_AREA?GUI

BL51 BANKED LINKER/LOCATER V6.22                                                      09/20/2021  16:47:30  PAGE 52


*** WARNING L16: UNCALLED SEGMENT, IGNORED FOR OVERLAY PROCESS
    SEGMENT: ?PR?_GUI_DRAW_BLINE?GUI

*** WARNING L16: UNCALLED SEGMENT, IGNORED FOR OVERLAY PROCESS
    SEGMENT: ?PR?_GUI_DRAW_BLINE1?GUI

*** WARNING L16: UNCALLED SEGMENT, IGNORED FOR OVERLAY PROCESS
    SEGMENT: ?PR?_GUI_FILL_COLORBLOCK?GUI

*** WARNING L16: UNCALLED SEGMENT, IGNORED FOR OVERLAY PROCESS
    SEGMENT: ?PR?_GUI_DRAW_SMOOTH_RECTANGLE?GUI

*** WARNING L16: UNCALLED SEGMENT, IGNORED FOR OVERLAY PROCESS
    SEGMENT: ?PR?_GUI_DRAW_RECTANGLE?GUI

*** WARNING L16: UNCALLED SEGMENT, IGNORED FOR OVERLAY PROCESS
    SEGMENT: ?PR?_GUI_DRAW_ELLIPSE?GUI

*** WARNING L16: UNCALLED SEGMENT, IGNORED FOR OVERLAY PROCESS
    SEGMENT: ?PR?_GUI_FILL_ELLIPSE?GUI

*** WARNING L16: UNCALLED SEGMENT, IGNORED FOR OVERLAY PROCESS
    SEGMENT: ?PR?_GUI_SHOW_STRMIDEX?GUI

*** WARNING L16: UNCALLED SEGMENT, IGNORED FOR OVERLAY PROCESS
    SEGMENT: ?PR?_GUI_SHOW_NUM?GUI

*** WARNING L16: UNCALLED SEGMENT, IGNORED FOR OVERLAY PROCESS
    SEGMENT: ?PR?_GUI_NUM2STR?GUI

*** WARNING L16: UNCALLED SEGMENT, IGNORED FOR OVERLAY PROCESS
    SEGMENT: ?PR?_GUI_SHOW_PTSTRWHITERIM?GUI

*** WARNING L16: UNCALLED SEGMENT, IGNORED FOR OVERLAY PROCESS
    SEGMENT: ?PR?_GUI_GET_STRINGLINE?GUI

*** WARNING L16: UNCALLED SEGMENT, IGNORED FOR OVERLAY PROCESS
    SEGMENT: ?PR?_GUI_SHOW_STRING?GUI

*** WARNING L16: UNCALLED SEGMENT, IGNORED FOR OVERLAY PROCESS
    SEGMENT: ?PR?_GUI_SHOW_STRINGEX?GUI

Program Size: data=15.1 xdata=798 code=32159
LINK/LOCATE RUN COMPLETE.  32 WARNING(S),  0 ERROR(S)
