BL51 BANKED LINKER/LOCATER V6.22                                                        05/26/2020  14:21:34  PAGE 1


BL51 BANKED LINKER/LOCATER V6.22, INVOKED BY:
D:\YZ\KEILC51\C51\BIN\BL51.EXE .\output\main.obj, .\output\public.obj, .\output\uart.obj, .\output\tftlcd.obj, .\output\
>> touch.obj, .\output\gui.obj TO .\output\template PRINT (.\output\template.m51) RAMSIZE (256)


MEMORY MODEL: LARGE


INPUT MODULES INCLUDED:
  .\output\main.obj (MAIN)
  .\output\public.obj (PUBLIC)
  .\output\uart.obj (UART)
  .\output\tftlcd.obj (TFTLCD)
  .\output\touch.obj (TOUCH)
  .\output\gui.obj (GUI)
  D:\YZ\KEILC51\C51\LIB\C51L.LIB (?C_STARTUP)
  D:\YZ\KEILC51\C51\LIB\C51L.LIB (?C?CLDPTR)
  D:\YZ\KEILC51\C51\LIB\C51L.LIB (?C?CLDOPTR)
  D:\YZ\KEILC51\C51\LIB\C51L.LIB (?C?CSTPTR)
  D:\YZ\KEILC51\C51\LIB\C51L.LIB (?C?IMUL)
  D:\YZ\KEILC51\C51\LIB\C51L.LIB (?C?UIDIV)
  D:\YZ\KEILC51\C51\LIB\C51L.LIB (?C?IILDX)
  D:\YZ\KEILC51\C51\LIB\C51L.LIB (?C?ILDIX)
  D:\YZ\KEILC51\C51\LIB\C51L.LIB (?C?ILDOPTR)
  D:\YZ\KEILC51\C51\LIB\C51L.LIB (?C?ISTOPTR)
  D:\YZ\KEILC51\C51\LIB\C51L.LIB (?C?LMUL)
  D:\YZ\KEILC51\C51\LIB\C51L.LIB (?C?ULDIV)
  D:\YZ\KEILC51\C51\LIB\C51L.LIB (?C?SLDIV)
  D:\YZ\KEILC51\C51\LIB\C51L.LIB (?C?SLCMP)
  D:\YZ\KEILC51\C51\LIB\C51L.LIB (?C?ULCMP)
  D:\YZ\KEILC51\C51\LIB\C51L.LIB (?C?ULSHR)
  D:\YZ\KEILC51\C51\LIB\C51L.LIB (?C?LSTXDATA)
  D:\YZ\KEILC51\C51\LIB\C51L.LIB (?C?LSTKXDATA)
  D:\YZ\KEILC51\C51\LIB\C51L.LIB (?C?LIMUL)
  D:\YZ\KEILC51\C51\LIB\C51L.LIB (PRINTF)
  D:\YZ\KEILC51\C51\LIB\C51L.LIB (STRLEN)
  D:\YZ\KEILC51\C51\LIB\C51L.LIB (?C_INIT)
  D:\YZ\KEILC51\C51\LIB\C51L.LIB (?C?PLDIXDATA)
  D:\YZ\KEILC51\C51\LIB\C51L.LIB (?C?PSTXDATA)
  D:\YZ\KEILC51\C51\LIB\C51L.LIB (?C?CCASE)
  D:\YZ\KEILC51\C51\LIB\C51L.LIB (PUTCHAR)


LINK MAP OF MODULE:  .\output\template (MAIN)


            TYPE    BASE      LENGTH    RELOCATION   SEGMENT NAME
            -----------------------------------------------------

            * * * * * * *   D A T A   M E M O R Y   * * * * * * *
            REG     0000H     0008H     ABSOLUTE     "REG BANK 0"
            DATA    0008H     0005H     UNIT         _DATA_GROUP_
                    000DH     0013H                  *** GAP ***
            BIT     0020H.0   0001H.1   UNIT         _BIT_GROUP_
                    0021H.1   0000H.7                *** GAP ***
            IDATA   0022H     0001H     UNIT         ?STACK

            * * * * * * *  X D A T A   M E M O R Y  * * * * * * *
BL51 BANKED LINKER/LOCATER V6.22                                                      05/26/2020  14:21:34  PAGE 2


            XDATA   0000H     0034H     UNIT         ?XD?UART
            XDATA   0034H     0028H     UNIT         _XDATA_GROUP_
            XDATA   005CH     0024H     UNIT         ?XD?_GUI_DRAW_ELLIPSE?GUI
            XDATA   0080H     0022H     UNIT         ?XD?_GUI_FILL_ELLIPSE?GUI
            XDATA   00A2H     001FH     UNIT         ?XD?_GUI_DRAW_BLINE?GUI
            XDATA   00C1H     001FH     UNIT         ?XD?_GUI_DRAW_BLINE1?GUI
            XDATA   00E0H     001EH     UNIT         ?XD?_LCD_DRAWLINE_COLOR?TFTLCD
            XDATA   00FEH     001EH     UNIT         ?XD?_GUI_DRAW_LINE?GUI
            XDATA   011CH     001EH     UNIT         ?XD?_GUI_SMOOTH_COLOR?GUI
            XDATA   013AH     001CH     UNIT         ?XD?_LCD_DRAWLINE?TFTLCD
            XDATA   0156H     001AH     UNIT         ?XD?_TOUCH_XPT_READDATA?TOUCH
            XDATA   0170H     0019H     UNIT         ?XD?_GUI_DRAW_ARC?GUI
            XDATA   0189H     0019H     UNIT         ?XD?_GUI_SHOW_PTCHAR?GUI
            XDATA   01A2H     0018H     UNIT         ?XD?_GUI_FILL_CIRCLE?GUI
            XDATA   01BAH     0017H     UNIT         ?XD?_GUI_DRAW_SMOOTH_RECTANGLE?GUI
            XDATA   01D1H     0016H     UNIT         ?XD?_GUI_SHOW_STRING?GUI
            XDATA   01E7H     0015H     UNIT         ?XD?_LCD_SHOWPICTURE?TFTLCD
            XDATA   01FCH     0013H     UNIT         ?XD?_LCD_COLOR_FILL?TFTLCD
            XDATA   020FH     0013H     UNIT         ?XD?_GUI_SHOW_PTSTR?GUI
            XDATA   0222H     0012H     UNIT         ?XD?_GUI_DRAW_CIRCLE8?GUI
            XDATA   0234H     0012H     UNIT         ?XD?_GUI_SHOW_STRMID?GUI
            XDATA   0246H     0012H     UNIT         ?XD?_GUI_SHOW_PTSTRWHITERIM?GUI
            XDATA   0258H     0011H     UNIT         ?XD?_GUI_ALPHABLEND_AREA?GUI
            XDATA   0269H     0010H     UNIT         ?XD?_GUI_DRAW_ARCRECTANGLE?GUI
            XDATA   0279H     0010H     UNIT         ?XD?_GUI_DRAW_EXPOINT?GUI
            XDATA   0289H     0010H     UNIT         ?XD?_GUI_SHOW_NUM?GUI
            XDATA   0299H     000EH     UNIT         ?XD?_LCD_SHOWXNUM?TFTLCD
            XDATA   02A7H     000EH     UNIT         ?XD?_GUI_DRAW_BIGPOINT?GUI
            XDATA   02B5H     000EH     UNIT         ?XD?_GUI_FILL_COLORBLOCK?GUI
            XDATA   02C3H     000DH     UNIT         ?XD?_LCD_SHOWNUM?TFTLCD
            XDATA   02D0H     000DH     UNIT         ?XD?_LCD_SHOWSTRING?TFTLCD
            XDATA   02DDH     000DH     UNIT         ?XD?TOUCH
            XDATA   02EAH     000DH     UNIT         ?XD?_GUI_ALPHA_BLEND565?GUI
            XDATA   02F7H     000CH     UNIT         ?XD?_LCD_FILL?TFTLCD
            XDATA   0303H     000CH     UNIT         ?XD?_LCD_SHOWCHAR?TFTLCD
            XDATA   030FH     000CH     UNIT         ?XD?_GUI_GET_STRINGLINE?GUI
            XDATA   031BH     000BH     UNIT         ?XD?TFTLCD
            XDATA   0326H     000AH     UNIT         ?XD?_LCD_READPOINT?TFTLCD
            XDATA   0330H     000AH     UNIT         ?XD?_LCD_DRAW_CIRCLE?TFTLCD
            XDATA   033AH     000AH     UNIT         ?XD?TOUCH_XPT_READXY?TOUCH
            XDATA   0344H     000AH     UNIT         ?XD?_GUI_DRAW_RECTANGLE?GUI
            XDATA   034EH     000AH     UNIT         ?XD?_GUI_FILL_RECTANGLE?GUI
            XDATA   0358H     0009H     UNIT         ?XD?_GUI_NUM2STR?GUI
            XDATA   0361H     0008H     UNIT         ?XD?_LCD_DRAWRECTANGLE?TFTLCD
            XDATA   0369H     0008H     UNIT         ?XD?_GUI_COLOR_CHG?GUI
            XDATA   0371H     0008H     UNIT         ?XD?_GUI_DISABS?GUI
            XDATA   0379H     0008H     UNIT         ?XD?_GUI_DRAW_VLINE?GUI
            XDATA   0381H     0008H     UNIT         ?XD?_GUI_DRAW_HLINE?GUI
            XDATA   0389H     0006H     UNIT         ?XD?_LCD_DRAWFRONT_COLOR?TFTLCD
            XDATA   038FH     0006H     UNIT         ?XD?_LCD_DRAWBIGPOINT?TFTLCD
            XDATA   0395H     0006H     UNIT         ?XD?_LCD_DROWSIGN?TFTLCD
            XDATA   039BH     0006H     UNIT         ?XD?_LCD_POW?TFTLCD
            XDATA   03A1H     0006H     UNIT         ?XD?_GUI_POW?GUI
            XDATA   03A7H     0005H     UNIT         ?XD?TOUCH_SCAN?TOUCH
            XDATA   03ACH     0004H     UNIT         ?XD?_GUI_DRAW_POINT?GUI
            XDATA   03B0H     0003H     UNIT         ?XD?_UART_SENDSTRING?UART
            XDATA   03B3H     0002H     UNIT         ?XD?TOUCH_SPI_READ?TOUCH
BL51 BANKED LINKER/LOCATER V6.22                                                      05/26/2020  14:21:34  PAGE 3



            * * * * * * *   C O D E   M E M O R Y   * * * * * * *
            CODE    0000H     0003H     ABSOLUTE     
            CODE    0003H     001FH     UNIT         ?PR?_DELAY?TFTLCD
                    0022H     0001H                  *** GAP ***
            CODE    0023H     0003H     ABSOLUTE     
            CODE    0026H     1BF3H     UNIT         ?CO?TFTLCD
            CODE    1C19H     06B3H     UNIT         ?PR?_GUI_DRAW_ARCRECTANGLE?GUI
            CODE    22CCH     0404H     UNIT         ?PR?_GUI_DRAW_ELLIPSE?GUI
            CODE    26D0H     03CAH     UNIT         ?PR?_GUI_DRAW_BLINE1?GUI
            CODE    2A9AH     03A0H     UNIT         ?PR?_GUI_FILL_CIRCLE?GUI
            CODE    2E3AH     0365H     UNIT         ?PR?PRINTF?PRINTF
            CODE    319FH     0357H     UNIT         ?C?LIB_CODE
            CODE    34F6H     0271H     UNIT         ?PR?_GUI_DRAW_CIRCLE8?GUI
            CODE    3767H     026CH     UNIT         ?PR?_GUI_DRAW_BLINE?GUI
            CODE    39D3H     025DH     UNIT         ?PR?TFTLCD_INIT?TFTLCD
            CODE    3C30H     025CH     UNIT         ?PR?_GUI_FILL_ELLIPSE?GUI
            CODE    3E8CH     024EH     UNIT         ?PR?_GUI_SHOW_PTCHAR?GUI
            CODE    40DAH     024BH     UNIT         ?PR?_GUI_SHOW_PTSTR?GUI
            CODE    4325H     022BH     UNIT         ?PR?_GUI_SHOW_STRING?GUI
            CODE    4550H     01F3H     UNIT         ?PR?_GUI_DRAW_LINE?GUI
            CODE    4743H     01EFH     UNIT         ?PR?_LCD_DRAWLINE?TFTLCD
            CODE    4932H     01EDH     UNIT         ?PR?_LCD_DRAWLINE_COLOR?TFTLCD
            CODE    4B1FH     01E9H     UNIT         ?PR?_GUI_SMOOTH_COLOR?GUI
            CODE    4D08H     01D8H     UNIT         ?PR?_LCD_DRAW_CIRCLE?TFTLCD
            CODE    4EE0H     01D7H     UNIT         ?PR?_GUI_DRAW_ARC?GUI
            CODE    50B7H     01C3H     UNIT         ?PR?_GUI_SHOW_NUM?GUI
            CODE    527AH     0187H     UNIT         ?PR?_TOUCH_XPT_READDATA?TOUCH
            CODE    5401H     017CH     UNIT         ?PR?_GUI_GET_STRINGLINE?GUI
            CODE    557DH     0178H     UNIT         ?PR?_LCD_SHOWCHAR?TFTLCD
            CODE    56F5H     0148H     UNIT         ?PR?_GUI_SHOW_STRMID?GUI
            CODE    583DH     0147H     UNIT         ?PR?_GUI_FILL_COLORBLOCK?GUI
            CODE    5984H     0140H     UNIT         ?PR?TOUCH_SCAN?TOUCH
            CODE    5AC4H     012DH     UNIT         ?PR?_LCD_SHOWPICTURE?TFTLCD
            CODE    5BF1H     012BH     UNIT         ?PR?_LCD_SHOWFONTHZ?TFTLCD
            CODE    5D1CH     0129H     UNIT         ?PR?_LCD_SHOWXNUM?TFTLCD
            CODE    5E45H     0114H     UNIT         ?PR?TOUCH_XPT_READXY?TOUCH
            CODE    5F59H     010CH     UNIT         ?PR?_GUI_DRAW_SMOOTH_RECTANGLE?GUI
            CODE    6065H     00F8H     UNIT         ?PR?_LCD_COLOR_FILL?TFTLCD
            CODE    615DH     00F7H     UNIT         ?PR?_GUI_ALPHABLEND_AREA?GUI
            CODE    6254H     00F4H     UNIT         ?PR?_GUI_DRAW_BIGPOINT?GUI
            CODE    6348H     00EDH     UNIT         ?PR?_GUI_ALPHA_BLEND565?GUI
            CODE    6435H     00E5H     UNIT         ?PR?_LCD_SHOWSTRING?TFTLCD
            CODE    651AH     00DCH     UNIT         ?PR?_LCD_SHOWNUM?TFTLCD
            CODE    65F6H     00D8H     UNIT         ?PR?_LCD_DROWSIGN?TFTLCD
            CODE    66CEH     00D2H     UNIT         ?PR?_GUI_SHOW_PTSTRWHITERIM?GUI
            CODE    67A0H     00D0H     UNIT         ?PR?_LCD_FILL?TFTLCD
            CODE    6870H     00C8H     UNIT         ?PR?_GUI_DRAW_RECTANGLE?GUI
            CODE    6938H     00C1H     UNIT         ?PR?_GUI_DRAW_EXPOINT?GUI
            CODE    69F9H     00AAH     UNIT         ?PR?_LCD_DRAWRECTANGLE?TFTLCD
            CODE    6AA3H     00AAH     UNIT         ?PR?_GUI_NUM2STR?GUI
            CODE    6B4DH     0096H     UNIT         ?PR?_GUI_DRAW_VLINE?GUI
            CODE    6BE3H     0092H     UNIT         ?PR?_LCD_SET_WINDOW?TFTLCD
            CODE    6C75H     008CH     UNIT         ?C_C51STARTUP
            CODE    6D01H     008AH     UNIT         ?PR?_GUI_FILL_RECTANGLE?GUI
            CODE    6D8BH     0087H     UNIT         ?PR?UART_IRQN?UART
            CODE    6E12H     0081H     UNIT         ?PR?_LCD_CLEAR?TFTLCD
BL51 BANKED LINKER/LOCATER V6.22                                                      05/26/2020  14:21:34  PAGE 4


            CODE    6E93H     0080H     UNIT         ?PR?_GUI_COLOR_CHG?GUI
            CODE    6F13H     007BH     UNIT         ?PR?_GUI_DRAW_HLINE?GUI
            CODE    6F8EH     0073H     UNIT         ?PR?_LCD_DRAWBIGPOINT?TFTLCD
            CODE    7001H     006BH     UNIT         ?PR?_GUI_DISABS?GUI
            CODE    706CH     0065H     UNIT         ?PR?_LCD_READPOINT?TFTLCD
            CODE    70D1H     0050H     UNIT         ?PR?_LCD_POW?TFTLCD
            CODE    7121H     004BH     UNIT         ?PR?HZFONTSHOW_TEST?MAIN
            CODE    716CH     0049H     UNIT         ?PR?_GUI_POW?GUI
            CODE    71B5H     0048H     UNIT         ?PR?_LCD_DRAWFRONT_COLOR?TFTLCD
            CODE    71FDH     0044H     UNIT         ?C?LDIV
            CODE    7241H     0040H     UNIT         ?PR?_LCD_DISPLAY_DIR?TFTLCD
            CODE    7281H     0040H     UNIT         ?PR?_LCD_DRAWPOINT?TFTLCD
            CODE    72C1H     003CH     UNIT         ?PR?_GUI_RGB332TORGB565?GUI
            CODE    72FDH     003CH     UNIT         ?PR?_GUI_DRAW_POINT?GUI
            CODE    7339H     003BH     UNIT         ?PR?TOUCH_SPI_READ?TOUCH
            CODE    7374H     0033H     UNIT         ?PR?_UART_SENDSTRING?UART
            CODE    73A7H     002FH     UNIT         ?PR?_LCD_WRITECMD?TFTLCD
            CODE    73D6H     0027H     UNIT         ?PR?PUTCHAR?PUTCHAR
            CODE    73FDH     0025H     UNIT         ?PR?_LCD_WRITEDATA?TFTLCD
            CODE    7422H     0025H     UNIT         ?PR?_LCD_WRITEDATA_COLOR?TFTLCD
            CODE    7447H     001EH     UNIT         ?PR?_DELAY_MS?PUBLIC
            CODE    7465H     001DH     UNIT         ?PR?_TOUCH_SPI_WRITE?TOUCH
            CODE    7482H     001AH     UNIT         ?PR?LCD_READDATA?TFTLCD
            CODE    749CH     0016H     UNIT         ?PR?UART_INIT?UART
            CODE    74B2H     0015H     UNIT         ?PR?_STRLEN?STRLEN
            CODE    74C7H     0010H     UNIT         ?C_INITSEG
            CODE    74D7H     000EH     UNIT         ?PR?_UART_SENDDATA?UART
            CODE    74E5H     000EH     UNIT         ?PR?_LCD_WRITECMDDATA?TFTLCD
            CODE    74F3H     000BH     UNIT         ?PR?MAIN?MAIN
            CODE    74FEH     000BH     UNIT         ?PR?_DELAY_10US?PUBLIC
            CODE    7509H     000BH     UNIT         ?PR?TOUCH_SPI_START?TOUCH
            CODE    7514H     0009H     UNIT         ?CO?MAIN
            CODE    751DH     0006H     UNIT         ?PR?_UART_CMD?UART



OVERLAY MAP OF MODULE:   .\output\template (MAIN)


SEGMENT                                       BIT_GROUP          DATA_GROUP          XDATA_GROUP
  +--> CALLED SEGMENT                      START    LENGTH     START    LENGTH     START    LENGTH
--------------------------------------------------------------------------------------------------
?C_C51STARTUP                              -----    -----      -----    -----      -----    -----
  +--> ?PR?MAIN?MAIN
  +--> ?C_INITSEG

?PR?MAIN?MAIN                              -----    -----      -----    -----      -----    -----
  +--> ?PR?UART_INIT?UART
  +--> ?PR?TFTLCD_INIT?TFTLCD
  +--> ?PR?HZFONTSHOW_TEST?MAIN

?PR?TFTLCD_INIT?TFTLCD                     -----    -----      -----    -----      -----    -----
  +--> ?PR?_DELAY_MS?PUBLIC
  +--> ?PR?_LCD_WRITECMD?TFTLCD
  +--> ?PR?LCD_READDATA?TFTLCD
  +--> ?CO?TFTLCD
  +--> ?PR?PRINTF?PRINTF
BL51 BANKED LINKER/LOCATER V6.22                                                      05/26/2020  14:21:34  PAGE 5


  +--> ?PR?_LCD_WRITEDATA?TFTLCD
  +--> ?PR?_LCD_DISPLAY_DIR?TFTLCD
  +--> ?PR?_LCD_CLEAR?TFTLCD

?PR?_LCD_WRITECMD?TFTLCD                   -----    -----      -----    -----      -----    -----
  +--> ?PR?_LCD_WRITEDATA?TFTLCD

?PR?PRINTF?PRINTF                          0020H.0  0001H.1    0008H    0005H      0034H    0028H
  +--> ?PR?PUTCHAR?PUTCHAR

?PR?_LCD_DISPLAY_DIR?TFTLCD                -----    -----      -----    -----      -----    -----
  +--> ?PR?_LCD_WRITECMDDATA?TFTLCD

?PR?_LCD_WRITECMDDATA?TFTLCD               -----    -----      -----    -----      -----    -----
  +--> ?PR?_LCD_WRITECMD?TFTLCD
  +--> ?PR?_LCD_WRITEDATA?TFTLCD

?PR?_LCD_CLEAR?TFTLCD                      -----    -----      -----    -----      0034H    0004H
  +--> ?PR?_LCD_SET_WINDOW?TFTLCD
  +--> ?PR?_LCD_WRITEDATA_COLOR?TFTLCD

?PR?_LCD_SET_WINDOW?TFTLCD                 -----    -----      -----    -----      003EH    000CH
  +--> ?PR?_LCD_WRITECMD?TFTLCD
  +--> ?PR?_LCD_WRITEDATA?TFTLCD

?PR?HZFONTSHOW_TEST?MAIN                   -----    -----      -----    -----      -----    -----
  +--> ?CO?MAIN
  +--> ?PR?_LCD_SHOWFONTHZ?TFTLCD

?PR?_LCD_SHOWFONTHZ?TFTLCD                 -----    -----      -----    -----      0034H    000AH
  +--> ?PR?_LCD_SET_WINDOW?TFTLCD
  +--> ?CO?TFTLCD
  +--> ?PR?_LCD_WRITEDATA_COLOR?TFTLCD



SYMBOL TABLE OF MODULE:  .\output\template (MAIN)

  VALUE           TYPE          NAME
  ----------------------------------

  -------         MODULE        MAIN
  C:0000H         SYMBOL        _ICE_DUMMY_
  D:00A0H         PUBLIC        P2
  D:00B0H         PUBLIC        P3
  D:00A8H         PUBLIC        IE
  D:00B8H         PUBLIC        IP
  D:00D8H         PUBLIC        CCON
  C:74F3H         PUBLIC        main
  D:0098H         PUBLIC        SCON
  D:0088H         PUBLIC        TCON
  C:7121H         PUBLIC        HZFontShow_Test
  D:00D0H         PUBLIC        PSW
  -------         PROC          HZFONTSHOW_TEST
  C:7121H         LINE#         10
  C:7121H         LINE#         11
  C:7121H         LINE#         12
BL51 BANKED LINKER/LOCATER V6.22                                                      05/26/2020  14:21:34  PAGE 6


  C:712AH         LINE#         13
  C:7139H         LINE#         14
  C:7141H         LINE#         15
  C:7151H         LINE#         16
  C:715BH         LINE#         17
  -------         ENDPROC       HZFONTSHOW_TEST
  -------         PROC          MAIN
  C:74F3H         LINE#         20
  C:74F3H         LINE#         21
  C:74F3H         LINE#         23
  C:74F6H         LINE#         24
  C:74F9H         LINE#         26
  C:74FCH         LINE#         28
  C:74FCH         LINE#         29
  C:74FCH         LINE#         31
  -------         ENDPROC       MAIN
  -------         ENDMOD        MAIN

  -------         MODULE        PUBLIC
  C:0000H         SYMBOL        _ICE_DUMMY_
  D:00A8H         PUBLIC        IE
  D:00B8H         PUBLIC        IP
  D:00D8H         PUBLIC        CCON
  D:0098H         PUBLIC        SCON
  D:0088H         PUBLIC        TCON
  C:74FEH         PUBLIC        _delay_10us
  C:7447H         PUBLIC        _delay_ms
  D:00D0H         PUBLIC        PSW
  -------         PROC          _DELAY_10US
  D:0006H         SYMBOL        us
  C:74FEH         LINE#         6
  C:74FEH         LINE#         7
  C:74FEH         LINE#         8
  C:7508H         LINE#         9
  -------         ENDPROC       _DELAY_10US
  -------         PROC          _DELAY_MS
  D:0006H         SYMBOL        ms
  -------         DO            
  D:0006H         SYMBOL        i
  D:0004H         SYMBOL        j
  -------         ENDDO         
  C:7447H         LINE#         11
  C:7447H         LINE#         12
  C:7447H         LINE#         14
  C:7450H         LINE#         15
  C:7464H         LINE#         16
  -------         ENDPROC       _DELAY_MS
  -------         ENDMOD        PUBLIC

  -------         MODULE        UART
  C:0000H         SYMBOL        _ICE_DUMMY_
  B:00A8H.7       PUBLIC        EA
  X:0000H         PUBLIC        UART_RX_BUF
  D:00A8H         PUBLIC        IE
  X:0032H         PUBLIC        UART_RX_STA
  B:00A8H.4       PUBLIC        ES
  D:00B8H         PUBLIC        IP
BL51 BANKED LINKER/LOCATER V6.22                                                      05/26/2020  14:21:34  PAGE 7


  B:0098H.0       PUBLIC        RI
  B:0098H.1       PUBLIC        TI
  D:00D8H         PUBLIC        CCON
  C:7374H         PUBLIC        _UART_SendString
  C:74D7H         PUBLIC        _UART_SendData
  D:0099H         PUBLIC        SBUF
  D:0087H         PUBLIC        PCON
  C:751DH         PUBLIC        _UART_Cmd
  C:749CH         PUBLIC        UART_Init
  D:0098H         PUBLIC        SCON
  D:0089H         PUBLIC        TMOD
  D:0088H         PUBLIC        TCON
  D:008DH         PUBLIC        TH1
  D:008BH         PUBLIC        TL1
  B:0088H.6       PUBLIC        TR1
  C:6D8BH         PUBLIC        UART_IRQn
  D:00D0H         PUBLIC        PSW
  -------         PROC          UART_INIT
  C:749CH         LINE#         5
  C:749CH         LINE#         6
  C:749CH         LINE#         7
  C:749FH         LINE#         8
  C:74A2H         LINE#         9
  C:74A5H         LINE#         10
  C:74A8H         LINE#         11
  C:74ABH         LINE#         13
  C:74ADH         LINE#         14
  C:74AFH         LINE#         15
  C:74B1H         LINE#         16
  -------         ENDPROC       UART_INIT
  -------         PROC          _UART_CMD
  D:0007H         SYMBOL        ensta
  C:751DH         LINE#         18
  C:751DH         LINE#         19
  C:751DH         LINE#         20
  C:7522H         LINE#         21
  -------         ENDPROC       _UART_CMD
  -------         PROC          _UART_SENDDATA
  D:0007H         SYMBOL        dat
  C:74D7H         LINE#         23
  C:74D7H         LINE#         24
  C:74D7H         LINE#         25
  C:74D9H         LINE#         26
  C:74DBH         LINE#         27
  C:74DDH         LINE#         28
  C:74E0H         LINE#         29
  C:74E2H         LINE#         30
  C:74E4H         LINE#         31
  -------         ENDPROC       _UART_SENDDATA
  -------         PROC          _UART_SENDSTRING
  X:03B0H         SYMBOL        pbuf
  C:7374H         LINE#         33
  C:737FH         LINE#         34
  C:737FH         LINE#         35
  C:7390H         LINE#         36
  C:7390H         LINE#         37
  C:7393H         LINE#         38
BL51 BANKED LINKER/LOCATER V6.22                                                      05/26/2020  14:21:34  PAGE 8


  C:739AH         LINE#         39
  C:73A4H         LINE#         40
  C:73A6H         LINE#         41
  -------         ENDPROC       _UART_SENDSTRING
  -------         PROC          UART_IRQN
  -------         DO            
  D:0007H         SYMBOL        r
  -------         ENDDO         
  C:6D8BH         LINE#         51
  C:6D9CH         LINE#         55
  C:6D9FH         LINE#         56
  C:6D9FH         LINE#         57
  C:6DA1H         LINE#         58
  C:6DA3H         LINE#         59
  C:6DACH         LINE#         60
  C:6DACH         LINE#         61
  C:6DAFH         LINE#         62
  C:6DAFH         LINE#         63
  C:6DB9H         LINE#         64
  C:6DBCH         LINE#         65
  C:6DBEH         LINE#         67
  C:6DBEH         LINE#         68
  C:6DCEH         LINE#         70
  C:6DCEH         LINE#         71
  C:6DE2H         LINE#         72
  C:6DF0H         LINE#         73
  C:6E03H         LINE#         74
  C:6E03H         LINE#         75
  C:6E03H         LINE#         76
  C:6E03H         LINE#         77
  C:6E03H         LINE#         78
  -------         ENDPROC       UART_IRQN
  -------         ENDMOD        UART

  -------         MODULE        TFTLCD
  C:0000H         SYMBOL        _ICE_DUMMY_
  D:0080H         PUBLIC        P0
  D:0090H         PUBLIC        P1
  X:031BH         PUBLIC        tftlcd_data
  D:00A0H         PUBLIC        P2
  C:5D1CH         PUBLIC        _LCD_ShowxNum
  D:00B0H         PUBLIC        P3
  C:651AH         PUBLIC        _LCD_ShowNum
  D:00A8H         PUBLIC        IE
  C:7241H         PUBLIC        _LCD_Display_Dir
  C:5BF1H         PUBLIC        _LCD_ShowFontHZ
  D:00B8H         PUBLIC        IP
  C:6E12H         PUBLIC        _LCD_Clear
  C:6065H         PUBLIC        _LCD_Color_Fill
  C:742AH         PUBLIC        _LCD_WriteData_Color
  D:00D8H         PUBLIC        CCON
  C:7482H         PUBLIC        LCD_ReadData
  C:4932H         PUBLIC        _LCD_DrawLine_Color
  C:71BBH         PUBLIC        _LCD_DrawFRONT_COLOR
  D:0098H         PUBLIC        SCON
  D:0088H         PUBLIC        TCON
  C:0A97H         PUBLIC        ascii_2412
BL51 BANKED LINKER/LOCATER V6.22                                                      05/26/2020  14:21:34  PAGE 9


  C:0033H         PUBLIC        ascii_1206
  C:5AC4H         PUBLIC        _LCD_ShowPicture
  C:39D3H         PUBLIC        TFTLCD_Init
  C:04A7H         PUBLIC        ascii_1608
  C:67A0H         PUBLIC        _LCD_Fill
  C:6BE8H         PUBLIC        _LCD_Set_Window
  C:7405H         PUBLIC        _LCD_WriteData
  C:706CH         PUBLIC        _LCD_ReadPoint
  B:00B0H.3       PUBLIC        TFT_RST
  C:4743H         PUBLIC        _LCD_DrawLine
  C:7297H         PUBLIC        _LCD_DrawPoint
  C:6435H         PUBLIC        _LCD_ShowString
  C:74E5H         PUBLIC        _LCD_WriteCmdData
  C:557DH         PUBLIC        _LCD_ShowChar
  C:73B9H         PUBLIC        _LCD_WriteCmd
  C:69F9H         PUBLIC        _LCD_DrawRectangle
  B:00B0H.2       PUBLIC        TFT_RD
  B:00A0H.7       PUBLIC        TFT_CS
  C:65F6H         PUBLIC        _LCD_DrowSign
  C:6F8EH         PUBLIC        _LCD_DrawBigPoint
  C:70D8H         PUBLIC        _LCD_Pow
  X:0322H         PUBLIC        FRONT_COLOR
  C:0003H         PUBLIC        _Delay
  X:0324H         PUBLIC        BACK_COLOR
  B:00A0H.6       PUBLIC        TFT_RS
  B:00A0H.5       PUBLIC        TFT_WR
  C:4D08H         PUBLIC        _LCD_Draw_Circle
  D:00D0H         PUBLIC        PSW
  C:17F3H         PUBLIC        CnChar32x29
  -------         PROC          _DELAY
  D:0006H         SYMBOL        dly
  -------         DO            
  D:0004H         SYMBOL        i
  D:0002H         SYMBOL        j
  -------         ENDDO         
  C:0003H         LINE#         14
  C:0003H         LINE#         15
  C:0003H         LINE#         18
  C:000DH         LINE#         19
  C:0021H         LINE#         20
  -------         ENDPROC       _DELAY
  -------         PROC          L?0217
  -------         ENDPROC       L?0217
  -------         PROC          _LCD_WRITECMD
  D:0004H         SYMBOL        cmd
  -------         DO            
  D:0007H         SYMBOL        cmdH
  D:0006H         SYMBOL        cmdL
  -------         ENDDO         
  C:73B9H         LINE#         23
  C:73BDH         LINE#         24
  C:73BDH         LINE#         27
  C:73BFH         LINE#         28
  C:73C1H         LINE#         30
  C:73C3H         LINE#         31
  C:73C5H         LINE#         33
  C:73C7H         LINE#         34
BL51 BANKED LINKER/LOCATER V6.22                                                      05/26/2020  14:21:34  PAGE 10


  C:73C9H         LINE#         36
  C:73CBH         LINE#         37
  C:73CFH         LINE#         39
  C:73D1H         LINE#         40
  C:73D3H         LINE#         42
  C:73D5H         LINE#         115
  -------         ENDPROC       _LCD_WRITECMD
  C:73FDH         SYMBOL        L?0210
  -------         PROC          L?0209
  -------         ENDPROC       L?0209
  C:73FDH         SYMBOL        L?0210
  -------         PROC          _LCD_WRITEDATA
  D:0004H         SYMBOL        dat
  -------         DO            
  D:0007H         SYMBOL        datH
  D:0006H         SYMBOL        datL
  -------         ENDDO         
  C:7405H         LINE#         119
  C:7409H         LINE#         120
  C:7409H         LINE#         123
  C:740BH         LINE#         124
  C:740DH         LINE#         126
  C:740FH         LINE#         127
  C:7411H         LINE#         129
  C:7413H         LINE#         130
  C:7415H         LINE#         132
  C:7417H         LINE#         133
  C:741BH         LINE#         135
  C:741DH         LINE#         136
  C:741FH         LINE#         138
  C:7421H         LINE#         209
  -------         ENDPROC       _LCD_WRITEDATA
  C:7422H         SYMBOL        L?0215
  C:7425H         SYMBOL        L?0216
  -------         PROC          L?0214
  -------         ENDPROC       L?0214
  C:7422H         SYMBOL        L?0215
  C:7425H         SYMBOL        L?0216
  -------         PROC          _LCD_WRITEDATA_COLOR
  D:0004H         SYMBOL        color
  -------         DO            
  D:0007H         SYMBOL        datH
  D:0006H         SYMBOL        datL
  -------         ENDDO         
  C:742AH         LINE#         211
  C:742EH         LINE#         212
  C:742EH         LINE#         215
  C:7430H         LINE#         216
  C:7432H         LINE#         218
  C:7434H         LINE#         219
  C:7436H         LINE#         221
  C:7438H         LINE#         222
  C:743AH         LINE#         224
  C:743CH         LINE#         225
  C:7440H         LINE#         227
  C:7442H         LINE#         228
  C:7444H         LINE#         230
BL51 BANKED LINKER/LOCATER V6.22                                                      05/26/2020  14:21:34  PAGE 11


  C:7446H         LINE#         301
  -------         ENDPROC       _LCD_WRITEDATA_COLOR
  -------         PROC          _LCD_WRITECMDDATA
  D:0006H         SYMBOL        cmd
  D:0002H         SYMBOL        dat
  C:74E5H         LINE#         303
  C:74E9H         LINE#         304
  C:74E9H         LINE#         305
  C:74ECH         LINE#         306
  -------         ENDPROC       _LCD_WRITECMDDATA
  -------         PROC          LCD_READDATA
  -------         DO            
  D:0006H         SYMBOL        ram
  -------         ENDDO         
  C:7482H         LINE#         311
  C:7482H         LINE#         312
  C:7482H         LINE#         315
  C:7485H         LINE#         316
  C:7488H         LINE#         319
  C:748AH         LINE#         320
  C:748CH         LINE#         321
  C:748EH         LINE#         322
  C:748FH         LINE#         323
  C:7491H         LINE#         324
  C:7493H         LINE#         325
  C:7497H         LINE#         326
  C:7499H         LINE#         327
  C:749BH         LINE#         399
  C:749BH         LINE#         400
  -------         ENDPROC       LCD_READDATA
  -------         PROC          _LCD_DISPLAY_DIR
  D:0007H         SYMBOL        dir
  C:7241H         LINE#         404
  C:7241H         LINE#         405
  C:7241H         LINE#         406
  C:7246H         LINE#         407
  C:7248H         LINE#         408
  C:7248H         LINE#         410
  C:7252H         LINE#         437
  C:725BH         LINE#         438
  C:7264H         LINE#         439
  C:7265H         LINE#         441
  C:7265H         LINE#         443
  C:726EH         LINE#         472
  C:7277H         LINE#         473
  C:7280H         LINE#         474
  C:7280H         LINE#         475
  -------         ENDPROC       _LCD_DISPLAY_DIR
  -------         PROC          TFTLCD_INIT
  -------         DO            
  D:0006H         SYMBOL        i
  -------         ENDDO         
  C:39D3H         LINE#         478
  C:39D3H         LINE#         479
  C:39D3H         LINE#         480
  C:39D5H         LINE#         481
  C:39D7H         LINE#         482
BL51 BANKED LINKER/LOCATER V6.22                                                      05/26/2020  14:21:34  PAGE 12


  C:39DCH         LINE#         484
  C:39DEH         LINE#         485
  C:39E5H         LINE#         487
  C:39E7H         LINE#         488
  C:39EEH         LINE#         491
  C:39F4H         LINE#         492
  C:39FFH         LINE#         519
  C:3A10H         LINE#         522
  C:3A15H         LINE#         523
  C:3A1AH         LINE#         524
  C:3A1FH         LINE#         525
  C:3A24H         LINE#         526
  C:3A31H         LINE#         527
  C:3A3EH         LINE#         528
  C:3A4CH         LINE#         529
  C:3A5AH         LINE#         530
  C:3A68H         LINE#         531
  C:3A76H         LINE#         532
  C:3A83H         LINE#         534
  C:3A91H         LINE#         536
  C:3A9FH         LINE#         537
  C:3AACH         LINE#         538
  C:3ABAH         LINE#         539
  C:3AC8H         LINE#         540
  C:3ACDH         LINE#         542
  C:3AD2H         LINE#         543
  C:3AD7H         LINE#         544
  C:3ADCH         LINE#         546
  C:3AE1H         LINE#         547
  C:3AE6H         LINE#         548
  C:3AF4H         LINE#         549
  C:3B02H         LINE#         550
  C:3B07H         LINE#         551
  C:3B0CH         LINE#         552
  C:3B11H         LINE#         553
  C:3B16H         LINE#         554
  C:3B1BH         LINE#         555
  C:3B20H         LINE#         557
  C:3B2EH         LINE#         558
  C:3B3CH         LINE#         559
  C:3B4AH         LINE#         560
  C:3B4FH         LINE#         561
  C:3B54H         LINE#         563
  C:3B59H         LINE#         564
  C:3B67H         LINE#         566
  C:3B75H         LINE#         567
  C:3B83H         LINE#         568
  C:3B91H         LINE#         569
  C:3B9FH         LINE#         571
  C:3BADH         LINE#         572
  C:3BBBH         LINE#         573
  C:3BC8H         LINE#         574
  C:3BD6H         LINE#         575
  C:3BE3H         LINE#         576
  C:3BF1H         LINE#         577
  C:3BFEH         LINE#         578
  C:3C0CH         LINE#         579
BL51 BANKED LINKER/LOCATER V6.22                                                      05/26/2020  14:21:34  PAGE 13


  C:3C19H         LINE#         580
  C:3C20H         LINE#         893
  C:3C25H         LINE#         894
  -------         ENDPROC       TFTLCD_INIT
  C:6BE3H         SYMBOL        L?0221
  -------         PROC          L?0220
  -------         ENDPROC       L?0220
  C:6BE3H         SYMBOL        L?0221
  -------         PROC          _LCD_SET_WINDOW
  X:003EH         SYMBOL        sx
  X:0040H         SYMBOL        sy
  D:0002H         SYMBOL        width
  X:0044H         SYMBOL        height
  -------         DO            
  X:0046H         SYMBOL        x
  X:0048H         SYMBOL        y
  D:0002H         SYMBOL        xy
  -------         ENDDO         
  C:6BE8H         LINE#         901
  C:6BF6H         LINE#         902
  C:6BF6H         LINE#         905
  C:6C0CH         LINE#         906
  C:6C25H         LINE#         907
  C:6C2EH         LINE#         908
  C:6C34H         LINE#         909
  C:6C34H         LINE#         910
  C:6C45H         LINE#         911
  C:6C47H         LINE#         912
  C:6C4EH         LINE#         913
  C:6C50H         LINE#         915
  C:6C50H         LINE#         916
  C:6C62H         LINE#         917
  C:6C64H         LINE#         918
  C:6C6EH         LINE#         919
  C:6C6EH         LINE#         920
  -------         ENDPROC       _LCD_SET_WINDOW
  -------         PROC          _LCD_READPOINT
  D:0002H         SYMBOL        x
  X:0326H         SYMBOL        y
  -------         DO            
  X:0328H         SYMBOL        r
  X:032AH         SYMBOL        g
  X:032CH         SYMBOL        b
  X:032EH         SYMBOL        dat
  -------         ENDDO         
  C:706CH         LINE#         1072
  C:7078H         LINE#         1073
  C:7078H         LINE#         1074
  C:7088H         LINE#         1075
  C:70AEH         LINE#         1076
  C:70C8H         LINE#         1122
  C:70D0H         LINE#         1123
  -------         ENDPROC       _LCD_READPOINT
  -------         PROC          _LCD_CLEAR
  X:0034H         SYMBOL        color
  -------         DO            
  D:0002H         SYMBOL        i
BL51 BANKED LINKER/LOCATER V6.22                                                      05/26/2020  14:21:34  PAGE 14


  X:0036H         SYMBOL        j
  -------         ENDDO         
  C:6E12H         LINE#         1127
  C:6E1AH         LINE#         1128
  C:6E1AH         LINE#         1129
  C:6E1FH         LINE#         1131
  C:6E49H         LINE#         1132
  C:6E59H         LINE#         1133
  C:6E59H         LINE#         1134
  C:6E75H         LINE#         1135
  C:6E75H         LINE#         1136
  C:6E7BH         LINE#         1137
  C:6E8BH         LINE#         1138
  C:6E92H         LINE#         1139
  -------         ENDPROC       _LCD_CLEAR
  -------         PROC          _LCD_FILL
  X:02F7H         SYMBOL        xState
  X:02F9H         SYMBOL        yState
  X:02FBH         SYMBOL        xEnd
  X:02FDH         SYMBOL        yEnd
  X:02FFH         SYMBOL        color
  -------         DO            
  X:0301H         SYMBOL        temp
  -------         ENDDO         
  C:67A0H         LINE#         1144
  C:67B8H         LINE#         1145
  C:67B8H         LINE#         1146
  C:67BFH         LINE#         1148
  C:67E1H         LINE#         1149
  C:67E1H         LINE#         1151
  C:67E1H         LINE#         1152
  C:67FCH         LINE#         1153
  C:681DH         LINE#         1154
  C:683CH         LINE#         1156
  C:684AH         LINE#         1157
  C:684AH         LINE#         1158
  C:6859H         LINE#         1159
  C:6867H         LINE#         1160
  C:6867H         LINE#         1161
  C:686DH         LINE#         1162
  C:686FH         LINE#         1163
  C:686FH         LINE#         1164
  -------         ENDPROC       _LCD_FILL
  -------         PROC          _LCD_COLOR_FILL
  X:01FCH         SYMBOL        sx
  X:01FEH         SYMBOL        sy
  D:0002H         SYMBOL        ex
  X:0202H         SYMBOL        ey
  X:0204H         SYMBOL        color
  -------         DO            
  X:0207H         SYMBOL        height
  X:0209H         SYMBOL        width
  X:020BH         SYMBOL        i
  X:020DH         SYMBOL        j
  -------         ENDDO         
  C:6065H         LINE#         1169
  C:6073H         LINE#         1170
BL51 BANKED LINKER/LOCATER V6.22                                                      05/26/2020  14:21:34  PAGE 15


  C:6073H         LINE#         1173
  C:608EH         LINE#         1174
  C:60AFH         LINE#         1175
  C:60CCH         LINE#         1176
  C:60E8H         LINE#         1177
  C:60E8H         LINE#         1178
  C:6105H         LINE#         1179
  C:6105H         LINE#         1180
  C:613BH         LINE#         1181
  C:614BH         LINE#         1182
  C:615CH         LINE#         1183
  -------         ENDPROC       _LCD_COLOR_FILL
  C:7284H         SYMBOL        L?0212
  C:7285H         SYMBOL        L?0213
  -------         PROC          L?0211
  -------         ENDPROC       L?0211
  C:7284H         SYMBOL        L?0212
  C:7285H         SYMBOL        L?0213
  -------         PROC          _LCD_DRAWPOINT
  D:0002H         SYMBOL        x
  D:0082H         SYMBOL        y
  C:7297H         LINE#         1188
  C:729FH         LINE#         1189
  C:729FH         LINE#         1190
  C:72B6H         LINE#         1191
  -------         ENDPROC       _LCD_DRAWPOINT
  C:71B6H         SYMBOL        L?0219
  -------         PROC          L?0218
  -------         ENDPROC       L?0218
  C:71B6H         SYMBOL        L?0219
  -------         PROC          _LCD_DRAWFRONT_COLOR
  X:0389H         SYMBOL        x
  X:038BH         SYMBOL        y
  X:038DH         SYMBOL        color
  C:71BBH         LINE#         1197
  C:71D3H         LINE#         1198
  C:71D3H         LINE#         1199
  C:71F2H         LINE#         1200
  -------         ENDPROC       _LCD_DRAWFRONT_COLOR
  -------         PROC          _LCD_DRAWBIGPOINT
  X:038FH         SYMBOL        x
  X:0391H         SYMBOL        y
  X:0393H         SYMBOL        color
  C:6F8EH         LINE#         1205
  C:6FA2H         LINE#         1206
  C:6FA2H         LINE#         1207
  C:6FA5H         LINE#         1208
  C:6FBEH         LINE#         1209
  C:6FDAH         LINE#         1210
  -------         ENDPROC       _LCD_DRAWBIGPOINT
  -------         PROC          _LCD_DRAWLINE
  X:013AH         SYMBOL        x1
  X:013CH         SYMBOL        y1
  D:0002H         SYMBOL        x2
  X:0140H         SYMBOL        y2
  -------         DO            
  X:0142H         SYMBOL        t
BL51 BANKED LINKER/LOCATER V6.22                                                      05/26/2020  14:21:34  PAGE 16


  X:0144H         SYMBOL        xerr
  X:0146H         SYMBOL        yerr
  X:0148H         SYMBOL        delta_x
  X:014AH         SYMBOL        delta_y
  X:014CH         SYMBOL        distance
  X:014EH         SYMBOL        incx
  X:0150H         SYMBOL        incy
  X:0152H         SYMBOL        uRow
  X:0154H         SYMBOL        uCol
  -------         ENDDO         
  C:4743H         LINE#         1216
  C:4751H         LINE#         1217
  C:4751H         LINE#         1218
  C:4758H         LINE#         1219
  C:4760H         LINE#         1221
  C:4775H         LINE#         1222
  C:4790H         LINE#         1223
  C:479FH         LINE#         1224
  C:47A5H         LINE#         1225
  C:47C1H         LINE#         1226
  C:47CDH         LINE#         1227
  C:47E2H         LINE#         1228
  C:47FEH         LINE#         1229
  C:480AH         LINE#         1230
  C:481FH         LINE#         1231
  C:4845H         LINE#         1232
  C:484AH         LINE#         1233
  C:486FH         LINE#         1234
  C:486FH         LINE#         1235
  C:4880H         LINE#         1236
  C:4894H         LINE#         1237
  C:48A8H         LINE#         1238
  C:48C4H         LINE#         1239
  C:48C4H         LINE#         1240
  C:48D0H         LINE#         1241
  C:48E4H         LINE#         1242
  C:48E4H         LINE#         1243
  C:4900H         LINE#         1244
  C:4900H         LINE#         1245
  C:490CH         LINE#         1246
  C:4920H         LINE#         1247
  C:4920H         LINE#         1248
  C:4931H         LINE#         1249
  -------         ENDPROC       _LCD_DRAWLINE
  -------         PROC          _LCD_DRAWLINE_COLOR
  X:00E0H         SYMBOL        x1
  X:00E2H         SYMBOL        y1
  D:0002H         SYMBOL        x2
  X:00E6H         SYMBOL        y2
  X:00E8H         SYMBOL        color
  -------         DO            
  X:00EAH         SYMBOL        t
  X:00ECH         SYMBOL        xerr
  X:00EEH         SYMBOL        yerr
  X:00F0H         SYMBOL        delta_x
  X:00F2H         SYMBOL        delta_y
  X:00F4H         SYMBOL        distance
BL51 BANKED LINKER/LOCATER V6.22                                                      05/26/2020  14:21:34  PAGE 17


  X:00F6H         SYMBOL        incx
  X:00F8H         SYMBOL        incy
  X:00FAH         SYMBOL        uRow
  X:00FCH         SYMBOL        uCol
  -------         ENDDO         
  C:4932H         LINE#         1251
  C:4940H         LINE#         1252
  C:4940H         LINE#         1254
  C:494BH         LINE#         1256
  C:4960H         LINE#         1257
  C:497BH         LINE#         1258
  C:498AH         LINE#         1259
  C:4990H         LINE#         1260
  C:49ACH         LINE#         1261
  C:49B8H         LINE#         1262
  C:49CDH         LINE#         1263
  C:49E9H         LINE#         1264
  C:49F5H         LINE#         1265
  C:4A0AH         LINE#         1266
  C:4A30H         LINE#         1267
  C:4A35H         LINE#         1268
  C:4A5AH         LINE#         1269
  C:4A5AH         LINE#         1270
  C:4A6DH         LINE#         1271
  C:4A81H         LINE#         1272
  C:4A95H         LINE#         1273
  C:4AB1H         LINE#         1274
  C:4AB1H         LINE#         1275
  C:4ABDH         LINE#         1276
  C:4AD1H         LINE#         1277
  C:4AD1H         LINE#         1278
  C:4AEDH         LINE#         1279
  C:4AEDH         LINE#         1280
  C:4AF9H         LINE#         1281
  C:4B0DH         LINE#         1282
  C:4B0DH         LINE#         1283
  C:4B1EH         LINE#         1284
  -------         ENDPROC       _LCD_DRAWLINE_COLOR
  -------         PROC          _LCD_DROWSIGN
  X:0395H         SYMBOL        x
  X:0397H         SYMBOL        y
  X:0399H         SYMBOL        color
  -------         DO            
  D:0003H         SYMBOL        i
  -------         ENDDO         
  C:65F6H         LINE#         1291
  C:660EH         LINE#         1292
  C:660EH         LINE#         1296
  C:6648H         LINE#         1297
  C:664AH         LINE#         1298
  C:664AH         LINE#         1299
  C:664DH         LINE#         1300
  C:6652H         LINE#         1303
  C:668CH         LINE#         1304
  C:668EH         LINE#         1305
  C:668EH         LINE#         1306
  C:6691H         LINE#         1307
BL51 BANKED LINKER/LOCATER V6.22                                                      05/26/2020  14:21:34  PAGE 18


  C:6696H         LINE#         1310
  C:66C3H         LINE#         1311
  C:66C5H         LINE#         1312
  C:66C5H         LINE#         1313
  C:66C8H         LINE#         1314
  C:66CDH         LINE#         1315
  -------         ENDPROC       _LCD_DROWSIGN
  -------         PROC          _LCD_DRAWRECTANGLE
  X:0361H         SYMBOL        x1
  X:0363H         SYMBOL        y1
  X:0365H         SYMBOL        x2
  X:0367H         SYMBOL        y2
  C:69F9H         LINE#         1319
  C:6A0FH         LINE#         1320
  C:6A0FH         LINE#         1321
  C:6A2BH         LINE#         1322
  C:6A52H         LINE#         1323
  C:6A7AH         LINE#         1324
  -------         ENDPROC       _LCD_DRAWRECTANGLE
  -------         PROC          _LCD_DRAW_CIRCLE
  X:0330H         SYMBOL        x0
  X:0332H         SYMBOL        y0
  D:0003H         SYMBOL        r
  -------         DO            
  X:0334H         SYMBOL        a
  X:0336H         SYMBOL        b
  X:0338H         SYMBOL        di
  -------         ENDDO         
  C:4D08H         LINE#         1329
  C:4D16H         LINE#         1330
  C:4D16H         LINE#         1333
  C:4D25H         LINE#         1334
  C:4D39H         LINE#         1335
  C:4D58H         LINE#         1336
  C:4D58H         LINE#         1337
  C:4D66H         LINE#         1338
  C:4D7FH         LINE#         1339
  C:4DAAH         LINE#         1340
  C:4DD5H         LINE#         1341
  C:4E01H         LINE#         1342
  C:4E2DH         LINE#         1343
  C:4E44H         LINE#         1344
  C:4E5FH         LINE#         1345
  C:4E6DH         LINE#         1347
  C:4E9DH         LINE#         1349
  C:4E9DH         LINE#         1350
  C:4ECEH         LINE#         1351
  C:4EDCH         LINE#         1352
  C:4EDCH         LINE#         1353
  C:4EDFH         LINE#         1354
  -------         ENDPROC       _LCD_DRAW_CIRCLE
  -------         PROC          _LCD_SHOWCHAR
  X:0303H         SYMBOL        x
  X:0305H         SYMBOL        y
  X:0307H         SYMBOL        num
  X:0308H         SYMBOL        size
  X:0309H         SYMBOL        mode
BL51 BANKED LINKER/LOCATER V6.22                                                      05/26/2020  14:21:34  PAGE 19


  -------         DO            
  X:030AH         SYMBOL        temp
  X:030BH         SYMBOL        t1
  D:0001H         SYMBOL        t
  X:030CH         SYMBOL        y0
  X:030EH         SYMBOL        csize
  -------         ENDDO         
  C:557DH         LINE#         1362
  C:5592H         LINE#         1363
  C:5592H         LINE#         1365
  C:559AH         LINE#         1366
  C:55C2H         LINE#         1367
  C:55C9H         LINE#         1368
  C:55D8H         LINE#         1369
  C:55D8H         LINE#         1370
  C:55F2H         LINE#         1371
  C:5608H         LINE#         1372
  C:5635H         LINE#         1374
  C:563AH         LINE#         1375
  C:563AH         LINE#         1376
  C:5654H         LINE#         1377
  C:566EH         LINE#         1378
  C:5675H         LINE#         1379
  C:5683H         LINE#         1380
  C:5699H         LINE#         1381
  C:56B5H         LINE#         1382
  C:56B5H         LINE#         1383
  C:56BDH         LINE#         1384
  C:56CBH         LINE#         1385
  C:56E1H         LINE#         1387
  C:56E1H         LINE#         1388
  C:56F0H         LINE#         1389
  C:56F4H         LINE#         1390
  -------         ENDPROC       _LCD_SHOWCHAR
  -------         PROC          L?0222
  -------         ENDPROC       L?0222
  -------         PROC          _LCD_POW
  X:039BH         SYMBOL        m
  X:039CH         SYMBOL        n
  -------         DO            
  X:039DH         SYMBOL        result
  -------         ENDDO         
  C:70D8H         LINE#         1393
  C:70E0H         LINE#         1394
  C:70E0H         LINE#         1395
  C:70E8H         LINE#         1396
  C:7112H         LINE#         1397
  C:7120H         LINE#         1398
  -------         ENDPROC       _LCD_POW
  -------         PROC          _LCD_SHOWNUM
  X:02C3H         SYMBOL        x
  X:02C5H         SYMBOL        y
  X:02C7H         SYMBOL        num
  X:02CBH         SYMBOL        len
  X:02CCH         SYMBOL        size
  -------         DO            
  X:02CDH         SYMBOL        t
BL51 BANKED LINKER/LOCATER V6.22                                                      05/26/2020  14:21:34  PAGE 20


  X:02CEH         SYMBOL        temp
  X:02CFH         SYMBOL        enshow
  -------         ENDDO         
  C:651AH         LINE#         1405
  C:6528H         LINE#         1406
  C:6528H         LINE#         1408
  C:652DH         LINE#         1409
  C:6542H         LINE#         1410
  C:6542H         LINE#         1411
  C:656CH         LINE#         1412
  C:657FH         LINE#         1413
  C:657FH         LINE#         1414
  C:6583H         LINE#         1415
  C:6583H         LINE#         1416
  C:65ADH         LINE#         1417
  C:65AFH         LINE#         1418
  C:65B5H         LINE#         1420
  C:65B5H         LINE#         1421
  C:65ECH         LINE#         1422
  C:65F5H         LINE#         1423
  -------         ENDPROC       _LCD_SHOWNUM
  -------         PROC          _LCD_SHOWXNUM
  X:0299H         SYMBOL        x
  X:029BH         SYMBOL        y
  X:029DH         SYMBOL        num
  X:02A1H         SYMBOL        len
  X:02A2H         SYMBOL        size
  X:02A3H         SYMBOL        mode
  -------         DO            
  X:02A4H         SYMBOL        t
  X:02A5H         SYMBOL        temp
  X:02A6H         SYMBOL        enshow
  -------         ENDDO         
  C:5D1CH         LINE#         1434
  C:5D2AH         LINE#         1435
  C:5D2AH         LINE#         1437
  C:5D2FH         LINE#         1438
  C:5D44H         LINE#         1439
  C:5D44H         LINE#         1440
  C:5D6EH         LINE#         1441
  C:5D84H         LINE#         1442
  C:5D84H         LINE#         1443
  C:5D88H         LINE#         1444
  C:5D88H         LINE#         1445
  C:5DBEH         LINE#         1446
  C:5DF3H         LINE#         1447
  C:5DF5H         LINE#         1448
  C:5DFBH         LINE#         1450
  C:5DFBH         LINE#         1451
  C:5E3BH         LINE#         1452
  C:5E44H         LINE#         1453
  -------         ENDPROC       _LCD_SHOWXNUM
  -------         PROC          _LCD_SHOWSTRING
  X:02D0H         SYMBOL        x
  X:02D2H         SYMBOL        y
  X:02D4H         SYMBOL        width
  X:02D6H         SYMBOL        height
BL51 BANKED LINKER/LOCATER V6.22                                                      05/26/2020  14:21:34  PAGE 21


  X:02D8H         SYMBOL        size
  X:02D9H         SYMBOL        p
  -------         DO            
  X:02DCH         SYMBOL        x0
  -------         ENDDO         
  C:6435H         LINE#         1459
  C:6449H         LINE#         1460
  C:6449H         LINE#         1461
  C:6455H         LINE#         1462
  C:6461H         LINE#         1463
  C:6475H         LINE#         1464
  C:6495H         LINE#         1465
  C:6495H         LINE#         1466
  C:64C8H         LINE#         1467
  C:64DEH         LINE#         1468
  C:64F8H         LINE#         1469
  C:650CH         LINE#         1470
  C:6516H         LINE#         1471
  C:6519H         LINE#         1472
  -------         ENDPROC       _LCD_SHOWSTRING
  -------         PROC          _LCD_SHOWFONTHZ
  X:0034H         SYMBOL        x
  X:0036H         SYMBOL        y
  X:0038H         SYMBOL        cn
  -------         DO            
  D:0003H         SYMBOL        i
  D:0002H         SYMBOL        j
  X:003BH         SYMBOL        wordNum
  X:003CH         SYMBOL        color
  -------         ENDDO         
  C:5BF1H         LINE#         1485
  C:5C08H         LINE#         1486
  C:5C08H         LINE#         1489
  C:5C1BH         LINE#         1490
  C:5C1BH         LINE#         1491
  C:5C51H         LINE#         1492
  C:5C63H         LINE#         1493
  C:5C63H         LINE#         1494
  C:5CA4H         LINE#         1496
  C:5CA4H         LINE#         1498
  C:5CA5H         LINE#         1499
  C:5CA5H         LINE#         1500
  C:5CCCH         LINE#         1501
  C:5CCEH         LINE#         1502
  C:5CCEH         LINE#         1503
  C:5CD5H         LINE#         1504
  C:5CD5H         LINE#         1505
  C:5CD8H         LINE#         1506
  C:5CDAH         LINE#         1508
  C:5CDAH         LINE#         1509
  C:5CE0H         LINE#         1510
  C:5CE0H         LINE#         1511
  C:5CEDH         LINE#         1512
  C:5CF2H         LINE#         1513
  C:5CF7H         LINE#         1514
  C:5CF7H         LINE#         1515
  C:5D00H         LINE#         1516
BL51 BANKED LINKER/LOCATER V6.22                                                      05/26/2020  14:21:34  PAGE 22


  C:5D0AH         LINE#         1517
  C:5D18H         LINE#         1518
  C:5D1BH         LINE#         1519
  -------         ENDPROC       _LCD_SHOWFONTHZ
  -------         PROC          _LCD_SHOWPICTURE
  X:01E7H         SYMBOL        x
  X:01E9H         SYMBOL        y
  X:01EBH         SYMBOL        wide
  X:01EDH         SYMBOL        high
  X:01EFH         SYMBOL        pic
  -------         DO            
  X:01F2H         SYMBOL        temp
  X:01F4H         SYMBOL        tmp
  X:01F8H         SYMBOL        num
  -------         ENDDO         
  C:5AC4H         LINE#         1573
  C:5AD8H         LINE#         1574
  C:5AD8H         LINE#         1575
  C:5ADFH         LINE#         1576
  C:5AF1H         LINE#         1577
  C:5B38H         LINE#         1578
  C:5B5BH         LINE#         1580
  C:5B5BH         LINE#         1581
  C:5B88H         LINE#         1582
  C:5B91H         LINE#         1583
  C:5BABH         LINE#         1584
  C:5BAEH         LINE#         1585
  C:5BCBH         LINE#         1586
  C:5BCBH         LINE#         1587
  C:5BF0H         LINE#         1588
  -------         ENDPROC       _LCD_SHOWPICTURE
  -------         ENDMOD        TFTLCD

  -------         MODULE        TOUCH
  C:0000H         SYMBOL        _ICE_DUMMY_
  D:00A0H         PUBLIC        P2
  D:00B0H         PUBLIC        P3
  D:00A8H         PUBLIC        IE
  D:00B8H         PUBLIC        IP
  B:00A0H.0       PUBLIC        TOUCH_DOUT
  D:00D8H         PUBLIC        CCON
  X:02DDH         PUBLIC        xpt_xy
  C:7339H         PUBLIC        TOUCH_SPI_Read
  D:0098H         PUBLIC        SCON
  D:0088H         PUBLIC        TCON
  C:5281H         PUBLIC        _TOUCH_XPT_ReadData
  B:00A0H.1       PUBLIC        TOUCH_CLK
  C:7465H         PUBLIC        _TOUCH_SPI_Write
  B:00A0H.2       PUBLIC        TOUCH_DIN
  C:7509H         PUBLIC        TOUCH_SPI_Start
  C:5984H         PUBLIC        TOUCH_Scan
  C:5E45H         PUBLIC        TOUCH_XPT_ReadXY
  D:00D0H         PUBLIC        PSW
  B:00A0H.3       PUBLIC        TOUCH_CS
  -------         PROC          TOUCH_SPI_START
  C:7509H         LINE#         9
  C:7509H         LINE#         10
BL51 BANKED LINKER/LOCATER V6.22                                                      05/26/2020  14:21:34  PAGE 23


  C:7509H         LINE#         11
  C:750BH         LINE#         12
  C:750DH         LINE#         13
  C:750FH         LINE#         14
  C:7511H         LINE#         15
  C:7513H         LINE#         16
  -------         ENDPROC       TOUCH_SPI_START
  -------         PROC          _TOUCH_SPI_WRITE
  D:0007H         SYMBOL        dat
  -------         DO            
  D:0006H         SYMBOL        i
  -------         ENDDO         
  C:7465H         LINE#         18
  C:7465H         LINE#         19
  C:7465H         LINE#         21
  C:7467H         LINE#         22
  C:7469H         LINE#         23
  C:7469H         LINE#         24
  C:7474H         LINE#         25
  C:7478H         LINE#         26
  C:747AH         LINE#         28
  C:747CH         LINE#         30
  C:7481H         LINE#         31
  -------         ENDPROC       _TOUCH_SPI_WRITE
  -------         PROC          TOUCH_SPI_READ
  -------         DO            
  D:0004H         SYMBOL        i
  X:03B3H         SYMBOL        dat
  -------         ENDDO         
  C:7339H         LINE#         33
  C:7339H         LINE#         34
  C:7339H         LINE#         35
  C:7340H         LINE#         36
  C:7342H         LINE#         37
  C:7344H         LINE#         38
  C:7344H         LINE#         39
  C:7351H         LINE#         41
  C:7353H         LINE#         42
  C:7355H         LINE#         44
  C:7360H         LINE#         46
  C:736BH         LINE#         47
  C:7373H         LINE#         48
  -------         ENDPROC       TOUCH_SPI_READ
  -------         PROC          L?0046
  -------         ENDPROC       L?0046
  -------         PROC          _TOUCH_XPT_READDATA
  D:0003H         SYMBOL        cmd
  -------         DO            
  X:0156H         SYMBOL        i
  X:0157H         SYMBOL        j
  X:0158H         SYMBOL        readValue
  X:016CH         SYMBOL        endValue
  -------         ENDDO         
  C:5281H         LINE#         52
  C:5283H         LINE#         53
  C:5283H         LINE#         58
  C:5285H         LINE#         59
BL51 BANKED LINKER/LOCATER V6.22                                                      05/26/2020  14:21:34  PAGE 24


  C:5287H         LINE#         61
  C:528CH         LINE#         62
  C:528CH         LINE#         63
  C:5291H         LINE#         65
  C:52A0H         LINE#         66
  C:52A2H         LINE#         67
  C:52A3H         LINE#         68
  C:52A4H         LINE#         69
  C:52A6H         LINE#         70
  C:52A7H         LINE#         71
  C:52A8H         LINE#         73
  C:52BFH         LINE#         74
  C:52CBH         LINE#         75
  C:52CDH         LINE#         79
  C:52DFH         LINE#         80
  C:52DFH         LINE#         81
  C:52F0H         LINE#         82
  C:52F0H         LINE#         83
  C:531BH         LINE#         84
  C:531BH         LINE#         85
  C:5335H         LINE#         86
  C:535BH         LINE#         87
  C:5376H         LINE#         88
  C:5376H         LINE#         89
  C:537FH         LINE#         90
  C:5388H         LINE#         95
  C:5392H         LINE#         96
  C:5398H         LINE#         97
  C:5398H         LINE#         98
  C:53CFH         LINE#         99
  C:53D9H         LINE#         100
  C:53F6H         LINE#         102
  C:5400H         LINE#         103
  -------         ENDPROC       _TOUCH_XPT_READDATA
  -------         PROC          TOUCH_XPT_READXY
  -------         DO            
  X:033AH         SYMBOL        x1
  X:033CH         SYMBOL        x2
  X:033EH         SYMBOL        x
  X:0340H         SYMBOL        y1
  D:0004H         SYMBOL        y2
  X:0342H         SYMBOL        y
  -------         ENDDO         
  C:5E45H         LINE#         107
  C:5E45H         LINE#         108
  C:5E45H         LINE#         111
  C:5E48H         LINE#         113
  C:5E50H         LINE#         114
  C:5E5BH         LINE#         115
  C:5E63H         LINE#         116
  C:5E6AH         LINE#         120
  C:5E80H         LINE#         121
  C:5E80H         LINE#         122
  C:5E88H         LINE#         123
  C:5E8AH         LINE#         125
  C:5E8AH         LINE#         126
  C:5EA5H         LINE#         127
BL51 BANKED LINKER/LOCATER V6.22                                                      05/26/2020  14:21:34  PAGE 25


  C:5EA5H         LINE#         130
  C:5EB3H         LINE#         131
  C:5EB3H         LINE#         132
  C:5EB8H         LINE#         133
  C:5EBAH         LINE#         135
  C:5EBAH         LINE#         136
  C:5ECDH         LINE#         137
  C:5ECDH         LINE#         140
  C:5EEAH         LINE#         141
  C:5EEAH         LINE#         142
  C:5EEDH         LINE#         143
  C:5EEDH         LINE#         146
  C:5F0EH         LINE#         147
  C:5F27H         LINE#         149
  C:5F2EH         LINE#         150
  C:5F35H         LINE#         153
  C:5F53H         LINE#         154
  C:5F53H         LINE#         155
  C:5F56H         LINE#         156
  C:5F56H         LINE#         158
  C:5F58H         LINE#         159
  -------         ENDPROC       TOUCH_XPT_READXY
  -------         PROC          TOUCH_SCAN
  -------         DO            
  X:03A7H         SYMBOL        res
  X:03A8H         SYMBOL        temp
  -------         ENDDO         
  C:5984H         LINE#         163
  C:5984H         LINE#         164
  C:5984H         LINE#         165
  C:5989H         LINE#         168
  C:5992H         LINE#         169
  C:5992H         LINE#         172
  C:599BH         LINE#         173
  C:599BH         LINE#         175
  C:59ACH         LINE#         176
  C:59E1H         LINE#         177
  C:59F2H         LINE#         178
  C:5A1CH         LINE#         216
  C:5A1FH         LINE#         218
  C:5A1FH         LINE#         220
  C:5A36H         LINE#         221
  C:5A6BH         LINE#         222
  C:5A7CH         LINE#         223
  C:5AB1H         LINE#         261
  C:5AB1H         LINE#         278
  C:5AB7H         LINE#         279
  C:5AB7H         LINE#         280
  C:5AB9H         LINE#         282
  C:5ABEH         LINE#         283
  C:5AC3H         LINE#         284
  -------         ENDPROC       TOUCH_SCAN
  -------         ENDMOD        TOUCH

  -------         MODULE        GUI
  C:0000H         SYMBOL        _ICE_DUMMY_
  C:716CH         PUBLIC        _gui_pow
BL51 BANKED LINKER/LOCATER V6.22                                                      05/26/2020  14:21:34  PAGE 26


  D:00A0H         PUBLIC        P2
  D:00B0H         PUBLIC        P3
  C:6AA3H         PUBLIC        _gui_num2str
  C:40DAH         PUBLIC        _gui_show_ptstr
  D:00A8H         PUBLIC        IE
  C:5401H         PUBLIC        _gui_get_stringline
  D:00B8H         PUBLIC        IP
  C:6254H         PUBLIC        _gui_draw_bigpoint
  C:50B7H         PUBLIC        _gui_show_num
  C:7001H         PUBLIC        _gui_disabs
  C:3C30H         PUBLIC        _gui_fill_ellipse
  D:00D8H         PUBLIC        CCON
  C:2A9AH         PUBLIC        _gui_fill_circle
  C:22CCH         PUBLIC        _gui_draw_ellipse
  C:1C19H         PUBLIC        _gui_draw_arcrectangle
  D:0098H         PUBLIC        SCON
  C:615DH         PUBLIC        _gui_alphablend_area
  D:0088H         PUBLIC        TCON
  C:6348H         PUBLIC        _gui_alpha_blend565
  C:72C1H         PUBLIC        _gui_rgb332torgb565
  C:6970H         PUBLIC        _gui_draw_expoint
  C:3767H         PUBLIC        _gui_draw_bline
  C:4B1FH         PUBLIC        _gui_smooth_color
  C:6F13H         PUBLIC        _gui_draw_hline
  C:3E8CH         PUBLIC        _gui_show_ptchar
  C:6B62H         PUBLIC        _gui_draw_vline
  C:6E93H         PUBLIC        _gui_color_chg
  C:56F5H         PUBLIC        _gui_show_strmid
  C:583DH         PUBLIC        _gui_fill_colorblock
  C:4550H         PUBLIC        _gui_draw_line
  C:72FDH         PUBLIC        _gui_draw_point
  C:3519H         PUBLIC        _gui_draw_circle8
  C:4325H         PUBLIC        _gui_show_string
  C:6D15H         PUBLIC        _gui_fill_rectangle
  C:4EFCH         PUBLIC        _gui_draw_arc
  C:5F59H         PUBLIC        _gui_draw_smooth_rectangle
  C:6870H         PUBLIC        _gui_draw_rectangle
  C:26D0H         PUBLIC        _gui_draw_bline1
  D:00D0H         PUBLIC        PSW
  C:66CEH         PUBLIC        _gui_show_ptstrwhiterim
  -------         PROC          _GUI_COLOR_CHG
  X:0369H         SYMBOL        rgb
  -------         DO            
  X:036DH         SYMBOL        r
  X:036FH         SYMBOL        g
  D:0004H         SYMBOL        b
  -------         ENDDO         
  C:6E93H         LINE#         15
  C:6E99H         LINE#         16
  C:6E99H         LINE#         18
  C:6EB2H         LINE#         19
  C:6ED1H         LINE#         20
  C:6EECH         LINE#         21
  C:6F12H         LINE#         22
  -------         ENDPROC       _GUI_COLOR_CHG
  -------         PROC          _GUI_RGB332TORGB565
  D:0004H         SYMBOL        rgb332
BL51 BANKED LINKER/LOCATER V6.22                                                      05/26/2020  14:21:34  PAGE 27


  -------         DO            
  D:0002H         SYMBOL        rgb565
  -------         ENDDO         
  C:72C1H         LINE#         26
  C:72C5H         LINE#         27
  C:72C5H         LINE#         28
  C:72C9H         LINE#         29
  C:72DEH         LINE#         30
  C:72F3H         LINE#         31
  C:72F9H         LINE#         32
  C:72FCH         LINE#         33
  -------         ENDPROC       _GUI_RGB332TORGB565
  -------         PROC          _GUI_POW
  X:03A1H         SYMBOL        m
  X:03A2H         SYMBOL        n
  -------         DO            
  X:03A3H         SYMBOL        result
  -------         ENDDO         
  C:716CH         LINE#         35
  C:7174H         LINE#         36
  C:7174H         LINE#         37
  C:717CH         LINE#         38
  C:71A6H         LINE#         39
  C:71B4H         LINE#         40
  -------         ENDPROC       _GUI_POW
  -------         PROC          _GUI_DISABS
  X:0371H         SYMBOL        x1
  X:0375H         SYMBOL        x2
  C:7001H         LINE#         42
  C:7007H         LINE#         43
  C:7007H         LINE#         44
  C:706BH         LINE#         45
  -------         ENDPROC       _GUI_DISABS
  -------         PROC          _GUI_DRAW_POINT
  X:03ACH         SYMBOL        x0
  D:0004H         SYMBOL        y0
  D:0002H         SYMBOL        color
  -------         DO            
  X:03AEH         SYMBOL        tempcolor
  -------         ENDDO         
  C:72FDH         LINE#         51
  C:7305H         LINE#         52
  C:7305H         LINE#         53
  C:7314H         LINE#         54
  C:731EH         LINE#         55
  C:7329H         LINE#         56
  C:7338H         LINE#         57
  -------         ENDPROC       _GUI_DRAW_POINT
  -------         PROC          _GUI_ALPHABLEND_AREA
  X:0258H         SYMBOL        x
  X:025AH         SYMBOL        y
  X:025CH         SYMBOL        width
  X:025EH         SYMBOL        height
  X:0260H         SYMBOL        color
  X:0262H         SYMBOL        aval
  -------         DO            
  X:0263H         SYMBOL        i
BL51 BANKED LINKER/LOCATER V6.22                                                      05/26/2020  14:21:34  PAGE 28


  X:0265H         SYMBOL        j
  X:0267H         SYMBOL        tempcolor
  -------         ENDDO         
  C:615DH         LINE#         63
  C:6171H         LINE#         64
  C:6171H         LINE#         67
  C:6190H         LINE#         68
  C:6190H         LINE#         69
  C:61AFH         LINE#         70
  C:61AFH         LINE#         71
  C:61E2H         LINE#         72
  C:61F8H         LINE#         73
  C:622BH         LINE#         74
  C:623FH         LINE#         75
  C:6253H         LINE#         76
  -------         ENDPROC       _GUI_ALPHABLEND_AREA
  -------         PROC          _GUI_DRAW_BIGPOINT
  X:02A7H         SYMBOL        x0
  X:02A9H         SYMBOL        y0
  X:02ABH         SYMBOL        color
  -------         DO            
  X:02ADH         SYMBOL        i
  X:02AFH         SYMBOL        j
  X:02B1H         SYMBOL        x
  X:02B3H         SYMBOL        y
  -------         ENDDO         
  C:6254H         LINE#         82
  C:626AH         LINE#         83
  C:626AH         LINE#         86
  C:6285H         LINE#         87
  C:6294H         LINE#         88
  C:62B0H         LINE#         89
  C:62BFH         LINE#         90
  C:62E9H         LINE#         91
  C:62E9H         LINE#         92
  C:6337H         LINE#         93
  C:6347H         LINE#         94
  -------         ENDPROC       _GUI_DRAW_BIGPOINT
  -------         PROC          _GUI_DRAW_LINE
  X:00FEH         SYMBOL        x0
  X:0100H         SYMBOL        y0
  D:0002H         SYMBOL        x1
  X:0104H         SYMBOL        y1
  X:0106H         SYMBOL        color
  -------         DO            
  X:0108H         SYMBOL        t
  X:010AH         SYMBOL        xerr
  X:010CH         SYMBOL        yerr
  X:010EH         SYMBOL        delta_x
  X:0110H         SYMBOL        delta_y
  X:0112H         SYMBOL        distance
  X:0114H         SYMBOL        incx
  X:0116H         SYMBOL        incy
  X:0118H         SYMBOL        uRow
  X:011AH         SYMBOL        uCol
  -------         ENDDO         
  C:4550H         LINE#         98
BL51 BANKED LINKER/LOCATER V6.22                                                      05/26/2020  14:21:34  PAGE 29


  C:455EH         LINE#         99
  C:455EH         LINE#         101
  C:4569H         LINE#         104
  C:457EH         LINE#         105
  C:4599H         LINE#         106
  C:45A8H         LINE#         107
  C:45AEH         LINE#         108
  C:45CAH         LINE#         109
  C:45D6H         LINE#         110
  C:45EBH         LINE#         111
  C:4607H         LINE#         112
  C:4613H         LINE#         113
  C:4628H         LINE#         114
  C:464EH         LINE#         115
  C:4653H         LINE#         116
  C:4678H         LINE#         117
  C:4678H         LINE#         118
  C:4691H         LINE#         119
  C:46A5H         LINE#         120
  C:46B9H         LINE#         121
  C:46D5H         LINE#         122
  C:46D5H         LINE#         123
  C:46E1H         LINE#         124
  C:46F5H         LINE#         125
  C:46F5H         LINE#         126
  C:4711H         LINE#         127
  C:4711H         LINE#         128
  C:471DH         LINE#         129
  C:4731H         LINE#         130
  C:4731H         LINE#         131
  C:4742H         LINE#         132
  -------         ENDPROC       _GUI_DRAW_LINE
  -------         PROC          _GUI_DRAW_BLINE
  X:00A2H         SYMBOL        x1
  X:00A4H         SYMBOL        y1
  X:00A6H         SYMBOL        x2
  X:00A8H         SYMBOL        y2
  X:00AAH         SYMBOL        size
  X:00ABH         SYMBOL        color
  -------         DO            
  X:00ADH         SYMBOL        t
  X:00AFH         SYMBOL        xerr
  X:00B1H         SYMBOL        yerr
  X:00B3H         SYMBOL        delta_x
  X:00B5H         SYMBOL        delta_y
  X:00B7H         SYMBOL        distance
  X:00B9H         SYMBOL        incx
  X:00BBH         SYMBOL        incy
  X:00BDH         SYMBOL        uRow
  X:00BFH         SYMBOL        uCol
  -------         ENDDO         
  C:3767H         LINE#         137
  C:377BH         LINE#         138
  C:377BH         LINE#         140
  C:3786H         LINE#         142
  C:37CBH         LINE#         143
  C:37E4H         LINE#         144
BL51 BANKED LINKER/LOCATER V6.22                                                      05/26/2020  14:21:34  PAGE 30


  C:37FFH         LINE#         145
  C:381AH         LINE#         146
  C:3822H         LINE#         147
  C:3830H         LINE#         148
  C:384CH         LINE#         149
  C:3858H         LINE#         150
  C:386DH         LINE#         151
  C:3889H         LINE#         152
  C:3895H         LINE#         153
  C:38AAH         LINE#         154
  C:38D0H         LINE#         155
  C:38D5H         LINE#         156
  C:38FAH         LINE#         157
  C:38FAH         LINE#         158
  C:3921H         LINE#         159
  C:3935H         LINE#         160
  C:3949H         LINE#         161
  C:3985H         LINE#         162
  C:39C1H         LINE#         163
  C:39D2H         LINE#         164
  -------         ENDPROC       _GUI_DRAW_BLINE
  -------         PROC          _GUI_DRAW_BLINE1
  X:00C1H         SYMBOL        x0
  X:00C3H         SYMBOL        y0
  D:0002H         SYMBOL        x1
  X:00C7H         SYMBOL        y1
  X:00C9H         SYMBOL        size
  X:00CAH         SYMBOL        color
  -------         DO            
  X:00CCH         SYMBOL        t
  X:00CEH         SYMBOL        xerr
  X:00D0H         SYMBOL        yerr
  X:00D2H         SYMBOL        delta_x
  X:00D4H         SYMBOL        delta_y
  X:00D6H         SYMBOL        distance
  X:00D8H         SYMBOL        incx
  X:00DAH         SYMBOL        incy
  X:00DCH         SYMBOL        uRow
  X:00DEH         SYMBOL        uCol
  -------         ENDDO         
  C:26D0H         LINE#         170
  C:26DEH         LINE#         171
  C:26DEH         LINE#         173
  C:26E9H         LINE#         176
  C:26FEH         LINE#         177
  C:2719H         LINE#         178
  C:2728H         LINE#         179
  C:272EH         LINE#         180
  C:274AH         LINE#         181
  C:2756H         LINE#         182
  C:276BH         LINE#         183
  C:2787H         LINE#         184
  C:2793H         LINE#         185
  C:27A8H         LINE#         186
  C:27CEH         LINE#         187
  C:27D3H         LINE#         188
  C:27F8H         LINE#         189
BL51 BANKED LINKER/LOCATER V6.22                                                      05/26/2020  14:21:34  PAGE 31


  C:27F8H         LINE#         190
  C:2817H         LINE#         191
  C:2822H         LINE#         192
  C:2822H         LINE#         193
  C:283BH         LINE#         194
  C:285CH         LINE#         195
  C:287DH         LINE#         196
  C:28A4H         LINE#         197
  C:28A4H         LINE#         198
  C:28AFH         LINE#         199
  C:28AFH         LINE#         200
  C:28C8H         LINE#         201
  C:28E9H         LINE#         202
  C:290AH         LINE#         203
  C:2931H         LINE#         204
  C:2958H         LINE#         205
  C:297FH         LINE#         206
  C:29A6H         LINE#         207
  C:29C7H         LINE#         208
  C:29E8H         LINE#         209
  C:29E8H         LINE#         210
  C:29FCH         LINE#         211
  C:2A10H         LINE#         212
  C:2A2CH         LINE#         213
  C:2A2CH         LINE#         214
  C:2A38H         LINE#         215
  C:2A4CH         LINE#         216
  C:2A4CH         LINE#         217
  C:2A68H         LINE#         218
  C:2A68H         LINE#         219
  C:2A74H         LINE#         220
  C:2A88H         LINE#         221
  C:2A88H         LINE#         222
  C:2A99H         LINE#         223
  -------         ENDPROC       _GUI_DRAW_BLINE1
  C:6B5DH         SYMBOL        L?0318
  -------         PROC          L?0317
  -------         ENDPROC       L?0317
  C:6B5DH         SYMBOL        L?0318
  -------         PROC          _GUI_DRAW_VLINE
  X:0379H         SYMBOL        x0
  X:037BH         SYMBOL        y0
  X:037DH         SYMBOL        len
  X:037FH         SYMBOL        color
  C:6B62H         LINE#         228
  C:6B76H         LINE#         229
  C:6B76H         LINE#         230
  C:6BA4H         LINE#         231
  C:6BE2H         LINE#         232
  -------         ENDPROC       _GUI_DRAW_VLINE
  -------         PROC          _GUI_DRAW_HLINE
  X:0381H         SYMBOL        x0
  X:0383H         SYMBOL        y0
  D:0002H         SYMBOL        len
  X:0387H         SYMBOL        color
  C:6F13H         LINE#         237
  C:6F21H         LINE#         238
BL51 BANKED LINKER/LOCATER V6.22                                                      05/26/2020  14:21:34  PAGE 32


  C:6F21H         LINE#         239
  C:6F4FH         LINE#         240
  C:6F8DH         LINE#         241
  -------         ENDPROC       _GUI_DRAW_HLINE
  -------         PROC          _GUI_FILL_COLORBLOCK
  X:02B5H         SYMBOL        x0
  X:02B7H         SYMBOL        y0
  X:02B9H         SYMBOL        width
  X:02BBH         SYMBOL        height
  X:02BDH         SYMBOL        ctbl
  X:02C0H         SYMBOL        mode
  -------         DO            
  X:02C1H         SYMBOL        i
  -------         ENDDO         
  C:583DH         LINE#         248
  C:5851H         LINE#         249
  C:5851H         LINE#         251
  C:5869H         LINE#         252
  C:5873H         LINE#         253
  C:5873H         LINE#         254
  C:5891H         LINE#         255
  C:5891H         LINE#         256
  C:58EFH         LINE#         257
  C:5900H         LINE#         258
  C:5900H         LINE#         259
  C:5900H         LINE#         260
  C:591DH         LINE#         261
  C:591DH         LINE#         262
  C:5973H         LINE#         263
  C:5983H         LINE#         264
  C:5983H         LINE#         265
  -------         ENDPROC       _GUI_FILL_COLORBLOCK
  -------         PROC          _GUI_SMOOTH_COLOR
  X:011CH         SYMBOL        srgb
  X:0120H         SYMBOL        ergb
  X:0124H         SYMBOL        cbuf
  X:0127H         SYMBOL        len
  -------         DO            
  X:0129H         SYMBOL        sr
  X:012AH         SYMBOL        sg
  X:012BH         SYMBOL        sb
  X:012CH         SYMBOL        dr
  X:012EH         SYMBOL        dg
  X:0130H         SYMBOL        db
  X:0132H         SYMBOL        r
  X:0134H         SYMBOL        g
  X:0136H         SYMBOL        b
  X:0138H         SYMBOL        i
  -------         ENDDO         
  C:4B1FH         LINE#         271
  C:4B25H         LINE#         272
  C:4B25H         LINE#         276
  C:4B2CH         LINE#         277
  C:4B45H         LINE#         278
  C:4B5EH         LINE#         279
  C:4B6DH         LINE#         280
  C:4B90H         LINE#         281
BL51 BANKED LINKER/LOCATER V6.22                                                      05/26/2020  14:21:34  PAGE 33


  C:4BB3H         LINE#         282
  C:4BCBH         LINE#         283
  C:4BEAH         LINE#         284
  C:4BEAH         LINE#         285
  C:4C18H         LINE#         286
  C:4C43H         LINE#         287
  C:4C6EH         LINE#         288
  C:4C84H         LINE#         289
  C:4C9AH         LINE#         290
  C:4CB0H         LINE#         291
  C:4CF6H         LINE#         292
  C:4D07H         LINE#         293
  -------         ENDPROC       _GUI_SMOOTH_COLOR
  -------         PROC          _GUI_DRAW_SMOOTH_RECTANGLE
  X:01BAH         SYMBOL        x
  X:01BCH         SYMBOL        y
  X:01BEH         SYMBOL        width
  X:01C0H         SYMBOL        height
  X:01C2H         SYMBOL        srgb
  X:01C6H         SYMBOL        ergb
  -------         DO            
  X:01CAH         SYMBOL        i
  X:01CCH         SYMBOL        j
  X:01CEH         SYMBOL        colortbl
  -------         ENDDO         
  C:5F59H         LINE#         298
  C:5F6DH         LINE#         299
  C:5F6DH         LINE#         303
  C:5FB6H         LINE#         304
  C:5FD5H         LINE#         305
  C:5FD5H         LINE#         306
  C:5FF1H         LINE#         307
  C:5FF1H         LINE#         308
  C:6040H         LINE#         309
  C:6050H         LINE#         310
  C:6064H         LINE#         311
  -------         ENDPROC       _GUI_DRAW_SMOOTH_RECTANGLE
  -------         PROC          _GUI_DRAW_RECTANGLE
  X:0344H         SYMBOL        x0
  X:0346H         SYMBOL        y0
  X:0348H         SYMBOL        width
  X:034AH         SYMBOL        height
  X:034CH         SYMBOL        color
  C:6870H         LINE#         317
  C:6884H         LINE#         318
  C:6884H         LINE#         319
  C:689AH         LINE#         320
  C:68D7H         LINE#         321
  C:68FAH         LINE#         322
  -------         ENDPROC       _GUI_DRAW_RECTANGLE
  -------         PROC          _GUI_DRAW_ARCRECTANGLE
  X:0269H         SYMBOL        x
  X:026BH         SYMBOL        y
  X:026DH         SYMBOL        width
[...]
  C:5791H         LINE#         546
  C:583CH         LINE#         547
  -------         ENDPROC       _GUI_SHOW_STRMID
  -------         PROC          _GUI_SHOW_PTCHAR
  X:0189H         SYMBOL        x
  X:018BH         SYMBOL        y
  X:018DH         SYMBOL        xend
  X:018FH         SYMBOL        yend
BL51 BANKED LINKER/LOCATER V6.22                                                      05/26/2020  14:21:34  PAGE 39


  X:0191H         SYMBOL        offset
  X:0193H         SYMBOL        color
  X:0195H         SYMBOL        size
  X:0197H         SYMBOL        chr
  X:0198H         SYMBOL        mode
  -------         DO            
  X:0199H         SYMBOL        temp
  X:019AH         SYMBOL        t1
  X:019BH         SYMBOL        t
  X:019CH         SYMBOL        tempoff
  X:019EH         SYMBOL        y0
  X:01A0H         SYMBOL        csize
  -------         ENDDO         
  C:3E8CH         LINE#         557
  C:3EA4H         LINE#         558
  C:3EA4H         LINE#         562
  C:3EACH         LINE#         563
  C:3EEDH         LINE#         564
  C:3EFCH         LINE#         565
  C:3F01H         LINE#         566
  C:3F1DH         LINE#         567
  C:3F1DH         LINE#         568
  C:3F3BH         LINE#         569
  C:3F3BH         LINE#         570
  C:3F3BH         LINE#         571
  C:3F4BH         LINE#         572
  C:3F4DH         LINE#         573
  C:3F4DH         LINE#         574
  C:3F62H         LINE#         575
  C:3F64H         LINE#         576
  C:3F64H         LINE#         577
  C:3F8BH         LINE#         578
  C:3F8BH         LINE#         579
  C:3F8BH         LINE#         581
  C:3F8BH         LINE#         582
  C:3F9AH         LINE#         583
  C:3FB2H         LINE#         584
  C:3FBFH         LINE#         585
  C:3FBFH         LINE#         586
  C:3FC3H         LINE#         587
  C:3FC3H         LINE#         588
  C:3FD9H         LINE#         589
  C:3FD9H         LINE#         590
  C:3FE0H         LINE#         591
  C:3FE0H         LINE#         592
  C:3FFCH         LINE#         593
  C:400AH         LINE#         594
  C:402BH         LINE#         595
  C:402BH         LINE#         596
  C:4032H         LINE#         597
  C:4040H         LINE#         598
  C:4061H         LINE#         599
  C:4061H         LINE#         600
  C:4069H         LINE#         601
  C:4077H         LINE#         602
  C:4079H         LINE#         603
  C:4079H         LINE#         604
BL51 BANKED LINKER/LOCATER V6.22                                                      05/26/2020  14:21:34  PAGE 40


  C:408AH         LINE#         605
  C:408AH         LINE#         606
  C:408AH         LINE#         607
  C:4098H         LINE#         608
  C:40BAH         LINE#         609
  C:40BAH         LINE#         610
  C:40C2H         LINE#         611
  C:40D0H         LINE#         612
  C:40D0H         LINE#         613
  C:40D0H         LINE#         614
  C:40D9H         LINE#         615
  -------         ENDPROC       _GUI_SHOW_PTCHAR
  -------         PROC          _GUI_SHOW_NUM
  X:0289H         SYMBOL        x
  X:028BH         SYMBOL        y
  X:028DH         SYMBOL        len
  X:028EH         SYMBOL        color
  X:0290H         SYMBOL        size
  X:0291H         SYMBOL        num
  X:0295H         SYMBOL        mode
  -------         DO            
  X:0296H         SYMBOL        t
  X:0297H         SYMBOL        temp
  X:0298H         SYMBOL        enshow
  -------         ENDDO         
  C:50B7H         LINE#         626
  C:50C8H         LINE#         627
  C:50C8H         LINE#         629
  C:50CDH         LINE#         630
  C:50E2H         LINE#         631
  C:50E2H         LINE#         632
  C:5113H         LINE#         633
  C:512CH         LINE#         634
  C:512CH         LINE#         635
  C:5133H         LINE#         636
  C:5133H         LINE#         637
  C:5195H         LINE#         638
  C:51F1H         LINE#         639
  C:51F3H         LINE#         640
  C:51F9H         LINE#         642
  C:51F9H         LINE#         643
  C:5270H         LINE#         644
  C:5279H         LINE#         645
  -------         ENDPROC       _GUI_SHOW_NUM
  -------         PROC          _GUI_NUM2STR
  X:0358H         SYMBOL        str
  X:035BH         SYMBOL        num
  -------         DO            
  X:035FH         SYMBOL        t
  D:0007H         SYMBOL        temp
  X:0360H         SYMBOL        enrec
  -------         ENDDO         
  C:6AA3H         LINE#         650
  C:6AB2H         LINE#         651
  C:6AB2H         LINE#         653
  C:6AB7H         LINE#         654
  C:6AC5H         LINE#         655
BL51 BANKED LINKER/LOCATER V6.22                                                      05/26/2020  14:21:34  PAGE 41


  C:6AC5H         LINE#         656
  C:6AF3H         LINE#         657
  C:6B02H         LINE#         658
  C:6B02H         LINE#         659
  C:6B07H         LINE#         660
  C:6B0DH         LINE#         661
  C:6B0DH         LINE#         662
  C:6B20H         LINE#         663
  C:6B2AH         LINE#         664
  C:6B32H         LINE#         665
  C:6B41H         LINE#         666
  C:6B4CH         LINE#         667
  -------         ENDPROC       _GUI_NUM2STR
  -------         PROC          _GUI_SHOW_PTSTR
  X:020FH         SYMBOL        x
  X:0211H         SYMBOL        y
  X:0213H         SYMBOL        xend
  X:0215H         SYMBOL        yend
  X:0217H         SYMBOL        offset
  X:0219H         SYMBOL        color
  X:021BH         SYMBOL        size
  X:021CH         SYMBOL        str
  X:021FH         SYMBOL        mode
  -------         DO            
  X:0220H         SYMBOL        bHz
  X:0221H         SYMBOL        EnDisp
  -------         ENDDO         
  C:40DAH         LINE#         677
  C:40EEH         LINE#         678
  C:40EEH         LINE#         679
  C:40F3H         LINE#         680
  C:40F5H         LINE#         681
  C:4109H         LINE#         682
  C:4109H         LINE#         683
  C:4112H         LINE#         684
  C:4112H         LINE#         685
  C:411DH         LINE#         687
  C:411DH         LINE#         688
  C:4123H         LINE#         689
  C:4123H         LINE#         690
  C:413AH         LINE#         691
  C:413AH         LINE#         692
  C:4147H         LINE#         693
  C:4149H         LINE#         694
  C:4149H         LINE#         695
  C:4160H         LINE#         696
  C:4166H         LINE#         697
  C:4166H         LINE#         698
  C:4166H         LINE#         699
  C:4171H         LINE#         700
  C:4171H         LINE#         701
  C:41DEH         LINE#         702
  C:4211H         LINE#         703
  C:4219H         LINE#         704
  C:4224H         LINE#         705
  C:4224H         LINE#         706
  C:4231H         LINE#         707
BL51 BANKED LINKER/LOCATER V6.22                                                      05/26/2020  14:21:34  PAGE 42


  C:4238H         LINE#         708
  C:4238H         LINE#         709
  C:4238H         LINE#         710
  C:4250H         LINE#         711
  C:4257H         LINE#         712
  C:4257H         LINE#         713
  C:425AH         LINE#         714
  C:425AH         LINE#         715
  C:425FH         LINE#         716
  C:4263H         LINE#         717
  C:4263H         LINE#         718
  C:4278H         LINE#         719
  C:4278H         LINE#         720
  C:4285H         LINE#         721
  C:4287H         LINE#         722
  C:4287H         LINE#         723
  C:429EH         LINE#         724
  C:42A4H         LINE#         725
  C:42A4H         LINE#         726
  C:42A4H         LINE#         727
  C:42AAH         LINE#         728
  C:42AAH         LINE#         730
  C:42DBH         LINE#         731
  C:42E3H         LINE#         732
  C:42EEH         LINE#         733
  C:42EEH         LINE#         734
  C:42FBH         LINE#         735
  C:4302H         LINE#         736
  C:4302H         LINE#         737
  C:4302H         LINE#         738
  C:4317H         LINE#         739
  C:4321H         LINE#         740
  C:4321H         LINE#         741
  C:4324H         LINE#         742
  -------         ENDPROC       _GUI_SHOW_PTSTR
  -------         PROC          _GUI_SHOW_PTSTRWHITERIM
  X:0246H         SYMBOL        x
  X:0248H         SYMBOL        y
  X:024AH         SYMBOL        xend
  X:024CH         SYMBOL        yend
  X:024EH         SYMBOL        offset
  X:0250H         SYMBOL        color
  X:0252H         SYMBOL        rimcolor
  X:0254H         SYMBOL        size
  X:0255H         SYMBOL        str
  C:66CEH         LINE#         752
  C:66E2H         LINE#         753
  C:66E2H         LINE#         754
  C:6739H         LINE#         755
  -------         ENDPROC       _GUI_SHOW_PTSTRWHITERIM
  -------         PROC          _GUI_GET_STRINGLINE
  X:030FH         SYMBOL        str
  X:0312H         SYMBOL        linelenth
  X:0314H         SYMBOL        font
  -------         DO            
  X:0315H         SYMBOL        xpos
  X:0317H         SYMBOL        lincnt
BL51 BANKED LINKER/LOCATER V6.22                                                      05/26/2020  14:21:34  PAGE 43


  -------         ENDDO         
  C:5401H         LINE#         763
  C:5414H         LINE#         764
  C:5414H         LINE#         765
  C:541BH         LINE#         766
  C:5423H         LINE#         767
  C:5439H         LINE#         768
  C:5469H         LINE#         769
  C:5469H         LINE#         770
  C:5489H         LINE#         771
  C:5489H         LINE#         772
  C:5498H         LINE#         773
  C:549FH         LINE#         774
  C:54BEH         LINE#         775
  C:54C5H         LINE#         776
  C:54DBH         LINE#         777
  C:54DBH         LINE#         778
  C:54EEH         LINE#         779
  C:54F8H         LINE#         780
  C:5510H         LINE#         781
  C:5510H         LINE#         782
  C:5510H         LINE#         783
  C:5510H         LINE#         784
  C:5510H         LINE#         785
  C:5512H         LINE#         786
  C:5512H         LINE#         787
  C:5527H         LINE#         788
  C:5531H         LINE#         789
  C:5549H         LINE#         790
  C:5549H         LINE#         791
  C:554EH         LINE#         792
  C:556BH         LINE#         793
  C:556BH         LINE#         794
  C:556BH         LINE#         795
  C:556EH         LINE#         796
  C:557CH         LINE#         797
  -------         ENDPROC       _GUI_GET_STRINGLINE
  -------         PROC          _GUI_SHOW_STRING
  X:01D1H         SYMBOL        str
  X:01D4H         SYMBOL        x
  X:01D6H         SYMBOL        y
  X:01D8H         SYMBOL        width
  X:01DAH         SYMBOL        height
  X:01DCH         SYMBOL        font
  X:01DDH         SYMBOL        fcolor
  -------         DO            
  X:01DFH         SYMBOL        xpos
  X:01E1H         SYMBOL        ypos
  X:01E3H         SYMBOL        endx
  X:01E5H         SYMBOL        endy
  -------         ENDDO         
  C:4325H         LINE#         804
  C:4336H         LINE#         805
  C:4336H         LINE#         806
  C:4346H         LINE#         807
  C:4356H         LINE#         808
  C:4370H         LINE#         809
BL51 BANKED LINKER/LOCATER V6.22                                                      05/26/2020  14:21:34  PAGE 44


  C:438AH         LINE#         810
  C:43A2H         LINE#         811
  C:43B5H         LINE#         812
  C:43B5H         LINE#         813
  C:43C9H         LINE#         814
  C:43C9H         LINE#         815
  C:43D8H         LINE#         816
  C:43DFH         LINE#         817
  C:43EEH         LINE#         818
  C:4400H         LINE#         819
  C:4414H         LINE#         820
  C:4414H         LINE#         821
  C:443CH         LINE#         822
  C:443CH         LINE#         823
  C:444BH         LINE#         824
  C:4457H         LINE#         825
  C:4457H         LINE#         827
  C:4469H         LINE#         828
  C:4470H         LINE#         830
  C:4473H         LINE#         831
  C:4473H         LINE#         832
  C:449DH         LINE#         833
  C:449DH         LINE#         834
  C:44ACH         LINE#         835
  C:44B9H         LINE#         836
  C:44B9H         LINE#         837
  C:4518H         LINE#         838
  C:452CH         LINE#         839
  C:4536H         LINE#         840
  C:4536H         LINE#         841
  C:454FH         LINE#         843
  -------         ENDPROC       _GUI_SHOW_STRING
  -------         ENDMOD        GUI

  -------         MODULE        ?C?CLDPTR
  C:319FH         PUBLIC        ?C?CLDPTR
  -------         ENDMOD        ?C?CLDPTR

  -------         MODULE        ?C?CLDOPTR
  C:31B8H         PUBLIC        ?C?CLDOPTR
  -------         ENDMOD        ?C?CLDOPTR

  -------         MODULE        ?C?CSTPTR
  C:31E5H         PUBLIC        ?C?CSTPTR
  -------         ENDMOD        ?C?CSTPTR

  -------         MODULE        ?C?IMUL
  C:31F7H         PUBLIC        ?C?IMUL
  -------         ENDMOD        ?C?IMUL

  -------         MODULE        ?C?UIDIV
  C:3209H         PUBLIC        ?C?UIDIV
  -------         ENDMOD        ?C?UIDIV

  -------         MODULE        ?C?IILDX
  C:325EH         PUBLIC        ?C?IILDX
  -------         ENDMOD        ?C?IILDX
BL51 BANKED LINKER/LOCATER V6.22                                                      05/26/2020  14:21:34  PAGE 45



  -------         MODULE        ?C?ILDIX
  C:3274H         PUBLIC        ?C?ILDIX
  -------         ENDMOD        ?C?ILDIX

  -------         MODULE        ?C?ILDOPTR
  C:328AH         PUBLIC        ?C?ILDOPTR
  -------         ENDMOD        ?C?ILDOPTR

  -------         MODULE        ?C?ISTOPTR
  C:32C2H         PUBLIC        ?C?ISTOPTR
  -------         ENDMOD        ?C?ISTOPTR

  -------         MODULE        ?C?LMUL
  C:32EFH         PUBLIC        ?C?LMUL
  -------         ENDMOD        ?C?LMUL

  -------         MODULE        ?C?ULDIV
  C:337AH         PUBLIC        ?C?ULDIV
  -------         ENDMOD        ?C?ULDIV

  -------         MODULE        ?C?SLDIV
  C:71FDH         PUBLIC        ?C?SLDIV
  -------         ENDMOD        ?C?SLDIV

  -------         MODULE        ?C?SLCMP
  C:340CH         PUBLIC        ?C?SLCMP
  -------         ENDMOD        ?C?SLCMP

  -------         MODULE        ?C?ULCMP
  C:3422H         PUBLIC        ?C?ULCMP
  -------         ENDMOD        ?C?ULCMP

  -------         MODULE        ?C?ULSHR
  C:3433H         PUBLIC        ?C?ULSHR
  -------         ENDMOD        ?C?ULSHR

  -------         MODULE        ?C?LSTXDATA
  C:3446H         PUBLIC        ?C?LSTXDATA
  -------         ENDMOD        ?C?LSTXDATA

  -------         MODULE        ?C?LSTKXDATA
  C:3452H         PUBLIC        ?C?LSTKXDATA
  -------         ENDMOD        ?C?LSTKXDATA

  -------         MODULE        ?C?LIMUL
  C:3483H         PUBLIC        ?C?LIMUL
  -------         ENDMOD        ?C?LIMUL

  -------         MODULE        PRINTF
  X:0034H         PUBLIC        ?_PRINTF517?BYTE
  X:0034H         PUBLIC        ?_PRINTF?BYTE
  X:0034H         PUBLIC        ?_SPRINTF517?BYTE
  X:0034H         PUBLIC        ?_SPRINTF?BYTE
  C:2EA5H         PUBLIC        _PRINTF
  C:2EA5H         PUBLIC        _PRINTF517
  C:2E9FH         PUBLIC        _SPRINTF
BL51 BANKED LINKER/LOCATER V6.22                                                      05/26/2020  14:21:34  PAGE 46


  C:2E9FH         PUBLIC        _SPRINTF517
  -------         ENDMOD        PRINTF

  -------         MODULE        STRLEN
  C:74B2H         PUBLIC        _STRLEN
  -------         ENDMOD        STRLEN

  -------         MODULE        ?C?PLDIXDATA
  C:34B0H         PUBLIC        ?C?PLDIXDATA
  -------         ENDMOD        ?C?PLDIXDATA

  -------         MODULE        ?C?PSTXDATA
  C:34C7H         PUBLIC        ?C?PSTXDATA
  -------         ENDMOD        ?C?PSTXDATA

  -------         MODULE        ?C?CCASE
  C:34D0H         PUBLIC        ?C?CCASE
  -------         ENDMOD        ?C?CCASE

  -------         MODULE        PUTCHAR
  C:73D6H         PUBLIC        _PUTCHAR
  -------         ENDMOD        PUTCHAR

*** WARNING L16: UNCALLED SEGMENT, IGNORED FOR OVERLAY PROCESS
    SEGMENT: ?PR?_UART_CMD?UART

*** WARNING L16: UNCALLED SEGMENT, IGNORED FOR OVERLAY PROCESS
    SEGMENT: ?PR?_UART_SENDSTRING?UART

*** WARNING L16: UNCALLED SEGMENT, IGNORED FOR OVERLAY PROCESS
    SEGMENT: ?PR?_DELAY?TFTLCD

*** WARNING L16: UNCALLED SEGMENT, IGNORED FOR OVERLAY PROCESS
    SEGMENT: ?PR?_LCD_COLOR_FILL?TFTLCD

*** WARNING L16: UNCALLED SEGMENT, IGNORED FOR OVERLAY PROCESS
    SEGMENT: ?PR?_LCD_DRAWBIGPOINT?TFTLCD

*** WARNING L16: UNCALLED SEGMENT, IGNORED FOR OVERLAY PROCESS
    SEGMENT: ?PR?_LCD_DRAWLINE_COLOR?TFTLCD

*** WARNING L16: UNCALLED SEGMENT, IGNORED FOR OVERLAY PROCESS
    SEGMENT: ?PR?_LCD_DROWSIGN?TFTLCD

*** WARNING L16: UNCALLED SEGMENT, IGNORED FOR OVERLAY PROCESS
    SEGMENT: ?PR?_LCD_DRAWRECTANGLE?TFTLCD

*** WARNING L16: UNCALLED SEGMENT, IGNORED FOR OVERLAY PROCESS
    SEGMENT: ?PR?_LCD_DRAW_CIRCLE?TFTLCD

*** WARNING L16: UNCALLED SEGMENT, IGNORED FOR OVERLAY PROCESS
    SEGMENT: ?PR?_LCD_SHOWNUM?TFTLCD

*** WARNING L16: UNCALLED SEGMENT, IGNORED FOR OVERLAY PROCESS
    SEGMENT: ?PR?_LCD_SHOWXNUM?TFTLCD

*** WARNING L16: UNCALLED SEGMENT, IGNORED FOR OVERLAY PROCESS
BL51 BANKED LINKER/LOCATER V6.22                                                      05/26/2020  14:21:34  PAGE 47


    SEGMENT: ?PR?_LCD_SHOWSTRING?TFTLCD

*** WARNING L16: UNCALLED SEGMENT, IGNORED FOR OVERLAY PROCESS
    SEGMENT: ?PR?_LCD_SHOWPICTURE?TFTLCD

*** WARNING L16: UNCALLED SEGMENT, IGNORED FOR OVERLAY PROCESS
    SEGMENT: ?PR?TOUCH_SCAN?TOUCH

*** WARNING L16: UNCALLED SEGMENT, IGNORED FOR OVERLAY PROCESS
    SEGMENT: ?PR?_GUI_COLOR_CHG?GUI

*** WARNING L16: UNCALLED SEGMENT, IGNORED FOR OVERLAY PROCESS
    SEGMENT: ?PR?_GUI_RGB332TORGB565?GUI

*** WARNING L16: UNCALLED SEGMENT, IGNORED FOR OVERLAY PROCESS
    SEGMENT: ?PR?_GUI_DISABS?GUI

*** WARNING L16: UNCALLED SEGMENT, IGNORED FOR OVERLAY PROCESS
    SEGMENT: ?PR?_GUI_DRAW_POINT?GUI

*** WARNING L16: UNCALLED SEGMENT, IGNORED FOR OVERLAY PROCESS
    SEGMENT: ?PR?_GUI_ALPHABLEND_AREA?GUI

*** WARNING L16: UNCALLED SEGMENT, IGNORED FOR OVERLAY PROCESS
    SEGMENT: ?PR?_GUI_DRAW_BLINE?GUI

*** WARNING L16: UNCALLED SEGMENT, IGNORED FOR OVERLAY PROCESS
    SEGMENT: ?PR?_GUI_DRAW_BLINE1?GUI

*** WARNING L16: UNCALLED SEGMENT, IGNORED FOR OVERLAY PROCESS
    SEGMENT: ?PR?_GUI_FILL_COLORBLOCK?GUI

*** WARNING L16: UNCALLED SEGMENT, IGNORED FOR OVERLAY PROCESS
    SEGMENT: ?PR?_GUI_DRAW_SMOOTH_RECTANGLE?GUI

*** WARNING L16: UNCALLED SEGMENT, IGNORED FOR OVERLAY PROCESS
    SEGMENT: ?PR?_GUI_DRAW_RECTANGLE?GUI

*** WARNING L16: UNCALLED SEGMENT, IGNORED FOR OVERLAY PROCESS
    SEGMENT: ?PR?_GUI_DRAW_ARCRECTANGLE?GUI

*** WARNING L16: UNCALLED SEGMENT, IGNORED FOR OVERLAY PROCESS
    SEGMENT: ?PR?_GUI_DRAW_ELLIPSE?GUI

*** WARNING L16: UNCALLED SEGMENT, IGNORED FOR OVERLAY PROCESS
    SEGMENT: ?PR?_GUI_FILL_ELLIPSE?GUI

*** WARNING L16: UNCALLED SEGMENT, IGNORED FOR OVERLAY PROCESS
    SEGMENT: ?PR?_GUI_SHOW_STRMID?GUI

*** WARNING L16: UNCALLED SEGMENT, IGNORED FOR OVERLAY PROCESS
    SEGMENT: ?PR?_GUI_SHOW_NUM?GUI

*** WARNING L16: UNCALLED SEGMENT, IGNORED FOR OVERLAY PROCESS
    SEGMENT: ?PR?_GUI_NUM2STR?GUI

*** WARNING L16: UNCALLED SEGMENT, IGNORED FOR OVERLAY PROCESS
BL51 BANKED LINKER/LOCATER V6.22                                                      05/26/2020  14:21:34  PAGE 48


    SEGMENT: ?PR?_GUI_SHOW_PTSTRWHITERIM?GUI

*** WARNING L16: UNCALLED SEGMENT, IGNORED FOR OVERLAY PROCESS
    SEGMENT: ?PR?_GUI_GET_STRINGLINE?GUI

*** WARNING L16: UNCALLED SEGMENT, IGNORED FOR OVERLAY PROCESS
    SEGMENT: ?PR?_GUI_SHOW_STRING?GUI

Program Size: data=15.1 xdata=949 code=29986
LINK/LOCATE RUN COMPLETE.  33 WARNING(S),  0 ERROR(S)
