BL51 BANKED LINKER/LOCATER V6.22                                                        09/22/2021  11:17:15  PAGE 1


BL51 BANKED LINKER/LOCATER V6.22, INVOKED BY:
D:\YZ\KEILC51\C51\BIN\BL51.EXE .\Output\main.obj, .\Output\public.obj, .\Output\uart.obj, .\Output\tftlcd.obj, .\Output\
>> touch.obj, .\Output\gui.obj TO .\Output\template PRINT (.\template.m51) RAMSIZE (256)


MEMORY MODEL: LARGE


INPUT MODULES INCLUDED:
  .\Output\main.obj (MAIN)
  .\Output\public.obj (PUBLIC)
  .\Output\uart.obj (UART)
  .\Output\tftlcd.obj (TFTLCD)
  .\Output\touch.obj (TOUCH)
  .\Output\gui.obj (GUI)
  D:\YZ\KEILC51\C51\LIB\C51L.LIB (?C_STARTUP)
  D:\YZ\KEILC51\C51\LIB\C51L.LIB (?C?CLDPTR)
  D:\YZ\KEILC51\C51\LIB\C51L.LIB (?C?CLDOPTR)
  D:\YZ\KEILC51\C51\LIB\C51L.LIB (?C?CSTPTR)
  D:\YZ\KEILC51\C51\LIB\C51L.LIB (?C?CSTOPTR)
  D:\YZ\KEILC51\C51\LIB\C51L.LIB (?C?IMUL)
  D:\YZ\KEILC51\C51\LIB\C51L.LIB (?C?UIDIV)
  D:\YZ\KEILC51\C51\LIB\C51L.LIB (?C?SIDIV)
  D:\YZ\KEILC51\C51\LIB\C51L.LIB (?C?IILDX)
  D:\YZ\KEILC51\C51\LIB\C51L.LIB (?C?ILDIX)
  D:\YZ\KEILC51\C51\LIB\C51L.LIB (?C?ILDOPTR)
  D:\YZ\KEILC51\C51\LIB\C51L.LIB (?C?ISTOPTR)
  D:\YZ\KEILC51\C51\LIB\C51L.LIB (?C?LMUL)
  D:\YZ\KEILC51\C51\LIB\C51L.LIB (?C?ULDIV)
  D:\YZ\KEILC51\C51\LIB\C51L.LIB (?C?SLDIV)
  D:\YZ\KEILC51\C51\LIB\C51L.LIB (?C?SLCMP)
  D:\YZ\KEILC51\C51\LIB\C51L.LIB (?C?ULCMP)
  D:\YZ\KEILC51\C51\LIB\C51L.LIB (?C?ULSHR)
  D:\YZ\KEILC51\C51\LIB\C51L.LIB (?C?LSTXDATA)
  D:\YZ\KEILC51\C51\LIB\C51L.LIB (?C?LSTKXDATA)
  D:\YZ\KEILC51\C51\LIB\C51L.LIB (?C?LIMUL)
  D:\YZ\KEILC51\C51\LIB\C51L.LIB (PRINTF)
  D:\YZ\KEILC51\C51\LIB\C51L.LIB (?C?STRCMP)
  D:\YZ\KEILC51\C51\LIB\C51L.LIB (?C?STRCPY)
  D:\YZ\KEILC51\C51\LIB\C51L.LIB (STRLEN)
  D:\YZ\KEILC51\C51\LIB\C51L.LIB (ATOI)
  D:\YZ\KEILC51\C51\LIB\C51L.LIB (?C_INIT)
  D:\YZ\KEILC51\C51\LIB\C51L.LIB (?C?PLDIXDATA)
  D:\YZ\KEILC51\C51\LIB\C51L.LIB (?C?PSTXDATA)
  D:\YZ\KEILC51\C51\LIB\C51L.LIB (?C?CCASE)
  D:\YZ\KEILC51\C51\LIB\C51L.LIB (PUTCHAR)
  D:\YZ\KEILC51\C51\LIB\C51L.LIB (ISDIGIT)
  D:\YZ\KEILC51\C51\LIB\C51L.LIB (ISSPACE)


LINK MAP OF MODULE:  .\Output\template (MAIN)


            TYPE    BASE      LENGTH    RELOCATION   SEGMENT NAME
            -----------------------------------------------------

            * * * * * * *   D A T A   M E M O R Y   * * * * * * *
            REG     0000H     0008H     ABSOLUTE     "REG BANK 0"
BL51 BANKED LINKER/LOCATER V6.22                                                      09/22/2021  11:17:15  PAGE 2


            DATA    0008H     0005H     UNIT         _DATA_GROUP_
                    000DH     0013H                  *** GAP ***
            BIT     0020H.0   0001H.1   UNIT         _BIT_GROUP_
                    0021H.1   0000H.7                *** GAP ***
            IDATA   0022H     0001H     UNIT         ?STACK

            * * * * * * *  X D A T A   M E M O R Y  * * * * * * *
            XDATA   0000H     009AH     UNIT         _XDATA_GROUP_
            XDATA   009AH     0034H     UNIT         ?XD?UART
            XDATA   00CEH     0024H     UNIT         ?XD?_GUI_DRAW_ELLIPSE?GUI
            XDATA   00F2H     0022H     UNIT         ?XD?MAIN
            XDATA   0114H     0022H     UNIT         ?XD?_GUI_FILL_ELLIPSE?GUI
            XDATA   0136H     001FH     UNIT         ?XD?_GUI_DRAW_BLINE?GUI
            XDATA   0155H     001FH     UNIT         ?XD?_GUI_DRAW_BLINE1?GUI
            XDATA   0174H     001EH     UNIT         ?XD?_LCD_DRAWLINE_COLOR?TFTLCD
            XDATA   0192H     001EH     UNIT         ?XD?_GUI_DRAW_LINE?GUI
            XDATA   01B0H     001EH     UNIT         ?XD?_GUI_SMOOTH_COLOR?GUI
            XDATA   01CEH     001CH     UNIT         ?XD?_LCD_DRAWLINE?TFTLCD
            XDATA   01EAH     0018H     UNIT         ?XD?_GUI_FILL_CIRCLE?GUI
            XDATA   0202H     0017H     UNIT         ?XD?_GUI_DRAW_SMOOTH_RECTANGLE?GUI
            XDATA   0219H     0016H     UNIT         ?XD?_GUI_SHOW_STRING?GUI
            XDATA   022FH     0015H     UNIT         ?XD?_LCD_SHOWPICTURE?TFTLCD
            XDATA   0244H     0013H     UNIT         ?XD?_LCD_COLOR_FILL?TFTLCD
            XDATA   0257H     0013H     UNIT         ?XD?_GUI_SHOW_STRMIDEX?GUI
            XDATA   026AH     0012H     UNIT         ?XD?_GUI_SHOW_PTSTRWHITERIM?GUI
            XDATA   027CH     0011H     UNIT         ?XD?_GUI_ALPHABLEND_AREA?GUI
            XDATA   028DH     0010H     UNIT         ?XD?_GUI_SHOW_NUM?GUI
            XDATA   029DH     000EH     UNIT         ?XD?_LCD_SHOWXNUM?TFTLCD
            XDATA   02ABH     000EH     UNIT         ?XD?_GUI_FILL_COLORBLOCK?GUI
            XDATA   02B9H     000DH     UNIT         ?XD?_LCD_SHOWNUM?TFTLCD
            XDATA   02C6H     000DH     UNIT         ?XD?TOUCH
            XDATA   02D3H     000DH     UNIT         ?XD?_GUI_ALPHA_BLEND565?GUI
            XDATA   02E0H     000CH     UNIT         ?XD?_GUI_GET_STRINGLINE?GUI
            XDATA   02ECH     000BH     UNIT         ?XD?TFTLCD
            XDATA   02F7H     000AH     UNIT         ?XD?_LCD_READPOINT?TFTLCD
            XDATA   0301H     000AH     UNIT         ?XD?_LCD_DRAW_CIRCLE?TFTLCD
            XDATA   030BH     000AH     UNIT         ?XD?_LCD_SHOWFONTHZ?TFTLCD
            XDATA   0315H     000AH     UNIT         ?XD?_GUI_DRAW_RECTANGLE?GUI
            XDATA   031FH     0009H     UNIT         ?XD?_GUI_NUM2STR?GUI
            XDATA   0328H     0008H     UNIT         ?XD?_LCD_DRAWRECTANGLE?TFTLCD
            XDATA   0330H     0008H     UNIT         ?XD?_GUI_COLOR_CHG?GUI
            XDATA   0338H     0008H     UNIT         ?XD?_GUI_DISABS?GUI
            XDATA   0340H     0006H     UNIT         ?XD?_LCD_DRAWBIGPOINT?TFTLCD
            XDATA   0346H     0006H     UNIT         ?XD?_LCD_DROWSIGN?TFTLCD
            XDATA   034CH     0006H     UNIT         ?XD?_LCD_POW?TFTLCD
            XDATA   0352H     0006H     UNIT         ?XD?_GUI_POW?GUI
            XDATA   0358H     0004H     UNIT         ?XD?_GUI_DRAW_POINT?GUI
            XDATA   035CH     0003H     UNIT         ?XD?_UART_SENDSTRING?UART

            * * * * * * *   C O D E   M E M O R Y   * * * * * * *
            CODE    0000H     0003H     ABSOLUTE     
            CODE    0003H     001FH     UNIT         ?PR?_DELAY?TFTLCD
                    0022H     0001H                  *** GAP ***
            CODE    0023H     0003H     ABSOLUTE     
            CODE    0026H     1BF3H     UNIT         ?CO?TFTLCD
            CODE    1C19H     0BB2H     UNIT         ?PR?CALCULATOR_TEST?MAIN
            CODE    27CBH     06B3H     UNIT         ?PR?_GUI_DRAW_ARCRECTANGLE?GUI
BL51 BANKED LINKER/LOCATER V6.22                                                      09/22/2021  11:17:15  PAGE 3


            CODE    2E7EH     0633H     UNIT         ?C?LIB_CODE
            CODE    34B1H     0404H     UNIT         ?PR?_GUI_DRAW_ELLIPSE?GUI
            CODE    38B5H     03CAH     UNIT         ?PR?_GUI_DRAW_BLINE1?GUI
            CODE    3C7FH     03A0H     UNIT         ?PR?_GUI_FILL_CIRCLE?GUI
            CODE    401FH     0365H     UNIT         ?PR?PRINTF?PRINTF
            CODE    4384H     0271H     UNIT         ?PR?_GUI_DRAW_CIRCLE8?GUI
            CODE    45F5H     026CH     UNIT         ?PR?_GUI_DRAW_BLINE?GUI
            CODE    4861H     025DH     UNIT         ?PR?TFTLCD_INIT?TFTLCD
            CODE    4ABEH     025CH     UNIT         ?PR?_GUI_FILL_ELLIPSE?GUI
            CODE    4D1AH     0253H     UNIT         ?PR?_GUI_SHOW_PTCHAR?GUI
            CODE    4F6DH     0246H     UNIT         ?PR?_GUI_SHOW_PTSTR?GUI
            CODE    51B3H     0226H     UNIT         ?PR?_GUI_SHOW_STRING?GUI
            CODE    53D9H     021CH     UNIT         ?PR?_GUI_SHOW_STRINGEX?GUI
            CODE    55F5H     020CH     UNIT         ?PR?_MULTIEDIT_CREATE?MAIN
            CODE    5801H     01F3H     UNIT         ?PR?_GUI_DRAW_LINE?GUI
            CODE    59F4H     01EFH     UNIT         ?PR?_LCD_DRAWLINE?TFTLCD
            CODE    5BE3H     01EDH     UNIT         ?PR?_LCD_DRAWLINE_COLOR?TFTLCD
            CODE    5DD0H     01E9H     UNIT         ?PR?_GUI_SMOOTH_COLOR?GUI
            CODE    5FB9H     01D8H     UNIT         ?PR?_LCD_DRAW_CIRCLE?TFTLCD
            CODE    6191H     01D7H     UNIT         ?PR?_GUI_DRAW_ARC?GUI
            CODE    6368H     01C3H     UNIT         ?PR?_GUI_SHOW_NUM?GUI
            CODE    652BH     0187H     UNIT         ?PR?_TOUCH_XPT_READDATA?TOUCH
            CODE    66B2H     017CH     UNIT         ?PR?_GUI_GET_STRINGLINE?GUI
            CODE    682EH     0178H     UNIT         ?PR?_LCD_SHOWCHAR?TFTLCD
            CODE    69A6H     014CH     UNIT         ?PR?_GUI_SHOW_STRMIDEX?GUI
            CODE    6AF2H     0148H     UNIT         ?PR?_GUI_SHOW_STRMID?GUI
            CODE    6C3AH     0147H     UNIT         ?PR?_GUI_FILL_COLORBLOCK?GUI
            CODE    6D81H     0140H     UNIT         ?PR?TOUCH_SCAN?TOUCH
            CODE    6EC1H     012DH     UNIT         ?PR?_LCD_SHOWPICTURE?TFTLCD
            CODE    6FEEH     012BH     UNIT         ?PR?_LCD_SHOWFONTHZ?TFTLCD
            CODE    7119H     0129H     UNIT         ?PR?_LCD_SHOWXNUM?TFTLCD
            CODE    7242H     0123H     UNIT         ?PR?_BUTTON_PRESSCREATE?MAIN
            CODE    7365H     011FH     UNIT         ?PR?_BUTTON_CREATE?MAIN
            CODE    7484H     0114H     UNIT         ?PR?TOUCH_XPT_READXY?TOUCH
            CODE    7598H     010CH     UNIT         ?PR?_GUI_DRAW_SMOOTH_RECTANGLE?GUI
            CODE    76A4H     00F8H     UNIT         ?PR?_LCD_COLOR_FILL?TFTLCD
            CODE    779CH     00F7H     UNIT         ?PR?_GUI_ALPHABLEND_AREA?GUI
            CODE    7893H     00F4H     UNIT         ?PR?_GUI_DRAW_BIGPOINT?GUI
            CODE    7987H     00F3H     UNIT         ?PR?_MULTIEDIT_SHOWSTRING?MAIN
            CODE    7A7AH     00EDH     UNIT         ?PR?_GUI_ALPHA_BLEND565?GUI
            CODE    7B67H     00E5H     UNIT         ?PR?_LCD_SHOWSTRING?TFTLCD
            CODE    7C4CH     00DCH     UNIT         ?PR?_LCD_SHOWNUM?TFTLCD
            CODE    7D28H     00DBH     UNIT         ?PR?_ATOI?ATOI
            CODE    7E03H     00D8H     UNIT         ?PR?_LCD_DROWSIGN?TFTLCD
            CODE    7EDBH     00D2H     UNIT         ?PR?_GUI_SHOW_PTSTRWHITERIM?GUI
            CODE    7FADH     00D0H     UNIT         ?PR?_LCD_FILL?TFTLCD
            CODE    807DH     00C8H     UNIT         ?PR?_GUI_DRAW_RECTANGLE?GUI
            CODE    8145H     00C7H     UNIT         ?PR?_GUI_NUM2STREX?GUI
            CODE    820CH     00C1H     UNIT         ?PR?_GUI_DRAW_EXPOINT?GUI
            CODE    82CDH     00BDH     UNIT         ?CO?MAIN
            CODE    838AH     00AAH     UNIT         ?PR?_LCD_DRAWRECTANGLE?TFTLCD
            CODE    8434H     00AAH     UNIT         ?PR?_GUI_NUM2STR?GUI
            CODE    84DEH     009EH     UNIT         ?PR?_LCD_SET_WINDOW?TFTLCD
            CODE    857CH     0096H     UNIT         ?PR?_GUI_DRAW_VLINE?GUI
            CODE    8612H     008CH     UNIT         ?C_C51STARTUP
            CODE    869EH     008AH     UNIT         ?PR?_GUI_FILL_RECTANGLE?GUI
            CODE    8728H     0087H     UNIT         ?PR?UART_IRQN?UART
BL51 BANKED LINKER/LOCATER V6.22                                                      09/22/2021  11:17:15  PAGE 4


            CODE    87AFH     0081H     UNIT         ?PR?_LCD_CLEAR?TFTLCD
            CODE    8830H     0080H     UNIT         ?PR?_GUI_COLOR_CHG?GUI
            CODE    88B0H     007BH     UNIT         ?PR?_GUI_DRAW_HLINE?GUI
            CODE    892BH     0073H     UNIT         ?PR?_LCD_DRAWBIGPOINT?TFTLCD
            CODE    899EH     006BH     UNIT         ?PR?_GUI_DISABS?GUI
            CODE    8A09H     0065H     UNIT         ?PR?_LCD_READPOINT?TFTLCD
            CODE    8A6EH     0050H     UNIT         ?PR?_LCD_POW?TFTLCD
            CODE    8ABEH     0049H     UNIT         ?PR?_GUI_POW?GUI
            CODE    8B07H     0048H     UNIT         ?PR?_LCD_DRAWFRONT_COLOR?TFTLCD
            CODE    8B4FH     0044H     UNIT         ?C?LDIV
            CODE    8B93H     0040H     UNIT         ?PR?_LCD_DISPLAY_DIR?TFTLCD
            CODE    8BD3H     0040H     UNIT         ?PR?_LCD_DRAWPOINT?TFTLCD
            CODE    8C13H     003CH     UNIT         ?PR?_GUI_RGB332TORGB565?GUI
            CODE    8C4FH     003CH     UNIT         ?PR?_GUI_DRAW_POINT?GUI
            CODE    8C8BH     003BH     UNIT         ?PR?TOUCH_SPI_READ?TOUCH
            CODE    8CC6H     0039H     UNIT         ?C_INITSEG
            CODE    8CFFH     0033H     UNIT         ?PR?_UART_SENDSTRING?UART
            CODE    8D32H     002FH     UNIT         ?PR?_LCD_WRITECMD?TFTLCD
            CODE    8D61H     0027H     UNIT         ?PR?PUTCHAR?PUTCHAR
            CODE    8D88H     0025H     UNIT         ?PR?_LCD_WRITEDATA?TFTLCD
            CODE    8DADH     0025H     UNIT         ?PR?_LCD_WRITEDATA_COLOR?TFTLCD
            CODE    8DD2H     001EH     UNIT         ?PR?_DELAY_MS?PUBLIC
            CODE    8DF0H     001DH     UNIT         ?PR?_TOUCH_SPI_WRITE?TOUCH
            CODE    8E0DH     001AH     UNIT         ?PR?LCD_READDATA?TFTLCD
            CODE    8E27H     0016H     UNIT         ?PR?UART_INIT?UART
            CODE    8E3DH     0015H     UNIT         ?PR?_STRLEN?STRLEN
            CODE    8E52H     0014H     UNIT         ?PR?_ISSPACE?ISSPACE
            CODE    8E66H     000FH     UNIT         ?PR?_ISDIGIT?ISDIGIT
            CODE    8E75H     000EH     UNIT         ?PR?_DELAY_US?PUBLIC
            CODE    8E83H     000EH     UNIT         ?PR?_UART_SENDDATA?UART
            CODE    8E91H     000EH     UNIT         ?PR?_LCD_WRITECMDDATA?TFTLCD
            CODE    8E9FH     000BH     UNIT         ?PR?MAIN?MAIN
            CODE    8EAAH     000BH     UNIT         ?PR?_DELAY_10US?PUBLIC
            CODE    8EB5H     000BH     UNIT         ?PR?TOUCH_SPI_START?TOUCH
            CODE    8EC0H     0008H     UNIT         ?PR?_UART_CMD?UART



OVERLAY MAP OF MODULE:   .\Output\template (MAIN)


SEGMENT                                       BIT_GROUP          DATA_GROUP          XDATA_GROUP
  +--> CALLED SEGMENT                      START    LENGTH     START    LENGTH     START    LENGTH
--------------------------------------------------------------------------------------------------
?C_C51STARTUP                              -----    -----      -----    -----      -----    -----
  +--> ?PR?MAIN?MAIN
  +--> ?C_INITSEG

?PR?MAIN?MAIN                              -----    -----      -----    -----      -----    -----
  +--> ?PR?UART_INIT?UART
  +--> ?PR?TFTLCD_INIT?TFTLCD
  +--> ?PR?CALCULATOR_TEST?MAIN

?PR?TFTLCD_INIT?TFTLCD                     -----    -----      -----    -----      -----    -----
  +--> ?PR?_DELAY_MS?PUBLIC
  +--> ?PR?_LCD_WRITECMD?TFTLCD
  +--> ?PR?LCD_READDATA?TFTLCD
BL51 BANKED LINKER/LOCATER V6.22                                                      09/22/2021  11:17:15  PAGE 5


  +--> ?CO?TFTLCD
  +--> ?PR?PRINTF?PRINTF
  +--> ?PR?_LCD_WRITEDATA?TFTLCD
  +--> ?PR?_LCD_DISPLAY_DIR?TFTLCD
  +--> ?PR?_LCD_CLEAR?TFTLCD

?PR?_LCD_WRITECMD?TFTLCD                   -----    -----      -----    -----      -----    -----
  +--> ?PR?_LCD_WRITEDATA?TFTLCD

?PR?PRINTF?PRINTF                          0020H.0  0001H.1    0008H    0005H      002BH    0028H
  +--> ?PR?PUTCHAR?PUTCHAR

?PR?_LCD_DISPLAY_DIR?TFTLCD                -----    -----      -----    -----      -----    -----
  +--> ?PR?_LCD_WRITECMDDATA?TFTLCD

?PR?_LCD_WRITECMDDATA?TFTLCD               -----    -----      -----    -----      -----    -----
  +--> ?PR?_LCD_WRITECMD?TFTLCD
  +--> ?PR?_LCD_WRITEDATA?TFTLCD

?PR?_LCD_CLEAR?TFTLCD                      -----    -----      -----    -----      0000H    0004H
  +--> ?PR?_LCD_SET_WINDOW?TFTLCD
  +--> ?PR?_LCD_WRITEDATA_COLOR?TFTLCD

?PR?_LCD_SET_WINDOW?TFTLCD                 -----    -----      -----    -----      008EH    000CH
  +--> ?PR?_LCD_WRITECMD?TFTLCD
  +--> ?PR?_LCD_WRITEDATA?TFTLCD

?PR?CALCULATOR_TEST?MAIN                   -----    -----      -----    -----      0000H    002BH
  +--> ?CO?MAIN
  +--> ?PR?_LCD_SHOWSTRING?TFTLCD
  +--> ?PR?_MULTIEDIT_CREATE?MAIN
  +--> ?PR?_MULTIEDIT_SHOWSTRING?MAIN
  +--> ?PR?_BUTTON_CREATE?MAIN
  +--> ?PR?TOUCH_SCAN?TOUCH
  +--> ?PR?_ATOI?ATOI
  +--> ?PR?PRINTF?PRINTF
  +--> ?PR?_GUI_NUM2STREX?GUI
  +--> ?PR?_BUTTON_PRESSCREATE?MAIN
  +--> ?PR?_DELAY_MS?PUBLIC

?PR?_LCD_SHOWSTRING?TFTLCD                 -----    -----      -----    -----      002BH    000DH
  +--> ?PR?_LCD_SHOWCHAR?TFTLCD

?PR?_LCD_SHOWCHAR?TFTLCD                   -----    -----      -----    -----      0038H    000CH
  +--> ?CO?TFTLCD
  +--> ?PR?_LCD_DRAWFRONT_COLOR?TFTLCD

?PR?_LCD_DRAWFRONT_COLOR?TFTLCD            -----    -----      -----    -----      0088H    0006H
  +--> ?PR?_LCD_SET_WINDOW?TFTLCD
  +--> ?PR?_LCD_WRITEDATA_COLOR?TFTLCD

?PR?_MULTIEDIT_CREATE?MAIN                 -----    -----      -----    -----      002BH    000AH
  +--> ?PR?_GUI_DRAW_VLINE?GUI
  +--> ?PR?_GUI_DRAW_HLINE?GUI
  +--> ?PR?_GUI_FILL_RECTANGLE?GUI

?PR?_GUI_DRAW_VLINE?GUI                    -----    -----      -----    -----      004CH    0008H
BL51 BANKED LINKER/LOCATER V6.22                                                      09/22/2021  11:17:15  PAGE 6


  +--> ?PR?_LCD_FILL?TFTLCD

?PR?_LCD_FILL?TFTLCD                       -----    -----      -----    -----      0056H    000CH
  +--> ?PR?_LCD_SET_WINDOW?TFTLCD
  +--> ?PR?_LCD_WRITEDATA_COLOR?TFTLCD

?PR?_GUI_DRAW_HLINE?GUI                    -----    -----      -----    -----      004CH    0008H
  +--> ?PR?_LCD_FILL?TFTLCD

?PR?_GUI_FILL_RECTANGLE?GUI                -----    -----      -----    -----      004CH    000AH
  +--> ?PR?_LCD_FILL?TFTLCD

?PR?_MULTIEDIT_SHOWSTRING?MAIN             -----    -----      -----    -----      002BH    0014H
  +--> ?PR?_GUI_SHOW_STRINGEX?GUI

?PR?_GUI_SHOW_STRINGEX?GUI                 -----    -----      -----    -----      003FH    0017H
  +--> ?PR?_GUI_SHOW_PTCHAR?GUI

?PR?_GUI_SHOW_PTCHAR?GUI                   -----    -----      -----    -----      0061H    0019H
  +--> ?CO?TFTLCD
  +--> ?PR?_GUI_DRAW_BIGPOINT?GUI
  +--> ?PR?_LCD_DRAWFRONT_COLOR?TFTLCD

?PR?_GUI_DRAW_BIGPOINT?GUI                 -----    -----      -----    -----      007AH    000EH
  +--> ?PR?_LCD_DRAWFRONT_COLOR?TFTLCD

?PR?_BUTTON_CREATE?MAIN                    -----    -----      -----    -----      002BH    0011H
  +--> ?PR?_GUI_DRAW_ARCRECTANGLE?GUI
  +--> ?PR?_GUI_DRAW_HLINE?GUI
  +--> ?PR?_GUI_SHOW_STRMID?GUI

?PR?_GUI_DRAW_ARCRECTANGLE?GUI             -----    -----      -----    -----      003CH    0010H
  +--> ?PR?_GUI_FILL_RECTANGLE?GUI
  +--> ?PR?_GUI_DRAW_HLINE?GUI
  +--> ?PR?_GUI_DRAW_VLINE?GUI
  +--> ?PR?_GUI_DRAW_ARC?GUI

?PR?_GUI_DRAW_ARC?GUI                      -----    -----      -----    -----      004CH    0019H
  +--> ?PR?_GUI_DRAW_CIRCLE8?GUI

?PR?_GUI_DRAW_CIRCLE8?GUI                  -----    -----      -----    -----      0065H    0012H
  +--> ?PR?_GUI_DRAW_EXPOINT?GUI

?PR?_GUI_DRAW_EXPOINT?GUI                  -----    -----      -----    -----      0077H    0010H
  +--> ?PR?_LCD_DRAWPOINT?TFTLCD

?PR?_LCD_DRAWPOINT?TFTLCD                  -----    -----      -----    -----      -----    -----
  +--> ?PR?_LCD_SET_WINDOW?TFTLCD
  +--> ?PR?_LCD_WRITEDATA_COLOR?TFTLCD

?PR?_GUI_SHOW_STRMID?GUI                   -----    -----      -----    -----      003CH    0012H
  +--> ?PR?_STRLEN?STRLEN
  +--> ?PR?_GUI_SHOW_PTSTR?GUI

?PR?_GUI_SHOW_PTSTR?GUI                    -----    -----      -----    -----      004EH    0013H
  +--> ?PR?_GUI_SHOW_PTCHAR?GUI

BL51 BANKED LINKER/LOCATER V6.22                                                      09/22/2021  11:17:15  PAGE 7


?PR?TOUCH_SCAN?TOUCH                       -----    -----      -----    -----      002BH    0005H
  +--> ?PR?TOUCH_XPT_READXY?TOUCH

?PR?TOUCH_XPT_READXY?TOUCH                 -----    -----      -----    -----      0030H    000AH
  +--> ?PR?TOUCH_SPI_START?TOUCH
  +--> ?PR?_TOUCH_XPT_READDATA?TOUCH

?PR?_TOUCH_XPT_READDATA?TOUCH              -----    -----      -----    -----      003AH    001AH
  +--> ?PR?_TOUCH_SPI_WRITE?TOUCH
  +--> ?PR?TOUCH_SPI_READ?TOUCH

?PR?TOUCH_SPI_READ?TOUCH                   -----    -----      -----    -----      0054H    0002H

?PR?_ATOI?ATOI                             0020H.0  0000H.1    -----    -----      002BH    0005H
  +--> ?PR?_ISSPACE?ISSPACE
  +--> ?PR?_ISDIGIT?ISDIGIT

?PR?_GUI_NUM2STREX?GUI                     -----    -----      -----    -----      002BH    000DH

?PR?_BUTTON_PRESSCREATE?MAIN               -----    -----      -----    -----      002BH    0011H
  +--> ?PR?_GUI_DRAW_ARCRECTANGLE?GUI
  +--> ?PR?_GUI_DRAW_HLINE?GUI
  +--> ?PR?_GUI_SHOW_STRMID?GUI



SYMBOL TABLE OF MODULE:  .\Output\template (MAIN)

  VALUE           TYPE          NAME
  ----------------------------------

  -------         MODULE        MAIN
  C:0000H         SYMBOL        _ICE_DUMMY_
  D:00A0H         PUBLIC        P2
  D:00B0H         PUBLIC        P3
  B:00B0H.6       PUBLIC        LED1
  D:00A8H         PUBLIC        IE
  C:1C19H         PUBLIC        Calculator_Test
  C:79C7H         PUBLIC        _MultiEdit_ShowString
  D:00B8H         PUBLIC        IP
  D:00D8H         PUBLIC        CCON
  C:8E9FH         PUBLIC        main
  X:00F4H         PUBLIC        Button_text
  D:0098H         PUBLIC        SCON
  D:0088H         PUBLIC        TCON
  C:7365H         PUBLIC        _Button_Create
  C:7242H         PUBLIC        _Button_PressCreate
  C:55FFH         PUBLIC        _MultiEdit_Create
  D:00D0H         PUBLIC        PSW
  -------         PROC          L?0062
  -------         ENDPROC       L?0062
  -------         PROC          _MULTIEDIT_CREATE
  X:002BH         SYMBOL        x0
  X:002DH         SYMBOL        y0
  X:002FH         SYMBOL        width
  X:0031H         SYMBOL        height
  X:0033H         SYMBOL        backcolor
BL51 BANKED LINKER/LOCATER V6.22                                                      09/22/2021  11:17:15  PAGE 8


  C:55FFH         LINE#         39
  C:5615H         LINE#         40
  C:5615H         LINE#         41
  C:562AH         LINE#         42
  C:564BH         LINE#         43
  C:5682H         LINE#         44
  C:56B9H         LINE#         45
  C:56EEH         LINE#         46
  C:5723H         LINE#         47
  C:5766H         LINE#         48
  C:57A9H         LINE#         49
  -------         ENDPROC       _MULTIEDIT_CREATE
  C:79B9H         SYMBOL        L?0059
  C:79BDH         SYMBOL        L?0060
  C:79C1H         SYMBOL        L?0061
  -------         PROC          L?0058
  -------         ENDPROC       L?0058
  C:79B9H         SYMBOL        L?0059
  C:79BDH         SYMBOL        L?0060
  C:79C1H         SYMBOL        L?0061
  -------         PROC          _MULTIEDIT_SHOWSTRING
  X:002BH         SYMBOL        x0
  X:002DH         SYMBOL        y0
  X:002FH         SYMBOL        width
  X:0031H         SYMBOL        height
  X:0033H         SYMBOL        xoffset
  X:0035H         SYMBOL        yoffset
  X:0037H         SYMBOL        backcolor
  X:0039H         SYMBOL        frontcolor
  X:003BH         SYMBOL        size
  X:003CH         SYMBOL        str
  -------         DO            
  X:00F2H         SYMBOL        color_temp
  -------         ENDDO         
  C:79C7H         LINE#         60
  C:79DBH         LINE#         61
  C:79DBH         LINE#         64
  C:79EAH         LINE#         65
  C:79F9H         LINE#         66
  C:7A6AH         LINE#         67
  C:7A79H         LINE#         68
  -------         ENDPROC       _MULTIEDIT_SHOWSTRING
  -------         PROC          _BUTTON_CREATE
  X:002BH         SYMBOL        x0
  X:002DH         SYMBOL        y0
  X:002FH         SYMBOL        width
  X:0031H         SYMBOL        height
  X:0033H         SYMBOL        r
  X:0034H         SYMBOL        backcolor
  X:0036H         SYMBOL        frontcolor
  X:0038H         SYMBOL        size
  X:0039H         SYMBOL        str
  C:7365H         LINE#         109
  C:7379H         LINE#         110
  C:7379H         LINE#         111
  C:73A7H         LINE#         112
  C:73E0H         LINE#         113
BL51 BANKED LINKER/LOCATER V6.22                                                      09/22/2021  11:17:15  PAGE 9


  C:7422H         LINE#         114
  -------         ENDPROC       _BUTTON_CREATE
  -------         PROC          _BUTTON_PRESSCREATE
  X:002BH         SYMBOL        x0
  X:002DH         SYMBOL        y0
  X:002FH         SYMBOL        width
  X:0031H         SYMBOL        height
  X:0033H         SYMBOL        r
  X:0034H         SYMBOL        backcolor
  X:0036H         SYMBOL        frontcolor
  X:0038H         SYMBOL        size
  X:0039H         SYMBOL        str
  C:7242H         LINE#         121
  C:7256H         LINE#         122
  C:7256H         LINE#         123
  C:7280H         LINE#         124
  C:72C1H         LINE#         125
  C:7303H         LINE#         126
  -------         ENDPROC       _BUTTON_PRESSCREATE
  -------         PROC          CALCULATOR_TEST
  -------         DO            
  X:0000H         SYMBOL        i
  X:0001H         SYMBOL        j
  X:0002H         SYMBOL        Button_PressFlag
  X:0003H         SYMBOL        cx
  X:0004H         SYMBOL        cy
  X:0005H         SYMBOL        total_cnt
  X:0006H         SYMBOL        dat1_numstr
  X:000CH         SYMBOL        dat1_cnt
  X:000DH         SYMBOL        dat2_numstr
  X:0013H         SYMBOL        dat2_cnt
  X:0014H         SYMBOL        fuhao_value
  X:0015H         SYMBOL        fuhao_flag
  X:0016H         SYMBOL        dat1_num
  X:0018H         SYMBOL        dat2_num
  X:001AH         SYMBOL        result
  X:001CH         SYMBOL        result_buf
  -------         ENDDO         
  C:1C19H         LINE#         145
  C:1C19H         LINE#         146
  C:1C19H         LINE#         147
  C:1C1EH         LINE#         148
  C:1C20H         LINE#         149
  C:1C22H         LINE#         151
  C:1C26H         LINE#         153
  C:1C2AH         LINE#         155
  C:1C2EH         LINE#         156
  C:1C30H         LINE#         157
  C:1C32H         LINE#         158
  C:1C36H         LINE#         159
  C:1C3AH         LINE#         160
  C:1C3EH         LINE#         163
  C:1C47H         LINE#         164
  C:1C77H         LINE#         165
  C:1C8BH         LINE#         166
  C:1CC4H         LINE#         167
  C:1CD8H         LINE#         168
BL51 BANKED LINKER/LOCATER V6.22                                                      09/22/2021  11:17:15  PAGE 10


  C:1D0DH         LINE#         170
  C:1D12H         LINE#         171
  C:1D12H         LINE#         172
  C:1D17H         LINE#         173
  C:1D17H         LINE#         174
  C:1D84H         LINE#         175
  C:1D90H         LINE#         176
  C:1D9FH         LINE#         178
  C:1D9FH         LINE#         179
  C:1D9FH         LINE#         180
  C:1DA2H         LINE#         181
  C:1DABH         LINE#         182
  C:1DABH         LINE#         183
  C:1DB0H         LINE#         184
  C:1DB0H         LINE#         185
  C:1DC2H         LINE#         186
  C:1DC2H         LINE#         187
  C:1E50H         LINE#         191
  C:1E50H         LINE#         192
  C:1E58H         LINE#         193
  C:1E60H         LINE#         194
  C:1E66H         LINE#         195
  C:1E66H         LINE#         196
  C:1E6FH         LINE#         197
  C:1E7DH         LINE#         199
  C:1E92H         LINE#         200
  C:1E92H         LINE#         201
  C:204EH         LINE#         206
  C:204EH         LINE#         207
  C:2084H         LINE#         208
  C:2095H         LINE#         209
  C:2095H         LINE#         210
  C:2098H         LINE#         212
  C:20ADH         LINE#         213
  C:20ADH         LINE#         214
  C:2266H         LINE#         219
  C:2266H         LINE#         220
  C:229CH         LINE#         221
  C:22B7H         LINE#         222
  C:22B7H         LINE#         223
  C:22B7H         LINE#         225
  C:2365H         LINE#         227
  C:2365H         LINE#         228
  C:236BH         LINE#         229
  C:237BH         LINE#         230
  C:238CH         LINE#         231
  C:23B6H         LINE#         232
  C:23BEH         LINE#         233
  C:23E8H         LINE#         234
  C:23F0H         LINE#         235
  C:241AH         LINE#         236
  C:2422H         LINE#         237
  C:244CH         LINE#         238
  C:2452H         LINE#         239
  C:2452H         LINE#         242
  C:247FH         LINE#         243
  C:247FH         LINE#         244
BL51 BANKED LINKER/LOCATER V6.22                                                      09/22/2021  11:17:15  PAGE 11


  C:2490H         LINE#         245
  C:24A1H         LINE#         246
  C:24A9H         LINE#         247
  C:24A9H         LINE#         248
  C:24C3H         LINE#         249
  C:24C5H         LINE#         250
  C:24C9H         LINE#         251
  C:24C9H         LINE#         252
  C:24E0H         LINE#         253
  C:24E2H         LINE#         254
  C:24EAH         LINE#         255
  C:24EAH         LINE#         256
  C:2501H         LINE#         257
  C:2503H         LINE#         258
  C:2507H         LINE#         259
  C:2507H         LINE#         260
  C:2522H         LINE#         261
  C:2522H         LINE#         262
  C:253AH         LINE#         263
  C:254BH         LINE#         264
  C:2562H         LINE#         265
  C:2565H         LINE#         266
  C:256BH         LINE#         267
  C:256BH         LINE#         270
  C:2595H         LINE#         271
  C:2595H         LINE#         272
  C:2608H         LINE#         273
  C:260EH         LINE#         274
  C:260EH         LINE#         276
  C:263BH         LINE#         277
  C:263BH         LINE#         278
  C:263FH         LINE#         279
  C:2641H         LINE#         280
  C:2645H         LINE#         281
  C:2647H         LINE#         282
  C:264BH         LINE#         283
  C:264FH         LINE#         284
  C:2653H         LINE#         285
  C:2659H         LINE#         286
  C:265DH         LINE#         287
  C:2661H         LINE#         288
  C:2670H         LINE#         289
  C:267FH         LINE#         290
  C:268EH         LINE#         292
  C:26CBH         LINE#         293
  C:26CEH         LINE#         294
  C:26CEH         LINE#         296
  C:26D0H         LINE#         298
  C:26D0H         LINE#         299
  C:26D6H         LINE#         300
  C:26D6H         LINE#         301
  C:26D8H         LINE#         302
  C:2741H         LINE#         303
  C:2741H         LINE#         304
  C:2741H         LINE#         305
  C:2747H         LINE#         306
  C:2747H         LINE#         307
BL51 BANKED LINKER/LOCATER V6.22                                                      09/22/2021  11:17:15  PAGE 12


  C:27B0H         LINE#         308
  C:27B0H         LINE#         310
  C:27B6H         LINE#         311
  C:27BFH         LINE#         312
  C:27C1H         LINE#         313
  C:27C8H         LINE#         314
  -------         ENDPROC       CALCULATOR_TEST
  -------         PROC          MAIN
  C:8E9FH         LINE#         317
  C:8E9FH         LINE#         318
  C:8E9FH         LINE#         320
  C:8EA2H         LINE#         321
  C:8EA5H         LINE#         323
  C:8EA8H         LINE#         324
  C:8EA8H         LINE#         325
  C:8EA8H         LINE#         328
  -------         ENDPROC       MAIN
  -------         ENDMOD        MAIN

  -------         MODULE        PUBLIC
  C:0000H         SYMBOL        _ICE_DUMMY_
  D:00A8H         PUBLIC        IE
  D:00B8H         PUBLIC        IP
  D:00D8H         PUBLIC        CCON
  D:0098H         PUBLIC        SCON
  D:0088H         PUBLIC        TCON
  C:8EAAH         PUBLIC        _delay_10us
  C:8DD2H         PUBLIC        _delay_ms
  C:8E75H         PUBLIC        _delay_us
  D:00D0H         PUBLIC        PSW
  -------         PROC          _DELAY_10US
  D:0006H         SYMBOL        us
  C:8EAAH         LINE#         6
  C:8EAAH         LINE#         7
  C:8EAAH         LINE#         8
  C:8EB4H         LINE#         9
  -------         ENDPROC       _DELAY_10US
  -------         PROC          _DELAY_US
  D:0006H         SYMBOL        n
  C:8E75H         LINE#         11
  C:8E75H         LINE#         12
  C:8E75H         LINE#         13
  C:8E7FH         LINE#         14
  C:8E7FH         LINE#         15
  C:8E80H         LINE#         21
  C:8E82H         LINE#         22
  -------         ENDPROC       _DELAY_US
  -------         PROC          _DELAY_MS
  D:0006H         SYMBOL        ms
  -------         DO            
  D:0006H         SYMBOL        i
  D:0004H         SYMBOL        j
  -------         ENDDO         
  C:8DD2H         LINE#         24
  C:8DD2H         LINE#         25
  C:8DD2H         LINE#         27
  C:8DDBH         LINE#         28
BL51 BANKED LINKER/LOCATER V6.22                                                      09/22/2021  11:17:15  PAGE 13


  C:8DEFH         LINE#         29
  -------         ENDPROC       _DELAY_MS
  -------         ENDMOD        PUBLIC

  -------         MODULE        UART
  C:0000H         SYMBOL        _ICE_DUMMY_
  B:00A8H.7       PUBLIC        EA
  X:009AH         PUBLIC        UART_RX_BUF
  D:00A8H         PUBLIC        IE
  X:00CCH         PUBLIC        UART_RX_STA
  B:00A8H.4       PUBLIC        ES
  D:00B8H         PUBLIC        IP
  B:0098H.0       PUBLIC        RI
  B:0098H.1       PUBLIC        TI
  D:00D8H         PUBLIC        CCON
  C:8CFFH         PUBLIC        _UART_SendString
  C:8E83H         PUBLIC        _UART_SendData
  D:0099H         PUBLIC        SBUF
  D:0087H         PUBLIC        PCON
  C:8EC0H         PUBLIC        _UART_Cmd
  C:8E27H         PUBLIC        UART_Init
  D:0098H         PUBLIC        SCON
  D:0089H         PUBLIC        TMOD
  D:0088H         PUBLIC        TCON
  D:008DH         PUBLIC        TH1
  D:008BH         PUBLIC        TL1
  B:0088H.6       PUBLIC        TR1
  C:8728H         PUBLIC        UART_IRQn
  D:00D0H         PUBLIC        PSW
  -------         PROC          UART_INIT
  C:8E27H         LINE#         5
  C:8E27H         LINE#         6
  C:8E27H         LINE#         7
  C:8E2AH         LINE#         8
  C:8E2DH         LINE#         9
  C:8E30H         LINE#         10
  C:8E33H         LINE#         11
  C:8E36H         LINE#         13
  C:8E38H         LINE#         14
  C:8E3AH         LINE#         15
  C:8E3CH         LINE#         16
  -------         ENDPROC       UART_INIT
  -------         PROC          _UART_CMD
  D:0007H         SYMBOL        ensta
  C:8EC0H         LINE#         18
  C:8EC0H         LINE#         19
  C:8EC0H         LINE#         20
  C:8EC5H         LINE#         21
  C:8EC7H         LINE#         22
  -------         ENDPROC       _UART_CMD
  -------         PROC          _UART_SENDDATA
  D:0007H         SYMBOL        dat
  C:8E83H         LINE#         24
  C:8E83H         LINE#         25
  C:8E83H         LINE#         26
  C:8E85H         LINE#         27
  C:8E87H         LINE#         28
BL51 BANKED LINKER/LOCATER V6.22                                                      09/22/2021  11:17:15  PAGE 14


  C:8E89H         LINE#         29
  C:8E8CH         LINE#         30
  C:8E8EH         LINE#         31
  C:8E90H         LINE#         32
  -------         ENDPROC       _UART_SENDDATA
  -------         PROC          _UART_SENDSTRING
  X:035CH         SYMBOL        pbuf
  C:8CFFH         LINE#         34
  C:8D0AH         LINE#         35
  C:8D0AH         LINE#         36
  C:8D1BH         LINE#         37
  C:8D1BH         LINE#         38
  C:8D1EH         LINE#         39
  C:8D25H         LINE#         40
  C:8D2FH         LINE#         41
  C:8D31H         LINE#         42
  -------         ENDPROC       _UART_SENDSTRING
  -------         PROC          UART_IRQN
  -------         DO            
  D:0007H         SYMBOL        r
  -------         ENDDO         
  C:8728H         LINE#         52
  C:8739H         LINE#         56
  C:873CH         LINE#         57
  C:873CH         LINE#         58
  C:873EH         LINE#         59
  C:8740H         LINE#         60
  C:8749H         LINE#         61
  C:8749H         LINE#         62
  C:874CH         LINE#         63
  C:874CH         LINE#         64
  C:8756H         LINE#         65
  C:8759H         LINE#         66
  C:875BH         LINE#         68
  C:875BH         LINE#         69
  C:876BH         LINE#         71
  C:876BH         LINE#         72
  C:877FH         LINE#         73
  C:878DH         LINE#         74
  C:87A0H         LINE#         75
  C:87A0H         LINE#         76
  C:87A0H         LINE#         77
  C:87A0H         LINE#         78
  C:87A0H         LINE#         79
  -------         ENDPROC       UART_IRQN
  -------         ENDMOD        UART

  -------         MODULE        TFTLCD
  C:0000H         SYMBOL        _ICE_DUMMY_
  D:0080H         PUBLIC        P0
  D:0090H         PUBLIC        P1
  X:02ECH         PUBLIC        tftlcd_data
  D:00A0H         PUBLIC        P2
  C:7119H         PUBLIC        _LCD_ShowxNum
  D:00B0H         PUBLIC        P3
  C:7C4CH         PUBLIC        _LCD_ShowNum
  D:00A8H         PUBLIC        IE
BL51 BANKED LINKER/LOCATER V6.22                                                      09/22/2021  11:17:15  PAGE 15


  C:8B93H         PUBLIC        _LCD_Display_Dir
  C:6FEEH         PUBLIC        _LCD_ShowFontHZ
  D:00B8H         PUBLIC        IP
  C:87AFH         PUBLIC        _LCD_Clear
  C:76A4H         PUBLIC        _LCD_Color_Fill
  C:8DB5H         PUBLIC        _LCD_WriteData_Color
  D:00D8H         PUBLIC        CCON
  C:8E0DH         PUBLIC        LCD_ReadData
  C:5BE3H         PUBLIC        _LCD_DrawLine_Color
  C:8B0DH         PUBLIC        _LCD_DrawFRONT_COLOR
  D:0098H         PUBLIC        SCON
  D:0088H         PUBLIC        TCON
  C:0A97H         PUBLIC        ascii_2412
  C:0033H         PUBLIC        ascii_1206
  C:6EC1H         PUBLIC        _LCD_ShowPicture
  C:4861H         PUBLIC        TFTLCD_Init
  C:04A7H         PUBLIC        ascii_1608
  C:7FADH         PUBLIC        _LCD_Fill
  C:84E3H         PUBLIC        _LCD_Set_Window
  C:8D90H         PUBLIC        _LCD_WriteData
  C:8A09H         PUBLIC        _LCD_ReadPoint
  B:00B0H.3       PUBLIC        TFT_RST
  C:59F4H         PUBLIC        _LCD_DrawLine
  C:8BE9H         PUBLIC        _LCD_DrawPoint
  C:7B67H         PUBLIC        _LCD_ShowString
  C:8E91H         PUBLIC        _LCD_WriteCmdData
  C:682EH         PUBLIC        _LCD_ShowChar
  C:8D44H         PUBLIC        _LCD_WriteCmd
  C:838AH         PUBLIC        _LCD_DrawRectangle
  B:00B0H.2       PUBLIC        TFT_RD
  B:00A0H.7       PUBLIC        TFT_CS
  C:7E03H         PUBLIC        _LCD_DrowSign
  C:892BH         PUBLIC        _LCD_DrawBigPoint
  C:8A75H         PUBLIC        _LCD_Pow
  X:02F3H         PUBLIC        FRONT_COLOR
  C:0003H         PUBLIC        _Delay
  X:02F5H         PUBLIC        BACK_COLOR
  B:00A0H.6       PUBLIC        TFT_RS
  B:00A0H.5       PUBLIC        TFT_WR
  C:5FB9H         PUBLIC        _LCD_Draw_Circle
  D:00D0H         PUBLIC        PSW
  C:17F3H         PUBLIC        CnChar32x29
  -------         PROC          _DELAY
  D:0006H         SYMBOL        dly
  -------         DO            
  D:0004H         SYMBOL        i
  D:0002H         SYMBOL        j
  -------         ENDDO         
  C:0003H         LINE#         14
  C:0003H         LINE#         15
  C:0003H         LINE#         18
  C:000DH         LINE#         19
  C:0021H         LINE#         20
  -------         ENDPROC       _DELAY
  -------         PROC          L?0217
  -------         ENDPROC       L?0217
  -------         PROC          _LCD_WRITECMD
BL51 BANKED LINKER/LOCATER V6.22                                                      09/22/2021  11:17:15  PAGE 16


  D:0004H         SYMBOL        cmd
  -------         DO            
  D:0007H         SYMBOL        cmdH
  D:0006H         SYMBOL        cmdL
  -------         ENDDO         
  C:8D44H         LINE#         23
  C:8D48H         LINE#         24
  C:8D48H         LINE#         27
  C:8D4AH         LINE#         28
  C:8D4CH         LINE#         30
  C:8D4EH         LINE#         31
  C:8D50H         LINE#         33
  C:8D52H         LINE#         34
  C:8D54H         LINE#         36
  C:8D56H         LINE#         37
  C:8D5AH         LINE#         39
  C:8D5CH         LINE#         40
  C:8D5EH         LINE#         42
  C:8D60H         LINE#         246
  -------         ENDPROC       _LCD_WRITECMD
  C:8D88H         SYMBOL        L?0210
  -------         PROC          L?0209
  -------         ENDPROC       L?0209
  C:8D88H         SYMBOL        L?0210
  -------         PROC          _LCD_WRITEDATA
  D:0004H         SYMBOL        dat
  -------         DO            
  D:0007H         SYMBOL        datH
  D:0006H         SYMBOL        datL
  -------         ENDDO         
  C:8D90H         LINE#         250
  C:8D94H         LINE#         251
  C:8D94H         LINE#         254
  C:8D96H         LINE#         255
  C:8D98H         LINE#         257
  C:8D9AH         LINE#         258
  C:8D9CH         LINE#         260
  C:8D9EH         LINE#         261
  C:8DA0H         LINE#         263
  C:8DA2H         LINE#         264
  C:8DA6H         LINE#         266
  C:8DA8H         LINE#         267
  C:8DAAH         LINE#         269
  C:8DACH         LINE#         467
  -------         ENDPROC       _LCD_WRITEDATA
  C:8DADH         SYMBOL        L?0215
  C:8DB0H         SYMBOL        L?0216
  -------         PROC          L?0214
  -------         ENDPROC       L?0214
  C:8DADH         SYMBOL        L?0215
  C:8DB0H         SYMBOL        L?0216
  -------         PROC          _LCD_WRITEDATA_COLOR
  D:0004H         SYMBOL        color
  -------         DO            
  D:0007H         SYMBOL        datH
  D:0006H         SYMBOL        datL
  -------         ENDDO         
BL51 BANKED LINKER/LOCATER V6.22                                                      09/22/2021  11:17:15  PAGE 17


  C:8DB5H         LINE#         469
  C:8DB9H         LINE#         470
  C:8DB9H         LINE#         473
  C:8DBBH         LINE#         474
  C:8DBDH         LINE#         476
  C:8DBFH         LINE#         477
  C:8DC1H         LINE#         479
  C:8DC3H         LINE#         480
  C:8DC5H         LINE#         482
  C:8DC7H         LINE#         483
  C:8DCBH         LINE#         485
  C:8DCDH         LINE#         486
  C:8DCFH         LINE#         488
  C:8DD1H         LINE#         699
  -------         ENDPROC       _LCD_WRITEDATA_COLOR
  -------         PROC          _LCD_WRITECMDDATA
  D:0006H         SYMBOL        cmd
  D:0002H         SYMBOL        dat
  C:8E91H         LINE#         701
  C:8E95H         LINE#         702
  C:8E95H         LINE#         703
  C:8E98H         LINE#         704
  -------         ENDPROC       _LCD_WRITECMDDATA
  -------         PROC          LCD_READDATA
  -------         DO            
  D:0006H         SYMBOL        ram
  -------         ENDDO         
  C:8E0DH         LINE#         709
  C:8E0DH         LINE#         710
  C:8E0DH         LINE#         713
  C:8E10H         LINE#         714
  C:8E13H         LINE#         717
  C:8E15H         LINE#         718
  C:8E17H         LINE#         719
  C:8E19H         LINE#         720
  C:8E1AH         LINE#         721
  C:8E1CH         LINE#         722
  C:8E1EH         LINE#         723
  C:8E22H         LINE#         724
  C:8E24H         LINE#         725
  C:8E26H         LINE#         931
  C:8E26H         LINE#         932
  -------         ENDPROC       LCD_READDATA
  -------         PROC          _LCD_DISPLAY_DIR
  D:0007H         SYMBOL        dir
  C:8B93H         LINE#         936
  C:8B93H         LINE#         937
  C:8B93H         LINE#         938
  C:8B98H         LINE#         939
  C:8B9CH         LINE#         940
  C:8B9CH         LINE#         942
  C:8BA4H         LINE#         1015
  C:8BADH         LINE#         1016
  C:8BB6H         LINE#         1017
  C:8BB7H         LINE#         1019
  C:8BB7H         LINE#         1021
  C:8BC0H         LINE#         1096
BL51 BANKED LINKER/LOCATER V6.22                                                      09/22/2021  11:17:15  PAGE 18


  C:8BC9H         LINE#         1097
  C:8BD2H         LINE#         1098
  C:8BD2H         LINE#         1099
  -------         ENDPROC       _LCD_DISPLAY_DIR
  -------         PROC          TFTLCD_INIT
  -------         DO            
  D:0006H         SYMBOL        i
  -------         ENDDO         
  C:4861H         LINE#         1102
  C:4861H         LINE#         1103
  C:4861H         LINE#         1104
  C:4863H         LINE#         1105
  C:4865H         LINE#         1106
  C:486AH         LINE#         1108
  C:486CH         LINE#         1109
  C:4873H         LINE#         1111
  C:4875H         LINE#         1112
  C:487CH         LINE#         1115
  C:4882H         LINE#         1116
  C:488DH         LINE#         1193
  C:489EH         LINE#         1196
  C:48A3H         LINE#         1197
  C:48A8H         LINE#         1198
  C:48ADH         LINE#         1199
  C:48B2H         LINE#         1200
  C:48BFH         LINE#         1201
  C:48CCH         LINE#         1202
  C:48DAH         LINE#         1203
  C:48E8H         LINE#         1204
  C:48F6H         LINE#         1205
  C:4904H         LINE#         1206
  C:4911H         LINE#         1208
  C:491FH         LINE#         1210
  C:492DH         LINE#         1211
  C:493AH         LINE#         1212
  C:4948H         LINE#         1213
  C:4956H         LINE#         1214
  C:495BH         LINE#         1216
  C:4960H         LINE#         1217
  C:4965H         LINE#         1218
  C:496AH         LINE#         1220
  C:496FH         LINE#         1221
  C:4974H         LINE#         1222
  C:4982H         LINE#         1223
  C:4990H         LINE#         1224
  C:4995H         LINE#         1225
  C:499AH         LINE#         1226
  C:499FH         LINE#         1227
  C:49A4H         LINE#         1228
  C:49A9H         LINE#         1229
  C:49AEH         LINE#         1231
  C:49BCH         LINE#         1232
  C:49CAH         LINE#         1233
  C:49D8H         LINE#         1234
  C:49DDH         LINE#         1235
  C:49E2H         LINE#         1237
  C:49E7H         LINE#         1238
BL51 BANKED LINKER/LOCATER V6.22                                                      09/22/2021  11:17:15  PAGE 19


  C:49F5H         LINE#         1240
  C:4A03H         LINE#         1241
  C:4A11H         LINE#         1242
  C:4A1FH         LINE#         1243
  C:4A2DH         LINE#         1245
  C:4A3BH         LINE#         1246
  C:4A49H         LINE#         1247
  C:4A56H         LINE#         1248
  C:4A64H         LINE#         1249
  C:4A71H         LINE#         1250
  C:4A7FH         LINE#         1251
  C:4A8CH         LINE#         1252
  C:4A9AH         LINE#         1253
  C:4AA7H         LINE#         1254
  C:4AAEH         LINE#         2238
  C:4AB3H         LINE#         2239
  -------         ENDPROC       TFTLCD_INIT
  C:84DEH         SYMBOL        L?0221
  -------         PROC          L?0220
  -------         ENDPROC       L?0220
  C:84DEH         SYMBOL        L?0221
  -------         PROC          _LCD_SET_WINDOW
  X:008EH         SYMBOL        sx
  X:0090H         SYMBOL        sy
  D:0002H         SYMBOL        width
  X:0094H         SYMBOL        height
  -------         DO            
  X:0096H         SYMBOL        x
  X:0098H         SYMBOL        y
  D:0002H         SYMBOL        xy
  -------         ENDDO         
  C:84E3H         LINE#         2246
  C:84F1H         LINE#         2247
  C:84F1H         LINE#         2250
  C:8507H         LINE#         2251
  C:8520H         LINE#         2252
  C:8529H         LINE#         2253
  C:852FH         LINE#         2254
  C:852FH         LINE#         2255
  C:8540H         LINE#         2256
  C:8542H         LINE#         2257
  C:8549H         LINE#         2258
  C:854BH         LINE#         2260
  C:854BH         LINE#         2261
  C:8557H         LINE#         2262
  C:8569H         LINE#         2263
  C:856BH         LINE#         2264
  C:8575H         LINE#         2265
  C:8575H         LINE#         2266
  -------         ENDPROC       _LCD_SET_WINDOW
  -------         PROC          _LCD_READPOINT
  D:0002H         SYMBOL        x
  X:02F7H         SYMBOL        y
  -------         DO            
  X:02F9H         SYMBOL        r
  X:02FBH         SYMBOL        g
  X:02FDH         SYMBOL        b
BL51 BANKED LINKER/LOCATER V6.22                                                      09/22/2021  11:17:15  PAGE 20


  X:02FFH         SYMBOL        dat
  -------         ENDDO         
  C:8A09H         LINE#         2665
  C:8A15H         LINE#         2666
  C:8A15H         LINE#         2667
  C:8A25H         LINE#         2668
  C:8A4BH         LINE#         2669
  C:8A65H         LINE#         2777
  C:8A6DH         LINE#         2778
  -------         ENDPROC       _LCD_READPOINT
  -------         PROC          _LCD_CLEAR
  X:0000H         SYMBOL        color
  -------         DO            
  D:0002H         SYMBOL        i
  X:0002H         SYMBOL        j
  -------         ENDDO         
  C:87AFH         LINE#         2782
  C:87B7H         LINE#         2783
  C:87B7H         LINE#         2784
  C:87BCH         LINE#         2786
  C:87E6H         LINE#         2787
  C:87F6H         LINE#         2788
  C:87F6H         LINE#         2789
  C:8812H         LINE#         2790
  C:8812H         LINE#         2791
  C:8818H         LINE#         2792
  C:8828H         LINE#         2793
  C:882FH         LINE#         2794
  -------         ENDPROC       _LCD_CLEAR
  -------         PROC          _LCD_FILL
  X:0056H         SYMBOL        xState
  X:0058H         SYMBOL        yState
  X:005AH         SYMBOL        xEnd
  X:005CH         SYMBOL        yEnd
  X:005EH         SYMBOL        color
  -------         DO            
  X:0060H         SYMBOL        temp
  -------         ENDDO         
  C:7FADH         LINE#         2799
  C:7FC5H         LINE#         2800
  C:7FC5H         LINE#         2801
  C:7FCCH         LINE#         2803
  C:7FEEH         LINE#         2804
  C:7FEEH         LINE#         2806
  C:7FEEH         LINE#         2807
  C:8009H         LINE#         2808
  C:802AH         LINE#         2809
  C:8049H         LINE#         2811
  C:8057H         LINE#         2812
  C:8057H         LINE#         2813
  C:8066H         LINE#         2814
  C:8074H         LINE#         2815
  C:8074H         LINE#         2816
  C:807AH         LINE#         2817
  C:807CH         LINE#         2818
  C:807CH         LINE#         2819
  -------         ENDPROC       _LCD_FILL
BL51 BANKED LINKER/LOCATER V6.22                                                      09/22/2021  11:17:15  PAGE 21


  -------         PROC          _LCD_COLOR_FILL
  X:0244H         SYMBOL        sx
  X:0246H         SYMBOL        sy
  D:0002H         SYMBOL        ex
  X:024AH         SYMBOL        ey
  X:024CH         SYMBOL        color
  -------         DO            
  X:024FH         SYMBOL        height
  X:0251H         SYMBOL        width
  X:0253H         SYMBOL        i
  X:0255H         SYMBOL        j
  -------         ENDDO         
  C:76A4H         LINE#         2824
  C:76B2H         LINE#         2825
  C:76B2H         LINE#         2828
  C:76CDH         LINE#         2829
  C:76EEH         LINE#         2830
  C:770BH         LINE#         2831
  C:7727H         LINE#         2832
  C:7727H         LINE#         2833
  C:7744H         LINE#         2834
  C:7744H         LINE#         2835
  C:777AH         LINE#         2836
  C:778AH         LINE#         2837
  C:779BH         LINE#         2838
  -------         ENDPROC       _LCD_COLOR_FILL
  C:8BD6H         SYMBOL        L?0212
  C:8BD7H         SYMBOL        L?0213
  -------         PROC          L?0211
  -------         ENDPROC       L?0211
  C:8BD6H         SYMBOL        L?0212
  C:8BD7H         SYMBOL        L?0213
  -------         PROC          _LCD_DRAWPOINT
  D:0002H         SYMBOL        x
  D:0082H         SYMBOL        y
  C:8BE9H         LINE#         2843
  C:8BF1H         LINE#         2844
  C:8BF1H         LINE#         2845
  C:8C08H         LINE#         2846
  -------         ENDPROC       _LCD_DRAWPOINT
  C:8B08H         SYMBOL        L?0219
  -------         PROC          L?0218
  -------         ENDPROC       L?0218
  C:8B08H         SYMBOL        L?0219
  -------         PROC          _LCD_DRAWFRONT_COLOR
  X:0088H         SYMBOL        x
  X:008AH         SYMBOL        y
  X:008CH         SYMBOL        color
  C:8B0DH         LINE#         2852
  C:8B25H         LINE#         2853
  C:8B25H         LINE#         2854
  C:8B44H         LINE#         2855
  -------         ENDPROC       _LCD_DRAWFRONT_COLOR
  -------         PROC          _LCD_DRAWBIGPOINT
  X:0340H         SYMBOL        x
  X:0342H         SYMBOL        y
  X:0344H         SYMBOL        color
BL51 BANKED LINKER/LOCATER V6.22                                                      09/22/2021  11:17:15  PAGE 22


  C:892BH         LINE#         2860
  C:893FH         LINE#         2861
  C:893FH         LINE#         2862
  C:8942H         LINE#         2863
  C:895BH         LINE#         2864
  C:8977H         LINE#         2865
  -------         ENDPROC       _LCD_DRAWBIGPOINT
  -------         PROC          _LCD_DRAWLINE
  X:01CEH         SYMBOL        x1
  X:01D0H         SYMBOL        y1
  D:0002H         SYMBOL        x2
  X:01D4H         SYMBOL        y2
  -------         DO            
  X:01D6H         SYMBOL        t
  X:01D8H         SYMBOL        xerr
  X:01DAH         SYMBOL        yerr
  X:01DCH         SYMBOL        delta_x
  X:01DEH         SYMBOL        delta_y
  X:01E0H         SYMBOL        distance
  X:01E2H         SYMBOL        incx
  X:01E4H         SYMBOL        incy
  X:01E6H         SYMBOL        uRow
  X:01E8H         SYMBOL        uCol
  -------         ENDDO         
  C:59F4H         LINE#         2871
  C:5A02H         LINE#         2872
  C:5A02H         LINE#         2873
  C:5A09H         LINE#         2874
  C:5A11H         LINE#         2876
  C:5A26H         LINE#         2877
  C:5A41H         LINE#         2878
  C:5A50H         LINE#         2879
  C:5A56H         LINE#         2880
  C:5A72H         LINE#         2881
  C:5A7EH         LINE#         2882
  C:5A93H         LINE#         2883
  C:5AAFH         LINE#         2884
  C:5ABBH         LINE#         2885
  C:5AD0H         LINE#         2886
  C:5AF6H         LINE#         2887
  C:5AFBH         LINE#         2888
  C:5B20H         LINE#         2889
  C:5B20H         LINE#         2890
  C:5B31H         LINE#         2891
  C:5B45H         LINE#         2892
  C:5B59H         LINE#         2893
  C:5B75H         LINE#         2894
  C:5B75H         LINE#         2895
  C:5B81H         LINE#         2896
  C:5B95H         LINE#         2897
  C:5B95H         LINE#         2898
  C:5BB1H         LINE#         2899
  C:5BB1H         LINE#         2900
  C:5BBDH         LINE#         2901
  C:5BD1H         LINE#         2902
  C:5BD1H         LINE#         2903
  C:5BE2H         LINE#         2904
BL51 BANKED LINKER/LOCATER V6.22                                                      09/22/2021  11:17:15  PAGE 23


  -------         ENDPROC       _LCD_DRAWLINE
  -------         PROC          _LCD_DRAWLINE_COLOR
  X:0174H         SYMBOL        x1
  X:0176H         SYMBOL        y1
  D:0002H         SYMBOL        x2
  X:017AH         SYMBOL        y2
  X:017CH         SYMBOL        color
  -------         DO            
  X:017EH         SYMBOL        t
  X:0180H         SYMBOL        xerr
  X:0182H         SYMBOL        yerr
  X:0184H         SYMBOL        delta_x
  X:0186H         SYMBOL        delta_y
  X:0188H         SYMBOL        distance
  X:018AH         SYMBOL        incx
  X:018CH         SYMBOL        incy
  X:018EH         SYMBOL        uRow
  X:0190H         SYMBOL        uCol
  -------         ENDDO         
  C:5BE3H         LINE#         2906
  C:5BF1H         LINE#         2907
  C:5BF1H         LINE#         2909
  C:5BFCH         LINE#         2911
  C:5C11H         LINE#         2912
  C:5C2CH         LINE#         2913
  C:5C3BH         LINE#         2914
  C:5C41H         LINE#         2915
  C:5C5DH         LINE#         2916
  C:5C69H         LINE#         2917
  C:5C7EH         LINE#         2918
  C:5C9AH         LINE#         2919
  C:5CA6H         LINE#         2920
  C:5CBBH         LINE#         2921
  C:5CE1H         LINE#         2922
  C:5CE6H         LINE#         2923
  C:5D0BH         LINE#         2924
  C:5D0BH         LINE#         2925
  C:5D1EH         LINE#         2926
  C:5D32H         LINE#         2927
  C:5D46H         LINE#         2928
  C:5D62H         LINE#         2929
  C:5D62H         LINE#         2930
  C:5D6EH         LINE#         2931
  C:5D82H         LINE#         2932
  C:5D82H         LINE#         2933
  C:5D9EH         LINE#         2934
  C:5D9EH         LINE#         2935
  C:5DAAH         LINE#         2936
  C:5DBEH         LINE#         2937
  C:5DBEH         LINE#         2938
  C:5DCFH         LINE#         2939
  -------         ENDPROC       _LCD_DRAWLINE_COLOR
  -------         PROC          _LCD_DROWSIGN
  X:0346H         SYMBOL        x
  X:0348H         SYMBOL        y
  X:034AH         SYMBOL        color
  -------         DO            
BL51 BANKED LINKER/LOCATER V6.22                                                      09/22/2021  11:17:15  PAGE 24


  D:0003H         SYMBOL        i
  -------         ENDDO         
  C:7E03H         LINE#         2946
  C:7E1BH         LINE#         2947
  C:7E1BH         LINE#         2951
  C:7E55H         LINE#         2952
  C:7E57H         LINE#         2953
  C:7E57H         LINE#         2954
  C:7E5AH         LINE#         2955
  C:7E5FH         LINE#         2958
  C:7E99H         LINE#         2959
  C:7E9BH         LINE#         2960
  C:7E9BH         LINE#         2961
  C:7E9EH         LINE#         2962
  C:7EA3H         LINE#         2965
  C:7ED0H         LINE#         2966
  C:7ED2H         LINE#         2967
  C:7ED2H         LINE#         2968
  C:7ED5H         LINE#         2969
  C:7EDAH         LINE#         2970
  -------         ENDPROC       _LCD_DROWSIGN
  -------         PROC          _LCD_DRAWRECTANGLE
  X:0328H         SYMBOL        x1
  X:032AH         SYMBOL        y1
  X:032CH         SYMBOL        x2
  X:032EH         SYMBOL        y2
  C:838AH         LINE#         2974
  C:83A0H         LINE#         2975
  C:83A0H         LINE#         2976
  C:83BCH         LINE#         2977
  C:83E3H         LINE#         2978
  C:840BH         LINE#         2979
  -------         ENDPROC       _LCD_DRAWRECTANGLE
  -------         PROC          _LCD_DRAW_CIRCLE
  X:0301H         SYMBOL        x0
  X:0303H         SYMBOL        y0
  D:0003H         SYMBOL        r
  -------         DO            
  X:0305H         SYMBOL        a
  X:0307H         SYMBOL        b
  X:0309H         SYMBOL        di
  -------         ENDDO         
  C:5FB9H         LINE#         2984
  C:5FC7H         LINE#         2985
  C:5FC7H         LINE#         2988
  C:5FD6H         LINE#         2989
  C:5FEAH         LINE#         2990
  C:6009H         LINE#         2991
  C:6009H         LINE#         2992
  C:6017H         LINE#         2993
  C:6030H         LINE#         2994
  C:605BH         LINE#         2995
  C:6086H         LINE#         2996
  C:60B2H         LINE#         2997
  C:60DEH         LINE#         2998
  C:60F5H         LINE#         2999
  C:6110H         LINE#         3000
BL51 BANKED LINKER/LOCATER V6.22                                                      09/22/2021  11:17:15  PAGE 25


  C:611EH         LINE#         3002
  C:614EH         LINE#         3004
  C:614EH         LINE#         3005
  C:617FH         LINE#         3006
  C:618DH         LINE#         3007
  C:618DH         LINE#         3008
  C:6190H         LINE#         3009
  -------         ENDPROC       _LCD_DRAW_CIRCLE
  -------         PROC          _LCD_SHOWCHAR
  X:0038H         SYMBOL        x
  X:003AH         SYMBOL        y
  X:003CH         SYMBOL        num
  X:003DH         SYMBOL        size
  X:003EH         SYMBOL        mode
  -------         DO            
  X:003FH         SYMBOL        temp
  X:0040H         SYMBOL        t1
  D:0001H         SYMBOL        t
  X:0041H         SYMBOL        y0
  X:0043H         SYMBOL        csize
  -------         ENDDO         
  C:682EH         LINE#         3017
  C:6843H         LINE#         3018
  C:6843H         LINE#         3020
  C:684BH         LINE#         3021
  C:6873H         LINE#         3022
  C:687AH         LINE#         3023
  C:6889H         LINE#         3024
  C:6889H         LINE#         3025
  C:68A3H         LINE#         3026
  C:68B9H         LINE#         3027
  C:68E6H         LINE#         3029
  C:68EBH         LINE#         3030
  C:68EBH         LINE#         3031
  C:6905H         LINE#         3032
  C:691FH         LINE#         3033
  C:6926H         LINE#         3034
  C:6934H         LINE#         3035
  C:694AH         LINE#         3036
  C:6966H         LINE#         3037
  C:6966H         LINE#         3038
  C:696EH         LINE#         3039
  C:697CH         LINE#         3040
  C:6992H         LINE#         3042
  C:6992H         LINE#         3043
  C:69A1H         LINE#         3044
  C:69A5H         LINE#         3045
  -------         ENDPROC       _LCD_SHOWCHAR
  -------         PROC          L?0222
  -------         ENDPROC       L?0222
  -------         PROC          _LCD_POW
  X:034CH         SYMBOL        m
  X:034DH         SYMBOL        n
  -------         DO            
  X:034EH         SYMBOL        result
  -------         ENDDO         
  C:8A75H         LINE#         3048
BL51 BANKED LINKER/LOCATER V6.22                                                      09/22/2021  11:17:15  PAGE 26


  C:8A7DH         LINE#         3049
  C:8A7DH         LINE#         3050
  C:8A85H         LINE#         3051
  C:8AAFH         LINE#         3052
  C:8ABDH         LINE#         3053
  -------         ENDPROC       _LCD_POW
  -------         PROC          _LCD_SHOWNUM
  X:02B9H         SYMBOL        x
  X:02BBH         SYMBOL        y
  X:02BDH         SYMBOL        num
  X:02C1H         SYMBOL        len
  X:02C2H         SYMBOL        size
  -------         DO            
  X:02C3H         SYMBOL        t
  X:02C4H         SYMBOL        temp
  X:02C5H         SYMBOL        enshow
  -------         ENDDO         
  C:7C4CH         LINE#         3060
  C:7C5AH         LINE#         3061
  C:7C5AH         LINE#         3063
  C:7C5FH         LINE#         3064
  C:7C74H         LINE#         3065
  C:7C74H         LINE#         3066
  C:7C9EH         LINE#         3067
  C:7CB1H         LINE#         3068
  C:7CB1H         LINE#         3069
  C:7CB5H         LINE#         3070
  C:7CB5H         LINE#         3071
  C:7CDFH         LINE#         3072
  C:7CE1H         LINE#         3073
  C:7CE7H         LINE#         3075
  C:7CE7H         LINE#         3076
  C:7D1EH         LINE#         3077
  C:7D27H         LINE#         3078
  -------         ENDPROC       _LCD_SHOWNUM
  -------         PROC          _LCD_SHOWXNUM
  X:029DH         SYMBOL        x
  X:029FH         SYMBOL        y
  X:02A1H         SYMBOL        num
  X:02A5H         SYMBOL        len
  X:02A6H         SYMBOL        size
  X:02A7H         SYMBOL        mode
  -------         DO            
  X:02A8H         SYMBOL        t
  X:02A9H         SYMBOL        temp
  X:02AAH         SYMBOL        enshow
  -------         ENDDO         
  C:7119H         LINE#         3089
  C:7127H         LINE#         3090
  C:7127H         LINE#         3092
  C:712CH         LINE#         3093
  C:7141H         LINE#         3094
  C:7141H         LINE#         3095
  C:716BH         LINE#         3096
  C:7181H         LINE#         3097
  C:7181H         LINE#         3098
  C:7185H         LINE#         3099
BL51 BANKED LINKER/LOCATER V6.22                                                      09/22/2021  11:17:15  PAGE 27


  C:7185H         LINE#         3100
  C:71BBH         LINE#         3101
  C:71F0H         LINE#         3102
  C:71F2H         LINE#         3103
  C:71F8H         LINE#         3105
  C:71F8H         LINE#         3106
  C:7238H         LINE#         3107
  C:7241H         LINE#         3108
  -------         ENDPROC       _LCD_SHOWXNUM
  -------         PROC          _LCD_SHOWSTRING
  X:002BH         SYMBOL        x
  X:002DH         SYMBOL        y
  X:002FH         SYMBOL        width
  X:0031H         SYMBOL        height
  X:0033H         SYMBOL        size
  X:0034H         SYMBOL        p
  -------         DO            
  X:0037H         SYMBOL        x0
  -------         ENDDO         
  C:7B67H         LINE#         3114
  C:7B7BH         LINE#         3115
  C:7B7BH         LINE#         3116
  C:7B87H         LINE#         3117
  C:7B93H         LINE#         3118
  C:7BA7H         LINE#         3119
  C:7BC7H         LINE#         3120
  C:7BC7H         LINE#         3121
  C:7BFAH         LINE#         3122
  C:7C10H         LINE#         3123
  C:7C2AH         LINE#         3124
  C:7C3EH         LINE#         3125
  C:7C48H         LINE#         3126
  C:7C4BH         LINE#         3127
  -------         ENDPROC       _LCD_SHOWSTRING
  -------         PROC          _LCD_SHOWFONTHZ
  X:030BH         SYMBOL        x
  X:030DH         SYMBOL        y
  X:030FH         SYMBOL        cn
  -------         DO            
  D:0003H         SYMBOL        i
  D:0002H         SYMBOL        j
  X:0312H         SYMBOL        wordNum
  X:0313H         SYMBOL        color
  -------         ENDDO         
  C:6FEEH         LINE#         3140
  C:7005H         LINE#         3141
  C:7005H         LINE#         3144
  C:7018H         LINE#         3145
  C:7018H         LINE#         3146
  C:704EH         LINE#         3147
  C:7060H         LINE#         3148
  C:7060H         LINE#         3149
  C:70A1H         LINE#         3151
  C:70A1H         LINE#         3153
  C:70A2H         LINE#         3154
  C:70A2H         LINE#         3155
  C:70C9H         LINE#         3156
BL51 BANKED LINKER/LOCATER V6.22                                                      09/22/2021  11:17:15  PAGE 28


  C:70CBH         LINE#         3157
  C:70CBH         LINE#         3158
  C:70D2H         LINE#         3159
  C:70D2H         LINE#         3160
  C:70D5H         LINE#         3161
  C:70D7H         LINE#         3163
  C:70D7H         LINE#         3164
  C:70DDH         LINE#         3165
  C:70DDH         LINE#         3166
  C:70EAH         LINE#         3167
  C:70EFH         LINE#         3168
  C:70F4H         LINE#         3169
  C:70F4H         LINE#         3170
  C:70FDH         LINE#         3171
  C:7107H         LINE#         3172
  C:7115H         LINE#         3173
  C:7118H         LINE#         3174
  -------         ENDPROC       _LCD_SHOWFONTHZ
  -------         PROC          _LCD_SHOWPICTURE
  X:022FH         SYMBOL        x
  X:0231H         SYMBOL        y
  X:0233H         SYMBOL        wide
  X:0235H         SYMBOL        high
  X:0237H         SYMBOL        pic
  -------         DO            
  X:023AH         SYMBOL        temp
  X:023CH         SYMBOL        tmp
  X:0240H         SYMBOL        num
  -------         ENDDO         
  C:6EC1H         LINE#         3228
  C:6ED5H         LINE#         3229
  C:6ED5H         LINE#         3230
  C:6EDCH         LINE#         3231
  C:6EEEH         LINE#         3232
  C:6F35H         LINE#         3233
  C:6F58H         LINE#         3235
  C:6F58H         LINE#         3236
  C:6F85H         LINE#         3237
  C:6F8EH         LINE#         3238
  C:6FA8H         LINE#         3239
  C:6FABH         LINE#         3240
  C:6FC8H         LINE#         3241
  C:6FC8H         LINE#         3242
  C:6FEDH         LINE#         3243
  -------         ENDPROC       _LCD_SHOWPICTURE
  -------         ENDMOD        TFTLCD

  -------         MODULE        TOUCH
  C:0000H         SYMBOL        _ICE_DUMMY_
  D:00A0H         PUBLIC        P2
  D:00B0H         PUBLIC        P3
  D:00A8H         PUBLIC        IE
  D:00B8H         PUBLIC        IP
  B:00A0H.0       PUBLIC        TOUCH_DOUT
  D:00D8H         PUBLIC        CCON
  X:02C6H         PUBLIC        xpt_xy
  C:8C8BH         PUBLIC        TOUCH_SPI_Read
BL51 BANKED LINKER/LOCATER V6.22                                                      09/22/2021  11:17:15  PAGE 29


  D:0098H         PUBLIC        SCON
  D:0088H         PUBLIC        TCON
  C:6532H         PUBLIC        _TOUCH_XPT_ReadData
  B:00A0H.1       PUBLIC        TOUCH_CLK
  C:8DF0H         PUBLIC        _TOUCH_SPI_Write
  B:00A0H.2       PUBLIC        TOUCH_DIN
  C:8EB5H         PUBLIC        TOUCH_SPI_Start
  C:6D81H         PUBLIC        TOUCH_Scan
  C:7484H         PUBLIC        TOUCH_XPT_ReadXY
  D:00D0H         PUBLIC        PSW
  B:00A0H.3       PUBLIC        TOUCH_CS
  -------         PROC          TOUCH_SPI_START
  C:8EB5H         LINE#         9
  C:8EB5H         LINE#         10
  C:8EB5H         LINE#         11
  C:8EB7H         LINE#         12
  C:8EB9H         LINE#         13
  C:8EBBH         LINE#         14
  C:8EBDH         LINE#         15
  C:8EBFH         LINE#         16
  -------         ENDPROC       TOUCH_SPI_START
  -------         PROC          _TOUCH_SPI_WRITE
  D:0007H         SYMBOL        dat
  -------         DO            
  D:0006H         SYMBOL        i
  -------         ENDDO         
  C:8DF0H         LINE#         18
  C:8DF0H         LINE#         19
  C:8DF0H         LINE#         21
  C:8DF2H         LINE#         22
  C:8DF4H         LINE#         23
  C:8DF4H         LINE#         24
  C:8DFFH         LINE#         25
  C:8E03H         LINE#         26
  C:8E05H         LINE#         28
  C:8E07H         LINE#         30
  C:8E0CH         LINE#         31
  -------         ENDPROC       _TOUCH_SPI_WRITE
  -------         PROC          TOUCH_SPI_READ
  -------         DO            
  D:0004H         SYMBOL        i
  X:0054H         SYMBOL        dat
  -------         ENDDO         
  C:8C8BH         LINE#         33
  C:8C8BH         LINE#         34
  C:8C8BH         LINE#         35
  C:8C92H         LINE#         36
  C:8C94H         LINE#         37
  C:8C96H         LINE#         38
  C:8C96H         LINE#         39
  C:8CA3H         LINE#         41
  C:8CA5H         LINE#         42
  C:8CA7H         LINE#         44
  C:8CB2H         LINE#         46
  C:8CBDH         LINE#         47
  C:8CC5H         LINE#         48
  -------         ENDPROC       TOUCH_SPI_READ
BL51 BANKED LINKER/LOCATER V6.22                                                      09/22/2021  11:17:15  PAGE 30


  -------         PROC          L?0046
  -------         ENDPROC       L?0046
  -------         PROC          _TOUCH_XPT_READDATA
  D:0003H         SYMBOL        cmd
  -------         DO            
  X:003AH         SYMBOL        i
  X:003BH         SYMBOL        j
  X:003CH         SYMBOL        readValue
  X:0050H         SYMBOL        endValue
  -------         ENDDO         
  C:6532H         LINE#         52
  C:6534H         LINE#         53
  C:6534H         LINE#         58
  C:6536H         LINE#         59
  C:6538H         LINE#         61
  C:653DH         LINE#         62
  C:653DH         LINE#         63
  C:6542H         LINE#         65
  C:6551H         LINE#         66
  C:6553H         LINE#         67
  C:6554H         LINE#         68
  C:6555H         LINE#         69
  C:6557H         LINE#         70
  C:6558H         LINE#         71
  C:6559H         LINE#         73
  C:6570H         LINE#         74
  C:657CH         LINE#         75
  C:657EH         LINE#         79
  C:6590H         LINE#         80
  C:6590H         LINE#         81
  C:65A1H         LINE#         82
  C:65A1H         LINE#         83
  C:65CCH         LINE#         84
  C:65CCH         LINE#         85
  C:65E6H         LINE#         86
  C:660CH         LINE#         87
  C:6627H         LINE#         88
  C:6627H         LINE#         89
  C:6630H         LINE#         90
  C:6639H         LINE#         95
  C:6643H         LINE#         96
  C:6649H         LINE#         97
  C:6649H         LINE#         98
  C:6680H         LINE#         99
  C:668AH         LINE#         100
  C:66A7H         LINE#         102
  C:66B1H         LINE#         103
  -------         ENDPROC       _TOUCH_XPT_READDATA
  -------         PROC          TOUCH_XPT_READXY
  -------         DO            
  X:0030H         SYMBOL        x1
  X:0032H         SYMBOL        x2
  X:0034H         SYMBOL        x
  X:0036H         SYMBOL        y1
  D:0004H         SYMBOL        y2
  X:0038H         SYMBOL        y
  -------         ENDDO         
BL51 BANKED LINKER/LOCATER V6.22                                                      09/22/2021  11:17:15  PAGE 31


  C:7484H         LINE#         107
  C:7484H         LINE#         108
  C:7484H         LINE#         111
  C:7487H         LINE#         113
  C:748FH         LINE#         114
  C:749AH         LINE#         115
  C:74A2H         LINE#         116
  C:74A9H         LINE#         120
  C:74BFH         LINE#         121
  C:74BFH         LINE#         122
  C:74C7H         LINE#         123
  C:74C9H         LINE#         125
  C:74C9H         LINE#         126
  C:74E4H         LINE#         127
  C:74E4H         LINE#         130
  C:74F2H         LINE#         131
  C:74F2H         LINE#         132
  C:74F7H         LINE#         133
  C:74F9H         LINE#         135
  C:74F9H         LINE#         136
  C:750CH         LINE#         137
  C:750CH         LINE#         140
  C:7529H         LINE#         141
  C:7529H         LINE#         142
  C:752CH         LINE#         143
  C:752CH         LINE#         146
  C:754DH         LINE#         147
  C:7566H         LINE#         149
  C:756DH         LINE#         150
  C:7574H         LINE#         153
  C:7592H         LINE#         154
  C:7592H         LINE#         155
  C:7595H         LINE#         156
  C:7595H         LINE#         158
  C:7597H         LINE#         159
  -------         ENDPROC       TOUCH_XPT_READXY
  -------         PROC          TOUCH_SCAN
  -------         DO            
  X:002BH         SYMBOL        res
  X:002CH         SYMBOL        temp
  -------         ENDDO         
  C:6D81H         LINE#         163
  C:6D81H         LINE#         164
  C:6D81H         LINE#         165
  C:6D86H         LINE#         168
  C:6D8FH         LINE#         169
  C:6D8FH         LINE#         172
  C:6D98H         LINE#         173
  C:6D98H         LINE#         175
  C:6DA9H         LINE#         176
  C:6DDEH         LINE#         177
  C:6DEFH         LINE#         178
  C:6E19H         LINE#         237
  C:6E1CH         LINE#         239
  C:6E1CH         LINE#         241
  C:6E33H         LINE#         242
  C:6E68H         LINE#         243
BL51 BANKED LINKER/LOCATER V6.22                                                      09/22/2021  11:17:15  PAGE 32


  C:6E79H         LINE#         244
  C:6EAEH         LINE#         303
  C:6EAEH         LINE#         320
  C:6EB4H         LINE#         321
  C:6EB4H         LINE#         322
  C:6EB6H         LINE#         324
  C:6EBBH         LINE#         325
  C:6EC0H         LINE#         326
  -------         ENDPROC       TOUCH_SCAN
  -------         ENDMOD        TOUCH

  -------         MODULE        GUI
  C:0000H         SYMBOL        _ICE_DUMMY_
  C:8ABEH         PUBLIC        _gui_pow
  D:00A0H         PUBLIC        P2
  D:00B0H         PUBLIC        P3
  C:8434H         PUBLIC        _gui_num2str
  C:4F6DH         PUBLIC        _gui_show_ptstr
  D:00A8H         PUBLIC        IE
  C:66B2H         PUBLIC        _gui_get_stringline
  D:00B8H         PUBLIC        IP
  C:7893H         PUBLIC        _gui_draw_bigpoint
  C:6368H         PUBLIC        _gui_show_num
  C:899EH         PUBLIC        _gui_disabs
  C:4ABEH         PUBLIC        _gui_fill_ellipse
  D:00D8H         PUBLIC        CCON
  C:3C7FH         PUBLIC        _gui_fill_circle
  C:34B1H         PUBLIC        _gui_draw_ellipse
  C:27CBH         PUBLIC        _gui_draw_arcrectangle
  D:0098H         PUBLIC        SCON
  C:779CH         PUBLIC        _gui_alphablend_area
  D:0088H         PUBLIC        TCON
  C:7A7AH         PUBLIC        _gui_alpha_blend565
  C:8C13H         PUBLIC        _gui_rgb332torgb565
  C:69A6H         PUBLIC        _gui_show_strmidex
  C:8244H         PUBLIC        _gui_draw_expoint
  C:53D9H         PUBLIC        _gui_show_stringex
  C:45F5H         PUBLIC        _gui_draw_bline
  C:5DD0H         PUBLIC        _gui_smooth_color
  C:88B0H         PUBLIC        _gui_draw_hline
  C:4D1FH         PUBLIC        _gui_show_ptchar
  C:8591H         PUBLIC        _gui_draw_vline
  C:8830H         PUBLIC        _gui_color_chg
  C:6AF2H         PUBLIC        _gui_show_strmid
  C:6C3AH         PUBLIC        _gui_fill_colorblock
  C:5801H         PUBLIC        _gui_draw_line
  C:8C4FH         PUBLIC        _gui_draw_point
  C:8145H         PUBLIC        _gui_num2strex
  C:43A7H         PUBLIC        _gui_draw_circle8
  C:51B3H         PUBLIC        _gui_show_string
  C:86B2H         PUBLIC        _gui_fill_rectangle
  C:61ADH         PUBLIC        _gui_draw_arc
  C:7598H         PUBLIC        _gui_draw_smooth_rectangle
  C:807DH         PUBLIC        _gui_draw_rectangle
  C:38B5H         PUBLIC        _gui_draw_bline1
  D:00D0H         PUBLIC        PSW
  C:7EDBH         PUBLIC        _gui_show_ptstrwhiterim
BL51 BANKED LINKER/LOCATER V6.22                                                      09/22/2021  11:17:15  PAGE 33


  -------         PROC          _GUI_COLOR_CHG
  X:0330H         SYMBOL        rgb
  -------         DO            
  X:0334H         SYMBOL        r
  X:0336H         SYMBOL        g
  D:0004H         SYMBOL        b
  -------         ENDDO         
  C:8830H         LINE#         15
  C:8836H         LINE#         16
  C:8836H         LINE#         18
  C:884FH         LINE#         19
  C:886EH         LINE#         20
  C:8889H         LINE#         21
  C:88AFH         LINE#         22
  -------         ENDPROC       _GUI_COLOR_CHG
  -------         PROC          _GUI_RGB332TORGB565
  D:0004H         SYMBOL        rgb332
  -------         DO            
  D:0002H         SYMBOL        rgb565
  -------         ENDDO         
  C:8C13H         LINE#         26
  C:8C17H         LINE#         27
  C:8C17H         LINE#         28
  C:8C1BH         LINE#         29
  C:8C30H         LINE#         30
  C:8C45H         LINE#         31
  C:8C4BH         LINE#         32
  C:8C4EH         LINE#         33
  -------         ENDPROC       _GUI_RGB332TORGB565
  -------         PROC          _GUI_POW
  X:0352H         SYMBOL        m
  X:0353H         SYMBOL        n
  -------         DO            
  X:0354H         SYMBOL        result
  -------         ENDDO         
  C:8ABEH         LINE#         35
  C:8AC6H         LINE#         36
  C:8AC6H         LINE#         37
  C:8ACEH         LINE#         38
  C:8AF8H         LINE#         39
  C:8B06H         LINE#         40
  -------         ENDPROC       _GUI_POW
[...]
  C:6379H         LINE#         649
  C:6379H         LINE#         651
  C:637EH         LINE#         652
  C:6393H         LINE#         653
  C:6393H         LINE#         654
  C:63C4H         LINE#         655
  C:63DDH         LINE#         656
  C:63DDH         LINE#         657
  C:63E4H         LINE#         658
  C:63E4H         LINE#         659
  C:6446H         LINE#         660
  C:64A2H         LINE#         661
  C:64A4H         LINE#         662
  C:64AAH         LINE#         664
  C:64AAH         LINE#         665
  C:6521H         LINE#         666
  C:652AH         LINE#         667
  -------         ENDPROC       _GUI_SHOW_NUM
  -------         PROC          _GUI_NUM2STR
  X:031FH         SYMBOL        str
  X:0322H         SYMBOL        num
  -------         DO            
  X:0326H         SYMBOL        t
  D:0007H         SYMBOL        temp
  X:0327H         SYMBOL        enrec
  -------         ENDDO         
  C:8434H         LINE#         672
  C:8443H         LINE#         673
  C:8443H         LINE#         675
  C:8448H         LINE#         676
  C:8456H         LINE#         677
  C:8456H         LINE#         678
  C:8484H         LINE#         679
  C:8493H         LINE#         680
  C:8493H         LINE#         681
  C:8498H         LINE#         682
  C:849EH         LINE#         683
  C:849EH         LINE#         684
BL51 BANKED LINKER/LOCATER V6.22                                                      09/22/2021  11:17:15  PAGE 48


  C:84B1H         LINE#         685
  C:84BBH         LINE#         686
  C:84C3H         LINE#         687
  C:84D2H         LINE#         688
  C:84DDH         LINE#         689
  -------         ENDPROC       _GUI_NUM2STR
  -------         PROC          _GUI_NUM2STREX
  X:002BH         SYMBOL        n
  X:002DH         SYMBOL        str
  -------         DO            
  D:0003H         SYMBOL        i
  X:0030H         SYMBOL        j
  X:0031H         SYMBOL        k
  X:0032H         SYMBOL        s
  -------         ENDDO         
  C:8145H         LINE#         694
  C:8156H         LINE#         695
  C:8156H         LINE#         696
  C:815CH         LINE#         700
  C:815CH         LINE#         701
  C:8184H         LINE#         702
  C:8184H         LINE#         703
  C:81A5H         LINE#         704
  C:81B9H         LINE#         705
  C:81F1H         LINE#         706
  -------         ENDPROC       _GUI_NUM2STREX
  -------         PROC          _GUI_SHOW_PTSTR
  X:004EH         SYMBOL        x
  X:0050H         SYMBOL        y
  X:0052H         SYMBOL        xend
  X:0054H         SYMBOL        yend
  X:0056H         SYMBOL        offset
  X:0058H         SYMBOL        color
  X:005AH         SYMBOL        size
  X:005BH         SYMBOL        str
  X:005EH         SYMBOL        mode
  -------         DO            
  X:005FH         SYMBOL        bHz
  X:0060H         SYMBOL        EnDisp
  -------         ENDDO         
  C:4F6DH         LINE#         717
  C:4F81H         LINE#         718
  C:4F81H         LINE#         719
  C:4F86H         LINE#         720
  C:4F88H         LINE#         721
  C:4F9CH         LINE#         722
  C:4F9CH         LINE#         723
  C:4FA5H         LINE#         724
  C:4FA5H         LINE#         725
  C:4FB0H         LINE#         727
  C:4FB0H         LINE#         728
  C:4FB6H         LINE#         729
  C:4FB6H         LINE#         730
  C:4FCDH         LINE#         731
  C:4FCDH         LINE#         732
  C:4FDAH         LINE#         733
  C:4FDCH         LINE#         734
BL51 BANKED LINKER/LOCATER V6.22                                                      09/22/2021  11:17:15  PAGE 49


  C:4FDCH         LINE#         735
  C:4FF3H         LINE#         736
  C:4FF9H         LINE#         737
  C:4FF9H         LINE#         738
  C:4FF9H         LINE#         739
  C:5004H         LINE#         740
  C:5004H         LINE#         741
  C:506CH         LINE#         742
  C:509FH         LINE#         743
  C:50A7H         LINE#         744
  C:50B2H         LINE#         745
  C:50B2H         LINE#         746
  C:50BFH         LINE#         747
  C:50C6H         LINE#         748
  C:50C6H         LINE#         749
  C:50C6H         LINE#         750
  C:50DEH         LINE#         751
  C:50E5H         LINE#         752
  C:50E5H         LINE#         753
  C:50E8H         LINE#         754
  C:50E8H         LINE#         755
  C:50EDH         LINE#         756
  C:50F1H         LINE#         757
  C:50F1H         LINE#         758
  C:5106H         LINE#         759
  C:5106H         LINE#         760
  C:5113H         LINE#         761
  C:5115H         LINE#         762
  C:5115H         LINE#         763
  C:512CH         LINE#         764
  C:5132H         LINE#         765
  C:5132H         LINE#         766
  C:5132H         LINE#         767
  C:5138H         LINE#         768
  C:5138H         LINE#         770
  C:5169H         LINE#         771
  C:5171H         LINE#         772
  C:517CH         LINE#         773
  C:517CH         LINE#         774
  C:5189H         LINE#         775
  C:5190H         LINE#         776
  C:5190H         LINE#         777
  C:5190H         LINE#         778
  C:51A5H         LINE#         779
  C:51AFH         LINE#         780
  C:51AFH         LINE#         781
  C:51B2H         LINE#         782
  -------         ENDPROC       _GUI_SHOW_PTSTR
  -------         PROC          _GUI_SHOW_PTSTRWHITERIM
  X:026AH         SYMBOL        x
  X:026CH         SYMBOL        y
  X:026EH         SYMBOL        xend
  X:0270H         SYMBOL        yend
  X:0272H         SYMBOL        offset
  X:0274H         SYMBOL        color
  X:0276H         SYMBOL        rimcolor
  X:0278H         SYMBOL        size
BL51 BANKED LINKER/LOCATER V6.22                                                      09/22/2021  11:17:15  PAGE 50


  X:0279H         SYMBOL        str
  C:7EDBH         LINE#         792
  C:7EEFH         LINE#         793
  C:7EEFH         LINE#         794
  C:7F46H         LINE#         795
  -------         ENDPROC       _GUI_SHOW_PTSTRWHITERIM
  -------         PROC          _GUI_GET_STRINGLINE
  X:02E0H         SYMBOL        str
  X:02E3H         SYMBOL        linelenth
  X:02E5H         SYMBOL        font
  -------         DO            
  X:02E6H         SYMBOL        xpos
  X:02E8H         SYMBOL        lincnt
  -------         ENDDO         
  C:66B2H         LINE#         803
  C:66C5H         LINE#         804
  C:66C5H         LINE#         805
  C:66CCH         LINE#         806
  C:66D4H         LINE#         807
  C:66EAH         LINE#         808
  C:671AH         LINE#         809
  C:671AH         LINE#         810
  C:673AH         LINE#         811
  C:673AH         LINE#         812
  C:6749H         LINE#         813
  C:6750H         LINE#         814
  C:676FH         LINE#         815
  C:6776H         LINE#         816
  C:678CH         LINE#         817
  C:678CH         LINE#         818
  C:679FH         LINE#         819
  C:67A9H         LINE#         820
  C:67C1H         LINE#         821
  C:67C1H         LINE#         822
  C:67C1H         LINE#         823
  C:67C1H         LINE#         824
  C:67C1H         LINE#         825
  C:67C3H         LINE#         826
  C:67C3H         LINE#         827
  C:67D8H         LINE#         828
  C:67E2H         LINE#         829
  C:67FAH         LINE#         830
  C:67FAH         LINE#         831
  C:67FFH         LINE#         832
  C:681CH         LINE#         833
  C:681CH         LINE#         834
  C:681CH         LINE#         835
  C:681FH         LINE#         836
  C:682DH         LINE#         837
  -------         ENDPROC       _GUI_GET_STRINGLINE
  -------         PROC          _GUI_SHOW_STRING
  X:0219H         SYMBOL        str
  X:021CH         SYMBOL        x
  X:021EH         SYMBOL        y
  X:0220H         SYMBOL        width
  X:0222H         SYMBOL        height
  X:0224H         SYMBOL        font
BL51 BANKED LINKER/LOCATER V6.22                                                      09/22/2021  11:17:15  PAGE 51


  X:0225H         SYMBOL        fcolor
  -------         DO            
  X:0227H         SYMBOL        xpos
  X:0229H         SYMBOL        ypos
  X:022BH         SYMBOL        endx
  X:022DH         SYMBOL        endy
  -------         ENDDO         
  C:51B3H         LINE#         844
  C:51C4H         LINE#         845
  C:51C4H         LINE#         846
  C:51D4H         LINE#         847
  C:51E4H         LINE#         848
  C:51FEH         LINE#         849
  C:5218H         LINE#         850
  C:5230H         LINE#         851
  C:5243H         LINE#         852
  C:5243H         LINE#         853
  C:5257H         LINE#         854
  C:5257H         LINE#         855
  C:5266H         LINE#         856
  C:526DH         LINE#         857
  C:527CH         LINE#         858
  C:528EH         LINE#         859
  C:52A2H         LINE#         860
  C:52A2H         LINE#         861
  C:52CAH         LINE#         862
  C:52CAH         LINE#         863
  C:52D9H         LINE#         864
  C:52E5H         LINE#         865
  C:52E5H         LINE#         867
  C:52F7H         LINE#         868
  C:52FEH         LINE#         870
  C:5301H         LINE#         871
  C:5301H         LINE#         872
  C:532BH         LINE#         873
  C:532BH         LINE#         874
  C:533AH         LINE#         875
  C:5347H         LINE#         876
  C:5347H         LINE#         877
  C:53A1H         LINE#         878
  C:53B5H         LINE#         879
  C:53BFH         LINE#         880
  C:53BFH         LINE#         881
  C:53D8H         LINE#         883
  -------         ENDPROC       _GUI_SHOW_STRING
  -------         PROC          _GUI_SHOW_STRINGEX
  X:003FH         SYMBOL        x
  X:0041H         SYMBOL        y
  D:0002H         SYMBOL        width
  X:0045H         SYMBOL        height
  X:0047H         SYMBOL        fcolor
  X:0049H         SYMBOL        font
  X:004AH         SYMBOL        str
  X:004DH         SYMBOL        mode
  -------         DO            
  X:004EH         SYMBOL        xpos
  X:0050H         SYMBOL        ypos
BL51 BANKED LINKER/LOCATER V6.22                                                      09/22/2021  11:17:15  PAGE 52


  X:0052H         SYMBOL        endx
  X:0054H         SYMBOL        endy
  -------         ENDDO         
  C:53D9H         LINE#         891
  C:53E7H         LINE#         892
  C:53E7H         LINE#         893
  C:53F7H         LINE#         894
  C:5406H         LINE#         895
  C:5416H         LINE#         896
  C:5436H         LINE#         897
  C:5448H         LINE#         898
  C:545BH         LINE#         899
  C:545BH         LINE#         900
  C:546FH         LINE#         901
  C:546FH         LINE#         902
  C:547EH         LINE#         903
  C:5485H         LINE#         904
  C:5494H         LINE#         905
  C:54A6H         LINE#         906
  C:54BAH         LINE#         907
  C:54BAH         LINE#         908
  C:54E2H         LINE#         909
  C:54E2H         LINE#         910
  C:54F1H         LINE#         911
  C:54FDH         LINE#         912
  C:54FDH         LINE#         914
  C:550FH         LINE#         915
  C:5516H         LINE#         917
  C:5519H         LINE#         918
  C:5519H         LINE#         919
  C:5543H         LINE#         920
  C:5543H         LINE#         921
  C:5552H         LINE#         922
  C:555FH         LINE#         923
  C:555FH         LINE#         924
  C:55BDH         LINE#         925
  C:55D1H         LINE#         926
  C:55DBH         LINE#         927
  C:55DBH         LINE#         928
  C:55F4H         LINE#         930
  -------         ENDPROC       _GUI_SHOW_STRINGEX
  -------         ENDMOD        GUI

  -------         MODULE        ?C?CLDPTR
  C:2E7EH         PUBLIC        ?C?CLDPTR
  -------         ENDMOD        ?C?CLDPTR

  -------         MODULE        ?C?CLDOPTR
  C:2E97H         PUBLIC        ?C?CLDOPTR
  -------         ENDMOD        ?C?CLDOPTR

  -------         MODULE        ?C?CSTPTR
  C:2EC4H         PUBLIC        ?C?CSTPTR
  -------         ENDMOD        ?C?CSTPTR

  -------         MODULE        ?C?CSTOPTR
  C:2ED6H         PUBLIC        ?C?CSTOPTR
BL51 BANKED LINKER/LOCATER V6.22                                                      09/22/2021  11:17:15  PAGE 53


  -------         ENDMOD        ?C?CSTOPTR

  -------         MODULE        ?C?IMUL
  C:2EF8H         PUBLIC        ?C?IMUL
  -------         ENDMOD        ?C?IMUL

  -------         MODULE        ?C?UIDIV
  C:2F0AH         PUBLIC        ?C?UIDIV
  -------         ENDMOD        ?C?UIDIV

  -------         MODULE        ?C?SIDIV
  C:2F5FH         PUBLIC        ?C?SIDIV
  -------         ENDMOD        ?C?SIDIV

  -------         MODULE        ?C?IILDX
  C:2F95H         PUBLIC        ?C?IILDX
  -------         ENDMOD        ?C?IILDX

  -------         MODULE        ?C?ILDIX
  C:2FABH         PUBLIC        ?C?ILDIX
  -------         ENDMOD        ?C?ILDIX

  -------         MODULE        ?C?ILDOPTR
  C:2FC1H         PUBLIC        ?C?ILDOPTR
  -------         ENDMOD        ?C?ILDOPTR

  -------         MODULE        ?C?ISTOPTR
  C:2FF9H         PUBLIC        ?C?ISTOPTR
  -------         ENDMOD        ?C?ISTOPTR

  -------         MODULE        ?C?LMUL
  C:3026H         PUBLIC        ?C?LMUL
  -------         ENDMOD        ?C?LMUL

  -------         MODULE        ?C?ULDIV
  C:30B1H         PUBLIC        ?C?ULDIV
  -------         ENDMOD        ?C?ULDIV

  -------         MODULE        ?C?SLDIV
  C:8B4FH         PUBLIC        ?C?SLDIV
  -------         ENDMOD        ?C?SLDIV

  -------         MODULE        ?C?SLCMP
  C:3143H         PUBLIC        ?C?SLCMP
  -------         ENDMOD        ?C?SLCMP

  -------         MODULE        ?C?ULCMP
  C:3159H         PUBLIC        ?C?ULCMP
  -------         ENDMOD        ?C?ULCMP

  -------         MODULE        ?C?ULSHR
  C:316AH         PUBLIC        ?C?ULSHR
  -------         ENDMOD        ?C?ULSHR

  -------         MODULE        ?C?LSTXDATA
  C:317DH         PUBLIC        ?C?LSTXDATA
  -------         ENDMOD        ?C?LSTXDATA
BL51 BANKED LINKER/LOCATER V6.22                                                      09/22/2021  11:17:15  PAGE 54



  -------         MODULE        ?C?LSTKXDATA
  C:3189H         PUBLIC        ?C?LSTKXDATA
  -------         ENDMOD        ?C?LSTKXDATA

  -------         MODULE        ?C?LIMUL
  C:31BAH         PUBLIC        ?C?LIMUL
  -------         ENDMOD        ?C?LIMUL

  -------         MODULE        PRINTF
  X:002BH         PUBLIC        ?_PRINTF517?BYTE
  X:002BH         PUBLIC        ?_PRINTF?BYTE
  X:002BH         PUBLIC        ?_SPRINTF517?BYTE
  X:002BH         PUBLIC        ?_SPRINTF?BYTE
  C:408AH         PUBLIC        _PRINTF
  C:408AH         PUBLIC        _PRINTF517
  C:4084H         PUBLIC        _SPRINTF
  C:4084H         PUBLIC        _SPRINTF517
  -------         ENDMOD        PRINTF

  -------         MODULE        ?C?STRCMP
  C:3365H         PUBLIC        ?C?STRCMP
  -------         ENDMOD        ?C?STRCMP

  -------         MODULE        ?C?STRCPY
  C:344EH         PUBLIC        ?C?STRCPY
  -------         ENDMOD        ?C?STRCPY

  -------         MODULE        STRLEN
  C:8E3DH         PUBLIC        _STRLEN
  -------         ENDMOD        STRLEN

  -------         MODULE        ATOI
  C:7D28H         PUBLIC        _atoi
  -------         ENDMOD        ATOI

  -------         MODULE        ?C?PLDIXDATA
  C:346BH         PUBLIC        ?C?PLDIXDATA
  -------         ENDMOD        ?C?PLDIXDATA

  -------         MODULE        ?C?PSTXDATA
  C:3482H         PUBLIC        ?C?PSTXDATA
  -------         ENDMOD        ?C?PSTXDATA

  -------         MODULE        ?C?CCASE
  C:348BH         PUBLIC        ?C?CCASE
  -------         ENDMOD        ?C?CCASE

  -------         MODULE        PUTCHAR
  C:8D61H         PUBLIC        _PUTCHAR
  -------         ENDMOD        PUTCHAR

  -------         MODULE        ISDIGIT
  C:8E66H         PUBLIC        _isdigit
  -------         ENDMOD        ISDIGIT

  -------         MODULE        ISSPACE
BL51 BANKED LINKER/LOCATER V6.22                                                      09/22/2021  11:17:15  PAGE 55


  C:8E52H         PUBLIC        _isspace
  -------         ENDMOD        ISSPACE

*** WARNING L16: UNCALLED SEGMENT, IGNORED FOR OVERLAY PROCESS
    SEGMENT: ?PR?_DELAY_US?PUBLIC

*** WARNING L16: UNCALLED SEGMENT, IGNORED FOR OVERLAY PROCESS
    SEGMENT: ?PR?_UART_CMD?UART

*** WARNING L16: UNCALLED SEGMENT, IGNORED FOR OVERLAY PROCESS
    SEGMENT: ?PR?_UART_SENDSTRING?UART

*** WARNING L16: UNCALLED SEGMENT, IGNORED FOR OVERLAY PROCESS
    SEGMENT: ?PR?_DELAY?TFTLCD

*** WARNING L16: UNCALLED SEGMENT, IGNORED FOR OVERLAY PROCESS
    SEGMENT: ?PR?_LCD_COLOR_FILL?TFTLCD

*** WARNING L16: UNCALLED SEGMENT, IGNORED FOR OVERLAY PROCESS
    SEGMENT: ?PR?_LCD_DRAWBIGPOINT?TFTLCD

*** WARNING L16: UNCALLED SEGMENT, IGNORED FOR OVERLAY PROCESS
    SEGMENT: ?PR?_LCD_DRAWLINE_COLOR?TFTLCD

*** WARNING L16: UNCALLED SEGMENT, IGNORED FOR OVERLAY PROCESS
    SEGMENT: ?PR?_LCD_DROWSIGN?TFTLCD

*** WARNING L16: UNCALLED SEGMENT, IGNORED FOR OVERLAY PROCESS
    SEGMENT: ?PR?_LCD_DRAWRECTANGLE?TFTLCD

*** WARNING L16: UNCALLED SEGMENT, IGNORED FOR OVERLAY PROCESS
    SEGMENT: ?PR?_LCD_DRAW_CIRCLE?TFTLCD

*** WARNING L16: UNCALLED SEGMENT, IGNORED FOR OVERLAY PROCESS
    SEGMENT: ?PR?_LCD_SHOWNUM?TFTLCD

*** WARNING L16: UNCALLED SEGMENT, IGNORED FOR OVERLAY PROCESS
    SEGMENT: ?PR?_LCD_SHOWXNUM?TFTLCD

*** WARNING L16: UNCALLED SEGMENT, IGNORED FOR OVERLAY PROCESS
    SEGMENT: ?PR?_LCD_SHOWFONTHZ?TFTLCD

*** WARNING L16: UNCALLED SEGMENT, IGNORED FOR OVERLAY PROCESS
    SEGMENT: ?PR?_LCD_SHOWPICTURE?TFTLCD

*** WARNING L16: UNCALLED SEGMENT, IGNORED FOR OVERLAY PROCESS
    SEGMENT: ?PR?_GUI_COLOR_CHG?GUI

*** WARNING L16: UNCALLED SEGMENT, IGNORED FOR OVERLAY PROCESS
    SEGMENT: ?PR?_GUI_RGB332TORGB565?GUI

*** WARNING L16: UNCALLED SEGMENT, IGNORED FOR OVERLAY PROCESS
    SEGMENT: ?PR?_GUI_DISABS?GUI

*** WARNING L16: UNCALLED SEGMENT, IGNORED FOR OVERLAY PROCESS
    SEGMENT: ?PR?_GUI_DRAW_POINT?GUI

BL51 BANKED LINKER/LOCATER V6.22                                                      09/22/2021  11:17:15  PAGE 56


*** WARNING L16: UNCALLED SEGMENT, IGNORED FOR OVERLAY PROCESS
    SEGMENT: ?PR?_GUI_ALPHABLEND_AREA?GUI

*** WARNING L16: UNCALLED SEGMENT, IGNORED FOR OVERLAY PROCESS
    SEGMENT: ?PR?_GUI_DRAW_BLINE?GUI

*** WARNING L16: UNCALLED SEGMENT, IGNORED FOR OVERLAY PROCESS
    SEGMENT: ?PR?_GUI_DRAW_BLINE1?GUI

*** WARNING L16: UNCALLED SEGMENT, IGNORED FOR OVERLAY PROCESS
    SEGMENT: ?PR?_GUI_FILL_COLORBLOCK?GUI

*** WARNING L16: UNCALLED SEGMENT, IGNORED FOR OVERLAY PROCESS
    SEGMENT: ?PR?_GUI_DRAW_SMOOTH_RECTANGLE?GUI

*** WARNING L16: UNCALLED SEGMENT, IGNORED FOR OVERLAY PROCESS
    SEGMENT: ?PR?_GUI_DRAW_RECTANGLE?GUI

*** WARNING L16: UNCALLED SEGMENT, IGNORED FOR OVERLAY PROCESS
    SEGMENT: ?PR?_GUI_DRAW_ELLIPSE?GUI

*** WARNING L16: UNCALLED SEGMENT, IGNORED FOR OVERLAY PROCESS
    SEGMENT: ?PR?_GUI_FILL_ELLIPSE?GUI

*** WARNING L16: UNCALLED SEGMENT, IGNORED FOR OVERLAY PROCESS
    SEGMENT: ?PR?_GUI_SHOW_STRMIDEX?GUI

*** WARNING L16: UNCALLED SEGMENT, IGNORED FOR OVERLAY PROCESS
    SEGMENT: ?PR?_GUI_SHOW_NUM?GUI

*** WARNING L16: UNCALLED SEGMENT, IGNORED FOR OVERLAY PROCESS
    SEGMENT: ?PR?_GUI_NUM2STR?GUI

*** WARNING L16: UNCALLED SEGMENT, IGNORED FOR OVERLAY PROCESS
    SEGMENT: ?PR?_GUI_SHOW_PTSTRWHITERIM?GUI

*** WARNING L16: UNCALLED SEGMENT, IGNORED FOR OVERLAY PROCESS
    SEGMENT: ?PR?_GUI_GET_STRINGLINE?GUI

*** WARNING L16: UNCALLED SEGMENT, IGNORED FOR OVERLAY PROCESS
    SEGMENT: ?PR?_GUI_SHOW_STRING?GUI

Program Size: data=15.1 xdata=863 code=36551
LINK/LOCATE RUN COMPLETE.  32 WARNING(S),  0 ERROR(S)
