BL51 BANKED LINKER/LOCATER V6.22                                                        05/25/2021  15:15:10  PAGE 1


BL51 BANKED LINKER/LOCATER V6.22, INVOKED BY:
D:\YZ\KEILC51\C51\BIN\BL51.EXE .\output\main.obj, .\output\public.obj, .\output\uart.obj, .\output\tftlcd.obj, .\output\
>> touch.obj, .\output\gui.obj TO .\output\template PRINT (.\output\template.m51) RAMSIZE (256)


MEMORY MODEL: LARGE


INPUT MODULES INCLUDED:
  .\output\main.obj (MAIN)
  .\output\public.obj (PUBLIC)
  .\output\uart.obj (UART)
  .\output\tftlcd.obj (TFTLCD)
  .\output\touch.obj (TOUCH)
  .\output\gui.obj (GUI)
  D:\YZ\KEILC51\C51\LIB\C51L.LIB (?C_STARTUP)
  D:\YZ\KEILC51\C51\LIB\C51L.LIB (?C?CLDPTR)
  D:\YZ\KEILC51\C51\LIB\C51L.LIB (?C?CLDOPTR)
  D:\YZ\KEILC51\C51\LIB\C51L.LIB (?C?CSTPTR)
  D:\YZ\KEILC51\C51\LIB\C51L.LIB (?C?IMUL)
  D:\YZ\KEILC51\C51\LIB\C51L.LIB (?C?UIDIV)
  D:\YZ\KEILC51\C51\LIB\C51L.LIB (?C?IILDX)
  D:\YZ\KEILC51\C51\LIB\C51L.LIB (?C?ILDIX)
  D:\YZ\KEILC51\C51\LIB\C51L.LIB (?C?ILDOPTR)
  D:\YZ\KEILC51\C51\LIB\C51L.LIB (?C?ISTOPTR)
  D:\YZ\KEILC51\C51\LIB\C51L.LIB (?C?LMUL)
  D:\YZ\KEILC51\C51\LIB\C51L.LIB (?C?ULDIV)
  D:\YZ\KEILC51\C51\LIB\C51L.LIB (?C?SLDIV)
  D:\YZ\KEILC51\C51\LIB\C51L.LIB (?C?SLCMP)
  D:\YZ\KEILC51\C51\LIB\C51L.LIB (?C?ULCMP)
  D:\YZ\KEILC51\C51\LIB\C51L.LIB (?C?ULSHR)
  D:\YZ\KEILC51\C51\LIB\C51L.LIB (?C?LSTXDATA)
  D:\YZ\KEILC51\C51\LIB\C51L.LIB (?C?LSTKXDATA)
  D:\YZ\KEILC51\C51\LIB\C51L.LIB (?C?LIMUL)
  D:\YZ\KEILC51\C51\LIB\C51L.LIB (PRINTF)
  D:\YZ\KEILC51\C51\LIB\C51L.LIB (STRLEN)
  D:\YZ\KEILC51\C51\LIB\C51L.LIB (?C_INIT)
  D:\YZ\KEILC51\C51\LIB\C51L.LIB (?C?PLDIXDATA)
  D:\YZ\KEILC51\C51\LIB\C51L.LIB (?C?PSTXDATA)
  D:\YZ\KEILC51\C51\LIB\C51L.LIB (?C?CCASE)
  D:\YZ\KEILC51\C51\LIB\C51L.LIB (PUTCHAR)


LINK MAP OF MODULE:  .\output\template (MAIN)


            TYPE    BASE      LENGTH    RELOCATION   SEGMENT NAME
            -----------------------------------------------------

            * * * * * * *   D A T A   M E M O R Y   * * * * * * *
            REG     0000H     0008H     ABSOLUTE     "REG BANK 0"
            DATA    0008H     0005H     UNIT         _DATA_GROUP_
                    000DH     0013H                  *** GAP ***
            BIT     0020H.0   0001H.1   UNIT         _BIT_GROUP_
                    0021H.1   0000H.7                *** GAP ***
            IDATA   0022H     0001H     UNIT         ?STACK

            * * * * * * *  X D A T A   M E M O R Y  * * * * * * *
BL51 BANKED LINKER/LOCATER V6.22                                                      05/25/2021  15:15:10  PAGE 2


            XDATA   0000H     0034H     UNIT         ?XD?UART
            XDATA   0034H     002AH     UNIT         _XDATA_GROUP_
            XDATA   005EH     0024H     UNIT         ?XD?_GUI_DRAW_ELLIPSE?GUI
            XDATA   0082H     0022H     UNIT         ?XD?_GUI_FILL_ELLIPSE?GUI
            XDATA   00A4H     001FH     UNIT         ?XD?_GUI_DRAW_BLINE?GUI
            XDATA   00C3H     001FH     UNIT         ?XD?_GUI_DRAW_BLINE1?GUI
            XDATA   00E2H     001EH     UNIT         ?XD?_LCD_DRAWLINE_COLOR?TFTLCD
            XDATA   0100H     001EH     UNIT         ?XD?_GUI_DRAW_LINE?GUI
            XDATA   011EH     001EH     UNIT         ?XD?_GUI_SMOOTH_COLOR?GUI
            XDATA   013CH     001CH     UNIT         ?XD?_LCD_DRAWLINE?TFTLCD
            XDATA   0158H     001AH     UNIT         ?XD?_TOUCH_XPT_READDATA?TOUCH
            XDATA   0172H     0019H     UNIT         ?XD?_GUI_DRAW_ARC?GUI
            XDATA   018BH     0019H     UNIT         ?XD?_GUI_SHOW_PTCHAR?GUI
            XDATA   01A4H     0018H     UNIT         ?XD?_GUI_FILL_CIRCLE?GUI
            XDATA   01BCH     0017H     UNIT         ?XD?_GUI_DRAW_SMOOTH_RECTANGLE?GUI
            XDATA   01D3H     0016H     UNIT         ?XD?_GUI_SHOW_STRING?GUI
            XDATA   01E9H     0015H     UNIT         ?XD?_LCD_SHOWPICTURE?TFTLCD
            XDATA   01FEH     0013H     UNIT         ?XD?_LCD_COLOR_FILL?TFTLCD
            XDATA   0211H     0013H     UNIT         ?XD?_GUI_SHOW_PTSTR?GUI
            XDATA   0224H     0012H     UNIT         ?XD?_GUI_DRAW_CIRCLE8?GUI
            XDATA   0236H     0012H     UNIT         ?XD?_GUI_SHOW_STRMID?GUI
            XDATA   0248H     0012H     UNIT         ?XD?_GUI_SHOW_PTSTRWHITERIM?GUI
            XDATA   025AH     0011H     UNIT         ?XD?_GUI_ALPHABLEND_AREA?GUI
            XDATA   026BH     0010H     UNIT         ?XD?_GUI_DRAW_ARCRECTANGLE?GUI
            XDATA   027BH     0010H     UNIT         ?XD?_GUI_DRAW_EXPOINT?GUI
            XDATA   028BH     0010H     UNIT         ?XD?_GUI_SHOW_NUM?GUI
            XDATA   029BH     000EH     UNIT         ?XD?_LCD_SHOWXNUM?TFTLCD
            XDATA   02A9H     000EH     UNIT         ?XD?_GUI_DRAW_BIGPOINT?GUI
            XDATA   02B7H     000EH     UNIT         ?XD?_GUI_FILL_COLORBLOCK?GUI
            XDATA   02C5H     000DH     UNIT         ?XD?_LCD_SHOWNUM?TFTLCD
            XDATA   02D2H     000DH     UNIT         ?XD?TOUCH
            XDATA   02DFH     000DH     UNIT         ?XD?_GUI_ALPHA_BLEND565?GUI
            XDATA   02ECH     000CH     UNIT         ?XD?_LCD_FILL?TFTLCD
            XDATA   02F8H     000CH     UNIT         ?XD?_GUI_GET_STRINGLINE?GUI
            XDATA   0304H     000BH     UNIT         ?XD?TFTLCD
            XDATA   030FH     000AH     UNIT         ?XD?_LCD_READPOINT?TFTLCD
            XDATA   0319H     000AH     UNIT         ?XD?_LCD_DRAW_CIRCLE?TFTLCD
            XDATA   0323H     000AH     UNIT         ?XD?_LCD_SHOWFONTHZ?TFTLCD
            XDATA   032DH     000AH     UNIT         ?XD?TOUCH_XPT_READXY?TOUCH
            XDATA   0337H     000AH     UNIT         ?XD?_GUI_DRAW_RECTANGLE?GUI
            XDATA   0341H     000AH     UNIT         ?XD?_GUI_FILL_RECTANGLE?GUI
            XDATA   034BH     0009H     UNIT         ?XD?_GUI_NUM2STR?GUI
            XDATA   0354H     0008H     UNIT         ?XD?_LCD_DRAWRECTANGLE?TFTLCD
            XDATA   035CH     0008H     UNIT         ?XD?_GUI_COLOR_CHG?GUI
            XDATA   0364H     0008H     UNIT         ?XD?_GUI_DISABS?GUI
            XDATA   036CH     0008H     UNIT         ?XD?_GUI_DRAW_VLINE?GUI
            XDATA   0374H     0008H     UNIT         ?XD?_GUI_DRAW_HLINE?GUI
            XDATA   037CH     0006H     UNIT         ?XD?_LCD_DRAWBIGPOINT?TFTLCD
            XDATA   0382H     0006H     UNIT         ?XD?_LCD_DROWSIGN?TFTLCD
            XDATA   0388H     0006H     UNIT         ?XD?_LCD_POW?TFTLCD
            XDATA   038EH     0006H     UNIT         ?XD?_GUI_POW?GUI
            XDATA   0394H     0005H     UNIT         ?XD?TOUCH_SCAN?TOUCH
            XDATA   0399H     0004H     UNIT         ?XD?_GUI_DRAW_POINT?GUI
            XDATA   039DH     0003H     UNIT         ?XD?_UART_SENDSTRING?UART
            XDATA   03A0H     0002H     UNIT         ?XD?TOUCH_SPI_READ?TOUCH

            * * * * * * *   C O D E   M E M O R Y   * * * * * * *
BL51 BANKED LINKER/LOCATER V6.22                                                      05/25/2021  15:15:10  PAGE 3


            CODE    0000H     0003H     ABSOLUTE     
            CODE    0003H     001FH     UNIT         ?PR?_DELAY?TFTLCD
                    0022H     0001H                  *** GAP ***
            CODE    0023H     0003H     ABSOLUTE     
            CODE    0026H     1BF3H     UNIT         ?CO?TFTLCD
            CODE    1C19H     06B3H     UNIT         ?PR?_GUI_DRAW_ARCRECTANGLE?GUI
            CODE    22CCH     0404H     UNIT         ?PR?_GUI_DRAW_ELLIPSE?GUI
            CODE    26D0H     03CAH     UNIT         ?PR?_GUI_DRAW_BLINE1?GUI
            CODE    2A9AH     03A0H     UNIT         ?PR?_GUI_FILL_CIRCLE?GUI
            CODE    2E3AH     0365H     UNIT         ?PR?PRINTF?PRINTF
            CODE    319FH     0357H     UNIT         ?C?LIB_CODE
            CODE    34F6H     0271H     UNIT         ?PR?_GUI_DRAW_CIRCLE8?GUI
            CODE    3767H     026CH     UNIT         ?PR?_GUI_DRAW_BLINE?GUI
            CODE    39D3H     025CH     UNIT         ?PR?_GUI_FILL_ELLIPSE?GUI
            CODE    3C2FH     024EH     UNIT         ?PR?_GUI_SHOW_PTCHAR?GUI
            CODE    3E7DH     024BH     UNIT         ?PR?_GUI_SHOW_PTSTR?GUI
            CODE    40C8H     022BH     UNIT         ?PR?_GUI_SHOW_STRING?GUI
            CODE    42F3H     021CH     UNIT         ?PR?TFTLCD_INIT?TFTLCD
            CODE    450FH     01F3H     UNIT         ?PR?_GUI_DRAW_LINE?GUI
            CODE    4702H     01EFH     UNIT         ?PR?_LCD_DRAWLINE?TFTLCD
            CODE    48F1H     01EDH     UNIT         ?PR?_LCD_DRAWLINE_COLOR?TFTLCD
            CODE    4ADEH     01E9H     UNIT         ?PR?_GUI_SMOOTH_COLOR?GUI
            CODE    4CC7H     01D8H     UNIT         ?PR?_LCD_DRAW_CIRCLE?TFTLCD
            CODE    4E9FH     01D7H     UNIT         ?PR?_GUI_DRAW_ARC?GUI
            CODE    5076H     01C3H     UNIT         ?PR?_GUI_SHOW_NUM?GUI
            CODE    5239H     0187H     UNIT         ?PR?_TOUCH_XPT_READDATA?TOUCH
            CODE    53C0H     017CH     UNIT         ?PR?_GUI_GET_STRINGLINE?GUI
            CODE    553CH     0178H     UNIT         ?PR?_LCD_SHOWCHAR?TFTLCD
            CODE    56B4H     0148H     UNIT         ?PR?_GUI_SHOW_STRMID?GUI
            CODE    57FCH     0147H     UNIT         ?PR?_GUI_FILL_COLORBLOCK?GUI
            CODE    5943H     013DH     UNIT         ?PR?CHARACTERSHOW_TEST?MAIN
            CODE    5A80H     012DH     UNIT         ?PR?_LCD_SHOWPICTURE?TFTLCD
            CODE    5BADH     012BH     UNIT         ?PR?_LCD_SHOWFONTHZ?TFTLCD
            CODE    5CD8H     0129H     UNIT         ?PR?_LCD_SHOWXNUM?TFTLCD
            CODE    5E01H     0114H     UNIT         ?PR?TOUCH_XPT_READXY?TOUCH
            CODE    5F15H     010CH     UNIT         ?PR?_GUI_DRAW_SMOOTH_RECTANGLE?GUI
            CODE    6021H     00F8H     UNIT         ?PR?_LCD_COLOR_FILL?TFTLCD
            CODE    6119H     00F7H     UNIT         ?PR?_GUI_ALPHABLEND_AREA?GUI
            CODE    6210H     00F4H     UNIT         ?PR?_GUI_DRAW_BIGPOINT?GUI
            CODE    6304H     00EDH     UNIT         ?PR?_GUI_ALPHA_BLEND565?GUI
            CODE    63F1H     00E5H     UNIT         ?PR?_LCD_SHOWSTRING?TFTLCD
            CODE    64D6H     00DCH     UNIT         ?PR?_LCD_SHOWNUM?TFTLCD
            CODE    65B2H     00D8H     UNIT         ?PR?_LCD_DROWSIGN?TFTLCD
            CODE    668AH     00D2H     UNIT         ?PR?_GUI_SHOW_PTSTRWHITERIM?GUI
            CODE    675CH     00D0H     UNIT         ?PR?_LCD_FILL?TFTLCD
            CODE    682CH     00C8H     UNIT         ?PR?_GUI_DRAW_RECTANGLE?GUI
            CODE    68F4H     00C1H     UNIT         ?PR?_GUI_DRAW_EXPOINT?GUI
            CODE    69B5H     00AAH     UNIT         ?PR?_LCD_DRAWRECTANGLE?TFTLCD
            CODE    6A5FH     00AAH     UNIT         ?PR?_GUI_NUM2STR?GUI
            CODE    6B09H     009BH     UNIT         ?PR?_LCD_SET_WINDOW?TFTLCD
            CODE    6BA4H     0096H     UNIT         ?PR?_GUI_DRAW_VLINE?GUI
            CODE    6C3AH     008CH     UNIT         ?C_C51STARTUP
            CODE    6CC6H     008AH     UNIT         ?PR?_GUI_FILL_RECTANGLE?GUI
            CODE    6D50H     0087H     UNIT         ?PR?UART_IRQN?UART
            CODE    6DD7H     0081H     UNIT         ?PR?_LCD_CLEAR?TFTLCD
            CODE    6E58H     0080H     UNIT         ?PR?_GUI_COLOR_CHG?GUI
            CODE    6ED8H     007BH     UNIT         ?PR?_GUI_DRAW_HLINE?GUI
BL51 BANKED LINKER/LOCATER V6.22                                                      05/25/2021  15:15:10  PAGE 4


            CODE    6F53H     0073H     UNIT         ?PR?_LCD_DRAWBIGPOINT?TFTLCD
            CODE    6FC6H     0071H     UNIT         ?PR?_LCD_READPOINT?TFTLCD
            CODE    7037H     006BH     UNIT         ?PR?_GUI_DISABS?GUI
            CODE    70A2H     0050H     UNIT         ?PR?_LCD_POW?TFTLCD
            CODE    70F2H     004AH     UNIT         ?PR?_LCD_DISPLAY_DIR?TFTLCD
            CODE    713CH     0049H     UNIT         ?PR?_GUI_POW?GUI
            CODE    7185H     0048H     UNIT         ?PR?_LCD_DRAWFRONT_COLOR?TFTLCD
            CODE    71CDH     0044H     UNIT         ?C?LDIV
            CODE    7211H     0040H     UNIT         ?PR?_LCD_DRAWPOINT?TFTLCD
            CODE    7251H     003CH     UNIT         ?PR?_GUI_RGB332TORGB565?GUI
            CODE    728DH     003CH     UNIT         ?PR?_GUI_DRAW_POINT?GUI
            CODE    72C9H     003BH     UNIT         ?PR?TOUCH_SPI_READ?TOUCH
            CODE    7304H     0033H     UNIT         ?PR?_UART_SENDSTRING?UART
            CODE    7337H     002AH     UNIT         ?PR?_LCD_WRITEDATA?TFTLCD
            CODE    7361H     0027H     UNIT         ?PR?PUTCHAR?PUTCHAR
            CODE    7388H     0025H     UNIT         ?PR?_LCD_WRITEDATA_COLOR?TFTLCD
            CODE    73ADH     0021H     UNIT         ?PR?_LCD_WRITECMD?TFTLCD
            CODE    73CEH     001EH     UNIT         ?PR?_DELAY_MS?PUBLIC
            CODE    73ECH     001EH     UNIT         ?PR?TOUCH_SCAN?TOUCH
            CODE    740AH     001DH     UNIT         ?PR?_TOUCH_SPI_WRITE?TOUCH
            CODE    7427H     001AH     UNIT         ?PR?LCD_READDATA?TFTLCD
            CODE    7441H     0018H     UNIT         ?CO?MAIN
            CODE    7459H     0016H     UNIT         ?PR?UART_INIT?UART
            CODE    746FH     0015H     UNIT         ?PR?_STRLEN?STRLEN
            CODE    7484H     0014H     UNIT         ?PR?_LCD_WRITECMDDATA?TFTLCD
            CODE    7498H     0010H     UNIT         ?C_INITSEG
            CODE    74A8H     000EH     UNIT         ?PR?_UART_SENDDATA?UART
            CODE    74B6H     000BH     UNIT         ?PR?MAIN?MAIN
            CODE    74C1H     000BH     UNIT         ?PR?_DELAY_10US?PUBLIC
            CODE    74CCH     000BH     UNIT         ?PR?TOUCH_SPI_START?TOUCH
            CODE    74D7H     0006H     UNIT         ?PR?_UART_CMD?UART



OVERLAY MAP OF MODULE:   .\output\template (MAIN)


SEGMENT                                       BIT_GROUP          DATA_GROUP          XDATA_GROUP
  +--> CALLED SEGMENT                      START    LENGTH     START    LENGTH     START    LENGTH
--------------------------------------------------------------------------------------------------
?C_C51STARTUP                              -----    -----      -----    -----      -----    -----
  +--> ?PR?MAIN?MAIN
  +--> ?C_INITSEG

?PR?MAIN?MAIN                              -----    -----      -----    -----      -----    -----
  +--> ?PR?UART_INIT?UART
  +--> ?PR?TFTLCD_INIT?TFTLCD
  +--> ?PR?CHARACTERSHOW_TEST?MAIN

?PR?TFTLCD_INIT?TFTLCD                     -----    -----      -----    -----      0034H    0002H
  +--> ?PR?_DELAY_MS?PUBLIC
  +--> ?PR?_LCD_WRITECMD?TFTLCD
  +--> ?PR?LCD_READDATA?TFTLCD
  +--> ?CO?TFTLCD
  +--> ?PR?PRINTF?PRINTF
  +--> ?PR?_LCD_WRITEDATA?TFTLCD
  +--> ?PR?_DELAY?TFTLCD
BL51 BANKED LINKER/LOCATER V6.22                                                      05/25/2021  15:15:10  PAGE 5


  +--> ?PR?_LCD_DISPLAY_DIR?TFTLCD
  +--> ?PR?_LCD_CLEAR?TFTLCD

?PR?PRINTF?PRINTF                          0020H.0  0001H.1    0008H    0005H      0036H    0028H
  +--> ?PR?PUTCHAR?PUTCHAR

?PR?_LCD_WRITEDATA?TFTLCD                  -----    -----      -----    -----      -----    -----
  +--> ?PR?_LCD_WRITECMD?TFTLCD

?PR?_LCD_DISPLAY_DIR?TFTLCD                -----    -----      -----    -----      -----    -----
  +--> ?PR?_LCD_WRITECMDDATA?TFTLCD

?PR?_LCD_WRITECMDDATA?TFTLCD               -----    -----      -----    -----      -----    -----
  +--> ?PR?_LCD_WRITECMD?TFTLCD
  +--> ?PR?_LCD_WRITEDATA?TFTLCD

?PR?_LCD_CLEAR?TFTLCD                      -----    -----      -----    -----      0036H    0004H
  +--> ?PR?_LCD_SET_WINDOW?TFTLCD
  +--> ?PR?_LCD_WRITEDATA_COLOR?TFTLCD

?PR?_LCD_SET_WINDOW?TFTLCD                 -----    -----      -----    -----      0053H    0008H
  +--> ?PR?_LCD_WRITECMD?TFTLCD
  +--> ?PR?_LCD_WRITEDATA?TFTLCD

?PR?CHARACTERSHOW_TEST?MAIN                -----    -----      -----    -----      -----    -----
  +--> ?CO?MAIN
  +--> ?PR?_LCD_SHOWSTRING?TFTLCD

?PR?_LCD_SHOWSTRING?TFTLCD                 -----    -----      -----    -----      0034H    000DH
  +--> ?PR?_LCD_SHOWCHAR?TFTLCD

?PR?_LCD_SHOWCHAR?TFTLCD                   -----    -----      -----    -----      0041H    000CH
  +--> ?CO?TFTLCD
  +--> ?PR?_LCD_DRAWFRONT_COLOR?TFTLCD

?PR?_LCD_DRAWFRONT_COLOR?TFTLCD            -----    -----      -----    -----      004DH    0006H
  +--> ?PR?_LCD_SET_WINDOW?TFTLCD
  +--> ?PR?_LCD_WRITEDATA_COLOR?TFTLCD



SYMBOL TABLE OF MODULE:  .\output\template (MAIN)

  VALUE           TYPE          NAME
  ----------------------------------

  -------         MODULE        MAIN
  C:0000H         SYMBOL        _ICE_DUMMY_
  D:00A0H         PUBLIC        P2
  D:00B0H         PUBLIC        P3
  D:00A8H         PUBLIC        IE
  D:00B8H         PUBLIC        IP
  D:00D8H         PUBLIC        CCON
  C:74B6H         PUBLIC        main
  D:0098H         PUBLIC        SCON
  D:0088H         PUBLIC        TCON
  C:5943H         PUBLIC        CharacterShow_Test
BL51 BANKED LINKER/LOCATER V6.22                                                      05/25/2021  15:15:10  PAGE 6


  D:00D0H         PUBLIC        PSW
  -------         PROC          CHARACTERSHOW_TEST
  C:5943H         LINE#         10
  C:5943H         LINE#         11
  C:5943H         LINE#         12
  C:594CH         LINE#         13
  C:597EH         LINE#         14
  C:59B0H         LINE#         15
  C:59E2H         LINE#         16
  C:59EAH         LINE#         17
  C:5A1CH         LINE#         18
  C:5A4EH         LINE#         19
  -------         ENDPROC       CHARACTERSHOW_TEST
  -------         PROC          MAIN
  C:74B6H         LINE#         22
  C:74B6H         LINE#         23
  C:74B6H         LINE#         25
  C:74B9H         LINE#         26
  C:74BCH         LINE#         28
  C:74BFH         LINE#         30
  C:74BFH         LINE#         31
  C:74BFH         LINE#         33
  -------         ENDPROC       MAIN
  -------         ENDMOD        MAIN

  -------         MODULE        PUBLIC
  C:0000H         SYMBOL        _ICE_DUMMY_
  D:00A8H         PUBLIC        IE
  D:00B8H         PUBLIC        IP
  D:00D8H         PUBLIC        CCON
  D:0098H         PUBLIC        SCON
  D:0088H         PUBLIC        TCON
  C:74C1H         PUBLIC        _delay_10us
  C:73CEH         PUBLIC        _delay_ms
  D:00D0H         PUBLIC        PSW
  -------         PROC          _DELAY_10US
  D:0006H         SYMBOL        us
  C:74C1H         LINE#         6
  C:74C1H         LINE#         7
  C:74C1H         LINE#         8
  C:74CBH         LINE#         9
  -------         ENDPROC       _DELAY_10US
  -------         PROC          _DELAY_MS
  D:0006H         SYMBOL        ms
  -------         DO            
  D:0006H         SYMBOL        i
  D:0004H         SYMBOL        j
  -------         ENDDO         
  C:73CEH         LINE#         11
  C:73CEH         LINE#         12
  C:73CEH         LINE#         14
  C:73D7H         LINE#         15
  C:73EBH         LINE#         16
  -------         ENDPROC       _DELAY_MS
  -------         ENDMOD        PUBLIC

  -------         MODULE        UART
BL51 BANKED LINKER/LOCATER V6.22                                                      05/25/2021  15:15:10  PAGE 7


  C:0000H         SYMBOL        _ICE_DUMMY_
  B:00A8H.7       PUBLIC        EA
  X:0000H         PUBLIC        UART_RX_BUF
  D:00A8H         PUBLIC        IE
  X:0032H         PUBLIC        UART_RX_STA
  B:00A8H.4       PUBLIC        ES
  D:00B8H         PUBLIC        IP
  B:0098H.0       PUBLIC        RI
  B:0098H.1       PUBLIC        TI
  D:00D8H         PUBLIC        CCON
  C:7304H         PUBLIC        _UART_SendString
  C:74A8H         PUBLIC        _UART_SendData
  D:0099H         PUBLIC        SBUF
  D:0087H         PUBLIC        PCON
  C:74D7H         PUBLIC        _UART_Cmd
  C:7459H         PUBLIC        UART_Init
  D:0098H         PUBLIC        SCON
  D:0089H         PUBLIC        TMOD
  D:0088H         PUBLIC        TCON
  D:008DH         PUBLIC        TH1
  D:008BH         PUBLIC        TL1
  B:0088H.6       PUBLIC        TR1
  C:6D50H         PUBLIC        UART_IRQn
  D:00D0H         PUBLIC        PSW
  -------         PROC          UART_INIT
  C:7459H         LINE#         5
  C:7459H         LINE#         6
  C:7459H         LINE#         7
  C:745CH         LINE#         8
  C:745FH         LINE#         9
  C:7462H         LINE#         10
  C:7465H         LINE#         11
  C:7468H         LINE#         13
  C:746AH         LINE#         14
  C:746CH         LINE#         15
  C:746EH         LINE#         16
  -------         ENDPROC       UART_INIT
  -------         PROC          _UART_CMD
  D:0007H         SYMBOL        ensta
  C:74D7H         LINE#         18
  C:74D7H         LINE#         19
  C:74D7H         LINE#         20
  C:74DCH         LINE#         21
  -------         ENDPROC       _UART_CMD
  -------         PROC          _UART_SENDDATA
  D:0007H         SYMBOL        dat
  C:74A8H         LINE#         23
  C:74A8H         LINE#         24
  C:74A8H         LINE#         25
  C:74AAH         LINE#         26
  C:74ACH         LINE#         27
  C:74AEH         LINE#         28
  C:74B1H         LINE#         29
  C:74B3H         LINE#         30
  C:74B5H         LINE#         31
  -------         ENDPROC       _UART_SENDDATA
  -------         PROC          _UART_SENDSTRING
BL51 BANKED LINKER/LOCATER V6.22                                                      05/25/2021  15:15:10  PAGE 8


  X:039DH         SYMBOL        pbuf
  C:7304H         LINE#         33
  C:730FH         LINE#         34
  C:730FH         LINE#         35
  C:7320H         LINE#         36
  C:7320H         LINE#         37
  C:7323H         LINE#         38
  C:732AH         LINE#         39
  C:7334H         LINE#         40
  C:7336H         LINE#         41
  -------         ENDPROC       _UART_SENDSTRING
  -------         PROC          UART_IRQN
  -------         DO            
  D:0007H         SYMBOL        r
  -------         ENDDO         
  C:6D50H         LINE#         51
  C:6D61H         LINE#         55
  C:6D64H         LINE#         56
  C:6D64H         LINE#         57
  C:6D66H         LINE#         58
  C:6D68H         LINE#         59
  C:6D71H         LINE#         60
  C:6D71H         LINE#         61
  C:6D74H         LINE#         62
  C:6D74H         LINE#         63
  C:6D7EH         LINE#         64
  C:6D81H         LINE#         65
  C:6D83H         LINE#         67
  C:6D83H         LINE#         68
  C:6D93H         LINE#         70
  C:6D93H         LINE#         71
  C:6DA7H         LINE#         72
  C:6DB5H         LINE#         73
  C:6DC8H         LINE#         74
  C:6DC8H         LINE#         75
  C:6DC8H         LINE#         76
  C:6DC8H         LINE#         77
  C:6DC8H         LINE#         78
  -------         ENDPROC       UART_IRQN
  -------         ENDMOD        UART

  -------         MODULE        TFTLCD
  C:0000H         SYMBOL        _ICE_DUMMY_
  D:0080H         PUBLIC        P0
  D:0090H         PUBLIC        P1
  X:0304H         PUBLIC        tftlcd_data
  D:00A0H         PUBLIC        P2
  C:5CD8H         PUBLIC        _LCD_ShowxNum
  D:00B0H         PUBLIC        P3
  C:64D6H         PUBLIC        _LCD_ShowNum
  D:00A8H         PUBLIC        IE
  C:70F2H         PUBLIC        _LCD_Display_Dir
  C:5BADH         PUBLIC        _LCD_ShowFontHZ
  D:00B8H         PUBLIC        IP
  C:6DD7H         PUBLIC        _LCD_Clear
  C:6021H         PUBLIC        _LCD_Color_Fill
  C:7390H         PUBLIC        _LCD_WriteData_Color
BL51 BANKED LINKER/LOCATER V6.22                                                      05/25/2021  15:15:10  PAGE 9


  D:00D8H         PUBLIC        CCON
  C:7427H         PUBLIC        LCD_ReadData
  C:48F1H         PUBLIC        _LCD_DrawLine_Color
  C:718BH         PUBLIC        _LCD_DrawFRONT_COLOR
  D:0098H         PUBLIC        SCON
  D:0088H         PUBLIC        TCON
  C:0A97H         PUBLIC        ascii_2412
  C:0033H         PUBLIC        ascii_1206
  C:5A80H         PUBLIC        _LCD_ShowPicture
  C:42F3H         PUBLIC        TFTLCD_Init
  C:04A7H         PUBLIC        ascii_1608
  C:675CH         PUBLIC        _LCD_Fill
  C:6B0EH         PUBLIC        _LCD_Set_Window
  C:7344H         PUBLIC        _LCD_WriteData
  C:6FC6H         PUBLIC        _LCD_ReadPoint
  B:00B0H.3       PUBLIC        TFT_RST
  C:4702H         PUBLIC        _LCD_DrawLine
  C:7227H         PUBLIC        _LCD_DrawPoint
  C:63F1H         PUBLIC        _LCD_ShowString
  C:748AH         PUBLIC        _LCD_WriteCmdData
  C:553CH         PUBLIC        _LCD_ShowChar
  C:73B1H         PUBLIC        _LCD_WriteCmd
  C:69B5H         PUBLIC        _LCD_DrawRectangle
  B:00B0H.2       PUBLIC        TFT_RD
  B:00A0H.7       PUBLIC        TFT_CS
  C:65B2H         PUBLIC        _LCD_DrowSign
  C:6F53H         PUBLIC        _LCD_DrawBigPoint
  C:70A9H         PUBLIC        _LCD_Pow
  X:030BH         PUBLIC        FRONT_COLOR
  C:0003H         PUBLIC        _Delay
  X:030DH         PUBLIC        BACK_COLOR
  B:00A0H.6       PUBLIC        TFT_RS
  B:00A0H.5       PUBLIC        TFT_WR
  C:4CC7H         PUBLIC        _LCD_Draw_Circle
  D:00D0H         PUBLIC        PSW
  C:17F3H         PUBLIC        CnChar32x29
  -------         PROC          _DELAY
  D:0006H         SYMBOL        dly
  -------         DO            
  D:0004H         SYMBOL        i
  D:0002H         SYMBOL        j
  -------         ENDDO         
  C:0003H         LINE#         14
  C:0003H         LINE#         15
  C:0003H         LINE#         18
  C:000DH         LINE#         19
  C:0021H         LINE#         20
  -------         ENDPROC       _DELAY
  C:73ADH         SYMBOL        L?0195
  -------         PROC          L?0194
  -------         ENDPROC       L?0194
  C:73ADH         SYMBOL        L?0195
  -------         PROC          _LCD_WRITECMD
  D:0004H         SYMBOL        cmd
  C:73B1H         LINE#         23
  C:73B5H         LINE#         24
  C:73B5H         LINE#         183
BL51 BANKED LINKER/LOCATER V6.22                                                      05/25/2021  15:15:10  PAGE 10


  C:73B7H         LINE#         184
  C:73B9H         LINE#         185
  C:73BBH         LINE#         186
  C:73BDH         LINE#         188
  C:73C0H         LINE#         189
  C:73C2H         LINE#         190
  C:73C4H         LINE#         192
  C:73C7H         LINE#         193
  C:73C9H         LINE#         194
  C:73CBH         LINE#         196
  C:73CDH         LINE#         215
  -------         ENDPROC       _LCD_WRITECMD
  C:7337H         SYMBOL        L?0185
  C:733FH         SYMBOL        L?0186
  -------         PROC          L?0184
  -------         ENDPROC       L?0184
  C:7337H         SYMBOL        L?0185
  C:733FH         SYMBOL        L?0186
  -------         PROC          _LCD_WRITEDATA
  D:0004H         SYMBOL        dat
  C:7344H         LINE#         219
  C:7348H         LINE#         220
  C:7348H         LINE#         375
  C:734AH         LINE#         376
  C:734CH         LINE#         377
  C:734EH         LINE#         378
  C:7350H         LINE#         380
  C:7353H         LINE#         381
  C:7355H         LINE#         382
  C:7357H         LINE#         383
  C:735AH         LINE#         384
  C:735CH         LINE#         385
  C:735EH         LINE#         387
  C:7360H         LINE#         405
  -------         ENDPROC       _LCD_WRITEDATA
  C:7388H         SYMBOL        L?0188
  C:738BH         SYMBOL        L?0189
  -------         PROC          L?0187
  -------         ENDPROC       L?0187
  C:7388H         SYMBOL        L?0188
  C:738BH         SYMBOL        L?0189
  -------         PROC          _LCD_WRITEDATA_COLOR
  D:0004H         SYMBOL        color
  C:7390H         LINE#         407
  C:7394H         LINE#         408
  C:7394H         LINE#         571
  C:7396H         LINE#         572
  C:7398H         LINE#         573
  C:739AH         LINE#         574
  C:739CH         LINE#         576
  C:739FH         LINE#         577
  C:73A1H         LINE#         578
  C:73A3H         LINE#         579
  C:73A6H         LINE#         580
  C:73A8H         LINE#         581
  C:73AAH         LINE#         583
  C:73ACH         LINE#         601
BL51 BANKED LINKER/LOCATER V6.22                                                      05/25/2021  15:15:10  PAGE 11


  -------         ENDPROC       _LCD_WRITEDATA_COLOR
  -------         PROC          L?0197
  -------         ENDPROC       L?0197
  -------         PROC          _LCD_WRITECMDDATA
  D:0006H         SYMBOL        cmd
  D:0002H         SYMBOL        dat
  C:748AH         LINE#         603
  C:748EH         LINE#         604
  C:748EH         LINE#         605
  C:7491H         LINE#         606
  -------         ENDPROC       _LCD_WRITECMDDATA
  -------         PROC          LCD_READDATA
  -------         DO            
  D:0006H         SYMBOL        ram
  -------         ENDDO         
  C:7427H         LINE#         611
  C:7427H         LINE#         612
  C:7427H         LINE#         615
  C:742AH         LINE#         616
  C:742DH         LINE#         766
  C:742FH         LINE#         767
  C:7431H         LINE#         768
  C:7433H         LINE#         769
  C:7434H         LINE#         770
  C:7436H         LINE#         771
  C:7438H         LINE#         772
  C:743CH         LINE#         773
  C:743EH         LINE#         774
  C:7440H         LINE#         793
  C:7440H         LINE#         794
  -------         ENDPROC       LCD_READDATA
  -------         PROC          _LCD_DISPLAY_DIR
  D:0007H         SYMBOL        dir
  C:70F2H         LINE#         798
  C:70F2H         LINE#         799
  C:70F2H         LINE#         800
  C:70F7H         LINE#         801
  C:70FBH         LINE#         802
  C:70FBH         LINE#         855
  C:7103H         LINE#         856
  C:7108H         LINE#         864
  C:7111H         LINE#         865
  C:711AH         LINE#         866
  C:711BH         LINE#         868
  C:711BH         LINE#         923
  C:7124H         LINE#         924
  C:7129H         LINE#         932
  C:7132H         LINE#         933
  C:713BH         LINE#         934
  C:713BH         LINE#         935
  -------         ENDPROC       _LCD_DISPLAY_DIR
  -------         PROC          TFTLCD_INIT
  -------         DO            
  X:0034H         SYMBOL        i
  -------         ENDDO         
  C:42F3H         LINE#         938
  C:42F3H         LINE#         939
BL51 BANKED LINKER/LOCATER V6.22                                                      05/25/2021  15:15:10  PAGE 12


  C:42F3H         LINE#         940
  C:42FAH         LINE#         941
  C:42FCH         LINE#         942
  C:4302H         LINE#         944
  C:4304H         LINE#         945
  C:430BH         LINE#         947
  C:430DH         LINE#         948
  C:4314H         LINE#         1005
  C:431AH         LINE#         1006
  C:4325H         LINE#         1014
  C:4336H         LINE#         1736
  C:4342H         LINE#         1737
  C:434EH         LINE#         1738
  C:435AH         LINE#         1739
  C:4366H         LINE#         1740
  C:4373H         LINE#         1741
  C:437FH         LINE#         1742
  C:438CH         LINE#         1743
  C:4398H         LINE#         1744
  C:43A3H         LINE#         1745
  C:43B1H         LINE#         1747
  C:43BFH         LINE#         1748
  C:43CDH         LINE#         1749
  C:43D4H         LINE#         1750
  C:43E0H         LINE#         1751
  C:43ECH         LINE#         1752
  C:43F8H         LINE#         1754
  C:4404H         LINE#         1755
  C:440EH         LINE#         1756
  C:4418H         LINE#         1757
  C:4422H         LINE#         1758
  C:442CH         LINE#         1759
  C:4436H         LINE#         1760
  C:4440H         LINE#         1761
  C:444AH         LINE#         1762
  C:4454H         LINE#         1763
  C:445EH         LINE#         1765
  C:4468H         LINE#         1766
  C:4474H         LINE#         1767
  C:4482H         LINE#         1768
  C:4490H         LINE#         1769
  C:449EH         LINE#         1770
  C:44ACH         LINE#         1771
  C:44B8H         LINE#         1772
  C:44C3H         LINE#         1773
  C:44D0H         LINE#         1774
  C:44DCH         LINE#         1776
  C:44E6H         LINE#         1777
  C:44F0H         LINE#         1780
  C:44FCH         LINE#         1781
  C:44FFH         LINE#         1829
  C:4504H         LINE#         1830
  -------         ENDPROC       TFTLCD_INIT
  C:6B09H         SYMBOL        L?0191
  -------         PROC          L?0190
  -------         ENDPROC       L?0190
  C:6B09H         SYMBOL        L?0191
BL51 BANKED LINKER/LOCATER V6.22                                                      05/25/2021  15:15:10  PAGE 13


  -------         PROC          _LCD_SET_WINDOW
  X:0053H         SYMBOL        sx
  X:0055H         SYMBOL        sy
  D:0002H         SYMBOL        width
  X:0059H         SYMBOL        height
  C:6B0EH         LINE#         1837
  C:6B1CH         LINE#         1838
  C:6B1CH         LINE#         2108
  C:6B24H         LINE#         2109
  C:6B24H         LINE#         2110
  C:6B2FH         LINE#         2111
  C:6B34H         LINE#         2112
  C:6B41H         LINE#         2113
  C:6B4EH         LINE#         2115
  C:6B53H         LINE#         2116
  C:6B5BH         LINE#         2118
  C:6B5BH         LINE#         2119
  C:6B5DH         LINE#         2121
  C:6B5DH         LINE#         2122
  C:6B68H         LINE#         2123
  C:6B75H         LINE#         2124
  C:6B83H         LINE#         2125
  C:6B88H         LINE#         2127
  C:6B93H         LINE#         2128
  C:6BA0H         LINE#         2130
  C:6BA3H         LINE#         2131
  C:6BA3H         LINE#         2160
  -------         ENDPROC       _LCD_SET_WINDOW
  -------         PROC          _LCD_READPOINT
  X:030FH         SYMBOL        x
  X:0311H         SYMBOL        y
  -------         DO            
  D:0006H         SYMBOL        r
  X:0313H         SYMBOL        g
  X:0315H         SYMBOL        b
  X:0317H         SYMBOL        dat
  -------         ENDDO         
  C:6FC6H         LINE#         2165
  C:6FD4H         LINE#         2166
  C:6FD4H         LINE#         2167
  C:6FE0H         LINE#         2168
  C:700FH         LINE#         2169
  C:702AH         LINE#         2248
  C:702DH         LINE#         2249
  C:7030H         LINE#         2250
  C:7033H         LINE#         2251
  C:7036H         LINE#         2261
  C:7036H         LINE#         2262
  -------         ENDPROC       _LCD_READPOINT
  -------         PROC          _LCD_CLEAR
  X:0036H         SYMBOL        color
  -------         DO            
  D:0002H         SYMBOL        i
  X:0038H         SYMBOL        j
  -------         ENDDO         
  C:6DD7H         LINE#         2266
  C:6DDFH         LINE#         2267
BL51 BANKED LINKER/LOCATER V6.22                                                      05/25/2021  15:15:10  PAGE 14


  C:6DDFH         LINE#         2268
  C:6DE4H         LINE#         2270
  C:6E0EH         LINE#         2271
  C:6E1EH         LINE#         2272
  C:6E1EH         LINE#         2273
  C:6E3AH         LINE#         2274
  C:6E3AH         LINE#         2275
  C:6E40H         LINE#         2276
  C:6E50H         LINE#         2277
  C:6E57H         LINE#         2278
  -------         ENDPROC       _LCD_CLEAR
  -------         PROC          _LCD_FILL
  X:02ECH         SYMBOL        xState
  X:02EEH         SYMBOL        yState
  X:02F0H         SYMBOL        xEnd
  X:02F2H         SYMBOL        yEnd
  X:02F4H         SYMBOL        color
  -------         DO            
  X:02F6H         SYMBOL        temp
  -------         ENDDO         
  C:675CH         LINE#         2283
  C:6774H         LINE#         2284
  C:6774H         LINE#         2285
  C:677BH         LINE#         2287
  C:679DH         LINE#         2288
  C:679DH         LINE#         2290
  C:679DH         LINE#         2291
  C:67B8H         LINE#         2292
  C:67D9H         LINE#         2293
  C:67F8H         LINE#         2295
  C:6806H         LINE#         2296
  C:6806H         LINE#         2297
  C:6815H         LINE#         2298
  C:6823H         LINE#         2299
  C:6823H         LINE#         2300
  C:6829H         LINE#         2301
  C:682BH         LINE#         2302
  C:682BH         LINE#         2303
  -------         ENDPROC       _LCD_FILL
  -------         PROC          _LCD_COLOR_FILL
  X:01FEH         SYMBOL        sx
  X:0200H         SYMBOL        sy
  D:0002H         SYMBOL        ex
  X:0204H         SYMBOL        ey
  X:0206H         SYMBOL        color
  -------         DO            
  X:0209H         SYMBOL        height
  X:020BH         SYMBOL        width
  X:020DH         SYMBOL        i
  X:020FH         SYMBOL        j
  -------         ENDDO         
  C:6021H         LINE#         2308
  C:602FH         LINE#         2309
  C:602FH         LINE#         2312
  C:604AH         LINE#         2313
  C:606BH         LINE#         2314
  C:6088H         LINE#         2315
BL51 BANKED LINKER/LOCATER V6.22                                                      05/25/2021  15:15:10  PAGE 15


  C:60A4H         LINE#         2316
  C:60A4H         LINE#         2317
  C:60C1H         LINE#         2318
  C:60C1H         LINE#         2319
  C:60F7H         LINE#         2320
  C:6107H         LINE#         2321
  C:6118H         LINE#         2322
  -------         ENDPROC       _LCD_COLOR_FILL
  C:7214H         SYMBOL        L?0182
  C:7215H         SYMBOL        L?0183
  -------         PROC          L?0181
  -------         ENDPROC       L?0181
  C:7214H         SYMBOL        L?0182
  C:7215H         SYMBOL        L?0183
  -------         PROC          _LCD_DRAWPOINT
  D:0002H         SYMBOL        x
  D:0082H         SYMBOL        y
  C:7227H         LINE#         2327
  C:722FH         LINE#         2328
  C:722FH         LINE#         2329
  C:7246H         LINE#         2330
  -------         ENDPROC       _LCD_DRAWPOINT
  C:7186H         SYMBOL        L?0193
  -------         PROC          L?0192
  -------         ENDPROC       L?0192
  C:7186H         SYMBOL        L?0193
  -------         PROC          _LCD_DRAWFRONT_COLOR
  X:004DH         SYMBOL        x
  X:004FH         SYMBOL        y
  X:0051H         SYMBOL        color
  C:718BH         LINE#         2336
  C:71A3H         LINE#         2337
  C:71A3H         LINE#         2338
  C:71C2H         LINE#         2339
  -------         ENDPROC       _LCD_DRAWFRONT_COLOR
  -------         PROC          _LCD_DRAWBIGPOINT
  X:037CH         SYMBOL        x
  X:037EH         SYMBOL        y
  X:0380H         SYMBOL        color
  C:6F53H         LINE#         2344
  C:6F67H         LINE#         2345
  C:6F67H         LINE#         2346
  C:6F6AH         LINE#         2347
  C:6F83H         LINE#         2348
  C:6F9FH         LINE#         2349
  -------         ENDPROC       _LCD_DRAWBIGPOINT
  -------         PROC          _LCD_DRAWLINE
  X:013CH         SYMBOL        x1
  X:013EH         SYMBOL        y1
  D:0002H         SYMBOL        x2
  X:0142H         SYMBOL        y2
  -------         DO            
  X:0144H         SYMBOL        t
  X:0146H         SYMBOL        xerr
  X:0148H         SYMBOL        yerr
  X:014AH         SYMBOL        delta_x
  X:014CH         SYMBOL        delta_y
BL51 BANKED LINKER/LOCATER V6.22                                                      05/25/2021  15:15:10  PAGE 16


  X:014EH         SYMBOL        distance
  X:0150H         SYMBOL        incx
  X:0152H         SYMBOL        incy
  X:0154H         SYMBOL        uRow
  X:0156H         SYMBOL        uCol
  -------         ENDDO         
  C:4702H         LINE#         2355
  C:4710H         LINE#         2356
  C:4710H         LINE#         2357
  C:4717H         LINE#         2358
  C:471FH         LINE#         2360
  C:4734H         LINE#         2361
  C:474FH         LINE#         2362
  C:475EH         LINE#         2363
  C:4764H         LINE#         2364
  C:4780H         LINE#         2365
  C:478CH         LINE#         2366
  C:47A1H         LINE#         2367
  C:47BDH         LINE#         2368
  C:47C9H         LINE#         2369
  C:47DEH         LINE#         2370
  C:4804H         LINE#         2371
  C:4809H         LINE#         2372
  C:482EH         LINE#         2373
  C:482EH         LINE#         2374
  C:483FH         LINE#         2375
  C:4853H         LINE#         2376
  C:4867H         LINE#         2377
  C:4883H         LINE#         2378
  C:4883H         LINE#         2379
  C:488FH         LINE#         2380
  C:48A3H         LINE#         2381
  C:48A3H         LINE#         2382
  C:48BFH         LINE#         2383
  C:48BFH         LINE#         2384
  C:48CBH         LINE#         2385
  C:48DFH         LINE#         2386
  C:48DFH         LINE#         2387
  C:48F0H         LINE#         2388
  -------         ENDPROC       _LCD_DRAWLINE
  -------         PROC          _LCD_DRAWLINE_COLOR
  X:00E2H         SYMBOL        x1
  X:00E4H         SYMBOL        y1
  D:0002H         SYMBOL        x2
  X:00E8H         SYMBOL        y2
  X:00EAH         SYMBOL        color
  -------         DO            
  X:00ECH         SYMBOL        t
  X:00EEH         SYMBOL        xerr
  X:00F0H         SYMBOL        yerr
  X:00F2H         SYMBOL        delta_x
  X:00F4H         SYMBOL        delta_y
  X:00F6H         SYMBOL        distance
  X:00F8H         SYMBOL        incx
  X:00FAH         SYMBOL        incy
  X:00FCH         SYMBOL        uRow
  X:00FEH         SYMBOL        uCol
BL51 BANKED LINKER/LOCATER V6.22                                                      05/25/2021  15:15:10  PAGE 17


  -------         ENDDO         
  C:48F1H         LINE#         2390
  C:48FFH         LINE#         2391
  C:48FFH         LINE#         2393
  C:490AH         LINE#         2395
  C:491FH         LINE#         2396
  C:493AH         LINE#         2397
  C:4949H         LINE#         2398
  C:494FH         LINE#         2399
  C:496BH         LINE#         2400
  C:4977H         LINE#         2401
  C:498CH         LINE#         2402
  C:49A8H         LINE#         2403
  C:49B4H         LINE#         2404
  C:49C9H         LINE#         2405
  C:49EFH         LINE#         2406
  C:49F4H         LINE#         2407
  C:4A19H         LINE#         2408
  C:4A19H         LINE#         2409
  C:4A2CH         LINE#         2410
  C:4A40H         LINE#         2411
  C:4A54H         LINE#         2412
  C:4A70H         LINE#         2413
  C:4A70H         LINE#         2414
  C:4A7CH         LINE#         2415
  C:4A90H         LINE#         2416
  C:4A90H         LINE#         2417
  C:4AACH         LINE#         2418
  C:4AACH         LINE#         2419
  C:4AB8H         LINE#         2420
  C:4ACCH         LINE#         2421
  C:4ACCH         LINE#         2422
  C:4ADDH         LINE#         2423
  -------         ENDPROC       _LCD_DRAWLINE_COLOR
  -------         PROC          _LCD_DROWSIGN
  X:0382H         SYMBOL        x
  X:0384H         SYMBOL        y
  X:0386H         SYMBOL        color
  -------         DO            
  D:0003H         SYMBOL        i
  -------         ENDDO         
  C:65B2H         LINE#         2430
  C:65CAH         LINE#         2431
  C:65CAH         LINE#         2435
  C:6604H         LINE#         2436
  C:6606H         LINE#         2437
  C:6606H         LINE#         2438
  C:6609H         LINE#         2439
  C:660EH         LINE#         2442
  C:6648H         LINE#         2443
  C:664AH         LINE#         2444
  C:664AH         LINE#         2445
  C:664DH         LINE#         2446
  C:6652H         LINE#         2449
  C:667FH         LINE#         2450
  C:6681H         LINE#         2451
  C:6681H         LINE#         2452
BL51 BANKED LINKER/LOCATER V6.22                                                      05/25/2021  15:15:10  PAGE 18


  C:6684H         LINE#         2453
  C:6689H         LINE#         2454
  -------         ENDPROC       _LCD_DROWSIGN
  -------         PROC          _LCD_DRAWRECTANGLE
  X:0354H         SYMBOL        x1
  X:0356H         SYMBOL        y1
  X:0358H         SYMBOL        x2
  X:035AH         SYMBOL        y2
  C:69B5H         LINE#         2458
  C:69CBH         LINE#         2459
  C:69CBH         LINE#         2460
  C:69E7H         LINE#         2461
  C:6A0EH         LINE#         2462
  C:6A36H         LINE#         2463
  -------         ENDPROC       _LCD_DRAWRECTANGLE
  -------         PROC          _LCD_DRAW_CIRCLE
  X:0319H         SYMBOL        x0
  X:031BH         SYMBOL        y0
  D:0003H         SYMBOL        r
  -------         DO            
  X:031DH         SYMBOL        a
  X:031FH         SYMBOL        b
  X:0321H         SYMBOL        di
  -------         ENDDO         
  C:4CC7H         LINE#         2468
  C:4CD5H         LINE#         2469
  C:4CD5H         LINE#         2472
  C:4CE4H         LINE#         2473
  C:4CF8H         LINE#         2474
  C:4D17H         LINE#         2475
  C:4D17H         LINE#         2476
  C:4D25H         LINE#         2477
  C:4D3EH         LINE#         2478
  C:4D69H         LINE#         2479
  C:4D94H         LINE#         2480
  C:4DC0H         LINE#         2481
  C:4DECH         LINE#         2482
  C:4E03H         LINE#         2483
  C:4E1EH         LINE#         2484
  C:4E2CH         LINE#         2486
  C:4E5CH         LINE#         2488
  C:4E5CH         LINE#         2489
  C:4E8DH         LINE#         2490
  C:4E9BH         LINE#         2491
  C:4E9BH         LINE#         2492
  C:4E9EH         LINE#         2493
  -------         ENDPROC       _LCD_DRAW_CIRCLE
  -------         PROC          _LCD_SHOWCHAR
  X:0041H         SYMBOL        x
  X:0043H         SYMBOL        y
  X:0045H         SYMBOL        num
  X:0046H         SYMBOL        size
  X:0047H         SYMBOL        mode
  -------         DO            
  X:0048H         SYMBOL        temp
  X:0049H         SYMBOL        t1
  D:0001H         SYMBOL        t
BL51 BANKED LINKER/LOCATER V6.22                                                      05/25/2021  15:15:10  PAGE 19


  X:004AH         SYMBOL        y0
  X:004CH         SYMBOL        csize
  -------         ENDDO         
  C:553CH         LINE#         2501
  C:5551H         LINE#         2502
  C:5551H         LINE#         2504
  C:5559H         LINE#         2505
  C:5581H         LINE#         2506
  C:5588H         LINE#         2507
  C:5597H         LINE#         2508
  C:5597H         LINE#         2509
  C:55B1H         LINE#         2510
  C:55C7H         LINE#         2511
  C:55F4H         LINE#         2513
  C:55F9H         LINE#         2514
  C:55F9H         LINE#         2515
  C:5613H         LINE#         2516
  C:562DH         LINE#         2517
  C:5634H         LINE#         2518
  C:5642H         LINE#         2519
  C:5658H         LINE#         2520
  C:5674H         LINE#         2521
  C:5674H         LINE#         2522
  C:567CH         LINE#         2523
  C:568AH         LINE#         2524
  C:56A0H         LINE#         2526
  C:56A0H         LINE#         2527
  C:56AFH         LINE#         2528
  C:56B3H         LINE#         2529
  -------         ENDPROC       _LCD_SHOWCHAR
  -------         PROC          L?0196
  -------         ENDPROC       L?0196
  -------         PROC          _LCD_POW
  X:0388H         SYMBOL        m
  X:0389H         SYMBOL        n
  -------         DO            
  X:038AH         SYMBOL        result
  -------         ENDDO         
  C:70A9H         LINE#         2532
  C:70B1H         LINE#         2533
  C:70B1H         LINE#         2534
  C:70B9H         LINE#         2535
  C:70E3H         LINE#         2536
  C:70F1H         LINE#         2537
  -------         ENDPROC       _LCD_POW
  -------         PROC          _LCD_SHOWNUM
  X:02C5H         SYMBOL        x
  X:02C7H         SYMBOL        y
  X:02C9H         SYMBOL        num
  X:02CDH         SYMBOL        len
  X:02CEH         SYMBOL        size
  -------         DO            
  X:02CFH         SYMBOL        t
  X:02D0H         SYMBOL        temp
  X:02D1H         SYMBOL        enshow
  -------         ENDDO         
  C:64D6H         LINE#         2544
BL51 BANKED LINKER/LOCATER V6.22                                                      05/25/2021  15:15:10  PAGE 20


  C:64E4H         LINE#         2545
  C:64E4H         LINE#         2547
  C:64E9H         LINE#         2548
  C:64FEH         LINE#         2549
  C:64FEH         LINE#         2550
  C:6528H         LINE#         2551
  C:653BH         LINE#         2552
  C:653BH         LINE#         2553
  C:653FH         LINE#         2554
  C:653FH         LINE#         2555
  C:6569H         LINE#         2556
  C:656BH         LINE#         2557
  C:6571H         LINE#         2559
  C:6571H         LINE#         2560
  C:65A8H         LINE#         2561
  C:65B1H         LINE#         2562
  -------         ENDPROC       _LCD_SHOWNUM
  -------         PROC          _LCD_SHOWXNUM
  X:029BH         SYMBOL        x
  X:029DH         SYMBOL        y
  X:029FH         SYMBOL        num
  X:02A3H         SYMBOL        len
  X:02A4H         SYMBOL        size
  X:02A5H         SYMBOL        mode
  -------         DO            
  X:02A6H         SYMBOL        t
  X:02A7H         SYMBOL        temp
  X:02A8H         SYMBOL        enshow
  -------         ENDDO         
  C:5CD8H         LINE#         2573
  C:5CE6H         LINE#         2574
  C:5CE6H         LINE#         2576
  C:5CEBH         LINE#         2577
  C:5D00H         LINE#         2578
  C:5D00H         LINE#         2579
  C:5D2AH         LINE#         2580
  C:5D40H         LINE#         2581
  C:5D40H         LINE#         2582
  C:5D44H         LINE#         2583
  C:5D44H         LINE#         2584
  C:5D7AH         LINE#         2585
  C:5DAFH         LINE#         2586
  C:5DB1H         LINE#         2587
  C:5DB7H         LINE#         2589
  C:5DB7H         LINE#         2590
  C:5DF7H         LINE#         2591
  C:5E00H         LINE#         2592
  -------         ENDPROC       _LCD_SHOWXNUM
  -------         PROC          _LCD_SHOWSTRING
  X:0034H         SYMBOL        x
  X:0036H         SYMBOL        y
  X:0038H         SYMBOL        width
  X:003AH         SYMBOL        height
  X:003CH         SYMBOL        size
  X:003DH         SYMBOL        p
  -------         DO            
  X:0040H         SYMBOL        x0
BL51 BANKED LINKER/LOCATER V6.22                                                      05/25/2021  15:15:10  PAGE 21


  -------         ENDDO         
  C:63F1H         LINE#         2598
  C:6405H         LINE#         2599
  C:6405H         LINE#         2600
  C:6411H         LINE#         2601
  C:641DH         LINE#         2602
  C:6431H         LINE#         2603
  C:6451H         LINE#         2604
  C:6451H         LINE#         2605
  C:6484H         LINE#         2606
  C:649AH         LINE#         2607
  C:64B4H         LINE#         2608
  C:64C8H         LINE#         2609
  C:64D2H         LINE#         2610
  C:64D5H         LINE#         2611
  -------         ENDPROC       _LCD_SHOWSTRING
  -------         PROC          _LCD_SHOWFONTHZ
  X:0323H         SYMBOL        x
  X:0325H         SYMBOL        y
  X:0327H         SYMBOL        cn
  -------         DO            
  D:0003H         SYMBOL        i
  D:0002H         SYMBOL        j
  X:032AH         SYMBOL        wordNum
  X:032BH         SYMBOL        color
  -------         ENDDO         
  C:5BADH         LINE#         2624
  C:5BC4H         LINE#         2625
  C:5BC4H         LINE#         2628
  C:5BD7H         LINE#         2629
  C:5BD7H         LINE#         2630
  C:5C0DH         LINE#         2631
  C:5C1FH         LINE#         2632
  C:5C1FH         LINE#         2633
  C:5C60H         LINE#         2635
  C:5C60H         LINE#         2637
  C:5C61H         LINE#         2638
  C:5C61H         LINE#         2639
  C:5C88H         LINE#         2640
  C:5C8AH         LINE#         2641
  C:5C8AH         LINE#         2642
  C:5C91H         LINE#         2643
  C:5C91H         LINE#         2644
  C:5C94H         LINE#         2645
  C:5C96H         LINE#         2647
  C:5C96H         LINE#         2648
  C:5C9CH         LINE#         2649
  C:5C9CH         LINE#         2650
  C:5CA9H         LINE#         2651
  C:5CAEH         LINE#         2652
  C:5CB3H         LINE#         2653
  C:5CB3H         LINE#         2654
  C:5CBCH         LINE#         2655
  C:5CC6H         LINE#         2656
  C:5CD4H         LINE#         2657
  C:5CD7H         LINE#         2658
  -------         ENDPROC       _LCD_SHOWFONTHZ
BL51 BANKED LINKER/LOCATER V6.22                                                      05/25/2021  15:15:10  PAGE 22


  -------         PROC          _LCD_SHOWPICTURE
  X:01E9H         SYMBOL        x
  X:01EBH         SYMBOL        y
  X:01EDH         SYMBOL        wide
  X:01EFH         SYMBOL        high
  X:01F1H         SYMBOL        pic
  -------         DO            
  X:01F4H         SYMBOL        temp
  X:01F6H         SYMBOL        tmp
  X:01FAH         SYMBOL        num
  -------         ENDDO         
  C:5A80H         LINE#         2712
  C:5A94H         LINE#         2713
  C:5A94H         LINE#         2714
  C:5A9BH         LINE#         2715
  C:5AADH         LINE#         2716
  C:5AF4H         LINE#         2717
  C:5B17H         LINE#         2719
  C:5B17H         LINE#         2720
  C:5B44H         LINE#         2721
  C:5B4DH         LINE#         2722
  C:5B67H         LINE#         2723
  C:5B6AH         LINE#         2724
  C:5B87H         LINE#         2725
  C:5B87H         LINE#         2726
  C:5BACH         LINE#         2727
  -------         ENDPROC       _LCD_SHOWPICTURE
  -------         ENDMOD        TFTLCD

  -------         MODULE        TOUCH
  C:0000H         SYMBOL        _ICE_DUMMY_
  D:00A0H         PUBLIC        P2
  D:00B0H         PUBLIC        P3
  D:00A8H         PUBLIC        IE
  D:00B8H         PUBLIC        IP
  B:00A0H.0       PUBLIC        TOUCH_DOUT
  D:00D8H         PUBLIC        CCON
  X:02D2H         PUBLIC        xpt_xy
  C:72C9H         PUBLIC        TOUCH_SPI_Read
  D:0098H         PUBLIC        SCON
  D:0088H         PUBLIC        TCON
  C:5240H         PUBLIC        _TOUCH_XPT_ReadData
  B:00A0H.1       PUBLIC        TOUCH_CLK
  C:740AH         PUBLIC        _TOUCH_SPI_Write
  B:00A0H.2       PUBLIC        TOUCH_DIN
  C:74CCH         PUBLIC        TOUCH_SPI_Start
  C:73ECH         PUBLIC        TOUCH_Scan
  C:5E01H         PUBLIC        TOUCH_XPT_ReadXY
  D:00D0H         PUBLIC        PSW
  B:00A0H.3       PUBLIC        TOUCH_CS
  -------         PROC          TOUCH_SPI_START
  C:74CCH         LINE#         9
  C:74CCH         LINE#         10
  C:74CCH         LINE#         11
  C:74CEH         LINE#         12
  C:74D0H         LINE#         13
  C:74D2H         LINE#         14
BL51 BANKED LINKER/LOCATER V6.22                                                      05/25/2021  15:15:10  PAGE 23


  C:74D4H         LINE#         15
  C:74D6H         LINE#         16
  -------         ENDPROC       TOUCH_SPI_START
  -------         PROC          _TOUCH_SPI_WRITE
  D:0007H         SYMBOL        dat
  -------         DO            
  D:0006H         SYMBOL        i
  -------         ENDDO         
  C:740AH         LINE#         18
  C:740AH         LINE#         19
  C:740AH         LINE#         21
  C:740CH         LINE#         22
  C:740EH         LINE#         23
  C:740EH         LINE#         24
  C:7419H         LINE#         25
  C:741DH         LINE#         26
  C:741FH         LINE#         28
  C:7421H         LINE#         30
  C:7426H         LINE#         31
  -------         ENDPROC       _TOUCH_SPI_WRITE
  -------         PROC          TOUCH_SPI_READ
  -------         DO            
  D:0004H         SYMBOL        i
  X:03A0H         SYMBOL        dat
  -------         ENDDO         
  C:72C9H         LINE#         33
  C:72C9H         LINE#         34
  C:72C9H         LINE#         35
  C:72D0H         LINE#         36
  C:72D2H         LINE#         37
  C:72D4H         LINE#         38
  C:72D4H         LINE#         39
  C:72E1H         LINE#         41
  C:72E3H         LINE#         42
  C:72E5H         LINE#         44
  C:72F0H         LINE#         46
  C:72FBH         LINE#         47
  C:7303H         LINE#         48
  -------         ENDPROC       TOUCH_SPI_READ
  -------         PROC          L?0045
  -------         ENDPROC       L?0045
  -------         PROC          _TOUCH_XPT_READDATA
  D:0003H         SYMBOL        cmd
  -------         DO            
  X:0158H         SYMBOL        i
  X:0159H         SYMBOL        j
  X:015AH         SYMBOL        readValue
  X:016EH         SYMBOL        endValue
  -------         ENDDO         
  C:5240H         LINE#         52
  C:5242H         LINE#         53
  C:5242H         LINE#         58
  C:5244H         LINE#         59
  C:5246H         LINE#         61
  C:524BH         LINE#         62
  C:524BH         LINE#         63
  C:5250H         LINE#         65
BL51 BANKED LINKER/LOCATER V6.22                                                      05/25/2021  15:15:10  PAGE 24


  C:525FH         LINE#         66
  C:5261H         LINE#         67
  C:5262H         LINE#         68
  C:5263H         LINE#         69
  C:5265H         LINE#         70
  C:5266H         LINE#         71
  C:5267H         LINE#         73
  C:527EH         LINE#         74
  C:528AH         LINE#         75
  C:528CH         LINE#         79
  C:529EH         LINE#         80
  C:529EH         LINE#         81
  C:52AFH         LINE#         82
  C:52AFH         LINE#         83
  C:52DAH         LINE#         84
  C:52DAH         LINE#         85
  C:52F4H         LINE#         86
  C:531AH         LINE#         87
  C:5335H         LINE#         88
  C:5335H         LINE#         89
  C:533EH         LINE#         90
  C:5347H         LINE#         95
  C:5351H         LINE#         96
  C:5357H         LINE#         97
  C:5357H         LINE#         98
  C:538EH         LINE#         99
  C:5398H         LINE#         100
  C:53B5H         LINE#         102
  C:53BFH         LINE#         103
  -------         ENDPROC       _TOUCH_XPT_READDATA
  -------         PROC          TOUCH_XPT_READXY
  -------         DO            
  X:032DH         SYMBOL        x1
  X:032FH         SYMBOL        x2
  X:0331H         SYMBOL        x
  X:0333H         SYMBOL        y1
  D:0004H         SYMBOL        y2
  X:0335H         SYMBOL        y
  -------         ENDDO         
  C:5E01H         LINE#         107
  C:5E01H         LINE#         108
  C:5E01H         LINE#         111
  C:5E04H         LINE#         113
  C:5E0CH         LINE#         114
  C:5E17H         LINE#         115
  C:5E1FH         LINE#         116
  C:5E26H         LINE#         120
  C:5E3CH         LINE#         121
  C:5E3CH         LINE#         122
  C:5E44H         LINE#         123
  C:5E46H         LINE#         125
  C:5E46H         LINE#         126
  C:5E61H         LINE#         127
  C:5E61H         LINE#         130
  C:5E6FH         LINE#         131
  C:5E6FH         LINE#         132
  C:5E74H         LINE#         133
BL51 BANKED LINKER/LOCATER V6.22                                                      05/25/2021  15:15:10  PAGE 25


  C:5E76H         LINE#         135
  C:5E76H         LINE#         136
  C:5E89H         LINE#         137
  C:5E89H         LINE#         140
  C:5EA6H         LINE#         141
  C:5EA6H         LINE#         142
  C:5EA9H         LINE#         143
  C:5EA9H         LINE#         146
  C:5ECAH         LINE#         147
  C:5EE3H         LINE#         149
  C:5EEAH         LINE#         150
  C:5EF1H         LINE#         153
  C:5F0FH         LINE#         154
  C:5F0FH         LINE#         155
  C:5F12H         LINE#         156
  C:5F12H         LINE#         158
  C:5F14H         LINE#         159
  -------         ENDPROC       TOUCH_XPT_READXY
  -------         PROC          TOUCH_SCAN
  -------         DO            
  X:0394H         SYMBOL        res
  X:0395H         SYMBOL        temp
  -------         ENDDO         
  C:73ECH         LINE#         163
  C:73ECH         LINE#         164
  C:73ECH         LINE#         165
  C:73F1H         LINE#         168
  C:73F7H         LINE#         169
  C:73F7H         LINE#         172
  C:73F7H         LINE#         173
  C:73F7H         LINE#         237
  C:73F7H         LINE#         239
  C:73F7H         LINE#         303
  C:73F7H         LINE#         320
  C:73FDH         LINE#         321
  C:73FDH         LINE#         322
  C:73FFH         LINE#         324
  C:7404H         LINE#         325
  C:7409H         LINE#         326
  -------         ENDPROC       TOUCH_SCAN
  -------         ENDMOD        TOUCH

  -------         MODULE        GUI
  C:0000H         SYMBOL        _ICE_DUMMY_
  C:713CH         PUBLIC        _gui_pow
  D:00A0H         PUBLIC        P2
  D:00B0H         PUBLIC        P3
  C:6A5FH         PUBLIC        _gui_num2str
  C:3E7DH         PUBLIC        _gui_show_ptstr
  D:00A8H         PUBLIC        IE
  C:53C0H         PUBLIC        _gui_get_stringline
  D:00B8H         PUBLIC        IP
  C:6210H         PUBLIC        _gui_draw_bigpoint
  C:5076H         PUBLIC        _gui_show_num
  C:7037H         PUBLIC        _gui_disabs
  C:39D3H         PUBLIC        _gui_fill_ellipse
  D:00D8H         PUBLIC        CCON
BL51 BANKED LINKER/LOCATER V6.22                                                      05/25/2021  15:15:10  PAGE 26


  C:2A9AH         PUBLIC        _gui_fill_circle
  C:22CCH         PUBLIC        _gui_draw_ellipse
  C:1C19H         PUBLIC        _gui_draw_arcrectangle
  D:0098H         PUBLIC        SCON
  C:6119H         PUBLIC        _gui_alphablend_area
  D:0088H         PUBLIC        TCON
  C:6304H         PUBLIC        _gui_alpha_blend565
  C:7251H         PUBLIC        _gui_rgb332torgb565
  C:692CH         PUBLIC        _gui_draw_expoint
  C:3767H         PUBLIC        _gui_draw_bline
  C:4ADEH         PUBLIC        _gui_smooth_color
  C:6ED8H         PUBLIC        _gui_draw_hline
  C:3C2FH         PUBLIC        _gui_show_ptchar
  C:6BB9H         PUBLIC        _gui_draw_vline
  C:6E58H         PUBLIC        _gui_color_chg
  C:56B4H         PUBLIC        _gui_show_strmid
  C:57FCH         PUBLIC        _gui_fill_colorblock
  C:450FH         PUBLIC        _gui_draw_line
  C:728DH         PUBLIC        _gui_draw_point
  C:3519H         PUBLIC        _gui_draw_circle8
  C:40C8H         PUBLIC        _gui_show_string
  C:6CDAH         PUBLIC        _gui_fill_rectangle
  C:4EBBH         PUBLIC        _gui_draw_arc
  C:5F15H         PUBLIC        _gui_draw_smooth_rectangle
  C:682CH         PUBLIC        _gui_draw_rectangle
  C:26D0H         PUBLIC        _gui_draw_bline1
  D:00D0H         PUBLIC        PSW
  C:668AH         PUBLIC        _gui_show_ptstrwhiterim
  -------         PROC          _GUI_COLOR_CHG
  X:035CH         SYMBOL        rgb
  -------         DO            
  X:0360H         SYMBOL        r
  X:0362H         SYMBOL        g
  D:0004H         SYMBOL        b
  -------         ENDDO         
  C:6E58H         LINE#         15
  C:6E5EH         LINE#         16
  C:6E5EH         LINE#         18
  C:6E77H         LINE#         19
  C:6E96H         LINE#         20
  C:6EB1H         LINE#         21
  C:6ED7H         LINE#         22
  -------         ENDPROC       _GUI_COLOR_CHG
  -------         PROC          _GUI_RGB332TORGB565
  D:0004H         SYMBOL        rgb332
  -------         DO            
  D:0002H         SYMBOL        rgb565
  -------         ENDDO         
  C:7251H         LINE#         26
  C:7255H         LINE#         27
  C:7255H         LINE#         28
  C:7259H         LINE#         29
  C:726EH         LINE#         30
  C:7283H         LINE#         31
  C:7289H         LINE#         32
  C:728CH         LINE#         33
  -------         ENDPROC       _GUI_RGB332TORGB565
BL51 BANKED LINKER/LOCATER V6.22                                                      05/25/2021  15:15:10  PAGE 27


  -------         PROC          _GUI_POW
  X:038EH         SYMBOL        m
  X:038FH         SYMBOL        n
  -------         DO            
  X:0390H         SYMBOL        result
  -------         ENDDO         
  C:713CH         LINE#         35
  C:7144H         LINE#         36
  C:7144H         LINE#         37
  C:714CH         LINE#         38
  C:7176H         LINE#         39
  C:7184H         LINE#         40
  -------         ENDPROC       _GUI_POW
  -------         PROC          _GUI_DISABS
  X:0364H         SYMBOL        x1
  X:0368H         SYMBOL        x2
  C:7037H         LINE#         42
  C:703DH         LINE#         43
  C:703DH         LINE#         44
  C:70A1H         LINE#         45
  -------         ENDPROC       _GUI_DISABS
  -------         PROC          _GUI_DRAW_POINT
  X:0399H         SYMBOL        x0
  D:0004H         SYMBOL        y0
  D:0002H         SYMBOL        color
  -------         DO            
  X:039BH         SYMBOL        tempcolor
  -------         ENDDO         
  C:728DH         LINE#         51
  C:7295H         LINE#         52
  C:7295H         LINE#         53
  C:72A4H         LINE#         54
  C:72AEH         LINE#         55
  C:72B9H         LINE#         56
  C:72C8H         LINE#         57
  -------         ENDPROC       _GUI_DRAW_POINT
  -------         PROC          _GUI_ALPHABLEND_AREA
  X:025AH         SYMBOL        x
  X:025CH         SYMBOL        y
  X:025EH         SYMBOL        width
  X:0260H         SYMBOL        height
  X:0262H         SYMBOL        color
  X:0264H         SYMBOL        aval
  -------         DO            
  X:0265H         SYMBOL        i
  X:0267H         SYMBOL        j
  X:0269H         SYMBOL        tempcolor
  -------         ENDDO         
  C:6119H         LINE#         63
  C:612DH         LINE#         64
  C:612DH         LINE#         67
  C:614CH         LINE#         68
  C:614CH         LINE#         69
  C:616BH         LINE#         70
  C:616BH         LINE#         71
  C:619EH         LINE#         72
  C:61B4H         LINE#         73
BL51 BANKED LINKER/LOCATER V6.22                                                      05/25/2021  15:15:10  PAGE 28


  C:61E7H         LINE#         74
  C:61FBH         LINE#         75
  C:620FH         LINE#         76
  -------         ENDPROC       _GUI_ALPHABLEND_AREA
  -------         PROC          _GUI_DRAW_BIGPOINT
  X:02A9H         SYMBOL        x0
  X:02ABH         SYMBOL        y0
  X:02ADH         SYMBOL        color
  -------         DO            
  X:02AFH         SYMBOL        i
  X:02B1H         SYMBOL        j
  X:02B3H         SYMBOL        x
  X:02B5H         SYMBOL        y
  -------         ENDDO         
  C:6210H         LINE#         82
  C:6226H         LINE#         83
  C:6226H         LINE#         86
  C:6241H         LINE#         87
  C:6250H         LINE#         88
  C:626CH         LINE#         89
  C:627BH         LINE#         90
  C:62A5H         LINE#         91
  C:62A5H         LINE#         92
  C:62F3H         LINE#         93
  C:6303H         LINE#         94
  -------         ENDPROC       _GUI_DRAW_BIGPOINT
  -------         PROC          _GUI_DRAW_LINE
  X:0100H         SYMBOL        x0
  X:0102H         SYMBOL        y0
  D:0002H         SYMBOL        x1
  X:0106H         SYMBOL        y1
  X:0108H         SYMBOL        color
  -------         DO            
  X:010AH         SYMBOL        t
  X:010CH         SYMBOL        xerr
  X:010EH         SYMBOL        yerr
  X:0110H         SYMBOL        delta_x
  X:0112H         SYMBOL        delta_y
  X:0114H         SYMBOL        distance
  X:0116H         SYMBOL        incx
  X:0118H         SYMBOL        incy
  X:011AH         SYMBOL        uRow
  X:011CH         SYMBOL        uCol
  -------         ENDDO         
  C:450FH         LINE#         98
  C:451DH         LINE#         99
  C:451DH         LINE#         101
  C:4528H         LINE#         104
  C:453DH         LINE#         105
  C:4558H         LINE#         106
  C:4567H         LINE#         107
  C:456DH         LINE#         108
  C:4589H         LINE#         109
  C:4595H         LINE#         110
  C:45AAH         LINE#         111
  C:45C6H         LINE#         112
  C:45D2H         LINE#         113
BL51 BANKED LINKER/LOCATER V6.22                                                      05/25/2021  15:15:10  PAGE 29


  C:45E7H         LINE#         114
  C:460DH         LINE#         115
  C:4612H         LINE#         116
  C:4637H         LINE#         117
  C:4637H         LINE#         118
  C:4650H         LINE#         119
  C:4664H         LINE#         120
  C:4678H         LINE#         121
  C:4694H         LINE#         122
  C:4694H         LINE#         123
  C:46A0H         LINE#         124
  C:46B4H         LINE#         125
  C:46B4H         LINE#         126
  C:46D0H         LINE#         127
  C:46D0H         LINE#         128
  C:46DCH         LINE#         129
  C:46F0H         LINE#         130
  C:46F0H         LINE#         131
  C:4701H         LINE#         132
  -------         ENDPROC       _GUI_DRAW_LINE
  -------         PROC          _GUI_DRAW_BLINE
  X:00A4H         SYMBOL        x1
  X:00A6H         SYMBOL        y1
  X:00A8H         SYMBOL        x2
  X:00AAH         SYMBOL        y2
  X:00ACH         SYMBOL        size
  X:00ADH         SYMBOL        color
  -------         DO            
  X:00AFH         SYMBOL        t
  X:00B1H         SYMBOL        xerr
  X:00B3H         SYMBOL        yerr
  X:00B5H         SYMBOL        delta_x
  X:00B7H         SYMBOL        delta_y
  X:00B9H         SYMBOL        distance
  X:00BBH         SYMBOL        incx
  X:00BDH         SYMBOL        incy
  X:00BFH         SYMBOL        uRow
  X:00C1H         SYMBOL        uCol
  -------         ENDDO         
  C:3767H         LINE#         137
  C:377BH         LINE#         138
  C:377BH         LINE#         140
  C:3786H         LINE#         142
  C:37CBH         LINE#         143
  C:37E4H         LINE#         144
  C:37FFH         LINE#         145
  C:381AH         LINE#         146
  C:3822H         LINE#         147
  C:3830H         LINE#         148
  C:384CH         LINE#         149
  C:3858H         LINE#         150
  C:386DH         LINE#         151
  C:3889H         LINE#         152
  C:3895H         LINE#         153
  C:38AAH         LINE#         154
  C:38D0H         LINE#         155
  C:38D5H         LINE#         156
BL51 BANKED LINKER/LOCATER V6.22                                                      05/25/2021  15:15:10  PAGE 30


  C:38FAH         LINE#         157
  C:38FAH         LINE#         158
  C:3921H         LINE#         159
  C:3935H         LINE#         160
  C:3949H         LINE#         161
  C:3985H         LINE#         162
  C:39C1H         LINE#         163
  C:39D2H         LINE#         164
  -------         ENDPROC       _GUI_DRAW_BLINE
  -------         PROC          _GUI_DRAW_BLINE1
  X:00C3H         SYMBOL        x0
  X:00C5H         SYMBOL        y0
  D:0002H         SYMBOL        x1
  X:00C9H         SYMBOL        y1
  X:00CBH         SYMBOL        size
  X:00CCH         SYMBOL        color
  -------         DO            
  X:00CEH         SYMBOL        t
  X:00D0H         SYMBOL        xerr
  X:00D2H         SYMBOL        yerr
  X:00D4H         SYMBOL        delta_x
  X:00D6H         SYMBOL        delta_y
  X:00D8H         SYMBOL        distance
  X:00DAH         SYMBOL        incx
  X:00DCH         SYMBOL        incy
  X:00DEH         SYMBOL        uRow
  X:00E0H         SYMBOL        uCol
  -------         ENDDO         
  C:26D0H         LINE#         170
  C:26DEH         LINE#         171
  C:26DEH         LINE#         173
  C:26E9H         LINE#         176
  C:26FEH         LINE#         177
  C:2719H         LINE#         178
  C:2728H         LINE#         179
  C:272EH         LINE#         180
  C:274AH         LINE#         181
  C:2756H         LINE#         182
  C:276BH         LINE#         183
  C:2787H         LINE#         184
  C:2793H         LINE#         185
  C:27A8H         LINE#         186
  C:27CEH         LINE#         187
  C:27D3H         LINE#         188
  C:27F8H         LINE#         189
  C:27F8H         LINE#         190
  C:2817H         LINE#         191
  C:2822H         LINE#         192
  C:2822H         LINE#         193
  C:283BH         LINE#         194
  C:285CH         LINE#         195
  C:287DH         LINE#         196
  C:28A4H         LINE#         197
  C:28A4H         LINE#         198
  C:28AFH         LINE#         199
  C:28AFH         LINE#         200
  C:28C8H         LINE#         201
BL51 BANKED LINKER/LOCATER V6.22                                                      05/25/2021  15:15:10  PAGE 31


  C:28E9H         LINE#         202
  C:290AH         LINE#         203
  C:2931H         LINE#         204
  C:2958H         LINE#         205
  C:297FH         LINE#         206
  C:29A6H         LINE#         207
  C:29C7H         LINE#         208
  C:29E8H         LINE#         209
  C:29E8H         LINE#         210
  C:29FCH         LINE#         211
  C:2A10H         LINE#         212
  C:2A2CH         LINE#         213
  C:2A2CH         LINE#         214
  C:2A38H         LINE#         215
  C:2A4CH         LINE#         216
  C:2A4CH         LINE#         217
  C:2A68H         LINE#         218
  C:2A68H         LINE#         219
  C:2A74H         LINE#         220
  C:2A88H         LINE#         221
  C:2A88H         LINE#         222
  C:2A99H         LINE#         223
  -------         ENDPROC       _GUI_DRAW_BLINE1
  C:6BB4H         SYMBOL        L?0318
  -------         PROC          L?0317
  -------         ENDPROC       L?0317
  C:6BB4H         SYMBOL        L?0318
  -------         PROC          _GUI_DRAW_VLINE
  X:036CH         SYMBOL        x0
  X:036EH         SYMBOL        y0
  X:0370H         SYMBOL        len
  X:0372H         SYMBOL        color
  C:6BB9H         LINE#         228
  C:6BCDH         LINE#         229
  C:6BCDH         LINE#         230
  C:6BFBH         LINE#         231
  C:6C39H         LINE#         232
  -------         ENDPROC       _GUI_DRAW_VLINE
  -------         PROC          _GUI_DRAW_HLINE
  X:0374H         SYMBOL        x0
  X:0376H         SYMBOL        y0
  D:0002H         SYMBOL        len
  X:037AH         SYMBOL        color
  C:6ED8H         LINE#         237
  C:6EE6H         LINE#         238
  C:6EE6H         LINE#         239
  C:6F14H         LINE#         240
  C:6F52H         LINE#         241
  -------         ENDPROC       _GUI_DRAW_HLINE
  -------         PROC          _GUI_FILL_COLORBLOCK
  X:02B7H         SYMBOL        x0
  X:02B9H         SYMBOL        y0
  X:02BBH         SYMBOL        width
  X:02BDH         SYMBOL        height
  X:02BFH         SYMBOL        ctbl
  X:02C2H         SYMBOL        mode
  -------         DO            
BL51 BANKED LINKER/LOCATER V6.22                                                      05/25/2021  15:15:10  PAGE 32


  X:02C3H         SYMBOL        i
  -------         ENDDO         
  C:57FCH         LINE#         248
  C:5810H         LINE#         249
  C:5810H         LINE#         251
  C:5828H         LINE#         252
  C:5832H         LINE#         253
  C:5832H         LINE#         254
  C:5850H         LINE#         255
  C:5850H         LINE#         256
  C:58AEH         LINE#         257
  C:58BFH         LINE#         258
  C:58BFH         LINE#         259
  C:58BFH         LINE#         260
  C:58DCH         LINE#         261
  C:58DCH         LINE#         262
  C:5932H         LINE#         263
  C:5942H         LINE#         264
  C:5942H         LINE#         265
  -------         ENDPROC       _GUI_FILL_COLORBLOCK
  -------         PROC          _GUI_SMOOTH_COLOR
  X:011EH         SYMBOL        srgb
  X:0122H         SYMBOL        ergb
  X:0126H         SYMBOL        cbuf
  X:0129H         SYMBOL        len
  -------         DO            
  X:012BH         SYMBOL        sr
  X:012CH         SYMBOL        sg
  X:012DH         SYMBOL        sb
  X:012EH         SYMBOL        dr
  X:0130H         SYMBOL        dg
  X:0132H         SYMBOL        db
  X:0134H         SYMBOL        r
  X:0136H         SYMBOL        g
  X:0138H         SYMBOL        b
  X:013AH         SYMBOL        i
  -------         ENDDO         
  C:4ADEH         LINE#         271
  C:4AE4H         LINE#         272
  C:4AE4H         LINE#         276
  C:4AEBH         LINE#         277
  C:4B04H         LINE#         278
  C:4B1DH         LINE#         279
  C:4B2CH         LINE#         280
  C:4B4FH         LINE#         281
  C:4B72H         LINE#         282
  C:4B8AH         LINE#         283
  C:4BA9H         LINE#         284
  C:4BA9H         LINE#         285
  C:4BD7H         LINE#         286
  C:4C02H         LINE#         287
  C:4C2DH         LINE#         288
  C:4C43H         LINE#         289
  C:4C59H         LINE#         290
  C:4C6FH         LINE#         291
  C:4CB5H         LINE#         292
  C:4CC6H         LINE#         293
BL51 BANKED LINKER/LOCATER V6.22                                                      05/25/2021  15:15:10  PAGE 33


  -------         ENDPROC       _GUI_SMOOTH_COLOR
  -------         PROC          _GUI_DRAW_SMOOTH_RECTANGLE
  X:01BCH         SYMBOL        x
  X:01BEH         SYMBOL        y
  X:01C0H         SYMBOL        width
  X:01C2H         SYMBOL        height
  X:01C4H         SYMBOL        srgb
  X:01C8H         SYMBOL        ergb
  -------         DO            
  X:01CCH         SYMBOL        i
  X:01CEH         SYMBOL        j
  X:01D0H         SYMBOL        colortbl
  -------         ENDDO         
  C:5F15H         LINE#         298
  C:5F29H         LINE#         299
  C:5F29H         LINE#         303
  C:5F72H         LINE#         304
  C:5F91H         LINE#         305
  C:5F91H         LINE#         306
  C:5FADH         LINE#         307
  C:5FADH         LINE#         308
  C:5FFCH         LINE#         309
  C:600CH         LINE#         310
  C:6020H         LINE#         311
  -------         ENDPROC       _GUI_DRAW_SMOOTH_RECTANGLE
  -------         PROC          _GUI_DRAW_RECTANGLE
  X:0337H         SYMBOL        x0
  X:0339H         SYMBOL        y0
  X:033BH         SYMBOL        width
  X:033DH         SYMBOL        height
  X:033FH         SYMBOL        color
  C:682CH         LINE#         317
  C:6840H         LINE#         318
  C:6840H         LINE#         319
  C:6856H         LINE#         320
  C:6893H         LINE#         321
  C:68B6H         LINE#         322
  -------         ENDPROC       _GUI_DRAW_RECTANGLE
  -------         PROC          _GUI_DRAW_ARCRECTANGLE
  X:026BH         SYMBOL        x
  X:026DH         SYMBOL        y
  X:026FH         SYMBOL        width
  X:0271H         SYMBOL        height
  X:0273H         SYMBOL        r
  X:0274H         SYMBOL        mode
  X:0275H         SYMBOL        upcolor
  X:0277H         SYMBOL        downcolor
  -------         DO            
  X:0279H         SYMBOL        btnxh
  -------         ENDDO         
  C:1C19H         LINE#         330
[...]
  C:56F3H         LINE#         540
  C:5707H         LINE#         541
  C:572CH         LINE#         542
  C:5739H         LINE#         543
  C:5739H         LINE#         544
  C:5750H         LINE#         545
  C:5750H         LINE#         546
  C:57FBH         LINE#         547
  -------         ENDPROC       _GUI_SHOW_STRMID
  -------         PROC          _GUI_SHOW_PTCHAR
  X:018BH         SYMBOL        x
  X:018DH         SYMBOL        y
  X:018FH         SYMBOL        xend
  X:0191H         SYMBOL        yend
  X:0193H         SYMBOL        offset
  X:0195H         SYMBOL        color
  X:0197H         SYMBOL        size
  X:0199H         SYMBOL        chr
  X:019AH         SYMBOL        mode
  -------         DO            
  X:019BH         SYMBOL        temp
  X:019CH         SYMBOL        t1
  X:019DH         SYMBOL        t
  X:019EH         SYMBOL        tempoff
  X:01A0H         SYMBOL        y0
  X:01A2H         SYMBOL        csize
BL51 BANKED LINKER/LOCATER V6.22                                                      05/25/2021  15:15:10  PAGE 39


  -------         ENDDO         
  C:3C2FH         LINE#         557
  C:3C47H         LINE#         558
  C:3C47H         LINE#         562
  C:3C4FH         LINE#         563
  C:3C90H         LINE#         564
  C:3C9FH         LINE#         565
  C:3CA4H         LINE#         566
  C:3CC0H         LINE#         567
  C:3CC0H         LINE#         568
  C:3CDEH         LINE#         569
  C:3CDEH         LINE#         570
  C:3CDEH         LINE#         571
  C:3CEEH         LINE#         572
  C:3CF0H         LINE#         573
  C:3CF0H         LINE#         574
  C:3D05H         LINE#         575
  C:3D07H         LINE#         576
  C:3D07H         LINE#         577
  C:3D2EH         LINE#         578
  C:3D2EH         LINE#         579
  C:3D2EH         LINE#         581
  C:3D2EH         LINE#         582
  C:3D3DH         LINE#         583
  C:3D55H         LINE#         584
  C:3D62H         LINE#         585
  C:3D62H         LINE#         586
  C:3D66H         LINE#         587
  C:3D66H         LINE#         588
  C:3D7CH         LINE#         589
  C:3D7CH         LINE#         590
  C:3D83H         LINE#         591
  C:3D83H         LINE#         592
  C:3D9FH         LINE#         593
  C:3DADH         LINE#         594
  C:3DCEH         LINE#         595
  C:3DCEH         LINE#         596
  C:3DD5H         LINE#         597
  C:3DE3H         LINE#         598
  C:3E04H         LINE#         599
  C:3E04H         LINE#         600
  C:3E0CH         LINE#         601
  C:3E1AH         LINE#         602
  C:3E1CH         LINE#         603
  C:3E1CH         LINE#         604
  C:3E2DH         LINE#         605
  C:3E2DH         LINE#         606
  C:3E2DH         LINE#         607
  C:3E3BH         LINE#         608
  C:3E5DH         LINE#         609
  C:3E5DH         LINE#         610
  C:3E65H         LINE#         611
  C:3E73H         LINE#         612
  C:3E73H         LINE#         613
  C:3E73H         LINE#         614
  C:3E7CH         LINE#         615
  -------         ENDPROC       _GUI_SHOW_PTCHAR
BL51 BANKED LINKER/LOCATER V6.22                                                      05/25/2021  15:15:10  PAGE 40


  -------         PROC          _GUI_SHOW_NUM
  X:028BH         SYMBOL        x
  X:028DH         SYMBOL        y
  X:028FH         SYMBOL        len
  X:0290H         SYMBOL        color
  X:0292H         SYMBOL        size
  X:0293H         SYMBOL        num
  X:0297H         SYMBOL        mode
  -------         DO            
  X:0298H         SYMBOL        t
  X:0299H         SYMBOL        temp
  X:029AH         SYMBOL        enshow
  -------         ENDDO         
  C:5076H         LINE#         626
  C:5087H         LINE#         627
  C:5087H         LINE#         629
  C:508CH         LINE#         630
  C:50A1H         LINE#         631
  C:50A1H         LINE#         632
  C:50D2H         LINE#         633
  C:50EBH         LINE#         634
  C:50EBH         LINE#         635
  C:50F2H         LINE#         636
  C:50F2H         LINE#         637
  C:5154H         LINE#         638
  C:51B0H         LINE#         639
  C:51B2H         LINE#         640
  C:51B8H         LINE#         642
  C:51B8H         LINE#         643
  C:522FH         LINE#         644
  C:5238H         LINE#         645
  -------         ENDPROC       _GUI_SHOW_NUM
  -------         PROC          _GUI_NUM2STR
  X:034BH         SYMBOL        str
  X:034EH         SYMBOL        num
  -------         DO            
  X:0352H         SYMBOL        t
  D:0007H         SYMBOL        temp
  X:0353H         SYMBOL        enrec
  -------         ENDDO         
  C:6A5FH         LINE#         650
  C:6A6EH         LINE#         651
  C:6A6EH         LINE#         653
  C:6A73H         LINE#         654
  C:6A81H         LINE#         655
  C:6A81H         LINE#         656
  C:6AAFH         LINE#         657
  C:6ABEH         LINE#         658
  C:6ABEH         LINE#         659
  C:6AC3H         LINE#         660
  C:6AC9H         LINE#         661
  C:6AC9H         LINE#         662
  C:6ADCH         LINE#         663
  C:6AE6H         LINE#         664
  C:6AEEH         LINE#         665
  C:6AFDH         LINE#         666
  C:6B08H         LINE#         667
BL51 BANKED LINKER/LOCATER V6.22                                                      05/25/2021  15:15:10  PAGE 41


  -------         ENDPROC       _GUI_NUM2STR
  -------         PROC          _GUI_SHOW_PTSTR
  X:0211H         SYMBOL        x
  X:0213H         SYMBOL        y
  X:0215H         SYMBOL        xend
  X:0217H         SYMBOL        yend
  X:0219H         SYMBOL        offset
  X:021BH         SYMBOL        color
  X:021DH         SYMBOL        size
  X:021EH         SYMBOL        str
  X:0221H         SYMBOL        mode
  -------         DO            
  X:0222H         SYMBOL        bHz
  X:0223H         SYMBOL        EnDisp
  -------         ENDDO         
  C:3E7DH         LINE#         677
  C:3E91H         LINE#         678
  C:3E91H         LINE#         679
  C:3E96H         LINE#         680
  C:3E98H         LINE#         681
  C:3EACH         LINE#         682
  C:3EACH         LINE#         683
  C:3EB5H         LINE#         684
  C:3EB5H         LINE#         685
  C:3EC0H         LINE#         687
  C:3EC0H         LINE#         688
  C:3EC6H         LINE#         689
  C:3EC6H         LINE#         690
  C:3EDDH         LINE#         691
  C:3EDDH         LINE#         692
  C:3EEAH         LINE#         693
  C:3EECH         LINE#         694
  C:3EECH         LINE#         695
  C:3F03H         LINE#         696
  C:3F09H         LINE#         697
  C:3F09H         LINE#         698
  C:3F09H         LINE#         699
  C:3F14H         LINE#         700
  C:3F14H         LINE#         701
  C:3F81H         LINE#         702
  C:3FB4H         LINE#         703
  C:3FBCH         LINE#         704
  C:3FC7H         LINE#         705
  C:3FC7H         LINE#         706
  C:3FD4H         LINE#         707
  C:3FDBH         LINE#         708
  C:3FDBH         LINE#         709
  C:3FDBH         LINE#         710
  C:3FF3H         LINE#         711
  C:3FFAH         LINE#         712
  C:3FFAH         LINE#         713
  C:3FFDH         LINE#         714
  C:3FFDH         LINE#         715
  C:4002H         LINE#         716
  C:4006H         LINE#         717
  C:4006H         LINE#         718
  C:401BH         LINE#         719
BL51 BANKED LINKER/LOCATER V6.22                                                      05/25/2021  15:15:10  PAGE 42


  C:401BH         LINE#         720
  C:4028H         LINE#         721
  C:402AH         LINE#         722
  C:402AH         LINE#         723
  C:4041H         LINE#         724
  C:4047H         LINE#         725
  C:4047H         LINE#         726
  C:4047H         LINE#         727
  C:404DH         LINE#         728
  C:404DH         LINE#         730
  C:407EH         LINE#         731
  C:4086H         LINE#         732
  C:4091H         LINE#         733
  C:4091H         LINE#         734
  C:409EH         LINE#         735
  C:40A5H         LINE#         736
  C:40A5H         LINE#         737
  C:40A5H         LINE#         738
  C:40BAH         LINE#         739
  C:40C4H         LINE#         740
  C:40C4H         LINE#         741
  C:40C7H         LINE#         742
  -------         ENDPROC       _GUI_SHOW_PTSTR
  -------         PROC          _GUI_SHOW_PTSTRWHITERIM
  X:0248H         SYMBOL        x
  X:024AH         SYMBOL        y
  X:024CH         SYMBOL        xend
  X:024EH         SYMBOL        yend
  X:0250H         SYMBOL        offset
  X:0252H         SYMBOL        color
  X:0254H         SYMBOL        rimcolor
  X:0256H         SYMBOL        size
  X:0257H         SYMBOL        str
  C:668AH         LINE#         752
  C:669EH         LINE#         753
  C:669EH         LINE#         754
  C:66F5H         LINE#         755
  -------         ENDPROC       _GUI_SHOW_PTSTRWHITERIM
  -------         PROC          _GUI_GET_STRINGLINE
  X:02F8H         SYMBOL        str
  X:02FBH         SYMBOL        linelenth
  X:02FDH         SYMBOL        font
  -------         DO            
  X:02FEH         SYMBOL        xpos
  X:0300H         SYMBOL        lincnt
  -------         ENDDO         
  C:53C0H         LINE#         763
  C:53D3H         LINE#         764
  C:53D3H         LINE#         765
  C:53DAH         LINE#         766
  C:53E2H         LINE#         767
  C:53F8H         LINE#         768
  C:5428H         LINE#         769
  C:5428H         LINE#         770
  C:5448H         LINE#         771
  C:5448H         LINE#         772
  C:5457H         LINE#         773
BL51 BANKED LINKER/LOCATER V6.22                                                      05/25/2021  15:15:10  PAGE 43


  C:545EH         LINE#         774
  C:547DH         LINE#         775
  C:5484H         LINE#         776
  C:549AH         LINE#         777
  C:549AH         LINE#         778
  C:54ADH         LINE#         779
  C:54B7H         LINE#         780
  C:54CFH         LINE#         781
  C:54CFH         LINE#         782
  C:54CFH         LINE#         783
  C:54CFH         LINE#         784
  C:54CFH         LINE#         785
  C:54D1H         LINE#         786
  C:54D1H         LINE#         787
  C:54E6H         LINE#         788
  C:54F0H         LINE#         789
  C:5508H         LINE#         790
  C:5508H         LINE#         791
  C:550DH         LINE#         792
  C:552AH         LINE#         793
  C:552AH         LINE#         794
  C:552AH         LINE#         795
  C:552DH         LINE#         796
  C:553BH         LINE#         797
  -------         ENDPROC       _GUI_GET_STRINGLINE
  -------         PROC          _GUI_SHOW_STRING
  X:01D3H         SYMBOL        str
  X:01D6H         SYMBOL        x
  X:01D8H         SYMBOL        y
  X:01DAH         SYMBOL        width
  X:01DCH         SYMBOL        height
  X:01DEH         SYMBOL        font
  X:01DFH         SYMBOL        fcolor
  -------         DO            
  X:01E1H         SYMBOL        xpos
  X:01E3H         SYMBOL        ypos
  X:01E5H         SYMBOL        endx
  X:01E7H         SYMBOL        endy
  -------         ENDDO         
  C:40C8H         LINE#         804
  C:40D9H         LINE#         805
  C:40D9H         LINE#         806
  C:40E9H         LINE#         807
  C:40F9H         LINE#         808
  C:4113H         LINE#         809
  C:412DH         LINE#         810
  C:4145H         LINE#         811
  C:4158H         LINE#         812
  C:4158H         LINE#         813
  C:416CH         LINE#         814
  C:416CH         LINE#         815
  C:417BH         LINE#         816
  C:4182H         LINE#         817
  C:4191H         LINE#         818
  C:41A3H         LINE#         819
  C:41B7H         LINE#         820
  C:41B7H         LINE#         821
BL51 BANKED LINKER/LOCATER V6.22                                                      05/25/2021  15:15:10  PAGE 44


  C:41DFH         LINE#         822
  C:41DFH         LINE#         823
  C:41EEH         LINE#         824
  C:41FAH         LINE#         825
  C:41FAH         LINE#         827
  C:420CH         LINE#         828
  C:4213H         LINE#         830
  C:4216H         LINE#         831
  C:4216H         LINE#         832
  C:4240H         LINE#         833
  C:4240H         LINE#         834
  C:424FH         LINE#         835
  C:425CH         LINE#         836
  C:425CH         LINE#         837
  C:42BBH         LINE#         838
  C:42CFH         LINE#         839
  C:42D9H         LINE#         840
  C:42D9H         LINE#         841
  C:42F2H         LINE#         843
  -------         ENDPROC       _GUI_SHOW_STRING
  -------         ENDMOD        GUI

  -------         MODULE        ?C?CLDPTR
  C:319FH         PUBLIC        ?C?CLDPTR
  -------         ENDMOD        ?C?CLDPTR

  -------         MODULE        ?C?CLDOPTR
  C:31B8H         PUBLIC        ?C?CLDOPTR
  -------         ENDMOD        ?C?CLDOPTR

  -------         MODULE        ?C?CSTPTR
  C:31E5H         PUBLIC        ?C?CSTPTR
  -------         ENDMOD        ?C?CSTPTR

  -------         MODULE        ?C?IMUL
  C:31F7H         PUBLIC        ?C?IMUL
  -------         ENDMOD        ?C?IMUL

  -------         MODULE        ?C?UIDIV
  C:3209H         PUBLIC        ?C?UIDIV
  -------         ENDMOD        ?C?UIDIV

  -------         MODULE        ?C?IILDX
  C:325EH         PUBLIC        ?C?IILDX
  -------         ENDMOD        ?C?IILDX

  -------         MODULE        ?C?ILDIX
  C:3274H         PUBLIC        ?C?ILDIX
  -------         ENDMOD        ?C?ILDIX

  -------         MODULE        ?C?ILDOPTR
  C:328AH         PUBLIC        ?C?ILDOPTR
  -------         ENDMOD        ?C?ILDOPTR

  -------         MODULE        ?C?ISTOPTR
  C:32C2H         PUBLIC        ?C?ISTOPTR
  -------         ENDMOD        ?C?ISTOPTR
BL51 BANKED LINKER/LOCATER V6.22                                                      05/25/2021  15:15:10  PAGE 45



  -------         MODULE        ?C?LMUL
  C:32EFH         PUBLIC        ?C?LMUL
  -------         ENDMOD        ?C?LMUL

  -------         MODULE        ?C?ULDIV
  C:337AH         PUBLIC        ?C?ULDIV
  -------         ENDMOD        ?C?ULDIV

  -------         MODULE        ?C?SLDIV
  C:71CDH         PUBLIC        ?C?SLDIV
  -------         ENDMOD        ?C?SLDIV

  -------         MODULE        ?C?SLCMP
  C:340CH         PUBLIC        ?C?SLCMP
  -------         ENDMOD        ?C?SLCMP

  -------         MODULE        ?C?ULCMP
  C:3422H         PUBLIC        ?C?ULCMP
  -------         ENDMOD        ?C?ULCMP

  -------         MODULE        ?C?ULSHR
  C:3433H         PUBLIC        ?C?ULSHR
  -------         ENDMOD        ?C?ULSHR

  -------         MODULE        ?C?LSTXDATA
  C:3446H         PUBLIC        ?C?LSTXDATA
  -------         ENDMOD        ?C?LSTXDATA

  -------         MODULE        ?C?LSTKXDATA
  C:3452H         PUBLIC        ?C?LSTKXDATA
  -------         ENDMOD        ?C?LSTKXDATA

  -------         MODULE        ?C?LIMUL
  C:3483H         PUBLIC        ?C?LIMUL
  -------         ENDMOD        ?C?LIMUL

  -------         MODULE        PRINTF
  X:0036H         PUBLIC        ?_PRINTF517?BYTE
  X:0036H         PUBLIC        ?_PRINTF?BYTE
  X:0036H         PUBLIC        ?_SPRINTF517?BYTE
  X:0036H         PUBLIC        ?_SPRINTF?BYTE
  C:2EA5H         PUBLIC        _PRINTF
  C:2EA5H         PUBLIC        _PRINTF517
  C:2E9FH         PUBLIC        _SPRINTF
  C:2E9FH         PUBLIC        _SPRINTF517
  -------         ENDMOD        PRINTF

  -------         MODULE        STRLEN
  C:746FH         PUBLIC        _STRLEN
  -------         ENDMOD        STRLEN

  -------         MODULE        ?C?PLDIXDATA
  C:34B0H         PUBLIC        ?C?PLDIXDATA
  -------         ENDMOD        ?C?PLDIXDATA

  -------         MODULE        ?C?PSTXDATA
BL51 BANKED LINKER/LOCATER V6.22                                                      05/25/2021  15:15:10  PAGE 46


  C:34C7H         PUBLIC        ?C?PSTXDATA
  -------         ENDMOD        ?C?PSTXDATA

  -------         MODULE        ?C?CCASE
  C:34D0H         PUBLIC        ?C?CCASE
  -------         ENDMOD        ?C?CCASE

  -------         MODULE        PUTCHAR
  C:7361H         PUBLIC        _PUTCHAR
  -------         ENDMOD        PUTCHAR

*** WARNING L16: UNCALLED SEGMENT, IGNORED FOR OVERLAY PROCESS
    SEGMENT: ?PR?_UART_CMD?UART

*** WARNING L16: UNCALLED SEGMENT, IGNORED FOR OVERLAY PROCESS
    SEGMENT: ?PR?_UART_SENDSTRING?UART

*** WARNING L16: UNCALLED SEGMENT, IGNORED FOR OVERLAY PROCESS
    SEGMENT: ?PR?_LCD_COLOR_FILL?TFTLCD

*** WARNING L16: UNCALLED SEGMENT, IGNORED FOR OVERLAY PROCESS
    SEGMENT: ?PR?_LCD_DRAWBIGPOINT?TFTLCD

*** WARNING L16: UNCALLED SEGMENT, IGNORED FOR OVERLAY PROCESS
    SEGMENT: ?PR?_LCD_DRAWLINE_COLOR?TFTLCD

*** WARNING L16: UNCALLED SEGMENT, IGNORED FOR OVERLAY PROCESS
    SEGMENT: ?PR?_LCD_DROWSIGN?TFTLCD

*** WARNING L16: UNCALLED SEGMENT, IGNORED FOR OVERLAY PROCESS
    SEGMENT: ?PR?_LCD_DRAWRECTANGLE?TFTLCD

*** WARNING L16: UNCALLED SEGMENT, IGNORED FOR OVERLAY PROCESS
    SEGMENT: ?PR?_LCD_DRAW_CIRCLE?TFTLCD

*** WARNING L16: UNCALLED SEGMENT, IGNORED FOR OVERLAY PROCESS
    SEGMENT: ?PR?_LCD_SHOWNUM?TFTLCD

*** WARNING L16: UNCALLED SEGMENT, IGNORED FOR OVERLAY PROCESS
    SEGMENT: ?PR?_LCD_SHOWXNUM?TFTLCD

*** WARNING L16: UNCALLED SEGMENT, IGNORED FOR OVERLAY PROCESS
    SEGMENT: ?PR?_LCD_SHOWFONTHZ?TFTLCD

*** WARNING L16: UNCALLED SEGMENT, IGNORED FOR OVERLAY PROCESS
    SEGMENT: ?PR?_LCD_SHOWPICTURE?TFTLCD

*** WARNING L16: UNCALLED SEGMENT, IGNORED FOR OVERLAY PROCESS
    SEGMENT: ?PR?TOUCH_SCAN?TOUCH

*** WARNING L16: UNCALLED SEGMENT, IGNORED FOR OVERLAY PROCESS
    SEGMENT: ?PR?_GUI_COLOR_CHG?GUI

*** WARNING L16: UNCALLED SEGMENT, IGNORED FOR OVERLAY PROCESS
    SEGMENT: ?PR?_GUI_RGB332TORGB565?GUI

*** WARNING L16: UNCALLED SEGMENT, IGNORED FOR OVERLAY PROCESS
BL51 BANKED LINKER/LOCATER V6.22                                                      05/25/2021  15:15:10  PAGE 47


    SEGMENT: ?PR?_GUI_DISABS?GUI

*** WARNING L16: UNCALLED SEGMENT, IGNORED FOR OVERLAY PROCESS
    SEGMENT: ?PR?_GUI_DRAW_POINT?GUI

*** WARNING L16: UNCALLED SEGMENT, IGNORED FOR OVERLAY PROCESS
    SEGMENT: ?PR?_GUI_ALPHABLEND_AREA?GUI

*** WARNING L16: UNCALLED SEGMENT, IGNORED FOR OVERLAY PROCESS
    SEGMENT: ?PR?_GUI_DRAW_BLINE?GUI

*** WARNING L16: UNCALLED SEGMENT, IGNORED FOR OVERLAY PROCESS
    SEGMENT: ?PR?_GUI_DRAW_BLINE1?GUI

*** WARNING L16: UNCALLED SEGMENT, IGNORED FOR OVERLAY PROCESS
    SEGMENT: ?PR?_GUI_FILL_COLORBLOCK?GUI

*** WARNING L16: UNCALLED SEGMENT, IGNORED FOR OVERLAY PROCESS
    SEGMENT: ?PR?_GUI_DRAW_SMOOTH_RECTANGLE?GUI

*** WARNING L16: UNCALLED SEGMENT, IGNORED FOR OVERLAY PROCESS
    SEGMENT: ?PR?_GUI_DRAW_RECTANGLE?GUI

*** WARNING L16: UNCALLED SEGMENT, IGNORED FOR OVERLAY PROCESS
    SEGMENT: ?PR?_GUI_DRAW_ARCRECTANGLE?GUI

*** WARNING L16: UNCALLED SEGMENT, IGNORED FOR OVERLAY PROCESS
    SEGMENT: ?PR?_GUI_DRAW_ELLIPSE?GUI

*** WARNING L16: UNCALLED SEGMENT, IGNORED FOR OVERLAY PROCESS
    SEGMENT: ?PR?_GUI_FILL_ELLIPSE?GUI

*** WARNING L16: UNCALLED SEGMENT, IGNORED FOR OVERLAY PROCESS
    SEGMENT: ?PR?_GUI_SHOW_STRMID?GUI

*** WARNING L16: UNCALLED SEGMENT, IGNORED FOR OVERLAY PROCESS
    SEGMENT: ?PR?_GUI_SHOW_NUM?GUI

*** WARNING L16: UNCALLED SEGMENT, IGNORED FOR OVERLAY PROCESS
    SEGMENT: ?PR?_GUI_NUM2STR?GUI

*** WARNING L16: UNCALLED SEGMENT, IGNORED FOR OVERLAY PROCESS
    SEGMENT: ?PR?_GUI_SHOW_PTSTRWHITERIM?GUI

*** WARNING L16: UNCALLED SEGMENT, IGNORED FOR OVERLAY PROCESS
    SEGMENT: ?PR?_GUI_GET_STRINGLINE?GUI

*** WARNING L16: UNCALLED SEGMENT, IGNORED FOR OVERLAY PROCESS
    SEGMENT: ?PR?_GUI_SHOW_STRING?GUI

Program Size: data=15.1 xdata=930 code=29916
LINK/LOCATE RUN COMPLETE.  32 WARNING(S),  0 ERROR(S)
