BL51 BANKED LINKER/LOCATER V6.22                                                        05/26/2020  14:35:57  PAGE 1


BL51 BANKED LINKER/LOCATER V6.22, INVOKED BY:
D:\YZ\KEILC51\C51\BIN\BL51.EXE .\Output\main.obj, .\Output\public.obj, .\Output\uart.obj, .\Output\tftlcd.obj, .\Output\
>> touch.obj, .\Output\time.obj, .\Output\gui.obj TO .\Output\template PRINT (.\template.m51) RAMSIZE (256)


MEMORY MODEL: LARGE WITH FLOATING POINT ARITHMETIC


INPUT MODULES INCLUDED:
  .\Output\main.obj (MAIN)
  .\Output\public.obj (PUBLIC)
  .\Output\uart.obj (UART)
  .\Output\tftlcd.obj (TFTLCD)
  .\Output\touch.obj (TOUCH)
  .\Output\time.obj (TIME)
  .\Output\gui.obj (GUI)
  D:\YZ\KEILC51\C51\LIB\C51FPL.LIB (?C?FPADD)
  D:\YZ\KEILC51\C51\LIB\C51FPL.LIB (?C?FPMUL)
  D:\YZ\KEILC51\C51\LIB\C51FPL.LIB (?C?FPDIV)
  D:\YZ\KEILC51\C51\LIB\C51FPL.LIB (?C?FCAST)
  D:\YZ\KEILC51\C51\LIB\C51FPL.LIB (?C?CASTF)
  D:\YZ\KEILC51\C51\LIB\C51FPL.LIB (PRINTF)
  D:\YZ\KEILC51\C51\LIB\C51FPL.LIB (SIN)
  D:\YZ\KEILC51\C51\LIB\C51FPL.LIB (?C?FPGETOPN)
  D:\YZ\KEILC51\C51\LIB\C51FPL.LIB (?C?FPROUND)
  D:\YZ\KEILC51\C51\LIB\C51FPL.LIB (?C?FPCONVERT)
  D:\YZ\KEILC51\C51\LIB\C51FPL.LIB (?C?FPSERIES)
  D:\YZ\KEILC51\C51\LIB\C51FPL.LIB (?C?FTNPWR)
  D:\YZ\KEILC51\C51\LIB\C51L.LIB (?C_STARTUP)
  D:\YZ\KEILC51\C51\LIB\C51L.LIB (?C?CLDPTR)
  D:\YZ\KEILC51\C51\LIB\C51L.LIB (?C?CLDOPTR)
  D:\YZ\KEILC51\C51\LIB\C51L.LIB (?C?CSTPTR)
  D:\YZ\KEILC51\C51\LIB\C51L.LIB (?C?CSTOPTR)
  D:\YZ\KEILC51\C51\LIB\C51L.LIB (?C?IMUL)
  D:\YZ\KEILC51\C51\LIB\C51L.LIB (?C?UIDIV)
  D:\YZ\KEILC51\C51\LIB\C51L.LIB (?C?SIDIV)
  D:\YZ\KEILC51\C51\LIB\C51L.LIB (?C?IILDX)
  D:\YZ\KEILC51\C51\LIB\C51L.LIB (?C?ILDIX)
  D:\YZ\KEILC51\C51\LIB\C51L.LIB (?C?ILDOPTR)
  D:\YZ\KEILC51\C51\LIB\C51L.LIB (?C?ISTOPTR)
  D:\YZ\KEILC51\C51\LIB\C51L.LIB (?C?LMUL)
  D:\YZ\KEILC51\C51\LIB\C51L.LIB (?C?ULDIV)
  D:\YZ\KEILC51\C51\LIB\C51L.LIB (?C?SLDIV)
  D:\YZ\KEILC51\C51\LIB\C51L.LIB (?C?LNEG)
  D:\YZ\KEILC51\C51\LIB\C51L.LIB (?C?SLCMP)
  D:\YZ\KEILC51\C51\LIB\C51L.LIB (?C?ULCMP)
  D:\YZ\KEILC51\C51\LIB\C51L.LIB (?C?ULSHR)
  D:\YZ\KEILC51\C51\LIB\C51L.LIB (?C?LLDCODE)
  D:\YZ\KEILC51\C51\LIB\C51L.LIB (?C?LLDXDATA0)
  D:\YZ\KEILC51\C51\LIB\C51L.LIB (?C?LLDCODE0)
  D:\YZ\KEILC51\C51\LIB\C51L.LIB (?C?LSTXDATA)
  D:\YZ\KEILC51\C51\LIB\C51L.LIB (?C?LSTKXDATA)
  D:\YZ\KEILC51\C51\LIB\C51L.LIB (?C?PLDIXDATA)
  D:\YZ\KEILC51\C51\LIB\C51L.LIB (?C?PSTXDATA)
  D:\YZ\KEILC51\C51\LIB\C51L.LIB (?C?CCASE)
  D:\YZ\KEILC51\C51\LIB\C51L.LIB (?C?LIMUL)
  D:\YZ\KEILC51\C51\LIB\C51L.LIB (PUTCHAR)
  D:\YZ\KEILC51\C51\LIB\C51L.LIB (STRLEN)
BL51 BANKED LINKER/LOCATER V6.22                                                      05/26/2020  14:35:57  PAGE 2


  D:\YZ\KEILC51\C51\LIB\C51L.LIB (?C_INIT)


LINK MAP OF MODULE:  .\Output\template (MAIN)


            TYPE    BASE      LENGTH    RELOCATION   SEGMENT NAME
            -----------------------------------------------------

            * * * * * * *   D A T A   M E M O R Y   * * * * * * *
            REG     0000H     0008H     ABSOLUTE     "REG BANK 0"
            DATA    0008H     0005H     UNIT         _DATA_GROUP_
                    000DH     0013H                  *** GAP ***
            BIT     0020H.0   0001H.1   UNIT         _BIT_GROUP_
                    0021H.1   0000H.7                *** GAP ***
            IDATA   0022H     0001H     UNIT         ?STACK

            * * * * * * *  X D A T A   M E M O R Y  * * * * * * *
            XDATA   0000H     0052H     UNIT         _XDATA_GROUP_
            XDATA   0052H     0034H     UNIT         ?XD?UART
            XDATA   0086H     0024H     UNIT         ?XD?_GUI_DRAW_ELLIPSE?GUI
            XDATA   00AAH     0022H     UNIT         ?XD?_GUI_FILL_ELLIPSE?GUI
            XDATA   00CCH     001FH     UNIT         ?XD?_GUI_DRAW_BLINE?GUI
            XDATA   00EBH     001EH     UNIT         ?XD?_LCD_DRAWLINE_COLOR?TFTLCD
            XDATA   0109H     001EH     UNIT         ?XD?_GUI_DRAW_LINE?GUI
            XDATA   0127H     001EH     UNIT         ?XD?_GUI_SMOOTH_COLOR?GUI
            XDATA   0145H     001CH     UNIT         ?XD?_LCD_DRAWLINE?TFTLCD
            XDATA   0161H     001AH     UNIT         ?XD?_TOUCH_XPT_READDATA?TOUCH
            XDATA   017BH     0019H     UNIT         ?XD?_GUI_DRAW_ARC?GUI
            XDATA   0194H     0019H     UNIT         ?XD?_GUI_SHOW_PTCHAR?GUI
            XDATA   01ADH     0017H     UNIT         ?XD?_GUI_DRAW_SMOOTH_RECTANGLE?GUI
            XDATA   01C4H     0017H     UNIT         ?XD?_GUI_SHOW_STRINGEX?GUI
            XDATA   01DBH     0016H     UNIT         ?XD?_GUI_SHOW_STRING?GUI
            XDATA   01F1H     0015H     UNIT         ?XD?_LCD_SHOWPICTURE?TFTLCD
            XDATA   0206H     0013H     UNIT         ?XD?_CALENDAR_CIRCLE_CLOCK_SHOWNUM?MAIN
            XDATA   0219H     0013H     UNIT         ?XD?_LCD_COLOR_FILL?TFTLCD
            XDATA   022CH     0013H     UNIT         ?XD?_GUI_SHOW_STRMIDEX?GUI
            XDATA   023FH     0013H     UNIT         ?XD?_GUI_SHOW_PTSTR?GUI
            XDATA   0252H     0012H     UNIT         ?XD?_GUI_DRAW_CIRCLE8?GUI
            XDATA   0264H     0012H     UNIT         ?XD?_GUI_SHOW_STRMID?GUI
            XDATA   0276H     0012H     UNIT         ?XD?_GUI_SHOW_PTSTRWHITERIM?GUI
            XDATA   0288H     0011H     UNIT         ?XD?_GUI_ALPHABLEND_AREA?GUI
            XDATA   0299H     0010H     UNIT         ?XD?_GUI_DRAW_ARCRECTANGLE?GUI
            XDATA   02A9H     0010H     UNIT         ?XD?_GUI_DRAW_EXPOINT?GUI
            XDATA   02B9H     0010H     UNIT         ?XD?_GUI_SHOW_NUM?GUI
            XDATA   02C9H     000FH     UNIT         ?XD?MAIN
            XDATA   02D8H     000EH     UNIT         ?XD?_GUI_DRAW_BIGPOINT?GUI
            XDATA   02E6H     000EH     UNIT         ?XD?_GUI_FILL_COLORBLOCK?GUI
            XDATA   02F4H     000DH     UNIT         ?XD?_LCD_SHOWNUM?TFTLCD
            XDATA   0301H     000DH     UNIT         ?XD?TOUCH
            XDATA   030EH     000DH     UNIT         ?XD?_GUI_ALPHA_BLEND565?GUI
            XDATA   031BH     000DH     UNIT         ?XD?_GUI_NUM2STREX?GUI
            XDATA   0328H     000CH     UNIT         ?XD?_GUI_GET_STRINGLINE?GUI
            XDATA   0334H     000BH     UNIT         ?XD?TFTLCD
            XDATA   033FH     000AH     UNIT         ?XD?_LCD_READPOINT?TFTLCD
            XDATA   0349H     000AH     UNIT         ?XD?_LCD_SHOWFONTHZ?TFTLCD
            XDATA   0353H     000AH     UNIT         ?XD?TOUCH_XPT_READXY?TOUCH
BL51 BANKED LINKER/LOCATER V6.22                                                      05/26/2020  14:35:57  PAGE 3


            XDATA   035DH     000AH     UNIT         ?XD?_GUI_DRAW_RECTANGLE?GUI
            XDATA   0367H     000AH     UNIT         ?XD?_GUI_FILL_RECTANGLE?GUI
            XDATA   0371H     0009H     UNIT         ?XD?_GUI_NUM2STR?GUI
            XDATA   037AH     0008H     UNIT         ?XD?_LCD_DRAWRECTANGLE?TFTLCD
            XDATA   0382H     0008H     UNIT         ?XD?_GUI_COLOR_CHG?GUI
            XDATA   038AH     0008H     UNIT         ?XD?_GUI_DISABS?GUI
            XDATA   0392H     0008H     UNIT         ?XD?_GUI_DRAW_VLINE?GUI
            XDATA   039AH     0006H     UNIT         ?XD?_LCD_DRAWBIGPOINT?TFTLCD
            XDATA   03A0H     0006H     UNIT         ?XD?_LCD_DROWSIGN?TFTLCD
            XDATA   03A6H     0006H     UNIT         ?XD?_GUI_POW?GUI
            XDATA   03ACH     0005H     UNIT         ?XD?TOUCH_SCAN?TOUCH
            XDATA   03B1H     0005H     UNIT         ?XD?TIME
            XDATA   03B6H     0004H     UNIT         ?XD?_GUI_DRAW_POINT?GUI
            XDATA   03BAH     0003H     UNIT         ?XD?_UART_SENDSTRING?UART
            XDATA   03BDH     0002H     UNIT         ?XD?TOUCH_SPI_READ?TOUCH

            * * * * * * *   C O D E   M E M O R Y   * * * * * * *
            CODE    0000H     0003H     ABSOLUTE     
            CODE    0003H     0006H     UNIT         ?PR?_UART_CMD?UART
                    0009H     0002H                  *** GAP ***
            CODE    000BH     0003H     ABSOLUTE     
            CODE    000EH     0015H     UNIT         ?PR?_STRLEN?STRLEN
            CODE    0023H     0003H     ABSOLUTE     
            CODE    0026H     1BF3H     UNIT         ?CO?TFTLCD
            CODE    1C19H     0EB0H     UNIT         ?PR?_CALENDAR_CIRCLE_CLOCK_SHOWTIME?MAIN
            CODE    2AC9H     0945H     UNIT         ?C?LIB_CODE
            CODE    340EH     0920H     UNIT         ?PR?_CALENDAR_CIRCLE_CLOCK_DRAWPANEL?MAIN
            CODE    3D2EH     06B3H     UNIT         ?PR?_GUI_DRAW_ARCRECTANGLE?GUI
            CODE    43E1H     0483H     UNIT         ?PR?PRINTF?PRINTF
            CODE    4864H     0404H     UNIT         ?PR?_GUI_DRAW_ELLIPSE?GUI
            CODE    4C68H     03CAH     UNIT         ?PR?_GUI_DRAW_BLINE1?GUI
            CODE    5032H     03A0H     UNIT         ?PR?_GUI_FILL_CIRCLE?GUI
            CODE    53D2H     0271H     UNIT         ?PR?_GUI_DRAW_CIRCLE8?GUI
            CODE    5643H     026CH     UNIT         ?PR?_GUI_DRAW_BLINE?GUI
            CODE    58AFH     025DH     UNIT         ?PR?TFTLCD_INIT?TFTLCD
            CODE    5B0CH     025CH     UNIT         ?PR?_GUI_FILL_ELLIPSE?GUI
            CODE    5D68H     0253H     UNIT         ?PR?_GUI_SHOW_PTCHAR?GUI
            CODE    5FBBH     0246H     UNIT         ?PR?_GUI_SHOW_PTSTR?GUI
            CODE    6201H     0226H     UNIT         ?PR?_GUI_SHOW_STRING?GUI
            CODE    6427H     021CH     UNIT         ?PR?_GUI_SHOW_STRINGEX?GUI
            CODE    6643H     01F3H     UNIT         ?PR?_GUI_DRAW_LINE?GUI
            CODE    6836H     01EFH     UNIT         ?PR?_LCD_DRAWLINE?TFTLCD
            CODE    6A25H     01EDH     UNIT         ?PR?_LCD_DRAWLINE_COLOR?TFTLCD
            CODE    6C12H     01E9H     UNIT         ?PR?_GUI_SMOOTH_COLOR?GUI
            CODE    6DFBH     01E0H     UNIT         ?PR?_CALENDAR_CIRCLE_CLOCK_SHOWNUM?MAIN
            CODE    6FDBH     01D8H     UNIT         ?PR?_LCD_DRAW_CIRCLE?TFTLCD
            CODE    71B3H     01D7H     UNIT         ?PR?_GUI_DRAW_ARC?GUI
            CODE    738AH     01C3H     UNIT         ?PR?_GUI_SHOW_NUM?GUI
            CODE    754DH     0188H     UNIT         ?PR?SIN?SIN
            CODE    76D5H     0187H     UNIT         ?PR?_TOUCH_XPT_READDATA?TOUCH
            CODE    785CH     017CH     UNIT         ?PR?_GUI_GET_STRINGLINE?GUI
            CODE    79D8H     0178H     UNIT         ?PR?_LCD_SHOWCHAR?TFTLCD
            CODE    7B50H     014CH     UNIT         ?PR?_GUI_SHOW_STRMIDEX?GUI
            CODE    7C9CH     0148H     UNIT         ?PR?_GUI_SHOW_STRMID?GUI
            CODE    7DE4H     0147H     UNIT         ?PR?_GUI_FILL_COLORBLOCK?GUI
            CODE    7F2BH     0140H     UNIT         ?PR?TOUCH_SCAN?TOUCH
            CODE    806BH     012DH     UNIT         ?PR?_LCD_SHOWPICTURE?TFTLCD
BL51 BANKED LINKER/LOCATER V6.22                                                      05/26/2020  14:35:57  PAGE 4


            CODE    8198H     012BH     UNIT         ?PR?_LCD_SHOWFONTHZ?TFTLCD
            CODE    82C3H     0129H     UNIT         ?PR?_LCD_SHOWXNUM?TFTLCD
            CODE    83ECH     0114H     UNIT         ?PR?TOUCH_XPT_READXY?TOUCH
            CODE    8500H     010CH     UNIT         ?PR?_GUI_DRAW_SMOOTH_RECTANGLE?GUI
            CODE    860CH     00F8H     UNIT         ?PR?_LCD_COLOR_FILL?TFTLCD
            CODE    8704H     00F7H     UNIT         ?PR?_GUI_ALPHABLEND_AREA?GUI
            CODE    87FBH     00F4H     UNIT         ?PR?_GUI_DRAW_BIGPOINT?GUI
            CODE    88EFH     00EDH     UNIT         ?PR?_GUI_ALPHA_BLEND565?GUI
            CODE    89DCH     00E5H     UNIT         ?PR?_LCD_SHOWSTRING?TFTLCD
            CODE    8AC1H     00DCH     UNIT         ?PR?_LCD_SHOWNUM?TFTLCD
            CODE    8B9DH     00D8H     UNIT         ?PR?_LCD_DROWSIGN?TFTLCD
            CODE    8C75H     00D2H     UNIT         ?PR?_GUI_SHOW_PTSTRWHITERIM?GUI
            CODE    8D47H     00D0H     UNIT         ?PR?_LCD_FILL?TFTLCD
            CODE    8E17H     00C8H     UNIT         ?PR?_GUI_DRAW_RECTANGLE?GUI
            CODE    8EDFH     00C7H     UNIT         ?PR?_GUI_NUM2STREX?GUI
            CODE    8FA6H     00C1H     UNIT         ?PR?_GUI_DRAW_EXPOINT?GUI
            CODE    9067H     00AAH     UNIT         ?PR?_LCD_DRAWRECTANGLE?TFTLCD
            CODE    9111H     00AAH     UNIT         ?PR?_GUI_NUM2STR?GUI
            CODE    91BBH     0096H     UNIT         ?PR?_GUI_DRAW_VLINE?GUI
            CODE    9251H     0092H     UNIT         ?PR?_LCD_SET_WINDOW?TFTLCD
            CODE    92E3H     008FH     UNIT         ?PR?MULTIFUNCTION_DIGITAL_CLOCK_TEST?MAIN
            CODE    9372H     008CH     UNIT         ?C_C51STARTUP
            CODE    93FEH     008AH     UNIT         ?PR?_GUI_FILL_RECTANGLE?GUI
            CODE    9488H     0087H     UNIT         ?PR?UART_IRQN?UART
            CODE    950FH     0081H     UNIT         ?PR?_LCD_CLEAR?TFTLCD
            CODE    9590H     0080H     UNIT         ?PR?_GUI_COLOR_CHG?GUI
            CODE    9610H     007BH     UNIT         ?PR?_GUI_DRAW_HLINE?GUI
            CODE    968BH     0073H     UNIT         ?PR?_LCD_DRAWBIGPOINT?TFTLCD
            CODE    96FEH     006BH     UNIT         ?PR?_GUI_DISABS?GUI
            CODE    9769H     0065H     UNIT         ?PR?_LCD_READPOINT?TFTLCD
            CODE    97CEH     0050H     UNIT         ?PR?_LCD_POW?TFTLCD
            CODE    981EH     004EH     UNIT         ?PR?TIMER0?TIME
            CODE    986CH     0049H     UNIT         ?PR?_GUI_POW?GUI
            CODE    98B5H     0048H     UNIT         ?PR?_LCD_DRAWFRONT_COLOR?TFTLCD
            CODE    98FDH     0044H     UNIT         ?C?LDIV
            CODE    9941H     0040H     UNIT         ?PR?_LCD_DISPLAY_DIR?TFTLCD
            CODE    9981H     0040H     UNIT         ?PR?_LCD_DRAWPOINT?TFTLCD
            CODE    99C1H     003CH     UNIT         ?PR?_GUI_RGB332TORGB565?GUI
            CODE    99FDH     003CH     UNIT         ?PR?_GUI_DRAW_POINT?GUI
            CODE    9A39H     003BH     UNIT         ?C_INITSEG
            CODE    9A74H     003BH     UNIT         ?PR?TOUCH_SPI_READ?TOUCH
            CODE    9AAFH     0033H     UNIT         ?PR?_UART_SENDSTRING?UART
            CODE    9AE2H     002FH     UNIT         ?PR?_LCD_WRITECMD?TFTLCD
            CODE    9B11H     0027H     UNIT         ?PR?PUTCHAR?PUTCHAR
            CODE    9B38H     0025H     UNIT         ?PR?_LCD_WRITEDATA?TFTLCD
            CODE    9B5DH     0025H     UNIT         ?PR?_LCD_WRITEDATA_COLOR?TFTLCD
            CODE    9B82H     001FH     UNIT         ?PR?_DELAY?TFTLCD
            CODE    9BA1H     001EH     UNIT         ?PR?_DELAY_MS?PUBLIC
            CODE    9BBFH     001DH     UNIT         ?PR?_TOUCH_SPI_WRITE?TOUCH
            CODE    9BDCH     001AH     UNIT         ?PR?LCD_READDATA?TFTLCD
            CODE    9BF6H     0016H     UNIT         ?PR?UART_INIT?UART
            CODE    9C0CH     0013H     UNIT         ?CO?MAIN
            CODE    9C1FH     0010H     UNIT         ?PR?TIMER0INIT?TIME
            CODE    9C2FH     000EH     UNIT         ?PR?_DELAY_US?PUBLIC
            CODE    9C3DH     000EH     UNIT         ?PR?_UART_SENDDATA?UART
            CODE    9C4BH     000EH     UNIT         ?PR?_LCD_WRITECMDDATA?TFTLCD
            CODE    9C59H     000BH     UNIT         ?PR?MAIN?MAIN
BL51 BANKED LINKER/LOCATER V6.22                                                      05/26/2020  14:35:57  PAGE 5


            CODE    9C64H     000BH     UNIT         ?PR?_DELAY_10US?PUBLIC
            CODE    9C6FH     000BH     UNIT         ?PR?TOUCH_SPI_START?TOUCH



OVERLAY MAP OF MODULE:   .\Output\template (MAIN)


SEGMENT                                             BIT_GROUP          DATA_GROUP          XDATA_GROUP
  +--> CALLED SEGMENT                            START    LENGTH     START    LENGTH     START    LENGTH
--------------------------------------------------------------------------------------------------------
?C_C51STARTUP                                    -----    -----      -----    -----      -----    -----
  +--> ?PR?MAIN?MAIN
  +--> ?C_INITSEG

?PR?MAIN?MAIN                                    -----    -----      -----    -----      -----    -----
  +--> ?PR?UART_INIT?UART
  +--> ?PR?TFTLCD_INIT?TFTLCD
  +--> ?PR?MULTIFUNCTION_DIGITAL_CLOCK_TEST?...

?PR?TFTLCD_INIT?TFTLCD                           -----    -----      -----    -----      -----    -----
  +--> ?PR?_DELAY_MS?PUBLIC
  +--> ?PR?_LCD_WRITECMD?TFTLCD
  +--> ?PR?LCD_READDATA?TFTLCD
  +--> ?CO?TFTLCD
  +--> ?PR?PRINTF?PRINTF
  +--> ?PR?_LCD_WRITEDATA?TFTLCD
  +--> ?PR?_LCD_DISPLAY_DIR?TFTLCD
  +--> ?PR?_LCD_CLEAR?TFTLCD

?PR?_LCD_WRITECMD?TFTLCD                         -----    -----      -----    -----      -----    -----
  +--> ?PR?_LCD_WRITEDATA?TFTLCD

?PR?PRINTF?PRINTF                                0020H.0  0001H.1    0008H    0005H      0000H    0030H
  +--> ?PR?PUTCHAR?PUTCHAR

?PR?_LCD_DISPLAY_DIR?TFTLCD                      -----    -----      -----    -----      -----    -----
  +--> ?PR?_LCD_WRITECMDDATA?TFTLCD

?PR?_LCD_WRITECMDDATA?TFTLCD                     -----    -----      -----    -----      -----    -----
  +--> ?PR?_LCD_WRITECMD?TFTLCD
  +--> ?PR?_LCD_WRITEDATA?TFTLCD

?PR?_LCD_CLEAR?TFTLCD                            -----    -----      -----    -----      0000H    0004H
  +--> ?PR?_LCD_SET_WINDOW?TFTLCD
  +--> ?PR?_LCD_WRITEDATA_COLOR?TFTLCD

?PR?_LCD_SET_WINDOW?TFTLCD                       -----    -----      -----    -----      0046H    000CH
  +--> ?PR?_LCD_WRITECMD?TFTLCD
  +--> ?PR?_LCD_WRITEDATA?TFTLCD

?PR?MULTIFUNCTION_DIGITAL_CLOCK_TEST?...         -----    -----      -----    -----      -----    -----
  +--> ?CO?MAIN
  +--> ?PR?_LCD_SHOWSTRING?TFTLCD
  +--> ?PR?_CALENDAR_CIRCLE_CLOCK_DRAWPANEL?...
  +--> ?PR?TIMER0INIT?TIME
  +--> ?PR?_CALENDAR_CIRCLE_CLOCK_SHOWTIME?MAIN
BL51 BANKED LINKER/LOCATER V6.22                                                      05/26/2020  14:35:57  PAGE 6



?PR?_LCD_SHOWSTRING?TFTLCD                       -----    -----      -----    -----      0000H    000DH
  +--> ?PR?_LCD_SHOWCHAR?TFTLCD

?PR?_LCD_SHOWCHAR?TFTLCD                         -----    -----      -----    -----      0028H    000CH
  +--> ?CO?TFTLCD
  +--> ?PR?_LCD_DRAWFRONT_COLOR?TFTLCD

?PR?_LCD_DRAWFRONT_COLOR?TFTLCD                  -----    -----      -----    -----      003DH    0006H
  +--> ?PR?_LCD_SET_WINDOW?TFTLCD
  +--> ?PR?_LCD_WRITEDATA_COLOR?TFTLCD

?PR?_CALENDAR_CIRCLE_CLOCK_DRAWPANEL?...         -----    -----      -----    -----      0000H    001AH
  +--> ?PR?_LCD_DRAW_CIRCLE?TFTLCD
  +--> ?PR?SIN?SIN
  +--> ?PR?_GUI_DRAW_BLINE1?GUI
  +--> ?PR?_LCD_SHOWXNUM?TFTLCD
  +--> ?PR?_GUI_FILL_CIRCLE?GUI

?PR?_LCD_DRAW_CIRCLE?TFTLCD                      -----    -----      -----    -----      001AH    000AH
  +--> ?PR?_LCD_DRAWPOINT?TFTLCD

?PR?_LCD_DRAWPOINT?TFTLCD                        -----    -----      -----    -----      -----    -----
  +--> ?PR?_LCD_SET_WINDOW?TFTLCD
  +--> ?PR?_LCD_WRITEDATA_COLOR?TFTLCD

?PR?SIN?SIN                                      0020H.0  0000H.1    -----    -----      001EH    0004H

?PR?_GUI_DRAW_BLINE1?GUI                         -----    -----      -----    -----      001EH    001FH
  +--> ?PR?_LCD_DRAWFRONT_COLOR?TFTLCD

?PR?_LCD_SHOWXNUM?TFTLCD                         -----    -----      -----    -----      001AH    000EH
  +--> ?PR?_LCD_POW?TFTLCD
  +--> ?PR?_LCD_SHOWCHAR?TFTLCD

?PR?_LCD_POW?TFTLCD                              -----    -----      -----    -----      0028H    0006H

?PR?_GUI_FILL_CIRCLE?GUI                         -----    -----      -----    -----      001AH    0018H
  +--> ?PR?_GUI_DRAW_HLINE?GUI

?PR?_GUI_DRAW_HLINE?GUI                          -----    -----      -----    -----      0032H    0008H
  +--> ?PR?_LCD_FILL?TFTLCD

?PR?_LCD_FILL?TFTLCD                             -----    -----      -----    -----      003AH    000CH
  +--> ?PR?_LCD_SET_WINDOW?TFTLCD
  +--> ?PR?_LCD_WRITEDATA_COLOR?TFTLCD

?PR?_CALENDAR_CIRCLE_CLOCK_SHOWTIME?MAIN         -----    -----      -----    -----      0000H    001EH
  +--> ?PR?SIN?SIN
  +--> ?PR?_GUI_DRAW_BLINE1?GUI



SYMBOL TABLE OF MODULE:  .\Output\template (MAIN)

  VALUE           TYPE          NAME
  ----------------------------------
BL51 BANKED LINKER/LOCATER V6.22                                                      05/26/2020  14:35:57  PAGE 7



  -------         MODULE        MAIN
  C:0000H         SYMBOL        _ICE_DUMMY_
  D:00A0H         PUBLIC        P2
  D:00B0H         PUBLIC        P3
  D:00A8H         PUBLIC        IE
  D:00B8H         PUBLIC        IP
  D:00D8H         PUBLIC        CCON
  C:9C59H         PUBLIC        main
  C:340EH         PUBLIC        _calendar_circle_clock_drawpanel
  D:0098H         PUBLIC        SCON
  X:02CCH         PUBLIC        rome
  D:0088H         PUBLIC        TCON
  C:92E3H         PUBLIC        MultiFunction_Digital_Clock_Test
  C:1C19H         PUBLIC        _calendar_circle_clock_showtime
  D:00D0H         PUBLIC        PSW
  C:6DFBH         PUBLIC        _calendar_circle_clock_shownum
  -------         PROC          _CALENDAR_CIRCLE_CLOCK_DRAWPANEL
  X:0000H         SYMBOL        x
  X:0002H         SYMBOL        y
  D:0002H         SYMBOL        size
  X:0006H         SYMBOL        d
  -------         DO            
  X:0008H         SYMBOL        r
  X:000AH         SYMBOL        sx
  X:000CH         SYMBOL        sy
  X:000EH         SYMBOL        px0
  X:0010H         SYMBOL        px1
  X:0012H         SYMBOL        py0
  X:0014H         SYMBOL        py1
  X:0016H         SYMBOL        i
  X:0018H         SYMBOL        fcolor
  -------         ENDDO         
  C:340EH         LINE#         31
  C:341CH         LINE#         32
  C:341CH         LINE#         33
  C:342AH         LINE#         34
  C:3445H         LINE#         35
  C:3459H         LINE#         41
  C:3468H         LINE#         42
  C:3472H         LINE#         43
  C:3482H         LINE#         44
  C:349AH         LINE#         46
  C:34B4H         LINE#         47
  C:34B4H         LINE#         48
  C:3521H         LINE#         49
  C:3596H         LINE#         50
  C:3612H         LINE#         51
  C:368EH         LINE#         52
  C:36C1H         LINE#         53
  C:36D2H         LINE#         54
  C:36ECH         LINE#         55
  C:36ECH         LINE#         56
  C:3759H         LINE#         57
  C:37CEH         LINE#         58
  C:384AH         LINE#         59
  C:38C6H         LINE#         60
BL51 BANKED LINKER/LOCATER V6.22                                                      05/26/2020  14:35:57  PAGE 8


  C:38FAH         LINE#         61
  C:390BH         LINE#         62
  C:3925H         LINE#         63
  C:3925H         LINE#         64
  C:3992H         LINE#         65
  C:3A07H         LINE#         66
  C:3A8AH         LINE#         67
  C:3B0DH         LINE#         68
  C:3B41H         LINE#         69
  C:3B52H         LINE#         70
  C:3B6CH         LINE#         71
  C:3B6CH         LINE#         72
  C:3BE7H         LINE#         73
  C:3C6AH         LINE#         74
  C:3C7EH         LINE#         75
  C:3C7EH         LINE#         76
  C:3C87H         LINE#         77
  C:3CE5H         LINE#         78
  C:3CE5H         LINE#         79
  C:3CF6H         LINE#         80
  C:3D1EH         LINE#         81
  C:3D2DH         LINE#         82
  -------         ENDPROC       _CALENDAR_CIRCLE_CLOCK_DRAWPANEL
  -------         PROC          _CALENDAR_CIRCLE_CLOCK_SHOWTIME
  X:0000H         SYMBOL        x
  X:0002H         SYMBOL        y
  D:0002H         SYMBOL        size
  X:0006H         SYMBOL        d
  X:0008H         SYMBOL        hour
  X:0009H         SYMBOL        min
  X:000AH         SYMBOL        sec
  -------         DO            
  X:02C9H         SYMBOL        oldhour
  X:02CAH         SYMBOL        oldmin
  X:02CBH         SYMBOL        oldsec
  X:000BH         SYMBOL        temp
  X:000FH         SYMBOL        r
  X:0011H         SYMBOL        sx
  X:0013H         SYMBOL        sy
  X:0015H         SYMBOL        px0
  X:0017H         SYMBOL        px1
  X:0019H         SYMBOL        py0
  X:001BH         SYMBOL        py1
  X:001DH         SYMBOL        r1
  -------         ENDDO         
  C:1C19H         LINE#         91
  C:1C27H         LINE#         92
  C:1C27H         LINE#         97
  C:1C35H         LINE#         98
  C:1C50H         LINE#         99
  C:1C63H         LINE#         103
  C:1C70H         LINE#         106
  C:1C7FH         LINE#         108
  C:1D04H         LINE#         109
  C:1D89H         LINE#         110
  C:1DF2H         LINE#         111
  C:1E5BH         LINE#         112
BL51 BANKED LINKER/LOCATER V6.22                                                      05/26/2020  14:35:57  PAGE 9


  C:1E8CH         LINE#         115
  C:1E9BH         LINE#         116
  C:1EB4H         LINE#         117
  C:1EE4H         LINE#         119
  C:1F70H         LINE#         120
  C:1FFCH         LINE#         121
  C:206AH         LINE#         122
  C:20D8H         LINE#         123
  C:2109H         LINE#         126
  C:2118H         LINE#         128
  C:2131H         LINE#         129
  C:2161H         LINE#         130
  C:21EFH         LINE#         131
  C:227DH         LINE#         132
  C:22EBH         LINE#         133
  C:2359H         LINE#         134
  C:238AH         LINE#         139
  C:2399H         LINE#         141
  C:241EH         LINE#         142
  C:24A3H         LINE#         143
  C:250CH         LINE#         144
  C:2575H         LINE#         145
  C:25AAH         LINE#         149
  C:25B9H         LINE#         150
  C:25D2H         LINE#         151
  C:2602H         LINE#         153
  C:268EH         LINE#         154
  C:271AH         LINE#         155
  C:2788H         LINE#         156
  C:27F6H         LINE#         157
  C:282BH         LINE#         160
  C:283AH         LINE#         162
  C:2853H         LINE#         163
  C:2883H         LINE#         164
  C:2911H         LINE#         165
  C:299FH         LINE#         166
  C:2A0DH         LINE#         167
  C:2A7BH         LINE#         168
  C:2AB0H         LINE#         170
  C:2AB8H         LINE#         171
  C:2AC0H         LINE#         172
  C:2AC8H         LINE#         173
  -------         ENDPROC       _CALENDAR_CIRCLE_CLOCK_SHOWTIME
  -------         PROC          _CALENDAR_CIRCLE_CLOCK_SHOWNUM
  X:0206H         SYMBOL        x
  X:0208H         SYMBOL        y
  D:0002H         SYMBOL        size
  X:020CH         SYMBOL        d
  -------         DO            
  X:020EH         SYMBOL        r
  X:0210H         SYMBOL        sx
  X:0212H         SYMBOL        sy
  X:0214H         SYMBOL        px1
  D:0004H         SYMBOL        py1
  X:0216H         SYMBOL        i
  X:0217H         SYMBOL        fcolor
  -------         ENDDO         
BL51 BANKED LINKER/LOCATER V6.22                                                      05/26/2020  14:35:57  PAGE 10


  C:6DFBH         LINE#         175
  C:6E09H         LINE#         176
  C:6E09H         LINE#         177
  C:6E17H         LINE#         178
  C:6E32H         LINE#         179
  C:6E45H         LINE#         183
  C:6E54H         LINE#         184
  C:6E66H         LINE#         185
  C:6E66H         LINE#         186
  C:6EE1H         LINE#         187
  C:6F5BH         LINE#         188
  C:6F68H         LINE#         189
  C:6F68H         LINE#         190
  C:6F71H         LINE#         191
  C:6FC2H         LINE#         192
  C:6FC2H         LINE#         193
  C:6FCBH         LINE#         194
  C:6FDAH         LINE#         195
  -------         ENDPROC       _CALENDAR_CIRCLE_CLOCK_SHOWNUM
  -------         PROC          MULTIFUNCTION_DIGITAL_CLOCK_TEST
  C:92E3H         LINE#         198
  C:92E3H         LINE#         199
  C:92E3H         LINE#         201
  C:92ECH         LINE#         202
  C:931EH         LINE#         204
  C:9336H         LINE#         206
  C:9339H         LINE#         208
  C:9339H         LINE#         209
  C:9339H         LINE#         210
  C:933FH         LINE#         211
  C:933FH         LINE#         212
  C:9341H         LINE#         213
  C:9370H         LINE#         214
  C:9370H         LINE#         215
  -------         ENDPROC       MULTIFUNCTION_DIGITAL_CLOCK_TEST
  -------         PROC          MAIN
  C:9C59H         LINE#         218
  C:9C59H         LINE#         219
  C:9C59H         LINE#         221
  C:9C5CH         LINE#         222
  C:9C5FH         LINE#         224
  C:9C62H         LINE#         225
  C:9C62H         LINE#         226
  C:9C62H         LINE#         229
  -------         ENDPROC       MAIN
  -------         ENDMOD        MAIN

  -------         MODULE        PUBLIC
  C:0000H         SYMBOL        _ICE_DUMMY_
  D:00A8H         PUBLIC        IE
  D:00B8H         PUBLIC        IP
  D:00D8H         PUBLIC        CCON
  D:0098H         PUBLIC        SCON
  D:0088H         PUBLIC        TCON
  C:9C64H         PUBLIC        _delay_10us
  C:9BA1H         PUBLIC        _delay_ms
  C:9C2FH         PUBLIC        _delay_us
BL51 BANKED LINKER/LOCATER V6.22                                                      05/26/2020  14:35:57  PAGE 11


  D:00D0H         PUBLIC        PSW
  -------         PROC          _DELAY_10US
  D:0006H         SYMBOL        us
  C:9C64H         LINE#         6
  C:9C64H         LINE#         7
  C:9C64H         LINE#         8
  C:9C6EH         LINE#         9
  -------         ENDPROC       _DELAY_10US
  -------         PROC          _DELAY_US
  D:0006H         SYMBOL        n
  C:9C2FH         LINE#         11
  C:9C2FH         LINE#         12
  C:9C2FH         LINE#         13
  C:9C39H         LINE#         14
  C:9C39H         LINE#         15
  C:9C3AH         LINE#         21
  C:9C3CH         LINE#         22
  -------         ENDPROC       _DELAY_US
  -------         PROC          _DELAY_MS
  D:0006H         SYMBOL        ms
  -------         DO            
  D:0006H         SYMBOL        i
  D:0004H         SYMBOL        j
  -------         ENDDO         
  C:9BA1H         LINE#         24
  C:9BA1H         LINE#         25
  C:9BA1H         LINE#         27
  C:9BAAH         LINE#         28
  C:9BBEH         LINE#         29
  -------         ENDPROC       _DELAY_MS
  -------         ENDMOD        PUBLIC

  -------         MODULE        UART
  C:0000H         SYMBOL        _ICE_DUMMY_
  B:00A8H.7       PUBLIC        EA
  X:0052H         PUBLIC        UART_RX_BUF
  D:00A8H         PUBLIC        IE
  X:0084H         PUBLIC        UART_RX_STA
  B:00A8H.4       PUBLIC        ES
  D:00B8H         PUBLIC        IP
  B:0098H.0       PUBLIC        RI
  B:0098H.1       PUBLIC        TI
  D:00D8H         PUBLIC        CCON
  C:9AAFH         PUBLIC        _UART_SendString
  C:9C3DH         PUBLIC        _UART_SendData
  D:0099H         PUBLIC        SBUF
  D:0087H         PUBLIC        PCON
  C:0003H         PUBLIC        _UART_Cmd
  C:9BF6H         PUBLIC        UART_Init
  D:0098H         PUBLIC        SCON
  D:0089H         PUBLIC        TMOD
  D:0088H         PUBLIC        TCON
  D:008DH         PUBLIC        TH1
  D:008BH         PUBLIC        TL1
  B:0088H.6       PUBLIC        TR1
  C:9488H         PUBLIC        UART_IRQn
  D:00D0H         PUBLIC        PSW
BL51 BANKED LINKER/LOCATER V6.22                                                      05/26/2020  14:35:57  PAGE 12


  -------         PROC          UART_INIT
  C:9BF6H         LINE#         5
  C:9BF6H         LINE#         6
  C:9BF6H         LINE#         7
  C:9BF9H         LINE#         8
  C:9BFCH         LINE#         9
  C:9BFFH         LINE#         10
  C:9C02H         LINE#         11
  C:9C05H         LINE#         13
  C:9C07H         LINE#         14
  C:9C09H         LINE#         15
  C:9C0BH         LINE#         16
  -------         ENDPROC       UART_INIT
  -------         PROC          _UART_CMD
  D:0007H         SYMBOL        ensta
  C:0003H         LINE#         18
  C:0003H         LINE#         19
  C:0003H         LINE#         20
  C:0008H         LINE#         21
  -------         ENDPROC       _UART_CMD
  -------         PROC          _UART_SENDDATA
  D:0007H         SYMBOL        dat
  C:9C3DH         LINE#         23
  C:9C3DH         LINE#         24
  C:9C3DH         LINE#         25
  C:9C3FH         LINE#         26
  C:9C41H         LINE#         27
  C:9C43H         LINE#         28
  C:9C46H         LINE#         29
  C:9C48H         LINE#         30
  C:9C4AH         LINE#         31
  -------         ENDPROC       _UART_SENDDATA
  -------         PROC          _UART_SENDSTRING
  X:03BAH         SYMBOL        pbuf
  C:9AAFH         LINE#         33
  C:9ABAH         LINE#         34
  C:9ABAH         LINE#         35
  C:9ACBH         LINE#         36
  C:9ACBH         LINE#         37
  C:9ACEH         LINE#         38
  C:9AD5H         LINE#         39
  C:9ADFH         LINE#         40
  C:9AE1H         LINE#         41
  -------         ENDPROC       _UART_SENDSTRING
  -------         PROC          UART_IRQN
  -------         DO            
  D:0007H         SYMBOL        r
  -------         ENDDO         
  C:9488H         LINE#         51
  C:9499H         LINE#         55
  C:949CH         LINE#         56
  C:949CH         LINE#         57
  C:949EH         LINE#         58
  C:94A0H         LINE#         59
  C:94A9H         LINE#         60
  C:94A9H         LINE#         61
  C:94ACH         LINE#         62
BL51 BANKED LINKER/LOCATER V6.22                                                      05/26/2020  14:35:57  PAGE 13


  C:94ACH         LINE#         63
  C:94B6H         LINE#         64
  C:94B9H         LINE#         65
  C:94BBH         LINE#         67
  C:94BBH         LINE#         68
  C:94CBH         LINE#         70
  C:94CBH         LINE#         71
  C:94DFH         LINE#         72
  C:94EDH         LINE#         73
  C:9500H         LINE#         74
  C:9500H         LINE#         75
  C:9500H         LINE#         76
  C:9500H         LINE#         77
  C:9500H         LINE#         78
  -------         ENDPROC       UART_IRQN
  -------         ENDMOD        UART

  -------         MODULE        TFTLCD
  C:0000H         SYMBOL        _ICE_DUMMY_
  D:0080H         PUBLIC        P0
  D:0090H         PUBLIC        P1
  X:0334H         PUBLIC        tftlcd_data
  D:00A0H         PUBLIC        P2
  C:82C3H         PUBLIC        _LCD_ShowxNum
  D:00B0H         PUBLIC        P3
  C:8AC1H         PUBLIC        _LCD_ShowNum
  D:00A8H         PUBLIC        IE
  C:9941H         PUBLIC        _LCD_Display_Dir
  C:8198H         PUBLIC        _LCD_ShowFontHZ
  D:00B8H         PUBLIC        IP
  C:950FH         PUBLIC        _LCD_Clear
  C:860CH         PUBLIC        _LCD_Color_Fill
  C:9B65H         PUBLIC        _LCD_WriteData_Color
  D:00D8H         PUBLIC        CCON
  C:9BDCH         PUBLIC        LCD_ReadData
  C:6A25H         PUBLIC        _LCD_DrawLine_Color
  C:98BBH         PUBLIC        _LCD_DrawFRONT_COLOR
  D:0098H         PUBLIC        SCON
  D:0088H         PUBLIC        TCON
  C:0A97H         PUBLIC        ascii_2412
  C:0033H         PUBLIC        ascii_1206
  C:806BH         PUBLIC        _LCD_ShowPicture
  C:58AFH         PUBLIC        TFTLCD_Init
  C:04A7H         PUBLIC        ascii_1608
  C:8D47H         PUBLIC        _LCD_Fill
  C:9256H         PUBLIC        _LCD_Set_Window
  C:9B40H         PUBLIC        _LCD_WriteData
  C:9769H         PUBLIC        _LCD_ReadPoint
  B:00B0H.3       PUBLIC        TFT_RST
  C:6836H         PUBLIC        _LCD_DrawLine
  C:9997H         PUBLIC        _LCD_DrawPoint
  C:89DCH         PUBLIC        _LCD_ShowString
  C:9C4BH         PUBLIC        _LCD_WriteCmdData
  C:79D8H         PUBLIC        _LCD_ShowChar
  C:9AF4H         PUBLIC        _LCD_WriteCmd
  C:9067H         PUBLIC        _LCD_DrawRectangle
  B:00B0H.2       PUBLIC        TFT_RD
BL51 BANKED LINKER/LOCATER V6.22                                                      05/26/2020  14:35:57  PAGE 14


  B:00A0H.7       PUBLIC        TFT_CS
  C:8B9DH         PUBLIC        _LCD_DrowSign
  C:968BH         PUBLIC        _LCD_DrawBigPoint
  C:97D5H         PUBLIC        _LCD_Pow
  X:033BH         PUBLIC        FRONT_COLOR
  C:9B82H         PUBLIC        _Delay
  X:033DH         PUBLIC        BACK_COLOR
  B:00A0H.6       PUBLIC        TFT_RS
  B:00A0H.5       PUBLIC        TFT_WR
  C:6FDBH         PUBLIC        _LCD_Draw_Circle
  D:00D0H         PUBLIC        PSW
  C:17F3H         PUBLIC        CnChar32x29
  -------         PROC          _DELAY
  D:0006H         SYMBOL        dly
  -------         DO            
  D:0004H         SYMBOL        i
  D:0002H         SYMBOL        j
  -------         ENDDO         
  C:9B82H         LINE#         14
  C:9B82H         LINE#         15
  C:9B82H         LINE#         18
  C:9B8CH         LINE#         19
  C:9BA0H         LINE#         20
  -------         ENDPROC       _DELAY
  -------         PROC          L?0217
  -------         ENDPROC       L?0217
  -------         PROC          _LCD_WRITECMD
  D:0004H         SYMBOL        cmd
  -------         DO            
  D:0007H         SYMBOL        cmdH
  D:0006H         SYMBOL        cmdL
  -------         ENDDO         
  C:9AF4H         LINE#         23
  C:9AF8H         LINE#         24
  C:9AF8H         LINE#         27
  C:9AFAH         LINE#         28
  C:9AFCH         LINE#         30
  C:9AFEH         LINE#         31
  C:9B00H         LINE#         33
  C:9B02H         LINE#         34
  C:9B04H         LINE#         36
  C:9B06H         LINE#         37
  C:9B0AH         LINE#         39
  C:9B0CH         LINE#         40
  C:9B0EH         LINE#         42
  C:9B10H         LINE#         115
  -------         ENDPROC       _LCD_WRITECMD
  C:9B38H         SYMBOL        L?0210
  -------         PROC          L?0209
  -------         ENDPROC       L?0209
  C:9B38H         SYMBOL        L?0210
  -------         PROC          _LCD_WRITEDATA
  D:0004H         SYMBOL        dat
  -------         DO            
  D:0007H         SYMBOL        datH
  D:0006H         SYMBOL        datL
  -------         ENDDO         
BL51 BANKED LINKER/LOCATER V6.22                                                      05/26/2020  14:35:57  PAGE 15


  C:9B40H         LINE#         119
  C:9B44H         LINE#         120
  C:9B44H         LINE#         123
  C:9B46H         LINE#         124
  C:9B48H         LINE#         126
  C:9B4AH         LINE#         127
  C:9B4CH         LINE#         129
  C:9B4EH         LINE#         130
  C:9B50H         LINE#         132
  C:9B52H         LINE#         133
  C:9B56H         LINE#         135
  C:9B58H         LINE#         136
  C:9B5AH         LINE#         138
  C:9B5CH         LINE#         209
  -------         ENDPROC       _LCD_WRITEDATA
  C:9B5DH         SYMBOL        L?0215
  C:9B60H         SYMBOL        L?0216
  -------         PROC          L?0214
  -------         ENDPROC       L?0214
  C:9B5DH         SYMBOL        L?0215
  C:9B60H         SYMBOL        L?0216
  -------         PROC          _LCD_WRITEDATA_COLOR
  D:0004H         SYMBOL        color
  -------         DO            
  D:0007H         SYMBOL        datH
  D:0006H         SYMBOL        datL
  -------         ENDDO         
  C:9B65H         LINE#         211
  C:9B69H         LINE#         212
  C:9B69H         LINE#         215
  C:9B6BH         LINE#         216
  C:9B6DH         LINE#         218
  C:9B6FH         LINE#         219
  C:9B71H         LINE#         221
  C:9B73H         LINE#         222
  C:9B75H         LINE#         224
  C:9B77H         LINE#         225
  C:9B7BH         LINE#         227
  C:9B7DH         LINE#         228
  C:9B7FH         LINE#         230
  C:9B81H         LINE#         301
  -------         ENDPROC       _LCD_WRITEDATA_COLOR
  -------         PROC          _LCD_WRITECMDDATA
  D:0006H         SYMBOL        cmd
  D:0002H         SYMBOL        dat
  C:9C4BH         LINE#         303
  C:9C4FH         LINE#         304
  C:9C4FH         LINE#         305
  C:9C52H         LINE#         306
  -------         ENDPROC       _LCD_WRITECMDDATA
  -------         PROC          LCD_READDATA
  -------         DO            
  D:0006H         SYMBOL        ram
  -------         ENDDO         
  C:9BDCH         LINE#         311
  C:9BDCH         LINE#         312
  C:9BDCH         LINE#         315
BL51 BANKED LINKER/LOCATER V6.22                                                      05/26/2020  14:35:57  PAGE 16


  C:9BDFH         LINE#         316
  C:9BE2H         LINE#         319
  C:9BE4H         LINE#         320
  C:9BE6H         LINE#         321
  C:9BE8H         LINE#         322
  C:9BE9H         LINE#         323
  C:9BEBH         LINE#         324
  C:9BEDH         LINE#         325
  C:9BF1H         LINE#         326
  C:9BF3H         LINE#         327
  C:9BF5H         LINE#         399
  C:9BF5H         LINE#         400
  -------         ENDPROC       LCD_READDATA
  -------         PROC          _LCD_DISPLAY_DIR
  D:0007H         SYMBOL        dir
  C:9941H         LINE#         404
  C:9941H         LINE#         405
  C:9941H         LINE#         406
  C:9946H         LINE#         407
  C:9948H         LINE#         408
  C:9948H         LINE#         410
  C:9952H         LINE#         437
  C:995BH         LINE#         438
  C:9964H         LINE#         439
  C:9965H         LINE#         441
  C:9965H         LINE#         443
  C:996EH         LINE#         472
  C:9977H         LINE#         473
  C:9980H         LINE#         474
  C:9980H         LINE#         475
  -------         ENDPROC       _LCD_DISPLAY_DIR
  -------         PROC          TFTLCD_INIT
  -------         DO            
  D:0006H         SYMBOL        i
  -------         ENDDO         
  C:58AFH         LINE#         478
  C:58AFH         LINE#         479
  C:58AFH         LINE#         480
  C:58B1H         LINE#         481
  C:58B3H         LINE#         482
  C:58B8H         LINE#         484
  C:58BAH         LINE#         485
  C:58C1H         LINE#         487
  C:58C3H         LINE#         488
  C:58CAH         LINE#         491
  C:58D0H         LINE#         492
  C:58DBH         LINE#         519
  C:58ECH         LINE#         522
  C:58F1H         LINE#         523
  C:58F6H         LINE#         524
  C:58FBH         LINE#         525
  C:5900H         LINE#         526
  C:590DH         LINE#         527
  C:591AH         LINE#         528
  C:5928H         LINE#         529
  C:5936H         LINE#         530
  C:5944H         LINE#         531
BL51 BANKED LINKER/LOCATER V6.22                                                      05/26/2020  14:35:57  PAGE 17


  C:5952H         LINE#         532
  C:595FH         LINE#         534
  C:596DH         LINE#         536
  C:597BH         LINE#         537
  C:5988H         LINE#         538
  C:5996H         LINE#         539
  C:59A4H         LINE#         540
  C:59A9H         LINE#         542
  C:59AEH         LINE#         543
  C:59B3H         LINE#         544
  C:59B8H         LINE#         546
  C:59BDH         LINE#         547
  C:59C2H         LINE#         548
  C:59D0H         LINE#         549
  C:59DEH         LINE#         550
  C:59E3H         LINE#         551
  C:59E8H         LINE#         552
  C:59EDH         LINE#         553
  C:59F2H         LINE#         554
  C:59F7H         LINE#         555
  C:59FCH         LINE#         557
  C:5A0AH         LINE#         558
  C:5A18H         LINE#         559
  C:5A26H         LINE#         560
  C:5A2BH         LINE#         561
  C:5A30H         LINE#         563
  C:5A35H         LINE#         564
  C:5A43H         LINE#         566
  C:5A51H         LINE#         567
  C:5A5FH         LINE#         568
  C:5A6DH         LINE#         569
  C:5A7BH         LINE#         571
  C:5A89H         LINE#         572
  C:5A97H         LINE#         573
  C:5AA4H         LINE#         574
  C:5AB2H         LINE#         575
  C:5ABFH         LINE#         576
  C:5ACDH         LINE#         577
  C:5ADAH         LINE#         578
  C:5AE8H         LINE#         579
  C:5AF5H         LINE#         580
  C:5AFCH         LINE#         893
  C:5B01H         LINE#         894
  -------         ENDPROC       TFTLCD_INIT
  C:9251H         SYMBOL        L?0221
  -------         PROC          L?0220
  -------         ENDPROC       L?0220
  C:9251H         SYMBOL        L?0221
  -------         PROC          _LCD_SET_WINDOW
  X:0046H         SYMBOL        sx
  X:0048H         SYMBOL        sy
  D:0002H         SYMBOL        width
  X:004CH         SYMBOL        height
  -------         DO            
  X:004EH         SYMBOL        x
  X:0050H         SYMBOL        y
  D:0002H         SYMBOL        xy
BL51 BANKED LINKER/LOCATER V6.22                                                      05/26/2020  14:35:57  PAGE 18


  -------         ENDDO         
  C:9256H         LINE#         901
  C:9264H         LINE#         902
  C:9264H         LINE#         905
  C:927AH         LINE#         906
  C:9293H         LINE#         907
  C:929CH         LINE#         908
  C:92A2H         LINE#         909
  C:92A2H         LINE#         910
  C:92B3H         LINE#         911
  C:92B5H         LINE#         912
  C:92BCH         LINE#         913
  C:92BEH         LINE#         915
  C:92BEH         LINE#         916
  C:92D0H         LINE#         917
  C:92D2H         LINE#         918
  C:92DCH         LINE#         919
  C:92DCH         LINE#         920
  -------         ENDPROC       _LCD_SET_WINDOW
  -------         PROC          _LCD_READPOINT
  D:0002H         SYMBOL        x
  X:033FH         SYMBOL        y
  -------         DO            
  X:0341H         SYMBOL        r
  X:0343H         SYMBOL        g
  X:0345H         SYMBOL        b
  X:0347H         SYMBOL        dat
  -------         ENDDO         
  C:9769H         LINE#         1072
  C:9775H         LINE#         1073
  C:9775H         LINE#         1074
  C:9785H         LINE#         1075
  C:97ABH         LINE#         1076
  C:97C5H         LINE#         1122
  C:97CDH         LINE#         1123
  -------         ENDPROC       _LCD_READPOINT
  -------         PROC          _LCD_CLEAR
  X:0000H         SYMBOL        color
  -------         DO            
  D:0002H         SYMBOL        i
  X:0002H         SYMBOL        j
  -------         ENDDO         
  C:950FH         LINE#         1127
  C:9517H         LINE#         1128
  C:9517H         LINE#         1129
  C:951CH         LINE#         1131
  C:9546H         LINE#         1132
  C:9556H         LINE#         1133
  C:9556H         LINE#         1134
  C:9572H         LINE#         1135
  C:9572H         LINE#         1136
  C:9578H         LINE#         1137
  C:9588H         LINE#         1138
  C:958FH         LINE#         1139
  -------         ENDPROC       _LCD_CLEAR
  -------         PROC          _LCD_FILL
  X:003AH         SYMBOL        xState
BL51 BANKED LINKER/LOCATER V6.22                                                      05/26/2020  14:35:57  PAGE 19


  X:003CH         SYMBOL        yState
  X:003EH         SYMBOL        xEnd
  X:0040H         SYMBOL        yEnd
  X:0042H         SYMBOL        color
  -------         DO            
  X:0044H         SYMBOL        temp
  -------         ENDDO         
  C:8D47H         LINE#         1144
  C:8D5FH         LINE#         1145
  C:8D5FH         LINE#         1146
  C:8D66H         LINE#         1148
  C:8D88H         LINE#         1149
  C:8D88H         LINE#         1151
  C:8D88H         LINE#         1152
  C:8DA3H         LINE#         1153
  C:8DC4H         LINE#         1154
  C:8DE3H         LINE#         1156
  C:8DF1H         LINE#         1157
  C:8DF1H         LINE#         1158
  C:8E00H         LINE#         1159
  C:8E0EH         LINE#         1160
  C:8E0EH         LINE#         1161
  C:8E14H         LINE#         1162
  C:8E16H         LINE#         1163
  C:8E16H         LINE#         1164
  -------         ENDPROC       _LCD_FILL
  -------         PROC          _LCD_COLOR_FILL
  X:0219H         SYMBOL        sx
  X:021BH         SYMBOL        sy
  D:0002H         SYMBOL        ex
  X:021FH         SYMBOL        ey
  X:0221H         SYMBOL        color
  -------         DO            
  X:0224H         SYMBOL        height
  X:0226H         SYMBOL        width
  X:0228H         SYMBOL        i
  X:022AH         SYMBOL        j
  -------         ENDDO         
  C:860CH         LINE#         1169
  C:861AH         LINE#         1170
  C:861AH         LINE#         1173
  C:8635H         LINE#         1174
  C:8656H         LINE#         1175
  C:8673H         LINE#         1176
  C:868FH         LINE#         1177
  C:868FH         LINE#         1178
  C:86ACH         LINE#         1179
  C:86ACH         LINE#         1180
  C:86E2H         LINE#         1181
  C:86F2H         LINE#         1182
  C:8703H         LINE#         1183
  -------         ENDPROC       _LCD_COLOR_FILL
  C:9984H         SYMBOL        L?0212
  C:9985H         SYMBOL        L?0213
  -------         PROC          L?0211
  -------         ENDPROC       L?0211
  C:9984H         SYMBOL        L?0212
BL51 BANKED LINKER/LOCATER V6.22                                                      05/26/2020  14:35:57  PAGE 20


  C:9985H         SYMBOL        L?0213
  -------         PROC          _LCD_DRAWPOINT
  D:0002H         SYMBOL        x
  D:0082H         SYMBOL        y
  C:9997H         LINE#         1188
  C:999FH         LINE#         1189
  C:999FH         LINE#         1190
  C:99B6H         LINE#         1191
  -------         ENDPROC       _LCD_DRAWPOINT
  C:98B6H         SYMBOL        L?0219
  -------         PROC          L?0218
  -------         ENDPROC       L?0218
  C:98B6H         SYMBOL        L?0219
  -------         PROC          _LCD_DRAWFRONT_COLOR
  X:003DH         SYMBOL        x
  X:003FH         SYMBOL        y
  X:0041H         SYMBOL        color
  C:98BBH         LINE#         1197
  C:98D3H         LINE#         1198
  C:98D3H         LINE#         1199
  C:98F2H         LINE#         1200
  -------         ENDPROC       _LCD_DRAWFRONT_COLOR
  -------         PROC          _LCD_DRAWBIGPOINT
  X:039AH         SYMBOL        x
  X:039CH         SYMBOL        y
  X:039EH         SYMBOL        color
  C:968BH         LINE#         1205
  C:969FH         LINE#         1206
  C:969FH         LINE#         1207
  C:96A2H         LINE#         1208
  C:96BBH         LINE#         1209
  C:96D7H         LINE#         1210
  -------         ENDPROC       _LCD_DRAWBIGPOINT
  -------         PROC          _LCD_DRAWLINE
  X:0145H         SYMBOL        x1
  X:0147H         SYMBOL        y1
  D:0002H         SYMBOL        x2
  X:014BH         SYMBOL        y2
  -------         DO            
  X:014DH         SYMBOL        t
  X:014FH         SYMBOL        xerr
  X:0151H         SYMBOL        yerr
  X:0153H         SYMBOL        delta_x
  X:0155H         SYMBOL        delta_y
  X:0157H         SYMBOL        distance
  X:0159H         SYMBOL        incx
  X:015BH         SYMBOL        incy
  X:015DH         SYMBOL        uRow
  X:015FH         SYMBOL        uCol
  -------         ENDDO         
  C:6836H         LINE#         1216
  C:6844H         LINE#         1217
  C:6844H         LINE#         1218
  C:684BH         LINE#         1219
  C:6853H         LINE#         1221
  C:6868H         LINE#         1222
  C:6883H         LINE#         1223
BL51 BANKED LINKER/LOCATER V6.22                                                      05/26/2020  14:35:57  PAGE 21


  C:6892H         LINE#         1224
  C:6898H         LINE#         1225
  C:68B4H         LINE#         1226
  C:68C0H         LINE#         1227
  C:68D5H         LINE#         1228
  C:68F1H         LINE#         1229
  C:68FDH         LINE#         1230
  C:6912H         LINE#         1231
  C:6938H         LINE#         1232
  C:693DH         LINE#         1233
  C:6962H         LINE#         1234
  C:6962H         LINE#         1235
  C:6973H         LINE#         1236
  C:6987H         LINE#         1237
  C:699BH         LINE#         1238
  C:69B7H         LINE#         1239
  C:69B7H         LINE#         1240
  C:69C3H         LINE#         1241
  C:69D7H         LINE#         1242
  C:69D7H         LINE#         1243
  C:69F3H         LINE#         1244
  C:69F3H         LINE#         1245
  C:69FFH         LINE#         1246
  C:6A13H         LINE#         1247
  C:6A13H         LINE#         1248
  C:6A24H         LINE#         1249
  -------         ENDPROC       _LCD_DRAWLINE
  -------         PROC          _LCD_DRAWLINE_COLOR
  X:00EBH         SYMBOL        x1
  X:00EDH         SYMBOL        y1
  D:0002H         SYMBOL        x2
  X:00F1H         SYMBOL        y2
  X:00F3H         SYMBOL        color
  -------         DO            
  X:00F5H         SYMBOL        t
  X:00F7H         SYMBOL        xerr
  X:00F9H         SYMBOL        yerr
  X:00FBH         SYMBOL        delta_x
  X:00FDH         SYMBOL        delta_y
  X:00FFH         SYMBOL        distance
  X:0101H         SYMBOL        incx
  X:0103H         SYMBOL        incy
  X:0105H         SYMBOL        uRow
  X:0107H         SYMBOL        uCol
  -------         ENDDO         
  C:6A25H         LINE#         1251
  C:6A33H         LINE#         1252
  C:6A33H         LINE#         1254
  C:6A3EH         LINE#         1256
  C:6A53H         LINE#         1257
  C:6A6EH         LINE#         1258
  C:6A7DH         LINE#         1259
  C:6A83H         LINE#         1260
  C:6A9FH         LINE#         1261
  C:6AABH         LINE#         1262
  C:6AC0H         LINE#         1263
  C:6ADCH         LINE#         1264
BL51 BANKED LINKER/LOCATER V6.22                                                      05/26/2020  14:35:57  PAGE 22


  C:6AE8H         LINE#         1265
  C:6AFDH         LINE#         1266
  C:6B23H         LINE#         1267
  C:6B28H         LINE#         1268
  C:6B4DH         LINE#         1269
  C:6B4DH         LINE#         1270
  C:6B60H         LINE#         1271
  C:6B74H         LINE#         1272
  C:6B88H         LINE#         1273
  C:6BA4H         LINE#         1274
  C:6BA4H         LINE#         1275
  C:6BB0H         LINE#         1276
  C:6BC4H         LINE#         1277
  C:6BC4H         LINE#         1278
  C:6BE0H         LINE#         1279
  C:6BE0H         LINE#         1280
  C:6BECH         LINE#         1281
  C:6C00H         LINE#         1282
  C:6C00H         LINE#         1283
  C:6C11H         LINE#         1284
  -------         ENDPROC       _LCD_DRAWLINE_COLOR
  -------         PROC          _LCD_DROWSIGN
  X:03A0H         SYMBOL        x
  X:03A2H         SYMBOL        y
  X:03A4H         SYMBOL        color
  -------         DO            
  D:0003H         SYMBOL        i
  -------         ENDDO         
  C:8B9DH         LINE#         1291
  C:8BB5H         LINE#         1292
  C:8BB5H         LINE#         1296
  C:8BEFH         LINE#         1297
  C:8BF1H         LINE#         1298
  C:8BF1H         LINE#         1299
  C:8BF4H         LINE#         1300
  C:8BF9H         LINE#         1303
  C:8C33H         LINE#         1304
  C:8C35H         LINE#         1305
  C:8C35H         LINE#         1306
  C:8C38H         LINE#         1307
  C:8C3DH         LINE#         1310
  C:8C6AH         LINE#         1311
  C:8C6CH         LINE#         1312
  C:8C6CH         LINE#         1313
  C:8C6FH         LINE#         1314
  C:8C74H         LINE#         1315
  -------         ENDPROC       _LCD_DROWSIGN
  -------         PROC          _LCD_DRAWRECTANGLE
  X:037AH         SYMBOL        x1
  X:037CH         SYMBOL        y1
  X:037EH         SYMBOL        x2
  X:0380H         SYMBOL        y2
  C:9067H         LINE#         1319
  C:907DH         LINE#         1320
  C:907DH         LINE#         1321
  C:9099H         LINE#         1322
  C:90C0H         LINE#         1323
BL51 BANKED LINKER/LOCATER V6.22                                                      05/26/2020  14:35:57  PAGE 23


  C:90E8H         LINE#         1324
  -------         ENDPROC       _LCD_DRAWRECTANGLE
  -------         PROC          _LCD_DRAW_CIRCLE
  X:001AH         SYMBOL        x0
  X:001CH         SYMBOL        y0
  D:0003H         SYMBOL        r
  -------         DO            
  X:001EH         SYMBOL        a
  X:0020H         SYMBOL        b
  X:0022H         SYMBOL        di
  -------         ENDDO         
  C:6FDBH         LINE#         1329
  C:6FE9H         LINE#         1330
  C:6FE9H         LINE#         1333
  C:6FF8H         LINE#         1334
  C:700CH         LINE#         1335
  C:702BH         LINE#         1336
  C:702BH         LINE#         1337
  C:7039H         LINE#         1338
  C:7052H         LINE#         1339
  C:707DH         LINE#         1340
  C:70A8H         LINE#         1341
  C:70D4H         LINE#         1342
  C:7100H         LINE#         1343
  C:7117H         LINE#         1344
  C:7132H         LINE#         1345
  C:7140H         LINE#         1347
  C:7170H         LINE#         1349
  C:7170H         LINE#         1350
  C:71A1H         LINE#         1351
  C:71AFH         LINE#         1352
  C:71AFH         LINE#         1353
  C:71B2H         LINE#         1354
  -------         ENDPROC       _LCD_DRAW_CIRCLE
  -------         PROC          _LCD_SHOWCHAR
  X:0028H         SYMBOL        x
  X:002AH         SYMBOL        y
  X:002CH         SYMBOL        num
  X:002DH         SYMBOL        size
  X:002EH         SYMBOL        mode
  -------         DO            
  X:002FH         SYMBOL        temp
  X:0030H         SYMBOL        t1
  D:0001H         SYMBOL        t
  X:0031H         SYMBOL        y0
  X:0033H         SYMBOL        csize
  -------         ENDDO         
  C:79D8H         LINE#         1362
  C:79EDH         LINE#         1363
  C:79EDH         LINE#         1365
  C:79F5H         LINE#         1366
  C:7A1DH         LINE#         1367
  C:7A24H         LINE#         1368
  C:7A33H         LINE#         1369
  C:7A33H         LINE#         1370
  C:7A4DH         LINE#         1371
  C:7A63H         LINE#         1372
BL51 BANKED LINKER/LOCATER V6.22                                                      05/26/2020  14:35:57  PAGE 24


  C:7A90H         LINE#         1374
  C:7A95H         LINE#         1375
  C:7A95H         LINE#         1376
  C:7AAFH         LINE#         1377
  C:7AC9H         LINE#         1378
  C:7AD0H         LINE#         1379
  C:7ADEH         LINE#         1380
  C:7AF4H         LINE#         1381
  C:7B10H         LINE#         1382
  C:7B10H         LINE#         1383
  C:7B18H         LINE#         1384
  C:7B26H         LINE#         1385
  C:7B3CH         LINE#         1387
  C:7B3CH         LINE#         1388
  C:7B4BH         LINE#         1389
  C:7B4FH         LINE#         1390
  -------         ENDPROC       _LCD_SHOWCHAR
  -------         PROC          L?0222
  -------         ENDPROC       L?0222
  -------         PROC          _LCD_POW
  X:0028H         SYMBOL        m
  X:0029H         SYMBOL        n
  -------         DO            
  X:002AH         SYMBOL        result
  -------         ENDDO         
  C:97D5H         LINE#         1393
  C:97DDH         LINE#         1394
  C:97DDH         LINE#         1395
  C:97E5H         LINE#         1396
  C:980FH         LINE#         1397
  C:981DH         LINE#         1398
  -------         ENDPROC       _LCD_POW
  -------         PROC          _LCD_SHOWNUM
  X:02F4H         SYMBOL        x
  X:02F6H         SYMBOL        y
  X:02F8H         SYMBOL        num
  X:02FCH         SYMBOL        len
  X:02FDH         SYMBOL        size
  -------         DO            
  X:02FEH         SYMBOL        t
  X:02FFH         SYMBOL        temp
  X:0300H         SYMBOL        enshow
  -------         ENDDO         
  C:8AC1H         LINE#         1405
  C:8ACFH         LINE#         1406
  C:8ACFH         LINE#         1408
  C:8AD4H         LINE#         1409
  C:8AE9H         LINE#         1410
  C:8AE9H         LINE#         1411
  C:8B13H         LINE#         1412
  C:8B26H         LINE#         1413
  C:8B26H         LINE#         1414
  C:8B2AH         LINE#         1415
  C:8B2AH         LINE#         1416
  C:8B54H         LINE#         1417
  C:8B56H         LINE#         1418
  C:8B5CH         LINE#         1420
BL51 BANKED LINKER/LOCATER V6.22                                                      05/26/2020  14:35:57  PAGE 25


  C:8B5CH         LINE#         1421
  C:8B93H         LINE#         1422
  C:8B9CH         LINE#         1423
  -------         ENDPROC       _LCD_SHOWNUM
  -------         PROC          _LCD_SHOWXNUM
  X:001AH         SYMBOL        x
  X:001CH         SYMBOL        y
  X:001EH         SYMBOL        num
  X:0022H         SYMBOL        len
  X:0023H         SYMBOL        size
  X:0024H         SYMBOL        mode
  -------         DO            
  X:0025H         SYMBOL        t
  X:0026H         SYMBOL        temp
  X:0027H         SYMBOL        enshow
  -------         ENDDO         
  C:82C3H         LINE#         1434
  C:82D1H         LINE#         1435
  C:82D1H         LINE#         1437
  C:82D6H         LINE#         1438
  C:82EBH         LINE#         1439
  C:82EBH         LINE#         1440
  C:8315H         LINE#         1441
  C:832BH         LINE#         1442
  C:832BH         LINE#         1443
  C:832FH         LINE#         1444
  C:832FH         LINE#         1445
  C:8365H         LINE#         1446
  C:839AH         LINE#         1447
  C:839CH         LINE#         1448
  C:83A2H         LINE#         1450
  C:83A2H         LINE#         1451
  C:83E2H         LINE#         1452
  C:83EBH         LINE#         1453
  -------         ENDPROC       _LCD_SHOWXNUM
  -------         PROC          _LCD_SHOWSTRING
  X:0000H         SYMBOL        x
  X:0002H         SYMBOL        y
  X:0004H         SYMBOL        width
  X:0006H         SYMBOL        height
  X:0008H         SYMBOL        size
  X:0009H         SYMBOL        p
  -------         DO            
  X:000CH         SYMBOL        x0
  -------         ENDDO         
  C:89DCH         LINE#         1459
  C:89F0H         LINE#         1460
  C:89F0H         LINE#         1461
  C:89FCH         LINE#         1462
  C:8A08H         LINE#         1463
  C:8A1CH         LINE#         1464
  C:8A3CH         LINE#         1465
  C:8A3CH         LINE#         1466
  C:8A6FH         LINE#         1467
  C:8A85H         LINE#         1468
  C:8A9FH         LINE#         1469
  C:8AB3H         LINE#         1470
BL51 BANKED LINKER/LOCATER V6.22                                                      05/26/2020  14:35:57  PAGE 26


  C:8ABDH         LINE#         1471
  C:8AC0H         LINE#         1472
  -------         ENDPROC       _LCD_SHOWSTRING
  -------         PROC          _LCD_SHOWFONTHZ
  X:0349H         SYMBOL        x
  X:034BH         SYMBOL        y
  X:034DH         SYMBOL        cn
  -------         DO            
  D:0003H         SYMBOL        i
  D:0002H         SYMBOL        j
  X:0350H         SYMBOL        wordNum
  X:0351H         SYMBOL        color
  -------         ENDDO         
  C:8198H         LINE#         1485
  C:81AFH         LINE#         1486
  C:81AFH         LINE#         1489
  C:81C2H         LINE#         1490
  C:81C2H         LINE#         1491
  C:81F8H         LINE#         1492
  C:820AH         LINE#         1493
  C:820AH         LINE#         1494
  C:824BH         LINE#         1496
  C:824BH         LINE#         1498
  C:824CH         LINE#         1499
  C:824CH         LINE#         1500
  C:8273H         LINE#         1501
  C:8275H         LINE#         1502
  C:8275H         LINE#         1503
  C:827CH         LINE#         1504
  C:827CH         LINE#         1505
  C:827FH         LINE#         1506
  C:8281H         LINE#         1508
  C:8281H         LINE#         1509
  C:8287H         LINE#         1510
  C:8287H         LINE#         1511
  C:8294H         LINE#         1512
  C:8299H         LINE#         1513
  C:829EH         LINE#         1514
  C:829EH         LINE#         1515
  C:82A7H         LINE#         1516
  C:82B1H         LINE#         1517
  C:82BFH         LINE#         1518
  C:82C2H         LINE#         1519
  -------         ENDPROC       _LCD_SHOWFONTHZ
  -------         PROC          _LCD_SHOWPICTURE
  X:01F1H         SYMBOL        x
  X:01F3H         SYMBOL        y
  X:01F5H         SYMBOL        wide
  X:01F7H         SYMBOL        high
  X:01F9H         SYMBOL        pic
  -------         DO            
  X:01FCH         SYMBOL        temp
  X:01FEH         SYMBOL        tmp
  X:0202H         SYMBOL        num
  -------         ENDDO         
  C:806BH         LINE#         1573
  C:807FH         LINE#         1574
BL51 BANKED LINKER/LOCATER V6.22                                                      05/26/2020  14:35:57  PAGE 27


  C:807FH         LINE#         1575
  C:8086H         LINE#         1576
  C:8098H         LINE#         1577
  C:80DFH         LINE#         1578
  C:8102H         LINE#         1580
  C:8102H         LINE#         1581
  C:812FH         LINE#         1582
  C:8138H         LINE#         1583
  C:8152H         LINE#         1584
  C:8155H         LINE#         1585
  C:8172H         LINE#         1586
  C:8172H         LINE#         1587
  C:8197H         LINE#         1588
  -------         ENDPROC       _LCD_SHOWPICTURE
  -------         ENDMOD        TFTLCD

  -------         MODULE        TOUCH
  C:0000H         SYMBOL        _ICE_DUMMY_
  D:00A0H         PUBLIC        P2
  D:00B0H         PUBLIC        P3
  D:00A8H         PUBLIC        IE
  D:00B8H         PUBLIC        IP
  B:00A0H.0       PUBLIC        TOUCH_DOUT
  D:00D8H         PUBLIC        CCON
  X:0301H         PUBLIC        xpt_xy
  C:9A74H         PUBLIC        TOUCH_SPI_Read
  D:0098H         PUBLIC        SCON
  D:0088H         PUBLIC        TCON
  C:76DCH         PUBLIC        _TOUCH_XPT_ReadData
  B:00A0H.1       PUBLIC        TOUCH_CLK
  C:9BBFH         PUBLIC        _TOUCH_SPI_Write
  B:00A0H.2       PUBLIC        TOUCH_DIN
  C:9C6FH         PUBLIC        TOUCH_SPI_Start
  C:7F2BH         PUBLIC        TOUCH_Scan
  C:83ECH         PUBLIC        TOUCH_XPT_ReadXY
  D:00D0H         PUBLIC        PSW
  B:00A0H.3       PUBLIC        TOUCH_CS
  -------         PROC          TOUCH_SPI_START
  C:9C6FH         LINE#         9
  C:9C6FH         LINE#         10
  C:9C6FH         LINE#         11
  C:9C71H         LINE#         12
  C:9C73H         LINE#         13
  C:9C75H         LINE#         14
  C:9C77H         LINE#         15
  C:9C79H         LINE#         16
  -------         ENDPROC       TOUCH_SPI_START
  -------         PROC          _TOUCH_SPI_WRITE
  D:0007H         SYMBOL        dat
  -------         DO            
  D:0006H         SYMBOL        i
  -------         ENDDO         
  C:9BBFH         LINE#         18
  C:9BBFH         LINE#         19
  C:9BBFH         LINE#         21
  C:9BC1H         LINE#         22
  C:9BC3H         LINE#         23
BL51 BANKED LINKER/LOCATER V6.22                                                      05/26/2020  14:35:57  PAGE 28


  C:9BC3H         LINE#         24
  C:9BCEH         LINE#         25
  C:9BD2H         LINE#         26
  C:9BD4H         LINE#         28
  C:9BD6H         LINE#         30
  C:9BDBH         LINE#         31
  -------         ENDPROC       _TOUCH_SPI_WRITE
  -------         PROC          TOUCH_SPI_READ
  -------         DO            
  D:0004H         SYMBOL        i
  X:03BDH         SYMBOL        dat
  -------         ENDDO         
  C:9A74H         LINE#         33
  C:9A74H         LINE#         34
  C:9A74H         LINE#         35
  C:9A7BH         LINE#         36
  C:9A7DH         LINE#         37
  C:9A7FH         LINE#         38
  C:9A7FH         LINE#         39
  C:9A8CH         LINE#         41
  C:9A8EH         LINE#         42
  C:9A90H         LINE#         44
  C:9A9BH         LINE#         46
  C:9AA6H         LINE#         47
  C:9AAEH         LINE#         48
  -------         ENDPROC       TOUCH_SPI_READ
  -------         PROC          L?0046
  -------         ENDPROC       L?0046
  -------         PROC          _TOUCH_XPT_READDATA
  D:0003H         SYMBOL        cmd
  -------         DO            
  X:0161H         SYMBOL        i
  X:0162H         SYMBOL        j
  X:0163H         SYMBOL        readValue
  X:0177H         SYMBOL        endValue
  -------         ENDDO         
  C:76DCH         LINE#         52
  C:76DEH         LINE#         53
  C:76DEH         LINE#         58
  C:76E0H         LINE#         59
  C:76E2H         LINE#         61
  C:76E7H         LINE#         62
  C:76E7H         LINE#         63
  C:76ECH         LINE#         65
  C:76FBH         LINE#         66
  C:76FDH         LINE#         67
  C:76FEH         LINE#         68
  C:76FFH         LINE#         69
  C:7701H         LINE#         70
  C:7702H         LINE#         71
  C:7703H         LINE#         73
  C:771AH         LINE#         74
  C:7726H         LINE#         75
  C:7728H         LINE#         79
  C:773AH         LINE#         80
  C:773AH         LINE#         81
  C:774BH         LINE#         82
BL51 BANKED LINKER/LOCATER V6.22                                                      05/26/2020  14:35:57  PAGE 29


  C:774BH         LINE#         83
  C:7776H         LINE#         84
  C:7776H         LINE#         85
  C:7790H         LINE#         86
  C:77B6H         LINE#         87
  C:77D1H         LINE#         88
  C:77D1H         LINE#         89
  C:77DAH         LINE#         90
  C:77E3H         LINE#         95
  C:77EDH         LINE#         96
  C:77F3H         LINE#         97
  C:77F3H         LINE#         98
  C:782AH         LINE#         99
  C:7834H         LINE#         100
  C:7851H         LINE#         102
  C:785BH         LINE#         103
  -------         ENDPROC       _TOUCH_XPT_READDATA
  -------         PROC          TOUCH_XPT_READXY
  -------         DO            
  X:0353H         SYMBOL        x1
  X:0355H         SYMBOL        x2
  X:0357H         SYMBOL        x
  X:0359H         SYMBOL        y1
  D:0004H         SYMBOL        y2
  X:035BH         SYMBOL        y
  -------         ENDDO         
  C:83ECH         LINE#         107
  C:83ECH         LINE#         108
  C:83ECH         LINE#         111
  C:83EFH         LINE#         113
  C:83F7H         LINE#         114
  C:8402H         LINE#         115
  C:840AH         LINE#         116
  C:8411H         LINE#         120
  C:8427H         LINE#         121
  C:8427H         LINE#         122
  C:842FH         LINE#         123
  C:8431H         LINE#         125
  C:8431H         LINE#         126
  C:844CH         LINE#         127
  C:844CH         LINE#         130
  C:845AH         LINE#         131
  C:845AH         LINE#         132
  C:845FH         LINE#         133
  C:8461H         LINE#         135
  C:8461H         LINE#         136
  C:8474H         LINE#         137
  C:8474H         LINE#         140
  C:8491H         LINE#         141
  C:8491H         LINE#         142
  C:8494H         LINE#         143
  C:8494H         LINE#         146
  C:84B5H         LINE#         147
  C:84CEH         LINE#         149
  C:84D5H         LINE#         150
  C:84DCH         LINE#         153
  C:84FAH         LINE#         154
BL51 BANKED LINKER/LOCATER V6.22                                                      05/26/2020  14:35:57  PAGE 30


  C:84FAH         LINE#         155
  C:84FDH         LINE#         156
  C:84FDH         LINE#         158
  C:84FFH         LINE#         159
  -------         ENDPROC       TOUCH_XPT_READXY
  -------         PROC          TOUCH_SCAN
  -------         DO            
  X:03ACH         SYMBOL        res
  X:03ADH         SYMBOL        temp
  -------         ENDDO         
  C:7F2BH         LINE#         163
  C:7F2BH         LINE#         164
  C:7F2BH         LINE#         165
  C:7F30H         LINE#         168
  C:7F39H         LINE#         169
  C:7F39H         LINE#         172
  C:7F42H         LINE#         173
  C:7F42H         LINE#         175
  C:7F53H         LINE#         176
  C:7F88H         LINE#         177
  C:7F99H         LINE#         178
  C:7FC3H         LINE#         216
  C:7FC6H         LINE#         218
  C:7FC6H         LINE#         220
  C:7FDDH         LINE#         221
  C:8012H         LINE#         222
  C:8023H         LINE#         223
  C:8058H         LINE#         261
  C:8058H         LINE#         278
  C:805EH         LINE#         279
  C:805EH         LINE#         280
  C:8060H         LINE#         282
  C:8065H         LINE#         283
  C:806AH         LINE#         284
  -------         ENDPROC       TOUCH_SCAN
  -------         ENDMOD        TOUCH

  -------         MODULE        TIME
  C:0000H         SYMBOL        _ICE_DUMMY_
  D:00B0H         PUBLIC        P3
  B:00A8H.7       PUBLIC        EA
  B:00B0H.1       PUBLIC        LED1
  D:00A8H         PUBLIC        IE
  X:03B2H         PUBLIC        t_sec
  X:03B3H         PUBLIC        t_hour
  D:00B8H         PUBLIC        IP
  X:03B4H         PUBLIC        t_min
  D:00D8H         PUBLIC        CCON
  X:03B5H         PUBLIC        t_secflag
  C:981EH         PUBLIC        Timer0
  D:0098H         PUBLIC        SCON
  D:0089H         PUBLIC        TMOD
  D:0088H         PUBLIC        TCON
  B:00A8H.1       PUBLIC        ET0
  C:9C1FH         PUBLIC        Timer0Init
  D:008CH         PUBLIC        TH0
  D:008AH         PUBLIC        TL0
BL51 BANKED LINKER/LOCATER V6.22                                                      05/26/2020  14:35:57  PAGE 31


  B:0088H.4       PUBLIC        TR0
  D:00D0H         PUBLIC        PSW
  -------         PROC          TIMER0INIT
  C:9C1FH         LINE#         16
  C:9C1FH         LINE#         17
  C:9C1FH         LINE#         18
  C:9C22H         LINE#         20
  C:9C25H         LINE#         21
  C:9C28H         LINE#         22
  C:9C2AH         LINE#         23
  C:9C2CH         LINE#         24
  C:9C2EH         LINE#         25
  -------         ENDPROC       TIMER0INIT
  -------         PROC          TIMER0
  -------         DO            
  X:03B1H         SYMBOL        i
  -------         ENDDO         
  C:981EH         LINE#         33
  C:9826H         LINE#         36
  C:9829H         LINE#         37
  C:982CH         LINE#         38
  C:9832H         LINE#         39
  C:9837H         LINE#         40
  C:9837H         LINE#         41
  C:9838H         LINE#         42
  C:983DH         LINE#         43
  C:9843H         LINE#         44
  C:9845H         LINE#         45
  C:9849H         LINE#         46
  C:9849H         LINE#         47
  C:984BH         LINE#         48
  C:9851H         LINE#         49
  C:9855H         LINE#         50
  C:9855H         LINE#         51
  C:9857H         LINE#         52
  C:985DH         LINE#         53
  C:9863H         LINE#         54
  C:9863H         LINE#         55
  C:9863H         LINE#         56
  C:9863H         LINE#         57
  -------         ENDPROC       TIMER0
  -------         ENDMOD        TIME

  -------         MODULE        GUI
  C:0000H         SYMBOL        _ICE_DUMMY_
  C:986CH         PUBLIC        _gui_pow
  D:00A0H         PUBLIC        P2
  D:00B0H         PUBLIC        P3
  C:9111H         PUBLIC        _gui_num2str
  C:5FBBH         PUBLIC        _gui_show_ptstr
  D:00A8H         PUBLIC        IE
  C:785CH         PUBLIC        _gui_get_stringline
  D:00B8H         PUBLIC        IP
  C:87FBH         PUBLIC        _gui_draw_bigpoint
  C:738AH         PUBLIC        _gui_show_num
  C:96FEH         PUBLIC        _gui_disabs
  C:5B0CH         PUBLIC        _gui_fill_ellipse
BL51 BANKED LINKER/LOCATER V6.22                                                      05/26/2020  14:35:57  PAGE 32


  D:00D8H         PUBLIC        CCON
  C:5032H         PUBLIC        _gui_fill_circle
  C:4864H         PUBLIC        _gui_draw_ellipse
  C:3D2EH         PUBLIC        _gui_draw_arcrectangle
  D:0098H         PUBLIC        SCON
  C:8704H         PUBLIC        _gui_alphablend_area
  D:0088H         PUBLIC        TCON
  C:88EFH         PUBLIC        _gui_alpha_blend565
  C:99C1H         PUBLIC        _gui_rgb332torgb565
  C:7B50H         PUBLIC        _gui_show_strmidex
  C:8FDEH         PUBLIC        _gui_draw_expoint
  C:6427H         PUBLIC        _gui_show_stringex
  C:5643H         PUBLIC        _gui_draw_bline
  C:6C12H         PUBLIC        _gui_smooth_color
  C:9610H         PUBLIC        _gui_draw_hline
  C:5D6DH         PUBLIC        _gui_show_ptchar
  C:91D0H         PUBLIC        _gui_draw_vline
  C:9590H         PUBLIC        _gui_color_chg
  C:7C9CH         PUBLIC        _gui_show_strmid
  C:7DE4H         PUBLIC        _gui_fill_colorblock
  C:6643H         PUBLIC        _gui_draw_line
  C:99FDH         PUBLIC        _gui_draw_point
  C:8EDFH         PUBLIC        _gui_num2strex
  C:53F5H         PUBLIC        _gui_draw_circle8
  C:6201H         PUBLIC        _gui_show_string
  C:9412H         PUBLIC        _gui_fill_rectangle
  C:71CFH         PUBLIC        _gui_draw_arc
  C:8500H         PUBLIC        _gui_draw_smooth_rectangle
  C:8E17H         PUBLIC        _gui_draw_rectangle
  C:4C68H         PUBLIC        _gui_draw_bline1
  D:00D0H         PUBLIC        PSW
  C:8C75H         PUBLIC        _gui_show_ptstrwhiterim
  -------         PROC          _GUI_COLOR_CHG
  X:0382H         SYMBOL        rgb
  -------         DO            
  X:0386H         SYMBOL        r
  X:0388H         SYMBOL        g
  D:0004H         SYMBOL        b
  -------         ENDDO         
  C:9590H         LINE#         15
  C:9596H         LINE#         16
  C:9596H         LINE#         18
  C:95AFH         LINE#         19
  C:95CEH         LINE#         20
  C:95E9H         LINE#         21
  C:960FH         LINE#         22
  -------         ENDPROC       _GUI_COLOR_CHG
  -------         PROC          _GUI_RGB332TORGB565
  D:0004H         SYMBOL        rgb332
  -------         DO            
  D:0002H         SYMBOL        rgb565
  -------         ENDDO         
  C:99C1H         LINE#         26
  C:99C5H         LINE#         27
  C:99C5H         LINE#         28
  C:99C9H         LINE#         29
  C:99DEH         LINE#         30
BL51 BANKED LINKER/LOCATER V6.22                                                      05/26/2020  14:35:57  PAGE 33


  C:99F3H         LINE#         31
  C:99F9H         LINE#         32
  C:99FCH         LINE#         33
  -------         ENDPROC       _GUI_RGB332TORGB565
  -------         PROC          _GUI_POW
  X:03A6H         SYMBOL        m
  X:03A7H         SYMBOL        n
  -------         DO            
  X:03A8H         SYMBOL        result
  -------         ENDDO         
  C:986CH         LINE#         35
  C:9874H         LINE#         36
  C:9874H         LINE#         37
  C:987CH         LINE#         38
  C:98A6H         LINE#         39
  C:98B4H         LINE#         40
  -------         ENDPROC       _GUI_POW
  -------         PROC          _GUI_DISABS
  X:038AH         SYMBOL        x1
  X:038EH         SYMBOL        x2
  C:96FEH         LINE#         42
  C:9704H         LINE#         43
  C:9704H         LINE#         44
  C:9768H         LINE#         45
  -------         ENDPROC       _GUI_DISABS
  -------         PROC          _GUI_DRAW_POINT
  X:03B6H         SYMBOL        x0
  D:0004H         SYMBOL        y0
[...]
  C:91A0H         LINE#         687
  C:91AFH         LINE#         688
  C:91BAH         LINE#         689
  -------         ENDPROC       _GUI_NUM2STR
  -------         PROC          _GUI_NUM2STREX
  X:031BH         SYMBOL        n
  X:031DH         SYMBOL        str
  -------         DO            
  D:0003H         SYMBOL        i
  X:0320H         SYMBOL        j
  X:0321H         SYMBOL        k
  X:0322H         SYMBOL        s
  -------         ENDDO         
  C:8EDFH         LINE#         694
  C:8EF0H         LINE#         695
  C:8EF0H         LINE#         696
  C:8EF6H         LINE#         700
  C:8EF6H         LINE#         701
  C:8F1EH         LINE#         702
  C:8F1EH         LINE#         703
  C:8F3FH         LINE#         704
  C:8F53H         LINE#         705
  C:8F8BH         LINE#         706
BL51 BANKED LINKER/LOCATER V6.22                                                      05/26/2020  14:35:57  PAGE 48


  -------         ENDPROC       _GUI_NUM2STREX
  -------         PROC          _GUI_SHOW_PTSTR
  X:023FH         SYMBOL        x
  X:0241H         SYMBOL        y
  X:0243H         SYMBOL        xend
  X:0245H         SYMBOL        yend
  X:0247H         SYMBOL        offset
  X:0249H         SYMBOL        color
  X:024BH         SYMBOL        size
  X:024CH         SYMBOL        str
  X:024FH         SYMBOL        mode
  -------         DO            
  X:0250H         SYMBOL        bHz
  X:0251H         SYMBOL        EnDisp
  -------         ENDDO         
  C:5FBBH         LINE#         717
  C:5FCFH         LINE#         718
  C:5FCFH         LINE#         719
  C:5FD4H         LINE#         720
  C:5FD6H         LINE#         721
  C:5FEAH         LINE#         722
  C:5FEAH         LINE#         723
  C:5FF3H         LINE#         724
  C:5FF3H         LINE#         725
  C:5FFEH         LINE#         727
  C:5FFEH         LINE#         728
  C:6004H         LINE#         729
  C:6004H         LINE#         730
  C:601BH         LINE#         731
  C:601BH         LINE#         732
  C:6028H         LINE#         733
  C:602AH         LINE#         734
  C:602AH         LINE#         735
  C:6041H         LINE#         736
  C:6047H         LINE#         737
  C:6047H         LINE#         738
  C:6047H         LINE#         739
  C:6052H         LINE#         740
  C:6052H         LINE#         741
  C:60BAH         LINE#         742
  C:60EDH         LINE#         743
  C:60F5H         LINE#         744
  C:6100H         LINE#         745
  C:6100H         LINE#         746
  C:610DH         LINE#         747
  C:6114H         LINE#         748
  C:6114H         LINE#         749
  C:6114H         LINE#         750
  C:612CH         LINE#         751
  C:6133H         LINE#         752
  C:6133H         LINE#         753
  C:6136H         LINE#         754
  C:6136H         LINE#         755
  C:613BH         LINE#         756
  C:613FH         LINE#         757
  C:613FH         LINE#         758
  C:6154H         LINE#         759
BL51 BANKED LINKER/LOCATER V6.22                                                      05/26/2020  14:35:57  PAGE 49


  C:6154H         LINE#         760
  C:6161H         LINE#         761
  C:6163H         LINE#         762
  C:6163H         LINE#         763
  C:617AH         LINE#         764
  C:6180H         LINE#         765
  C:6180H         LINE#         766
  C:6180H         LINE#         767
  C:6186H         LINE#         768
  C:6186H         LINE#         770
  C:61B7H         LINE#         771
  C:61BFH         LINE#         772
  C:61CAH         LINE#         773
  C:61CAH         LINE#         774
  C:61D7H         LINE#         775
  C:61DEH         LINE#         776
  C:61DEH         LINE#         777
  C:61DEH         LINE#         778
  C:61F3H         LINE#         779
  C:61FDH         LINE#         780
  C:61FDH         LINE#         781
  C:6200H         LINE#         782
  -------         ENDPROC       _GUI_SHOW_PTSTR
  -------         PROC          _GUI_SHOW_PTSTRWHITERIM
  X:0276H         SYMBOL        x
  X:0278H         SYMBOL        y
  X:027AH         SYMBOL        xend
  X:027CH         SYMBOL        yend
  X:027EH         SYMBOL        offset
  X:0280H         SYMBOL        color
  X:0282H         SYMBOL        rimcolor
  X:0284H         SYMBOL        size
  X:0285H         SYMBOL        str
  C:8C75H         LINE#         792
  C:8C89H         LINE#         793
  C:8C89H         LINE#         794
  C:8CE0H         LINE#         795
  -------         ENDPROC       _GUI_SHOW_PTSTRWHITERIM
  -------         PROC          _GUI_GET_STRINGLINE
  X:0328H         SYMBOL        str
  X:032BH         SYMBOL        linelenth
  X:032DH         SYMBOL        font
  -------         DO            
  X:032EH         SYMBOL        xpos
  X:0330H         SYMBOL        lincnt
  -------         ENDDO         
  C:785CH         LINE#         803
  C:786FH         LINE#         804
  C:786FH         LINE#         805
  C:7876H         LINE#         806
  C:787EH         LINE#         807
  C:7894H         LINE#         808
  C:78C4H         LINE#         809
  C:78C4H         LINE#         810
  C:78E4H         LINE#         811
  C:78E4H         LINE#         812
  C:78F3H         LINE#         813
BL51 BANKED LINKER/LOCATER V6.22                                                      05/26/2020  14:35:57  PAGE 50


  C:78FAH         LINE#         814
  C:7919H         LINE#         815
  C:7920H         LINE#         816
  C:7936H         LINE#         817
  C:7936H         LINE#         818
  C:7949H         LINE#         819
  C:7953H         LINE#         820
  C:796BH         LINE#         821
  C:796BH         LINE#         822
  C:796BH         LINE#         823
  C:796BH         LINE#         824
  C:796BH         LINE#         825
  C:796DH         LINE#         826
  C:796DH         LINE#         827
  C:7982H         LINE#         828
  C:798CH         LINE#         829
  C:79A4H         LINE#         830
  C:79A4H         LINE#         831
  C:79A9H         LINE#         832
  C:79C6H         LINE#         833
  C:79C6H         LINE#         834
  C:79C6H         LINE#         835
  C:79C9H         LINE#         836
  C:79D7H         LINE#         837
  -------         ENDPROC       _GUI_GET_STRINGLINE
  -------         PROC          _GUI_SHOW_STRING
  X:01DBH         SYMBOL        str
  X:01DEH         SYMBOL        x
  X:01E0H         SYMBOL        y
  X:01E2H         SYMBOL        width
  X:01E4H         SYMBOL        height
  X:01E6H         SYMBOL        font
  X:01E7H         SYMBOL        fcolor
  -------         DO            
  X:01E9H         SYMBOL        xpos
  X:01EBH         SYMBOL        ypos
  X:01EDH         SYMBOL        endx
  X:01EFH         SYMBOL        endy
  -------         ENDDO         
  C:6201H         LINE#         844
  C:6212H         LINE#         845
  C:6212H         LINE#         846
  C:6222H         LINE#         847
  C:6232H         LINE#         848
  C:624CH         LINE#         849
  C:6266H         LINE#         850
  C:627EH         LINE#         851
  C:6291H         LINE#         852
  C:6291H         LINE#         853
  C:62A5H         LINE#         854
  C:62A5H         LINE#         855
  C:62B4H         LINE#         856
  C:62BBH         LINE#         857
  C:62CAH         LINE#         858
  C:62DCH         LINE#         859
  C:62F0H         LINE#         860
  C:62F0H         LINE#         861
BL51 BANKED LINKER/LOCATER V6.22                                                      05/26/2020  14:35:57  PAGE 51


  C:6318H         LINE#         862
  C:6318H         LINE#         863
  C:6327H         LINE#         864
  C:6333H         LINE#         865
  C:6333H         LINE#         867
  C:6345H         LINE#         868
  C:634CH         LINE#         870
  C:634FH         LINE#         871
  C:634FH         LINE#         872
  C:6379H         LINE#         873
  C:6379H         LINE#         874
  C:6388H         LINE#         875
  C:6395H         LINE#         876
  C:6395H         LINE#         877
  C:63EFH         LINE#         878
  C:6403H         LINE#         879
  C:640DH         LINE#         880
  C:640DH         LINE#         881
  C:6426H         LINE#         883
  -------         ENDPROC       _GUI_SHOW_STRING
  -------         PROC          _GUI_SHOW_STRINGEX
  X:01C4H         SYMBOL        x
  X:01C6H         SYMBOL        y
  D:0002H         SYMBOL        width
  X:01CAH         SYMBOL        height
  X:01CCH         SYMBOL        fcolor
  X:01CEH         SYMBOL        font
  X:01CFH         SYMBOL        str
  X:01D2H         SYMBOL        mode
  -------         DO            
  X:01D3H         SYMBOL        xpos
  X:01D5H         SYMBOL        ypos
  X:01D7H         SYMBOL        endx
  X:01D9H         SYMBOL        endy
  -------         ENDDO         
  C:6427H         LINE#         891
  C:6435H         LINE#         892
  C:6435H         LINE#         893
  C:6445H         LINE#         894
  C:6454H         LINE#         895
  C:6464H         LINE#         896
  C:6484H         LINE#         897
  C:6496H         LINE#         898
  C:64A9H         LINE#         899
  C:64A9H         LINE#         900
  C:64BDH         LINE#         901
  C:64BDH         LINE#         902
  C:64CCH         LINE#         903
  C:64D3H         LINE#         904
  C:64E2H         LINE#         905
  C:64F4H         LINE#         906
  C:6508H         LINE#         907
  C:6508H         LINE#         908
  C:6530H         LINE#         909
  C:6530H         LINE#         910
  C:653FH         LINE#         911
  C:654BH         LINE#         912
BL51 BANKED LINKER/LOCATER V6.22                                                      05/26/2020  14:35:57  PAGE 52


  C:654BH         LINE#         914
  C:655DH         LINE#         915
  C:6564H         LINE#         917
  C:6567H         LINE#         918
  C:6567H         LINE#         919
  C:6591H         LINE#         920
  C:6591H         LINE#         921
  C:65A0H         LINE#         922
  C:65ADH         LINE#         923
  C:65ADH         LINE#         924
  C:660BH         LINE#         925
  C:661FH         LINE#         926
  C:6629H         LINE#         927
  C:6629H         LINE#         928
  C:6642H         LINE#         930
  -------         ENDPROC       _GUI_SHOW_STRINGEX
  -------         ENDMOD        GUI

  -------         MODULE        ?C?FPADD
  C:2AD0H         PUBLIC        ?C?FPADD
  C:2ACCH         PUBLIC        ?C?FPSUB
  -------         ENDMOD        ?C?FPADD

  -------         MODULE        ?C?FPMUL
  C:2BC1H         PUBLIC        ?C?FPMUL
  -------         ENDMOD        ?C?FPMUL

  -------         MODULE        ?C?FPDIV
  C:2CCAH         PUBLIC        ?C?FPDIV
  -------         ENDMOD        ?C?FPDIV

  -------         MODULE        ?C?FCAST
  C:2D71H         PUBLIC        ?C?FCASTC
  C:2D6CH         PUBLIC        ?C?FCASTI
  C:2D67H         PUBLIC        ?C?FCASTL
  -------         ENDMOD        ?C?FCAST

  -------         MODULE        ?C?CASTF
  C:2DA5H         PUBLIC        ?C?CASTF
  -------         ENDMOD        ?C?CASTF

  -------         MODULE        PRINTF
  X:0000H         PUBLIC        ?_PRINTF?BYTE
  X:0000H         PUBLIC        ?_SPRINTF?BYTE
  C:444CH         PUBLIC        _PRINTF
  C:4446H         PUBLIC        _SPRINTF
  -------         ENDMOD        PRINTF

  -------         MODULE        SIN
  C:7595H         PUBLIC        _COS
  C:75ABH         PUBLIC        _SIN
  C:75E7H         PUBLIC        _TAN
  -------         ENDMOD        SIN

  -------         MODULE        ?C?FPROUND
  C:2E26H         PUBLIC        ?C?FPROUND
  -------         ENDMOD        ?C?FPROUND
BL51 BANKED LINKER/LOCATER V6.22                                                      05/26/2020  14:35:57  PAGE 53



  -------         MODULE        ?C?FPCONVERT
  C:2E63H         PUBLIC        ?C?FPCONVERT
  -------         ENDMOD        ?C?FPCONVERT

  -------         MODULE        ?C?FTNPWR
  C:2FE5H         PUBLIC        ?C?FTNPWR
  -------         ENDMOD        ?C?FTNPWR

  -------         MODULE        ?C?CLDPTR
  C:3025H         PUBLIC        ?C?CLDPTR
  -------         ENDMOD        ?C?CLDPTR

  -------         MODULE        ?C?CLDOPTR
  C:303EH         PUBLIC        ?C?CLDOPTR
  -------         ENDMOD        ?C?CLDOPTR

  -------         MODULE        ?C?CSTPTR
  C:306BH         PUBLIC        ?C?CSTPTR
  -------         ENDMOD        ?C?CSTPTR

  -------         MODULE        ?C?CSTOPTR
  C:307DH         PUBLIC        ?C?CSTOPTR
  -------         ENDMOD        ?C?CSTOPTR

  -------         MODULE        ?C?IMUL
  C:309FH         PUBLIC        ?C?IMUL
  -------         ENDMOD        ?C?IMUL

  -------         MODULE        ?C?UIDIV
  C:30B1H         PUBLIC        ?C?UIDIV
  -------         ENDMOD        ?C?UIDIV

  -------         MODULE        ?C?SIDIV
  C:3106H         PUBLIC        ?C?SIDIV
  -------         ENDMOD        ?C?SIDIV

  -------         MODULE        ?C?IILDX
  C:313CH         PUBLIC        ?C?IILDX
  -------         ENDMOD        ?C?IILDX

  -------         MODULE        ?C?ILDIX
  C:3152H         PUBLIC        ?C?ILDIX
  -------         ENDMOD        ?C?ILDIX

  -------         MODULE        ?C?ILDOPTR
  C:3168H         PUBLIC        ?C?ILDOPTR
  -------         ENDMOD        ?C?ILDOPTR

  -------         MODULE        ?C?ISTOPTR
  C:31A0H         PUBLIC        ?C?ISTOPTR
  -------         ENDMOD        ?C?ISTOPTR

  -------         MODULE        ?C?LMUL
  C:31CDH         PUBLIC        ?C?LMUL
  -------         ENDMOD        ?C?LMUL

BL51 BANKED LINKER/LOCATER V6.22                                                      05/26/2020  14:35:57  PAGE 54


  -------         MODULE        ?C?ULDIV
  C:3258H         PUBLIC        ?C?ULDIV
  -------         ENDMOD        ?C?ULDIV

  -------         MODULE        ?C?SLDIV
  C:98FDH         PUBLIC        ?C?SLDIV
  -------         ENDMOD        ?C?SLDIV

  -------         MODULE        ?C?LNEG
  C:32EAH         PUBLIC        ?C?LNEG
  -------         ENDMOD        ?C?LNEG

  -------         MODULE        ?C?SLCMP
  C:32F8H         PUBLIC        ?C?SLCMP
  -------         ENDMOD        ?C?SLCMP

  -------         MODULE        ?C?ULCMP
  C:330EH         PUBLIC        ?C?ULCMP
  -------         ENDMOD        ?C?ULCMP

  -------         MODULE        ?C?ULSHR
  C:331FH         PUBLIC        ?C?ULSHR
  -------         ENDMOD        ?C?ULSHR

  -------         MODULE        ?C?LLDCODE
  C:3332H         PUBLIC        ?C?LLDCODE
  -------         ENDMOD        ?C?LLDCODE

  -------         MODULE        ?C?LLDXDATA0
  C:3342H         PUBLIC        ?C?LLDXDATA0
  -------         ENDMOD        ?C?LLDXDATA0

  -------         MODULE        ?C?LLDCODE0
  C:334EH         PUBLIC        ?C?LLDCODE0
  -------         ENDMOD        ?C?LLDCODE0

  -------         MODULE        ?C?LSTXDATA
  C:335EH         PUBLIC        ?C?LSTXDATA
  -------         ENDMOD        ?C?LSTXDATA

  -------         MODULE        ?C?LSTKXDATA
  C:336AH         PUBLIC        ?C?LSTKXDATA
  -------         ENDMOD        ?C?LSTKXDATA

  -------         MODULE        ?C?PLDIXDATA
  C:339BH         PUBLIC        ?C?PLDIXDATA
  -------         ENDMOD        ?C?PLDIXDATA

  -------         MODULE        ?C?PSTXDATA
  C:33B2H         PUBLIC        ?C?PSTXDATA
  -------         ENDMOD        ?C?PSTXDATA

  -------         MODULE        ?C?CCASE
  C:33BBH         PUBLIC        ?C?CCASE
  -------         ENDMOD        ?C?CCASE

  -------         MODULE        ?C?LIMUL
BL51 BANKED LINKER/LOCATER V6.22                                                      05/26/2020  14:35:57  PAGE 55


  C:33E1H         PUBLIC        ?C?LIMUL
  -------         ENDMOD        ?C?LIMUL

  -------         MODULE        PUTCHAR
  C:9B11H         PUBLIC        _PUTCHAR
  -------         ENDMOD        PUTCHAR

  -------         MODULE        STRLEN
  C:000EH         PUBLIC        _STRLEN
  -------         ENDMOD        STRLEN

*** WARNING L16: UNCALLED SEGMENT, IGNORED FOR OVERLAY PROCESS
    SEGMENT: ?PR?_CALENDAR_CIRCLE_CLOCK_SHOWNUM?MAIN

*** WARNING L16: UNCALLED SEGMENT, IGNORED FOR OVERLAY PROCESS
    SEGMENT: ?PR?_DELAY_US?PUBLIC

*** WARNING L16: UNCALLED SEGMENT, IGNORED FOR OVERLAY PROCESS
    SEGMENT: ?PR?_UART_CMD?UART

*** WARNING L16: UNCALLED SEGMENT, IGNORED FOR OVERLAY PROCESS
    SEGMENT: ?PR?_UART_SENDSTRING?UART

*** WARNING L16: UNCALLED SEGMENT, IGNORED FOR OVERLAY PROCESS
    SEGMENT: ?PR?_DELAY?TFTLCD

*** WARNING L16: UNCALLED SEGMENT, IGNORED FOR OVERLAY PROCESS
    SEGMENT: ?PR?_LCD_COLOR_FILL?TFTLCD

*** WARNING L16: UNCALLED SEGMENT, IGNORED FOR OVERLAY PROCESS
    SEGMENT: ?PR?_LCD_DRAWBIGPOINT?TFTLCD

*** WARNING L16: UNCALLED SEGMENT, IGNORED FOR OVERLAY PROCESS
    SEGMENT: ?PR?_LCD_DRAWLINE_COLOR?TFTLCD

*** WARNING L16: UNCALLED SEGMENT, IGNORED FOR OVERLAY PROCESS
    SEGMENT: ?PR?_LCD_DROWSIGN?TFTLCD

*** WARNING L16: UNCALLED SEGMENT, IGNORED FOR OVERLAY PROCESS
    SEGMENT: ?PR?_LCD_DRAWRECTANGLE?TFTLCD

*** WARNING L16: UNCALLED SEGMENT, IGNORED FOR OVERLAY PROCESS
    SEGMENT: ?PR?_LCD_SHOWNUM?TFTLCD

*** WARNING L16: UNCALLED SEGMENT, IGNORED FOR OVERLAY PROCESS
    SEGMENT: ?PR?_LCD_SHOWFONTHZ?TFTLCD

*** WARNING L16: UNCALLED SEGMENT, IGNORED FOR OVERLAY PROCESS
    SEGMENT: ?PR?_LCD_SHOWPICTURE?TFTLCD

*** WARNING L16: UNCALLED SEGMENT, IGNORED FOR OVERLAY PROCESS
    SEGMENT: ?PR?TOUCH_SCAN?TOUCH

*** WARNING L16: UNCALLED SEGMENT, IGNORED FOR OVERLAY PROCESS
    SEGMENT: ?PR?_GUI_COLOR_CHG?GUI

*** WARNING L16: UNCALLED SEGMENT, IGNORED FOR OVERLAY PROCESS
BL51 BANKED LINKER/LOCATER V6.22                                                      05/26/2020  14:35:57  PAGE 56


    SEGMENT: ?PR?_GUI_RGB332TORGB565?GUI

*** WARNING L16: UNCALLED SEGMENT, IGNORED FOR OVERLAY PROCESS
    SEGMENT: ?PR?_GUI_DISABS?GUI

*** WARNING L16: UNCALLED SEGMENT, IGNORED FOR OVERLAY PROCESS
    SEGMENT: ?PR?_GUI_DRAW_POINT?GUI

*** WARNING L16: UNCALLED SEGMENT, IGNORED FOR OVERLAY PROCESS
    SEGMENT: ?PR?_GUI_ALPHABLEND_AREA?GUI

*** WARNING L16: UNCALLED SEGMENT, IGNORED FOR OVERLAY PROCESS
    SEGMENT: ?PR?_GUI_DRAW_BLINE?GUI

*** WARNING L16: UNCALLED SEGMENT, IGNORED FOR OVERLAY PROCESS
    SEGMENT: ?PR?_GUI_FILL_COLORBLOCK?GUI

*** WARNING L16: UNCALLED SEGMENT, IGNORED FOR OVERLAY PROCESS
    SEGMENT: ?PR?_GUI_DRAW_SMOOTH_RECTANGLE?GUI

*** WARNING L16: UNCALLED SEGMENT, IGNORED FOR OVERLAY PROCESS
    SEGMENT: ?PR?_GUI_DRAW_RECTANGLE?GUI

*** WARNING L16: UNCALLED SEGMENT, IGNORED FOR OVERLAY PROCESS
    SEGMENT: ?PR?_GUI_DRAW_ARCRECTANGLE?GUI

*** WARNING L16: UNCALLED SEGMENT, IGNORED FOR OVERLAY PROCESS
    SEGMENT: ?PR?_GUI_DRAW_ELLIPSE?GUI

*** WARNING L16: UNCALLED SEGMENT, IGNORED FOR OVERLAY PROCESS
    SEGMENT: ?PR?_GUI_FILL_ELLIPSE?GUI

*** WARNING L16: UNCALLED SEGMENT, IGNORED FOR OVERLAY PROCESS
    SEGMENT: ?PR?_GUI_SHOW_STRMID?GUI

*** WARNING L16: UNCALLED SEGMENT, IGNORED FOR OVERLAY PROCESS
    SEGMENT: ?PR?_GUI_SHOW_STRMIDEX?GUI

*** WARNING L16: UNCALLED SEGMENT, IGNORED FOR OVERLAY PROCESS
    SEGMENT: ?PR?_GUI_SHOW_NUM?GUI

*** WARNING L16: UNCALLED SEGMENT, IGNORED FOR OVERLAY PROCESS
    SEGMENT: ?PR?_GUI_NUM2STR?GUI

*** WARNING L16: UNCALLED SEGMENT, IGNORED FOR OVERLAY PROCESS
    SEGMENT: ?PR?_GUI_NUM2STREX?GUI

*** WARNING L16: UNCALLED SEGMENT, IGNORED FOR OVERLAY PROCESS
    SEGMENT: ?PR?_GUI_SHOW_PTSTRWHITERIM?GUI

*** WARNING L16: UNCALLED SEGMENT, IGNORED FOR OVERLAY PROCESS
    SEGMENT: ?PR?_GUI_GET_STRINGLINE?GUI

*** WARNING L16: UNCALLED SEGMENT, IGNORED FOR OVERLAY PROCESS
    SEGMENT: ?PR?_GUI_SHOW_STRING?GUI

*** WARNING L16: UNCALLED SEGMENT, IGNORED FOR OVERLAY PROCESS
BL51 BANKED LINKER/LOCATER V6.22                                                      05/26/2020  14:35:57  PAGE 57


    SEGMENT: ?PR?_GUI_SHOW_STRINGEX?GUI

Program Size: data=15.1 xdata=959 code=40056
LINK/LOCATE RUN COMPLETE.  35 WARNING(S),  0 ERROR(S)
