BL51 BANKED LINKER/LOCATER V6.22                                                        05/26/2020  14:32:30  PAGE 1


BL51 BANKED LINKER/LOCATER V6.22, INVOKED BY:
D:\YZ\KEILC51\C51\BIN\BL51.EXE .\output\main.obj, .\output\public.obj, .\output\uart.obj, .\output\tftlcd.obj, .\output\
>> touch.obj, .\output\gui.obj TO .\output\template PRINT (.\output\template.m51) RAMSIZE (256)


MEMORY MODEL: LARGE


INPUT MODULES INCLUDED:
  .\output\main.obj (MAIN)
  .\output\public.obj (PUBLIC)
  .\output\uart.obj (UART)
  .\output\tftlcd.obj (TFTLCD)
  .\output\touch.obj (TOUCH)
  .\output\gui.obj (GUI)
  D:\YZ\KEILC51\C51\LIB\C51L.LIB (?C_STARTUP)
  D:\YZ\KEILC51\C51\LIB\C51L.LIB (?C?CLDPTR)
  D:\YZ\KEILC51\C51\LIB\C51L.LIB (?C?CLDOPTR)
  D:\YZ\KEILC51\C51\LIB\C51L.LIB (?C?CSTPTR)
  D:\YZ\KEILC51\C51\LIB\C51L.LIB (?C?CSTOPTR)
  D:\YZ\KEILC51\C51\LIB\C51L.LIB (?C?IMUL)
  D:\YZ\KEILC51\C51\LIB\C51L.LIB (?C?UIDIV)
  D:\YZ\KEILC51\C51\LIB\C51L.LIB (?C?SIDIV)
  D:\YZ\KEILC51\C51\LIB\C51L.LIB (?C?IILDX)
  D:\YZ\KEILC51\C51\LIB\C51L.LIB (?C?ILDIX)
  D:\YZ\KEILC51\C51\LIB\C51L.LIB (?C?ILDOPTR)
  D:\YZ\KEILC51\C51\LIB\C51L.LIB (?C?ISTOPTR)
  D:\YZ\KEILC51\C51\LIB\C51L.LIB (?C?LMUL)
  D:\YZ\KEILC51\C51\LIB\C51L.LIB (?C?ULDIV)
  D:\YZ\KEILC51\C51\LIB\C51L.LIB (?C?SLDIV)
  D:\YZ\KEILC51\C51\LIB\C51L.LIB (?C?SLCMP)
  D:\YZ\KEILC51\C51\LIB\C51L.LIB (?C?ULCMP)
  D:\YZ\KEILC51\C51\LIB\C51L.LIB (?C?ULSHR)
  D:\YZ\KEILC51\C51\LIB\C51L.LIB (?C?LSTXDATA)
  D:\YZ\KEILC51\C51\LIB\C51L.LIB (?C?LSTKXDATA)
  D:\YZ\KEILC51\C51\LIB\C51L.LIB (?C?LIMUL)
  D:\YZ\KEILC51\C51\LIB\C51L.LIB (PRINTF)
  D:\YZ\KEILC51\C51\LIB\C51L.LIB (STRLEN)
  D:\YZ\KEILC51\C51\LIB\C51L.LIB (?C_INIT)
  D:\YZ\KEILC51\C51\LIB\C51L.LIB (?C?PLDIXDATA)
  D:\YZ\KEILC51\C51\LIB\C51L.LIB (?C?PSTXDATA)
  D:\YZ\KEILC51\C51\LIB\C51L.LIB (?C?CCASE)
  D:\YZ\KEILC51\C51\LIB\C51L.LIB (PUTCHAR)


LINK MAP OF MODULE:  .\output\template (MAIN)


            TYPE    BASE      LENGTH    RELOCATION   SEGMENT NAME
            -----------------------------------------------------

            * * * * * * *   D A T A   M E M O R Y   * * * * * * *
            REG     0000H     0008H     ABSOLUTE     "REG BANK 0"
            DATA    0008H     0005H     UNIT         _DATA_GROUP_
                    000DH     0013H                  *** GAP ***
            BIT     0020H.0   0001H.1   UNIT         _BIT_GROUP_
                    0021H.1   0000H.7                *** GAP ***
            IDATA   0022H     0001H     UNIT         ?STACK
BL51 BANKED LINKER/LOCATER V6.22                                                      05/26/2020  14:32:30  PAGE 2



            * * * * * * *  X D A T A   M E M O R Y  * * * * * * *
            XDATA   0000H     006BH     UNIT         _XDATA_GROUP_
            XDATA   006BH     0034H     UNIT         ?XD?UART
            XDATA   009FH     0024H     UNIT         ?XD?_GUI_DRAW_ELLIPSE?GUI
            XDATA   00C3H     0022H     UNIT         ?XD?_GUI_FILL_ELLIPSE?GUI
            XDATA   00E5H     001FH     UNIT         ?XD?_GUI_DRAW_BLINE?GUI
            XDATA   0104H     001EH     UNIT         ?XD?_LCD_DRAWLINE_COLOR?TFTLCD
            XDATA   0122H     001EH     UNIT         ?XD?_GUI_DRAW_LINE?GUI
            XDATA   0140H     001EH     UNIT         ?XD?_GUI_SMOOTH_COLOR?GUI
            XDATA   015EH     001CH     UNIT         ?XD?_LCD_DRAWLINE?TFTLCD
            XDATA   017AH     001AH     UNIT         ?XD?_TOUCH_XPT_READDATA?TOUCH
            XDATA   0194H     0019H     UNIT         ?XD?_GUI_DRAW_ARC?GUI
            XDATA   01ADH     0018H     UNIT         ?XD?_GUI_FILL_CIRCLE?GUI
            XDATA   01C5H     0017H     UNIT         ?XD?_GUI_DRAW_SMOOTH_RECTANGLE?GUI
            XDATA   01DCH     0017H     UNIT         ?XD?_GUI_SHOW_STRINGEX?GUI
            XDATA   01F3H     0016H     UNIT         ?XD?_GUI_SHOW_STRING?GUI
            XDATA   0209H     0015H     UNIT         ?XD?_LCD_SHOWPICTURE?TFTLCD
            XDATA   021EH     0013H     UNIT         ?XD?_LCD_COLOR_FILL?TFTLCD
            XDATA   0231H     0013H     UNIT         ?XD?_GUI_SHOW_STRMIDEX?GUI
            XDATA   0244H     0012H     UNIT         ?XD?_GUI_DRAW_CIRCLE8?GUI
            XDATA   0256H     0012H     UNIT         ?XD?_GUI_SHOW_PTSTRWHITERIM?GUI
            XDATA   0268H     0011H     UNIT         ?XD?_GUI_ALPHABLEND_AREA?GUI
            XDATA   0279H     0010H     UNIT         ?XD?MAIN
            XDATA   0289H     0010H     UNIT         ?XD?_GUI_DRAW_ARCRECTANGLE?GUI
            XDATA   0299H     0010H     UNIT         ?XD?_GUI_DRAW_EXPOINT?GUI
            XDATA   02A9H     0010H     UNIT         ?XD?_GUI_SHOW_NUM?GUI
            XDATA   02B9H     000EH     UNIT         ?XD?_LCD_SHOWXNUM?TFTLCD
            XDATA   02C7H     000EH     UNIT         ?XD?_GUI_FILL_COLORBLOCK?GUI
            XDATA   02D5H     000DH     UNIT         ?XD?_LCD_SHOWNUM?TFTLCD
            XDATA   02E2H     000DH     UNIT         ?XD?TOUCH
            XDATA   02EFH     000DH     UNIT         ?XD?_GUI_ALPHA_BLEND565?GUI
            XDATA   02FCH     000CH     UNIT         ?XD?_GUI_GET_STRINGLINE?GUI
            XDATA   0308H     000BH     UNIT         ?XD?TFTLCD
            XDATA   0313H     000AH     UNIT         ?XD?_LCD_READPOINT?TFTLCD
            XDATA   031DH     000AH     UNIT         ?XD?_LCD_DRAW_CIRCLE?TFTLCD
            XDATA   0327H     000AH     UNIT         ?XD?_LCD_SHOWFONTHZ?TFTLCD
            XDATA   0331H     000AH     UNIT         ?XD?TOUCH_XPT_READXY?TOUCH
            XDATA   033BH     000AH     UNIT         ?XD?_GUI_DRAW_RECTANGLE?GUI
            XDATA   0345H     0009H     UNIT         ?XD?_GUI_NUM2STR?GUI
            XDATA   034EH     0008H     UNIT         ?XD?_LCD_DRAWRECTANGLE?TFTLCD
            XDATA   0356H     0008H     UNIT         ?XD?_GUI_COLOR_CHG?GUI
            XDATA   035EH     0008H     UNIT         ?XD?_GUI_DISABS?GUI
            XDATA   0366H     0006H     UNIT         ?XD?_LCD_DRAWBIGPOINT?TFTLCD
            XDATA   036CH     0006H     UNIT         ?XD?_LCD_DROWSIGN?TFTLCD
            XDATA   0372H     0006H     UNIT         ?XD?_LCD_POW?TFTLCD
            XDATA   0378H     0006H     UNIT         ?XD?_GUI_POW?GUI
            XDATA   037EH     0005H     UNIT         ?XD?TOUCH_SCAN?TOUCH
            XDATA   0383H     0004H     UNIT         ?XD?_GUI_DRAW_POINT?GUI
            XDATA   0387H     0003H     UNIT         ?XD?_UART_SENDSTRING?UART
            XDATA   038AH     0002H     UNIT         ?XD?TOUCH_SPI_READ?TOUCH

            * * * * * * *   C O D E   M E M O R Y   * * * * * * *
            CODE    0000H     0003H     ABSOLUTE     
            CODE    0003H     001FH     UNIT         ?PR?_DELAY?TFTLCD
                    0022H     0001H                  *** GAP ***
            CODE    0023H     0003H     ABSOLUTE     
BL51 BANKED LINKER/LOCATER V6.22                                                      05/26/2020  14:32:30  PAGE 3


            CODE    0026H     1BF3H     UNIT         ?CO?TFTLCD
            CODE    1C19H     06B3H     UNIT         ?PR?_GUI_DRAW_ARCRECTANGLE?GUI
            CODE    22CCH     0404H     UNIT         ?PR?_GUI_DRAW_ELLIPSE?GUI
            CODE    26D0H     03CAH     UNIT         ?PR?_GUI_DRAW_BLINE1?GUI
            CODE    2A9AH     03AFH     UNIT         ?C?LIB_CODE
            CODE    2E49H     03A0H     UNIT         ?PR?_GUI_FILL_CIRCLE?GUI
            CODE    31E9H     0365H     UNIT         ?PR?PRINTF?PRINTF
            CODE    354EH     0313H     UNIT         ?PR?_GRAPH_CREATE?MAIN
            CODE    3861H     0271H     UNIT         ?PR?_GUI_DRAW_CIRCLE8?GUI
            CODE    3AD2H     026CH     UNIT         ?PR?_GUI_DRAW_BLINE?GUI
            CODE    3D3EH     025DH     UNIT         ?PR?TFTLCD_INIT?TFTLCD
            CODE    3F9BH     025CH     UNIT         ?PR?_GUI_FILL_ELLIPSE?GUI
            CODE    41F7H     0253H     UNIT         ?PR?_GUI_SHOW_PTCHAR?GUI
            CODE    444AH     0246H     UNIT         ?PR?_GUI_SHOW_PTSTR?GUI
            CODE    4690H     0226H     UNIT         ?PR?_GUI_SHOW_STRING?GUI
            CODE    48B6H     021CH     UNIT         ?PR?_GUI_SHOW_STRINGEX?GUI
            CODE    4AD2H     01F3H     UNIT         ?PR?_GUI_DRAW_LINE?GUI
            CODE    4CC5H     01EFH     UNIT         ?PR?_LCD_DRAWLINE?TFTLCD
            CODE    4EB4H     01EDH     UNIT         ?PR?_LCD_DRAWLINE_COLOR?TFTLCD
            CODE    50A1H     01E9H     UNIT         ?PR?_GUI_SMOOTH_COLOR?GUI
            CODE    528AH     01D8H     UNIT         ?PR?_LCD_DRAW_CIRCLE?TFTLCD
            CODE    5462H     01D7H     UNIT         ?PR?_GUI_DRAW_ARC?GUI
            CODE    5639H     01C3H     UNIT         ?PR?_GUI_SHOW_NUM?GUI
            CODE    57FCH     0187H     UNIT         ?PR?_TOUCH_XPT_READDATA?TOUCH
            CODE    5983H     017CH     UNIT         ?PR?_GUI_GET_STRINGLINE?GUI
            CODE    5AFFH     0178H     UNIT         ?PR?_LCD_SHOWCHAR?TFTLCD
            CODE    5C77H     014CH     UNIT         ?PR?_GUI_SHOW_STRMIDEX?GUI
            CODE    5DC3H     0148H     UNIT         ?PR?_GUI_SHOW_STRMID?GUI
            CODE    5F0BH     0147H     UNIT         ?PR?_GUI_FILL_COLORBLOCK?GUI
            CODE    6052H     0140H     UNIT         ?PR?TOUCH_SCAN?TOUCH
            CODE    6192H     012DH     UNIT         ?PR?_LCD_SHOWPICTURE?TFTLCD
            CODE    62BFH     012BH     UNIT         ?PR?_LCD_SHOWFONTHZ?TFTLCD
            CODE    63EAH     0129H     UNIT         ?PR?_LCD_SHOWXNUM?TFTLCD
            CODE    6513H     0114H     UNIT         ?PR?TOUCH_XPT_READXY?TOUCH
            CODE    6627H     0111H     UNIT         ?PR?_REDRAW_VALIDAREAGIRD?MAIN
            CODE    6738H     010CH     UNIT         ?PR?_GUI_DRAW_SMOOTH_RECTANGLE?GUI
            CODE    6844H     00F8H     UNIT         ?PR?_LCD_COLOR_FILL?TFTLCD
            CODE    693CH     00F7H     UNIT         ?PR?_GUI_ALPHABLEND_AREA?GUI
            CODE    6A33H     00F4H     UNIT         ?PR?_GUI_DRAW_BIGPOINT?GUI
            CODE    6B27H     00EDH     UNIT         ?PR?_GUI_ALPHA_BLEND565?GUI
            CODE    6C14H     00EBH     UNIT         ?PR?_GRAPH_ADDVALUE?MAIN
            CODE    6CFFH     00E5H     UNIT         ?PR?_LCD_SHOWSTRING?TFTLCD
            CODE    6DE4H     00DCH     UNIT         ?PR?_LCD_SHOWNUM?TFTLCD
            CODE    6EC0H     00D8H     UNIT         ?PR?_LCD_DROWSIGN?TFTLCD
            CODE    6F98H     00D2H     UNIT         ?PR?_GUI_SHOW_PTSTRWHITERIM?GUI
            CODE    706AH     00D0H     UNIT         ?PR?_LCD_FILL?TFTLCD
            CODE    713AH     00C8H     UNIT         ?PR?_GUI_DRAW_RECTANGLE?GUI
            CODE    7202H     00C7H     UNIT         ?PR?_GUI_NUM2STREX?GUI
            CODE    72C9H     00C1H     UNIT         ?PR?_GUI_DRAW_EXPOINT?GUI
            CODE    738AH     00AAH     UNIT         ?PR?_LCD_DRAWRECTANGLE?TFTLCD
            CODE    7434H     00AAH     UNIT         ?PR?_GUI_NUM2STR?GUI
            CODE    74DEH     0096H     UNIT         ?PR?_GUI_DRAW_VLINE?GUI
            CODE    7574H     0092H     UNIT         ?PR?_LCD_SET_WINDOW?TFTLCD
            CODE    7606H     008CH     UNIT         ?C_C51STARTUP
            CODE    7692H     008AH     UNIT         ?PR?_GUI_FILL_RECTANGLE?GUI
            CODE    771CH     0088H     UNIT         ?PR?GRAPH_TEST?MAIN
            CODE    77A4H     0087H     UNIT         ?PR?_GRAPH_ADDTEXT?MAIN
BL51 BANKED LINKER/LOCATER V6.22                                                      05/26/2020  14:32:30  PAGE 4


            CODE    782BH     0087H     UNIT         ?PR?UART_IRQN?UART
            CODE    78B2H     0081H     UNIT         ?PR?_LCD_CLEAR?TFTLCD
            CODE    7933H     0080H     UNIT         ?PR?_GUI_COLOR_CHG?GUI
            CODE    79B3H     007BH     UNIT         ?PR?_GUI_DRAW_HLINE?GUI
            CODE    7A2EH     0073H     UNIT         ?PR?_LCD_DRAWBIGPOINT?TFTLCD
            CODE    7AA1H     006BH     UNIT         ?PR?_GUI_DISABS?GUI
            CODE    7B0CH     0065H     UNIT         ?PR?_LCD_READPOINT?TFTLCD
            CODE    7B71H     0050H     UNIT         ?PR?_LCD_POW?TFTLCD
            CODE    7BC1H     0049H     UNIT         ?PR?_GUI_POW?GUI
            CODE    7C0AH     0048H     UNIT         ?PR?_LCD_DRAWFRONT_COLOR?TFTLCD
            CODE    7C52H     0046H     UNIT         ?PR?MAIN?MAIN
            CODE    7C98H     0044H     UNIT         ?C?LDIV
            CODE    7CDCH     0040H     UNIT         ?PR?_LCD_DISPLAY_DIR?TFTLCD
            CODE    7D1CH     0040H     UNIT         ?PR?_LCD_DRAWPOINT?TFTLCD
            CODE    7D5CH     003CH     UNIT         ?PR?_GUI_RGB332TORGB565?GUI
            CODE    7D98H     003CH     UNIT         ?PR?_GUI_DRAW_POINT?GUI
            CODE    7DD4H     003BH     UNIT         ?PR?TOUCH_SPI_READ?TOUCH
            CODE    7E0FH     0033H     UNIT         ?PR?_UART_SENDSTRING?UART
            CODE    7E42H     002FH     UNIT         ?PR?_LCD_WRITECMD?TFTLCD
            CODE    7E71H     0029H     UNIT         ?C_INITSEG
            CODE    7E9AH     0027H     UNIT         ?PR?PUTCHAR?PUTCHAR
            CODE    7EC1H     0025H     UNIT         ?PR?_LCD_WRITEDATA?TFTLCD
            CODE    7EE6H     0025H     UNIT         ?PR?_LCD_WRITEDATA_COLOR?TFTLCD
            CODE    7F0BH     001EH     UNIT         ?PR?_DELAY_MS?PUBLIC
            CODE    7F29H     001DH     UNIT         ?PR?_TOUCH_SPI_WRITE?TOUCH
            CODE    7F46H     001AH     UNIT         ?PR?LCD_READDATA?TFTLCD
            CODE    7F60H     0016H     UNIT         ?PR?UART_INIT?UART
            CODE    7F76H     0015H     UNIT         ?PR?_STRLEN?STRLEN
            CODE    7F8BH     000EH     UNIT         ?PR?_UART_SENDDATA?UART
            CODE    7F99H     000EH     UNIT         ?PR?_LCD_WRITECMDDATA?TFTLCD
            CODE    7FA7H     000BH     UNIT         ?CO?MAIN
            CODE    7FB2H     000BH     UNIT         ?PR?_DELAY_10US?PUBLIC
            CODE    7FBDH     000BH     UNIT         ?PR?TOUCH_SPI_START?TOUCH
            CODE    7FC8H     0006H     UNIT         ?PR?_UART_CMD?UART



OVERLAY MAP OF MODULE:   .\output\template (MAIN)


SEGMENT                                       BIT_GROUP          DATA_GROUP          XDATA_GROUP
  +--> CALLED SEGMENT                      START    LENGTH     START    LENGTH     START    LENGTH
--------------------------------------------------------------------------------------------------
?C_C51STARTUP                              -----    -----      -----    -----      -----    -----
  +--> ?PR?MAIN?MAIN
  +--> ?C_INITSEG

?PR?MAIN?MAIN                              -----    -----      -----    -----      -----    -----
  +--> ?PR?UART_INIT?UART
  +--> ?PR?TFTLCD_INIT?TFTLCD
  +--> ?CO?MAIN
  +--> ?PR?_LCD_SHOWSTRING?TFTLCD
  +--> ?PR?GRAPH_TEST?MAIN

?PR?TFTLCD_INIT?TFTLCD                     -----    -----      -----    -----      -----    -----
  +--> ?PR?_DELAY_MS?PUBLIC
  +--> ?PR?_LCD_WRITECMD?TFTLCD
BL51 BANKED LINKER/LOCATER V6.22                                                      05/26/2020  14:32:30  PAGE 5


  +--> ?PR?LCD_READDATA?TFTLCD
  +--> ?CO?TFTLCD
  +--> ?PR?PRINTF?PRINTF
  +--> ?PR?_LCD_WRITEDATA?TFTLCD
  +--> ?PR?_LCD_DISPLAY_DIR?TFTLCD
  +--> ?PR?_LCD_CLEAR?TFTLCD

?PR?_LCD_WRITECMD?TFTLCD                   -----    -----      -----    -----      -----    -----
  +--> ?PR?_LCD_WRITEDATA?TFTLCD

?PR?PRINTF?PRINTF                          0020H.0  0001H.1    0008H    0005H      0000H    0028H
  +--> ?PR?PUTCHAR?PUTCHAR

?PR?_LCD_DISPLAY_DIR?TFTLCD                -----    -----      -----    -----      -----    -----
  +--> ?PR?_LCD_WRITECMDDATA?TFTLCD

?PR?_LCD_WRITECMDDATA?TFTLCD               -----    -----      -----    -----      -----    -----
  +--> ?PR?_LCD_WRITECMD?TFTLCD
  +--> ?PR?_LCD_WRITEDATA?TFTLCD

?PR?_LCD_CLEAR?TFTLCD                      -----    -----      -----    -----      0000H    0004H
  +--> ?PR?_LCD_SET_WINDOW?TFTLCD
  +--> ?PR?_LCD_WRITEDATA_COLOR?TFTLCD

?PR?_LCD_SET_WINDOW?TFTLCD                 -----    -----      -----    -----      005FH    000CH
  +--> ?PR?_LCD_WRITECMD?TFTLCD
  +--> ?PR?_LCD_WRITEDATA?TFTLCD

?PR?_LCD_SHOWSTRING?TFTLCD                 -----    -----      -----    -----      0000H    000DH
  +--> ?PR?_LCD_SHOWCHAR?TFTLCD

?PR?_LCD_SHOWCHAR?TFTLCD                   -----    -----      -----    -----      000DH    000CH
  +--> ?CO?TFTLCD
  +--> ?PR?_LCD_DRAWFRONT_COLOR?TFTLCD

?PR?_LCD_DRAWFRONT_COLOR?TFTLCD            -----    -----      -----    -----      0059H    0006H
  +--> ?PR?_LCD_SET_WINDOW?TFTLCD
  +--> ?PR?_LCD_WRITEDATA_COLOR?TFTLCD

?PR?GRAPH_TEST?MAIN                        -----    -----      -----    -----      0000H    0002H
  +--> ?PR?_GRAPH_CREATE?MAIN
  +--> ?PR?_GRAPH_ADDTEXT?MAIN
  +--> ?PR?_GRAPH_ADDVALUE?MAIN
  +--> ?PR?_DELAY_MS?PUBLIC

?PR?_GRAPH_CREATE?MAIN                     -----    -----      -----    -----      0002H    000DH
  +--> ?PR?_GUI_DRAW_VLINE?GUI
  +--> ?PR?_GUI_DRAW_HLINE?GUI
  +--> ?PR?_GUI_FILL_RECTANGLE?GUI

?PR?_GUI_DRAW_VLINE?GUI                    -----    -----      -----    -----      0019H    0008H
  +--> ?PR?_LCD_FILL?TFTLCD

?PR?_LCD_FILL?TFTLCD                       -----    -----      -----    -----      0023H    000CH
  +--> ?PR?_LCD_SET_WINDOW?TFTLCD
  +--> ?PR?_LCD_WRITEDATA_COLOR?TFTLCD

BL51 BANKED LINKER/LOCATER V6.22                                                      05/26/2020  14:32:30  PAGE 6


?PR?_GUI_DRAW_HLINE?GUI                    -----    -----      -----    -----      0019H    0008H
  +--> ?PR?_LCD_FILL?TFTLCD

?PR?_GUI_FILL_RECTANGLE?GUI                -----    -----      -----    -----      0019H    000AH
  +--> ?PR?_LCD_FILL?TFTLCD

?PR?_GRAPH_ADDTEXT?MAIN                    -----    -----      -----    -----      0002H    000BH
  +--> ?PR?_GUI_NUM2STREX?GUI
  +--> ?PR?_GUI_SHOW_STRMID?GUI

?PR?_GUI_NUM2STREX?GUI                     -----    -----      -----    -----      000DH    000DH

?PR?_GUI_SHOW_STRMID?GUI                   -----    -----      -----    -----      000DH    0012H
  +--> ?PR?_STRLEN?STRLEN
  +--> ?PR?_GUI_SHOW_PTSTR?GUI

?PR?_GUI_SHOW_PTSTR?GUI                    -----    -----      -----    -----      001FH    0013H
  +--> ?PR?_GUI_SHOW_PTCHAR?GUI

?PR?_GUI_SHOW_PTCHAR?GUI                   -----    -----      -----    -----      0032H    0019H
  +--> ?CO?TFTLCD
  +--> ?PR?_GUI_DRAW_BIGPOINT?GUI
  +--> ?PR?_LCD_DRAWFRONT_COLOR?TFTLCD

?PR?_GUI_DRAW_BIGPOINT?GUI                 -----    -----      -----    -----      004BH    000EH
  +--> ?PR?_LCD_DRAWFRONT_COLOR?TFTLCD

?PR?_GRAPH_ADDVALUE?MAIN                   -----    -----      -----    -----      0002H    000AH
  +--> ?PR?_GUI_DRAW_BLINE1?GUI
  +--> ?PR?_REDRAW_VALIDAREAGIRD?MAIN

?PR?_GUI_DRAW_BLINE1?GUI                   -----    -----      -----    -----      000CH    001FH
  +--> ?PR?_LCD_DRAWFRONT_COLOR?TFTLCD

?PR?_REDRAW_VALIDAREAGIRD?MAIN             -----    -----      -----    -----      000CH    000DH
  +--> ?PR?_GUI_FILL_RECTANGLE?GUI
  +--> ?PR?_GUI_DRAW_VLINE?GUI
  +--> ?PR?_GUI_DRAW_HLINE?GUI



SYMBOL TABLE OF MODULE:  .\output\template (MAIN)

  VALUE           TYPE          NAME
  ----------------------------------

  -------         MODULE        MAIN
  C:0000H         SYMBOL        _ICE_DUMMY_
  D:00A0H         PUBLIC        P2
  D:00B0H         PUBLIC        P3
  B:00B0H.6       PUBLIC        LED1
  C:77A4H         PUBLIC        _Graph_AddText
  D:00A8H         PUBLIC        IE
  D:00B8H         PUBLIC        IP
  C:6627H         PUBLIC        _ReDraw_ValidAreaGird
  D:00D8H         PUBLIC        CCON
  C:7C52H         PUBLIC        main
BL51 BANKED LINKER/LOCATER V6.22                                                      05/26/2020  14:32:30  PAGE 7


  C:354EH         PUBLIC        _Graph_Create
  D:0098H         PUBLIC        SCON
  D:0088H         PUBLIC        TCON
  X:027DH         PUBLIC        text_value
  C:6C14H         PUBLIC        _Graph_AddValue
  C:771CH         PUBLIC        Graph_Test
  D:00D0H         PUBLIC        PSW
  -------         PROC          _GRAPH_CREATE
  X:0002H         SYMBOL        x0
  X:0004H         SYMBOL        y0
  X:0006H         SYMBOL        width
  X:0008H         SYMBOL        height
  X:000AH         SYMBOL        backcolor
  X:000CH         SYMBOL        frontcolor
  -------         DO            
  X:000EH         SYMBOL        i
  -------         ENDDO         
  C:354EH         LINE#         58
  C:3564H         LINE#         59
  C:3564H         LINE#         60
  C:3569H         LINE#         62
  C:357EH         LINE#         63
  C:359FH         LINE#         64
  C:35D6H         LINE#         65
  C:360DH         LINE#         66
  C:3642H         LINE#         67
  C:3677H         LINE#         68
  C:36BAH         LINE#         69
  C:36FDH         LINE#         70
  C:3755H         LINE#         71
  C:37ADH         LINE#         73
  C:37BCH         LINE#         74
  C:37BCH         LINE#         75
  C:37FFH         LINE#         76
  C:3807H         LINE#         77
  C:3816H         LINE#         78
  C:3816H         LINE#         79
  C:3858H         LINE#         80
  C:3860H         LINE#         81
  -------         ENDPROC       _GRAPH_CREATE
  -------         PROC          _REDRAW_VALIDAREAGIRD
  X:000CH         SYMBOL        x0
  X:000EH         SYMBOL        y0
  X:0010H         SYMBOL        width
  X:0012H         SYMBOL        height
  X:0014H         SYMBOL        backcolor
  X:0016H         SYMBOL        frontcolor
  -------         DO            
  X:0018H         SYMBOL        i
  -------         ENDDO         
  C:6627H         LINE#         83
  C:663BH         LINE#         84
  C:663BH         LINE#         85
  C:6640H         LINE#         87
  C:6684H         LINE#         89
  C:6693H         LINE#         90
  C:6693H         LINE#         91
BL51 BANKED LINKER/LOCATER V6.22                                                      05/26/2020  14:32:30  PAGE 8


  C:66D6H         LINE#         92
  C:66DEH         LINE#         93
  C:66EDH         LINE#         94
  C:66EDH         LINE#         95
  C:672FH         LINE#         96
  C:6737H         LINE#         97
  -------         ENDPROC       _REDRAW_VALIDAREAGIRD
  -------         PROC          _GRAPH_ADDTEXT
  X:0002H         SYMBOL        value
  -------         DO            
  X:0005H         SYMBOL        i
  X:0006H         SYMBOL        text_str
  -------         ENDDO         
  C:77A4H         LINE#         101
  C:77AFH         LINE#         102
  C:77AFH         LINE#         103
  C:77B2H         LINE#         106
  C:77B3H         LINE#         107
  C:77B3H         LINE#         108
  C:77DDH         LINE#         109
  C:781EH         LINE#         110
  C:782AH         LINE#         111
  -------         ENDPROC       _GRAPH_ADDTEXT
  -------         PROC          _GRAPH_ADDVALUE
  X:0002H         SYMBOL        x0
  X:0004H         SYMBOL        y0
  X:0006H         SYMBOL        value
  X:0008H         SYMBOL        color
  X:000AH         SYMBOL        sampletime
  -------         DO            
  X:0279H         SYMBOL        xtemp
  X:027BH         SYMBOL        ytemp
  -------         ENDDO         
  C:6C14H         LINE#         113
  C:6C28H         LINE#         114
  C:6C28H         LINE#         118
  C:6C7DH         LINE#         119
  C:6C97H         LINE#         120
  C:6CB2H         LINE#         122
  C:6CC9H         LINE#         123
  C:6CC9H         LINE#         124
  C:6CD2H         LINE#         125
  C:6CD9H         LINE#         126
  C:6CFEH         LINE#         127
  C:6CFEH         LINE#         128
  -------         ENDPROC       _GRAPH_ADDVALUE
  -------         PROC          GRAPH_TEST
  -------         DO            
  X:0000H         SYMBOL        i
  X:0001H         SYMBOL        value
  -------         ENDDO         
  C:771CH         LINE#         133
  C:771CH         LINE#         134
  C:771CH         LINE#         135
  C:7721H         LINE#         136
  C:7723H         LINE#         138
  C:7747H         LINE#         139
BL51 BANKED LINKER/LOCATER V6.22                                                      05/26/2020  14:32:30  PAGE 9


  C:7750H         LINE#         140
  C:7750H         LINE#         141
  C:7750H         LINE#         142
  C:7756H         LINE#         143
  C:775AH         LINE#         144
  C:7779H         LINE#         145
  C:778DH         LINE#         146
  C:7799H         LINE#         147
  C:7799H         LINE#         148
  C:779BH         LINE#         149
  C:779BH         LINE#         150
  C:77A2H         LINE#         151
  -------         ENDPROC       GRAPH_TEST
  -------         PROC          MAIN
  C:7C52H         LINE#         156
  C:7C52H         LINE#         157
  C:7C52H         LINE#         159
  C:7C55H         LINE#         160
  C:7C58H         LINE#         162
  C:7C61H         LINE#         163
  C:7C93H         LINE#         165
  C:7C96H         LINE#         167
  C:7C96H         LINE#         168
  C:7C96H         LINE#         170
  -------         ENDPROC       MAIN
  -------         ENDMOD        MAIN

  -------         MODULE        PUBLIC
  C:0000H         SYMBOL        _ICE_DUMMY_
  D:00A8H         PUBLIC        IE
  D:00B8H         PUBLIC        IP
  D:00D8H         PUBLIC        CCON
  D:0098H         PUBLIC        SCON
  D:0088H         PUBLIC        TCON
  C:7FB2H         PUBLIC        _delay_10us
  C:7F0BH         PUBLIC        _delay_ms
  D:00D0H         PUBLIC        PSW
  -------         PROC          _DELAY_10US
  D:0006H         SYMBOL        us
  C:7FB2H         LINE#         6
  C:7FB2H         LINE#         7
  C:7FB2H         LINE#         8
  C:7FBCH         LINE#         9
  -------         ENDPROC       _DELAY_10US
  -------         PROC          _DELAY_MS
  D:0006H         SYMBOL        ms
  -------         DO            
  D:0006H         SYMBOL        i
  D:0004H         SYMBOL        j
  -------         ENDDO         
  C:7F0BH         LINE#         11
  C:7F0BH         LINE#         12
  C:7F0BH         LINE#         14
  C:7F14H         LINE#         15
  C:7F28H         LINE#         16
  -------         ENDPROC       _DELAY_MS
  -------         ENDMOD        PUBLIC
BL51 BANKED LINKER/LOCATER V6.22                                                      05/26/2020  14:32:30  PAGE 10



  -------         MODULE        UART
  C:0000H         SYMBOL        _ICE_DUMMY_
  B:00A8H.7       PUBLIC        EA
  X:006BH         PUBLIC        UART_RX_BUF
  D:00A8H         PUBLIC        IE
  X:009DH         PUBLIC        UART_RX_STA
  B:00A8H.4       PUBLIC        ES
  D:00B8H         PUBLIC        IP
  B:0098H.0       PUBLIC        RI
  B:0098H.1       PUBLIC        TI
  D:00D8H         PUBLIC        CCON
  C:7E0FH         PUBLIC        _UART_SendString
  C:7F8BH         PUBLIC        _UART_SendData
  D:0099H         PUBLIC        SBUF
  D:0087H         PUBLIC        PCON
  C:7FC8H         PUBLIC        _UART_Cmd
  C:7F60H         PUBLIC        UART_Init
  D:0098H         PUBLIC        SCON
  D:0089H         PUBLIC        TMOD
  D:0088H         PUBLIC        TCON
  D:008DH         PUBLIC        TH1
  D:008BH         PUBLIC        TL1
  B:0088H.6       PUBLIC        TR1
  C:782BH         PUBLIC        UART_IRQn
  D:00D0H         PUBLIC        PSW
  -------         PROC          UART_INIT
  C:7F60H         LINE#         5
  C:7F60H         LINE#         6
  C:7F60H         LINE#         7
  C:7F63H         LINE#         8
  C:7F66H         LINE#         9
  C:7F69H         LINE#         10
  C:7F6CH         LINE#         11
  C:7F6FH         LINE#         13
  C:7F71H         LINE#         14
  C:7F73H         LINE#         15
  C:7F75H         LINE#         16
  -------         ENDPROC       UART_INIT
  -------         PROC          _UART_CMD
  D:0007H         SYMBOL        ensta
  C:7FC8H         LINE#         18
  C:7FC8H         LINE#         19
  C:7FC8H         LINE#         20
  C:7FCDH         LINE#         21
  -------         ENDPROC       _UART_CMD
  -------         PROC          _UART_SENDDATA
  D:0007H         SYMBOL        dat
  C:7F8BH         LINE#         23
  C:7F8BH         LINE#         24
  C:7F8BH         LINE#         25
  C:7F8DH         LINE#         26
  C:7F8FH         LINE#         27
  C:7F91H         LINE#         28
  C:7F94H         LINE#         29
  C:7F96H         LINE#         30
  C:7F98H         LINE#         31
BL51 BANKED LINKER/LOCATER V6.22                                                      05/26/2020  14:32:30  PAGE 11


  -------         ENDPROC       _UART_SENDDATA
  -------         PROC          _UART_SENDSTRING
  X:0387H         SYMBOL        pbuf
  C:7E0FH         LINE#         33
  C:7E1AH         LINE#         34
  C:7E1AH         LINE#         35
  C:7E2BH         LINE#         36
  C:7E2BH         LINE#         37
  C:7E2EH         LINE#         38
  C:7E35H         LINE#         39
  C:7E3FH         LINE#         40
  C:7E41H         LINE#         41
  -------         ENDPROC       _UART_SENDSTRING
  -------         PROC          UART_IRQN
  -------         DO            
  D:0007H         SYMBOL        r
  -------         ENDDO         
  C:782BH         LINE#         51
  C:783CH         LINE#         55
  C:783FH         LINE#         56
  C:783FH         LINE#         57
  C:7841H         LINE#         58
  C:7843H         LINE#         59
  C:784CH         LINE#         60
  C:784CH         LINE#         61
  C:784FH         LINE#         62
  C:784FH         LINE#         63
  C:7859H         LINE#         64
  C:785CH         LINE#         65
  C:785EH         LINE#         67
  C:785EH         LINE#         68
  C:786EH         LINE#         70
  C:786EH         LINE#         71
  C:7882H         LINE#         72
  C:7890H         LINE#         73
  C:78A3H         LINE#         74
  C:78A3H         LINE#         75
  C:78A3H         LINE#         76
  C:78A3H         LINE#         77
  C:78A3H         LINE#         78
  -------         ENDPROC       UART_IRQN
  -------         ENDMOD        UART

  -------         MODULE        TFTLCD
  C:0000H         SYMBOL        _ICE_DUMMY_
  D:0080H         PUBLIC        P0
  D:0090H         PUBLIC        P1
  X:0308H         PUBLIC        tftlcd_data
  D:00A0H         PUBLIC        P2
  C:63EAH         PUBLIC        _LCD_ShowxNum
  D:00B0H         PUBLIC        P3
  C:6DE4H         PUBLIC        _LCD_ShowNum
  D:00A8H         PUBLIC        IE
  C:7CDCH         PUBLIC        _LCD_Display_Dir
  C:62BFH         PUBLIC        _LCD_ShowFontHZ
  D:00B8H         PUBLIC        IP
  C:78B2H         PUBLIC        _LCD_Clear
BL51 BANKED LINKER/LOCATER V6.22                                                      05/26/2020  14:32:30  PAGE 12


  C:6844H         PUBLIC        _LCD_Color_Fill
  C:7EEEH         PUBLIC        _LCD_WriteData_Color
  D:00D8H         PUBLIC        CCON
  C:7F46H         PUBLIC        LCD_ReadData
  C:4EB4H         PUBLIC        _LCD_DrawLine_Color
  C:7C10H         PUBLIC        _LCD_DrawFRONT_COLOR
  D:0098H         PUBLIC        SCON
  D:0088H         PUBLIC        TCON
  C:0A97H         PUBLIC        ascii_2412
  C:0033H         PUBLIC        ascii_1206
  C:6192H         PUBLIC        _LCD_ShowPicture
  C:3D3EH         PUBLIC        TFTLCD_Init
  C:04A7H         PUBLIC        ascii_1608
  C:706AH         PUBLIC        _LCD_Fill
  C:7579H         PUBLIC        _LCD_Set_Window
  C:7EC9H         PUBLIC        _LCD_WriteData
  C:7B0CH         PUBLIC        _LCD_ReadPoint
  B:00B0H.3       PUBLIC        TFT_RST
  C:4CC5H         PUBLIC        _LCD_DrawLine
  C:7D32H         PUBLIC        _LCD_DrawPoint
  C:6CFFH         PUBLIC        _LCD_ShowString
  C:7F99H         PUBLIC        _LCD_WriteCmdData
  C:5AFFH         PUBLIC        _LCD_ShowChar
  C:7E54H         PUBLIC        _LCD_WriteCmd
  C:738AH         PUBLIC        _LCD_DrawRectangle
  B:00B0H.2       PUBLIC        TFT_RD
  B:00A0H.7       PUBLIC        TFT_CS
  C:6EC0H         PUBLIC        _LCD_DrowSign
  C:7A2EH         PUBLIC        _LCD_DrawBigPoint
  C:7B78H         PUBLIC        _LCD_Pow
  X:030FH         PUBLIC        FRONT_COLOR
  C:0003H         PUBLIC        _Delay
  X:0311H         PUBLIC        BACK_COLOR
  B:00A0H.6       PUBLIC        TFT_RS
  B:00A0H.5       PUBLIC        TFT_WR
  C:528AH         PUBLIC        _LCD_Draw_Circle
  D:00D0H         PUBLIC        PSW
  C:17F3H         PUBLIC        CnChar32x29
  -------         PROC          _DELAY
  D:0006H         SYMBOL        dly
  -------         DO            
  D:0004H         SYMBOL        i
  D:0002H         SYMBOL        j
  -------         ENDDO         
  C:0003H         LINE#         14
  C:0003H         LINE#         15
  C:0003H         LINE#         18
  C:000DH         LINE#         19
  C:0021H         LINE#         20
  -------         ENDPROC       _DELAY
  -------         PROC          L?0217
  -------         ENDPROC       L?0217
  -------         PROC          _LCD_WRITECMD
  D:0004H         SYMBOL        cmd
  -------         DO            
  D:0007H         SYMBOL        cmdH
  D:0006H         SYMBOL        cmdL
BL51 BANKED LINKER/LOCATER V6.22                                                      05/26/2020  14:32:30  PAGE 13


  -------         ENDDO         
  C:7E54H         LINE#         23
  C:7E58H         LINE#         24
  C:7E58H         LINE#         27
  C:7E5AH         LINE#         28
  C:7E5CH         LINE#         30
  C:7E5EH         LINE#         31
  C:7E60H         LINE#         33
  C:7E62H         LINE#         34
  C:7E64H         LINE#         36
  C:7E66H         LINE#         37
  C:7E6AH         LINE#         39
  C:7E6CH         LINE#         40
  C:7E6EH         LINE#         42
  C:7E70H         LINE#         115
  -------         ENDPROC       _LCD_WRITECMD
  C:7EC1H         SYMBOL        L?0210
  -------         PROC          L?0209
  -------         ENDPROC       L?0209
  C:7EC1H         SYMBOL        L?0210
  -------         PROC          _LCD_WRITEDATA
  D:0004H         SYMBOL        dat
  -------         DO            
  D:0007H         SYMBOL        datH
  D:0006H         SYMBOL        datL
  -------         ENDDO         
  C:7EC9H         LINE#         119
  C:7ECDH         LINE#         120
  C:7ECDH         LINE#         123
  C:7ECFH         LINE#         124
  C:7ED1H         LINE#         126
  C:7ED3H         LINE#         127
  C:7ED5H         LINE#         129
  C:7ED7H         LINE#         130
  C:7ED9H         LINE#         132
  C:7EDBH         LINE#         133
  C:7EDFH         LINE#         135
  C:7EE1H         LINE#         136
  C:7EE3H         LINE#         138
  C:7EE5H         LINE#         209
  -------         ENDPROC       _LCD_WRITEDATA
  C:7EE6H         SYMBOL        L?0215
  C:7EE9H         SYMBOL        L?0216
  -------         PROC          L?0214
  -------         ENDPROC       L?0214
  C:7EE6H         SYMBOL        L?0215
  C:7EE9H         SYMBOL        L?0216
  -------         PROC          _LCD_WRITEDATA_COLOR
  D:0004H         SYMBOL        color
  -------         DO            
  D:0007H         SYMBOL        datH
  D:0006H         SYMBOL        datL
  -------         ENDDO         
  C:7EEEH         LINE#         211
  C:7EF2H         LINE#         212
  C:7EF2H         LINE#         215
  C:7EF4H         LINE#         216
BL51 BANKED LINKER/LOCATER V6.22                                                      05/26/2020  14:32:30  PAGE 14


  C:7EF6H         LINE#         218
  C:7EF8H         LINE#         219
  C:7EFAH         LINE#         221
  C:7EFCH         LINE#         222
  C:7EFEH         LINE#         224
  C:7F00H         LINE#         225
  C:7F04H         LINE#         227
  C:7F06H         LINE#         228
  C:7F08H         LINE#         230
  C:7F0AH         LINE#         301
  -------         ENDPROC       _LCD_WRITEDATA_COLOR
  -------         PROC          _LCD_WRITECMDDATA
  D:0006H         SYMBOL        cmd
  D:0002H         SYMBOL        dat
  C:7F99H         LINE#         303
  C:7F9DH         LINE#         304
  C:7F9DH         LINE#         305
  C:7FA0H         LINE#         306
  -------         ENDPROC       _LCD_WRITECMDDATA
  -------         PROC          LCD_READDATA
  -------         DO            
  D:0006H         SYMBOL        ram
  -------         ENDDO         
  C:7F46H         LINE#         311
  C:7F46H         LINE#         312
  C:7F46H         LINE#         315
  C:7F49H         LINE#         316
  C:7F4CH         LINE#         319
  C:7F4EH         LINE#         320
  C:7F50H         LINE#         321
  C:7F52H         LINE#         322
  C:7F53H         LINE#         323
  C:7F55H         LINE#         324
  C:7F57H         LINE#         325
  C:7F5BH         LINE#         326
  C:7F5DH         LINE#         327
  C:7F5FH         LINE#         399
  C:7F5FH         LINE#         400
  -------         ENDPROC       LCD_READDATA
  -------         PROC          _LCD_DISPLAY_DIR
  D:0007H         SYMBOL        dir
  C:7CDCH         LINE#         404
  C:7CDCH         LINE#         405
  C:7CDCH         LINE#         406
  C:7CE1H         LINE#         407
  C:7CE3H         LINE#         408
  C:7CE3H         LINE#         410
  C:7CEDH         LINE#         437
  C:7CF6H         LINE#         438
  C:7CFFH         LINE#         439
  C:7D00H         LINE#         441
  C:7D00H         LINE#         443
  C:7D09H         LINE#         472
  C:7D12H         LINE#         473
  C:7D1BH         LINE#         474
  C:7D1BH         LINE#         475
  -------         ENDPROC       _LCD_DISPLAY_DIR
BL51 BANKED LINKER/LOCATER V6.22                                                      05/26/2020  14:32:30  PAGE 15


  -------         PROC          TFTLCD_INIT
  -------         DO            
  D:0006H         SYMBOL        i
  -------         ENDDO         
  C:3D3EH         LINE#         478
  C:3D3EH         LINE#         479
  C:3D3EH         LINE#         480
  C:3D40H         LINE#         481
  C:3D42H         LINE#         482
  C:3D47H         LINE#         484
  C:3D49H         LINE#         485
  C:3D50H         LINE#         487
  C:3D52H         LINE#         488
  C:3D59H         LINE#         491
  C:3D5FH         LINE#         492
  C:3D6AH         LINE#         519
  C:3D7BH         LINE#         522
  C:3D80H         LINE#         523
  C:3D85H         LINE#         524
  C:3D8AH         LINE#         525
  C:3D8FH         LINE#         526
  C:3D9CH         LINE#         527
  C:3DA9H         LINE#         528
  C:3DB7H         LINE#         529
  C:3DC5H         LINE#         530
  C:3DD3H         LINE#         531
  C:3DE1H         LINE#         532
  C:3DEEH         LINE#         534
  C:3DFCH         LINE#         536
  C:3E0AH         LINE#         537
  C:3E17H         LINE#         538
  C:3E25H         LINE#         539
  C:3E33H         LINE#         540
  C:3E38H         LINE#         542
  C:3E3DH         LINE#         543
  C:3E42H         LINE#         544
  C:3E47H         LINE#         546
  C:3E4CH         LINE#         547
  C:3E51H         LINE#         548
  C:3E5FH         LINE#         549
  C:3E6DH         LINE#         550
  C:3E72H         LINE#         551
  C:3E77H         LINE#         552
  C:3E7CH         LINE#         553
  C:3E81H         LINE#         554
  C:3E86H         LINE#         555
  C:3E8BH         LINE#         557
  C:3E99H         LINE#         558
  C:3EA7H         LINE#         559
  C:3EB5H         LINE#         560
  C:3EBAH         LINE#         561
  C:3EBFH         LINE#         563
  C:3EC4H         LINE#         564
  C:3ED2H         LINE#         566
  C:3EE0H         LINE#         567
  C:3EEEH         LINE#         568
  C:3EFCH         LINE#         569
BL51 BANKED LINKER/LOCATER V6.22                                                      05/26/2020  14:32:30  PAGE 16


  C:3F0AH         LINE#         571
  C:3F18H         LINE#         572
  C:3F26H         LINE#         573
  C:3F33H         LINE#         574
  C:3F41H         LINE#         575
  C:3F4EH         LINE#         576
  C:3F5CH         LINE#         577
  C:3F69H         LINE#         578
  C:3F77H         LINE#         579
  C:3F84H         LINE#         580
  C:3F8BH         LINE#         893
  C:3F90H         LINE#         894
  -------         ENDPROC       TFTLCD_INIT
  C:7574H         SYMBOL        L?0221
  -------         PROC          L?0220
  -------         ENDPROC       L?0220
  C:7574H         SYMBOL        L?0221
  -------         PROC          _LCD_SET_WINDOW
  X:005FH         SYMBOL        sx
  X:0061H         SYMBOL        sy
  D:0002H         SYMBOL        width
  X:0065H         SYMBOL        height
  -------         DO            
  X:0067H         SYMBOL        x
  X:0069H         SYMBOL        y
  D:0002H         SYMBOL        xy
  -------         ENDDO         
  C:7579H         LINE#         901
  C:7587H         LINE#         902
  C:7587H         LINE#         905
  C:759DH         LINE#         906
  C:75B6H         LINE#         907
  C:75BFH         LINE#         908
  C:75C5H         LINE#         909
  C:75C5H         LINE#         910
  C:75D6H         LINE#         911
  C:75D8H         LINE#         912
  C:75DFH         LINE#         913
  C:75E1H         LINE#         915
  C:75E1H         LINE#         916
  C:75F3H         LINE#         917
  C:75F5H         LINE#         918
  C:75FFH         LINE#         919
  C:75FFH         LINE#         920
  -------         ENDPROC       _LCD_SET_WINDOW
  -------         PROC          _LCD_READPOINT
  D:0002H         SYMBOL        x
  X:0313H         SYMBOL        y
  -------         DO            
  X:0315H         SYMBOL        r
  X:0317H         SYMBOL        g
  X:0319H         SYMBOL        b
  X:031BH         SYMBOL        dat
  -------         ENDDO         
  C:7B0CH         LINE#         1072
  C:7B18H         LINE#         1073
  C:7B18H         LINE#         1074
BL51 BANKED LINKER/LOCATER V6.22                                                      05/26/2020  14:32:30  PAGE 17


  C:7B28H         LINE#         1075
  C:7B4EH         LINE#         1076
  C:7B68H         LINE#         1122
  C:7B70H         LINE#         1123
  -------         ENDPROC       _LCD_READPOINT
  -------         PROC          _LCD_CLEAR
  X:0000H         SYMBOL        color
  -------         DO            
  D:0002H         SYMBOL        i
  X:0002H         SYMBOL        j
  -------         ENDDO         
  C:78B2H         LINE#         1127
  C:78BAH         LINE#         1128
  C:78BAH         LINE#         1129
  C:78BFH         LINE#         1131
  C:78E9H         LINE#         1132
  C:78F9H         LINE#         1133
  C:78F9H         LINE#         1134
  C:7915H         LINE#         1135
  C:7915H         LINE#         1136
  C:791BH         LINE#         1137
  C:792BH         LINE#         1138
  C:7932H         LINE#         1139
  -------         ENDPROC       _LCD_CLEAR
  -------         PROC          _LCD_FILL
  X:0023H         SYMBOL        xState
  X:0025H         SYMBOL        yState
  X:0027H         SYMBOL        xEnd
  X:0029H         SYMBOL        yEnd
  X:002BH         SYMBOL        color
  -------         DO            
  X:002DH         SYMBOL        temp
  -------         ENDDO         
  C:706AH         LINE#         1144
  C:7082H         LINE#         1145
  C:7082H         LINE#         1146
  C:7089H         LINE#         1148
  C:70ABH         LINE#         1149
  C:70ABH         LINE#         1151
  C:70ABH         LINE#         1152
  C:70C6H         LINE#         1153
  C:70E7H         LINE#         1154
  C:7106H         LINE#         1156
  C:7114H         LINE#         1157
  C:7114H         LINE#         1158
  C:7123H         LINE#         1159
  C:7131H         LINE#         1160
  C:7131H         LINE#         1161
  C:7137H         LINE#         1162
  C:7139H         LINE#         1163
  C:7139H         LINE#         1164
  -------         ENDPROC       _LCD_FILL
  -------         PROC          _LCD_COLOR_FILL
  X:021EH         SYMBOL        sx
  X:0220H         SYMBOL        sy
  D:0002H         SYMBOL        ex
  X:0224H         SYMBOL        ey
BL51 BANKED LINKER/LOCATER V6.22                                                      05/26/2020  14:32:30  PAGE 18


  X:0226H         SYMBOL        color
  -------         DO            
  X:0229H         SYMBOL        height
  X:022BH         SYMBOL        width
  X:022DH         SYMBOL        i
  X:022FH         SYMBOL        j
  -------         ENDDO         
  C:6844H         LINE#         1169
  C:6852H         LINE#         1170
  C:6852H         LINE#         1173
  C:686DH         LINE#         1174
  C:688EH         LINE#         1175
  C:68ABH         LINE#         1176
  C:68C7H         LINE#         1177
  C:68C7H         LINE#         1178
  C:68E4H         LINE#         1179
  C:68E4H         LINE#         1180
  C:691AH         LINE#         1181
  C:692AH         LINE#         1182
  C:693BH         LINE#         1183
  -------         ENDPROC       _LCD_COLOR_FILL
  C:7D1FH         SYMBOL        L?0212
  C:7D20H         SYMBOL        L?0213
  -------         PROC          L?0211
  -------         ENDPROC       L?0211
  C:7D1FH         SYMBOL        L?0212
  C:7D20H         SYMBOL        L?0213
  -------         PROC          _LCD_DRAWPOINT
  D:0002H         SYMBOL        x
  D:0082H         SYMBOL        y
  C:7D32H         LINE#         1188
  C:7D3AH         LINE#         1189
  C:7D3AH         LINE#         1190
  C:7D51H         LINE#         1191
  -------         ENDPROC       _LCD_DRAWPOINT
  C:7C0BH         SYMBOL        L?0219
  -------         PROC          L?0218
  -------         ENDPROC       L?0218
  C:7C0BH         SYMBOL        L?0219
  -------         PROC          _LCD_DRAWFRONT_COLOR
  X:0059H         SYMBOL        x
  X:005BH         SYMBOL        y
  X:005DH         SYMBOL        color
  C:7C10H         LINE#         1197
  C:7C28H         LINE#         1198
  C:7C28H         LINE#         1199
  C:7C47H         LINE#         1200
  -------         ENDPROC       _LCD_DRAWFRONT_COLOR
  -------         PROC          _LCD_DRAWBIGPOINT
  X:0366H         SYMBOL        x
  X:0368H         SYMBOL        y
  X:036AH         SYMBOL        color
  C:7A2EH         LINE#         1205
  C:7A42H         LINE#         1206
  C:7A42H         LINE#         1207
  C:7A45H         LINE#         1208
  C:7A5EH         LINE#         1209
BL51 BANKED LINKER/LOCATER V6.22                                                      05/26/2020  14:32:30  PAGE 19


  C:7A7AH         LINE#         1210
  -------         ENDPROC       _LCD_DRAWBIGPOINT
  -------         PROC          _LCD_DRAWLINE
  X:015EH         SYMBOL        x1
  X:0160H         SYMBOL        y1
  D:0002H         SYMBOL        x2
  X:0164H         SYMBOL        y2
  -------         DO            
  X:0166H         SYMBOL        t
  X:0168H         SYMBOL        xerr
  X:016AH         SYMBOL        yerr
  X:016CH         SYMBOL        delta_x
  X:016EH         SYMBOL        delta_y
  X:0170H         SYMBOL        distance
  X:0172H         SYMBOL        incx
  X:0174H         SYMBOL        incy
  X:0176H         SYMBOL        uRow
  X:0178H         SYMBOL        uCol
  -------         ENDDO         
  C:4CC5H         LINE#         1216
  C:4CD3H         LINE#         1217
  C:4CD3H         LINE#         1218
  C:4CDAH         LINE#         1219
  C:4CE2H         LINE#         1221
  C:4CF7H         LINE#         1222
  C:4D12H         LINE#         1223
  C:4D21H         LINE#         1224
  C:4D27H         LINE#         1225
  C:4D43H         LINE#         1226
  C:4D4FH         LINE#         1227
  C:4D64H         LINE#         1228
  C:4D80H         LINE#         1229
  C:4D8CH         LINE#         1230
  C:4DA1H         LINE#         1231
  C:4DC7H         LINE#         1232
  C:4DCCH         LINE#         1233
  C:4DF1H         LINE#         1234
  C:4DF1H         LINE#         1235
  C:4E02H         LINE#         1236
  C:4E16H         LINE#         1237
  C:4E2AH         LINE#         1238
  C:4E46H         LINE#         1239
  C:4E46H         LINE#         1240
  C:4E52H         LINE#         1241
  C:4E66H         LINE#         1242
  C:4E66H         LINE#         1243
  C:4E82H         LINE#         1244
  C:4E82H         LINE#         1245
  C:4E8EH         LINE#         1246
  C:4EA2H         LINE#         1247
  C:4EA2H         LINE#         1248
  C:4EB3H         LINE#         1249
  -------         ENDPROC       _LCD_DRAWLINE
  -------         PROC          _LCD_DRAWLINE_COLOR
  X:0104H         SYMBOL        x1
  X:0106H         SYMBOL        y1
  D:0002H         SYMBOL        x2
BL51 BANKED LINKER/LOCATER V6.22                                                      05/26/2020  14:32:30  PAGE 20


  X:010AH         SYMBOL        y2
  X:010CH         SYMBOL        color
  -------         DO            
  X:010EH         SYMBOL        t
  X:0110H         SYMBOL        xerr
  X:0112H         SYMBOL        yerr
  X:0114H         SYMBOL        delta_x
  X:0116H         SYMBOL        delta_y
  X:0118H         SYMBOL        distance
  X:011AH         SYMBOL        incx
  X:011CH         SYMBOL        incy
  X:011EH         SYMBOL        uRow
  X:0120H         SYMBOL        uCol
  -------         ENDDO         
  C:4EB4H         LINE#         1251
  C:4EC2H         LINE#         1252
  C:4EC2H         LINE#         1254
  C:4ECDH         LINE#         1256
  C:4EE2H         LINE#         1257
  C:4EFDH         LINE#         1258
  C:4F0CH         LINE#         1259
  C:4F12H         LINE#         1260
  C:4F2EH         LINE#         1261
  C:4F3AH         LINE#         1262
  C:4F4FH         LINE#         1263
  C:4F6BH         LINE#         1264
  C:4F77H         LINE#         1265
  C:4F8CH         LINE#         1266
  C:4FB2H         LINE#         1267
  C:4FB7H         LINE#         1268
  C:4FDCH         LINE#         1269
  C:4FDCH         LINE#         1270
  C:4FEFH         LINE#         1271
  C:5003H         LINE#         1272
  C:5017H         LINE#         1273
  C:5033H         LINE#         1274
  C:5033H         LINE#         1275
  C:503FH         LINE#         1276
  C:5053H         LINE#         1277
  C:5053H         LINE#         1278
  C:506FH         LINE#         1279
  C:506FH         LINE#         1280
  C:507BH         LINE#         1281
  C:508FH         LINE#         1282
  C:508FH         LINE#         1283
  C:50A0H         LINE#         1284
  -------         ENDPROC       _LCD_DRAWLINE_COLOR
  -------         PROC          _LCD_DROWSIGN
  X:036CH         SYMBOL        x
  X:036EH         SYMBOL        y
  X:0370H         SYMBOL        color
  -------         DO            
  D:0003H         SYMBOL        i
  -------         ENDDO         
  C:6EC0H         LINE#         1291
  C:6ED8H         LINE#         1292
  C:6ED8H         LINE#         1296
BL51 BANKED LINKER/LOCATER V6.22                                                      05/26/2020  14:32:30  PAGE 21


  C:6F12H         LINE#         1297
  C:6F14H         LINE#         1298
  C:6F14H         LINE#         1299
  C:6F17H         LINE#         1300
  C:6F1CH         LINE#         1303
  C:6F56H         LINE#         1304
  C:6F58H         LINE#         1305
  C:6F58H         LINE#         1306
  C:6F5BH         LINE#         1307
  C:6F60H         LINE#         1310
  C:6F8DH         LINE#         1311
  C:6F8FH         LINE#         1312
  C:6F8FH         LINE#         1313
  C:6F92H         LINE#         1314
  C:6F97H         LINE#         1315
  -------         ENDPROC       _LCD_DROWSIGN
  -------         PROC          _LCD_DRAWRECTANGLE
  X:034EH         SYMBOL        x1
  X:0350H         SYMBOL        y1
  X:0352H         SYMBOL        x2
  X:0354H         SYMBOL        y2
  C:738AH         LINE#         1319
  C:73A0H         LINE#         1320
  C:73A0H         LINE#         1321
  C:73BCH         LINE#         1322
  C:73E3H         LINE#         1323
  C:740BH         LINE#         1324
  -------         ENDPROC       _LCD_DRAWRECTANGLE
  -------         PROC          _LCD_DRAW_CIRCLE
  X:031DH         SYMBOL        x0
  X:031FH         SYMBOL        y0
  D:0003H         SYMBOL        r
  -------         DO            
  X:0321H         SYMBOL        a
  X:0323H         SYMBOL        b
  X:0325H         SYMBOL        di
  -------         ENDDO         
  C:528AH         LINE#         1329
  C:5298H         LINE#         1330
  C:5298H         LINE#         1333
  C:52A7H         LINE#         1334
  C:52BBH         LINE#         1335
  C:52DAH         LINE#         1336
  C:52DAH         LINE#         1337
  C:52E8H         LINE#         1338
  C:5301H         LINE#         1339
  C:532CH         LINE#         1340
  C:5357H         LINE#         1341
  C:5383H         LINE#         1342
  C:53AFH         LINE#         1343
  C:53C6H         LINE#         1344
  C:53E1H         LINE#         1345
  C:53EFH         LINE#         1347
  C:541FH         LINE#         1349
  C:541FH         LINE#         1350
  C:5450H         LINE#         1351
  C:545EH         LINE#         1352
BL51 BANKED LINKER/LOCATER V6.22                                                      05/26/2020  14:32:30  PAGE 22


  C:545EH         LINE#         1353
  C:5461H         LINE#         1354
  -------         ENDPROC       _LCD_DRAW_CIRCLE
  -------         PROC          _LCD_SHOWCHAR
  X:000DH         SYMBOL        x
  X:000FH         SYMBOL        y
  X:0011H         SYMBOL        num
  X:0012H         SYMBOL        size
  X:0013H         SYMBOL        mode
  -------         DO            
  X:0014H         SYMBOL        temp
  X:0015H         SYMBOL        t1
  D:0001H         SYMBOL        t
  X:0016H         SYMBOL        y0
  X:0018H         SYMBOL        csize
  -------         ENDDO         
  C:5AFFH         LINE#         1362
  C:5B14H         LINE#         1363
  C:5B14H         LINE#         1365
  C:5B1CH         LINE#         1366
  C:5B44H         LINE#         1367
  C:5B4BH         LINE#         1368
  C:5B5AH         LINE#         1369
  C:5B5AH         LINE#         1370
  C:5B74H         LINE#         1371
  C:5B8AH         LINE#         1372
  C:5BB7H         LINE#         1374
  C:5BBCH         LINE#         1375
  C:5BBCH         LINE#         1376
  C:5BD6H         LINE#         1377
  C:5BF0H         LINE#         1378
  C:5BF7H         LINE#         1379
  C:5C05H         LINE#         1380
  C:5C1BH         LINE#         1381
  C:5C37H         LINE#         1382
  C:5C37H         LINE#         1383
  C:5C3FH         LINE#         1384
  C:5C4DH         LINE#         1385
  C:5C63H         LINE#         1387
  C:5C63H         LINE#         1388
  C:5C72H         LINE#         1389
  C:5C76H         LINE#         1390
  -------         ENDPROC       _LCD_SHOWCHAR
  -------         PROC          L?0222
  -------         ENDPROC       L?0222
  -------         PROC          _LCD_POW
  X:0372H         SYMBOL        m
  X:0373H         SYMBOL        n
  -------         DO            
  X:0374H         SYMBOL        result
  -------         ENDDO         
  C:7B78H         LINE#         1393
  C:7B80H         LINE#         1394
  C:7B80H         LINE#         1395
  C:7B88H         LINE#         1396
  C:7BB2H         LINE#         1397
  C:7BC0H         LINE#         1398
BL51 BANKED LINKER/LOCATER V6.22                                                      05/26/2020  14:32:30  PAGE 23


  -------         ENDPROC       _LCD_POW
  -------         PROC          _LCD_SHOWNUM
  X:02D5H         SYMBOL        x
  X:02D7H         SYMBOL        y
  X:02D9H         SYMBOL        num
  X:02DDH         SYMBOL        len
  X:02DEH         SYMBOL        size
  -------         DO            
  X:02DFH         SYMBOL        t
  X:02E0H         SYMBOL        temp
  X:02E1H         SYMBOL        enshow
  -------         ENDDO         
  C:6DE4H         LINE#         1405
  C:6DF2H         LINE#         1406
  C:6DF2H         LINE#         1408
  C:6DF7H         LINE#         1409
  C:6E0CH         LINE#         1410
  C:6E0CH         LINE#         1411
  C:6E36H         LINE#         1412
  C:6E49H         LINE#         1413
  C:6E49H         LINE#         1414
  C:6E4DH         LINE#         1415
  C:6E4DH         LINE#         1416
  C:6E77H         LINE#         1417
  C:6E79H         LINE#         1418
  C:6E7FH         LINE#         1420
  C:6E7FH         LINE#         1421
  C:6EB6H         LINE#         1422
  C:6EBFH         LINE#         1423
  -------         ENDPROC       _LCD_SHOWNUM
  -------         PROC          _LCD_SHOWXNUM
  X:02B9H         SYMBOL        x
  X:02BBH         SYMBOL        y
  X:02BDH         SYMBOL        num
  X:02C1H         SYMBOL        len
  X:02C2H         SYMBOL        size
  X:02C3H         SYMBOL        mode
  -------         DO            
  X:02C4H         SYMBOL        t
  X:02C5H         SYMBOL        temp
  X:02C6H         SYMBOL        enshow
  -------         ENDDO         
  C:63EAH         LINE#         1434
  C:63F8H         LINE#         1435
  C:63F8H         LINE#         1437
  C:63FDH         LINE#         1438
  C:6412H         LINE#         1439
  C:6412H         LINE#         1440
  C:643CH         LINE#         1441
  C:6452H         LINE#         1442
  C:6452H         LINE#         1443
  C:6456H         LINE#         1444
  C:6456H         LINE#         1445
  C:648CH         LINE#         1446
  C:64C1H         LINE#         1447
  C:64C3H         LINE#         1448
  C:64C9H         LINE#         1450
BL51 BANKED LINKER/LOCATER V6.22                                                      05/26/2020  14:32:30  PAGE 24


  C:64C9H         LINE#         1451
  C:6509H         LINE#         1452
  C:6512H         LINE#         1453
  -------         ENDPROC       _LCD_SHOWXNUM
  -------         PROC          _LCD_SHOWSTRING
  X:0000H         SYMBOL        x
  X:0002H         SYMBOL        y
  X:0004H         SYMBOL        width
  X:0006H         SYMBOL        height
  X:0008H         SYMBOL        size
  X:0009H         SYMBOL        p
  -------         DO            
  X:000CH         SYMBOL        x0
  -------         ENDDO         
  C:6CFFH         LINE#         1459
  C:6D13H         LINE#         1460
  C:6D13H         LINE#         1461
  C:6D1FH         LINE#         1462
  C:6D2BH         LINE#         1463
  C:6D3FH         LINE#         1464
  C:6D5FH         LINE#         1465
  C:6D5FH         LINE#         1466
  C:6D92H         LINE#         1467
  C:6DA8H         LINE#         1468
  C:6DC2H         LINE#         1469
  C:6DD6H         LINE#         1470
  C:6DE0H         LINE#         1471
  C:6DE3H         LINE#         1472
  -------         ENDPROC       _LCD_SHOWSTRING
  -------         PROC          _LCD_SHOWFONTHZ
  X:0327H         SYMBOL        x
  X:0329H         SYMBOL        y
  X:032BH         SYMBOL        cn
  -------         DO            
  D:0003H         SYMBOL        i
  D:0002H         SYMBOL        j
  X:032EH         SYMBOL        wordNum
  X:032FH         SYMBOL        color
  -------         ENDDO         
  C:62BFH         LINE#         1485
  C:62D6H         LINE#         1486
  C:62D6H         LINE#         1489
  C:62E9H         LINE#         1490
  C:62E9H         LINE#         1491
  C:631FH         LINE#         1492
  C:6331H         LINE#         1493
  C:6331H         LINE#         1494
  C:6372H         LINE#         1496
  C:6372H         LINE#         1498
  C:6373H         LINE#         1499
  C:6373H         LINE#         1500
  C:639AH         LINE#         1501
  C:639CH         LINE#         1502
  C:639CH         LINE#         1503
  C:63A3H         LINE#         1504
  C:63A3H         LINE#         1505
  C:63A6H         LINE#         1506
BL51 BANKED LINKER/LOCATER V6.22                                                      05/26/2020  14:32:30  PAGE 25


  C:63A8H         LINE#         1508
  C:63A8H         LINE#         1509
  C:63AEH         LINE#         1510
  C:63AEH         LINE#         1511
  C:63BBH         LINE#         1512
  C:63C0H         LINE#         1513
  C:63C5H         LINE#         1514
  C:63C5H         LINE#         1515
  C:63CEH         LINE#         1516
  C:63D8H         LINE#         1517
  C:63E6H         LINE#         1518
  C:63E9H         LINE#         1519
  -------         ENDPROC       _LCD_SHOWFONTHZ
  -------         PROC          _LCD_SHOWPICTURE
  X:0209H         SYMBOL        x
  X:020BH         SYMBOL        y
  X:020DH         SYMBOL        wide
  X:020FH         SYMBOL        high
  X:0211H         SYMBOL        pic
  -------         DO            
  X:0214H         SYMBOL        temp
  X:0216H         SYMBOL        tmp
  X:021AH         SYMBOL        num
  -------         ENDDO         
  C:6192H         LINE#         1573
  C:61A6H         LINE#         1574
  C:61A6H         LINE#         1575
  C:61ADH         LINE#         1576
  C:61BFH         LINE#         1577
  C:6206H         LINE#         1578
  C:6229H         LINE#         1580
  C:6229H         LINE#         1581
  C:6256H         LINE#         1582
  C:625FH         LINE#         1583
  C:6279H         LINE#         1584
  C:627CH         LINE#         1585
  C:6299H         LINE#         1586
  C:6299H         LINE#         1587
  C:62BEH         LINE#         1588
  -------         ENDPROC       _LCD_SHOWPICTURE
  -------         ENDMOD        TFTLCD

  -------         MODULE        TOUCH
  C:0000H         SYMBOL        _ICE_DUMMY_
  D:00A0H         PUBLIC        P2
  D:00B0H         PUBLIC        P3
  D:00A8H         PUBLIC        IE
  D:00B8H         PUBLIC        IP
  B:00A0H.0       PUBLIC        TOUCH_DOUT
  D:00D8H         PUBLIC        CCON
  X:02E2H         PUBLIC        xpt_xy
  C:7DD4H         PUBLIC        TOUCH_SPI_Read
  D:0098H         PUBLIC        SCON
  D:0088H         PUBLIC        TCON
  C:5803H         PUBLIC        _TOUCH_XPT_ReadData
  B:00A0H.1       PUBLIC        TOUCH_CLK
  C:7F29H         PUBLIC        _TOUCH_SPI_Write
BL51 BANKED LINKER/LOCATER V6.22                                                      05/26/2020  14:32:30  PAGE 26


  B:00A0H.2       PUBLIC        TOUCH_DIN
  C:7FBDH         PUBLIC        TOUCH_SPI_Start
  C:6052H         PUBLIC        TOUCH_Scan
  C:6513H         PUBLIC        TOUCH_XPT_ReadXY
  D:00D0H         PUBLIC        PSW
  B:00A0H.3       PUBLIC        TOUCH_CS
  -------         PROC          TOUCH_SPI_START
  C:7FBDH         LINE#         9
  C:7FBDH         LINE#         10
  C:7FBDH         LINE#         11
  C:7FBFH         LINE#         12
  C:7FC1H         LINE#         13
  C:7FC3H         LINE#         14
  C:7FC5H         LINE#         15
  C:7FC7H         LINE#         16
  -------         ENDPROC       TOUCH_SPI_START
  -------         PROC          _TOUCH_SPI_WRITE
  D:0007H         SYMBOL        dat
  -------         DO            
  D:0006H         SYMBOL        i
  -------         ENDDO         
  C:7F29H         LINE#         18
  C:7F29H         LINE#         19
  C:7F29H         LINE#         21
  C:7F2BH         LINE#         22
  C:7F2DH         LINE#         23
  C:7F2DH         LINE#         24
  C:7F38H         LINE#         25
  C:7F3CH         LINE#         26
  C:7F3EH         LINE#         28
  C:7F40H         LINE#         30
  C:7F45H         LINE#         31
  -------         ENDPROC       _TOUCH_SPI_WRITE
  -------         PROC          TOUCH_SPI_READ
  -------         DO            
  D:0004H         SYMBOL        i
  X:038AH         SYMBOL        dat
  -------         ENDDO         
  C:7DD4H         LINE#         33
  C:7DD4H         LINE#         34
  C:7DD4H         LINE#         35
  C:7DDBH         LINE#         36
  C:7DDDH         LINE#         37
  C:7DDFH         LINE#         38
  C:7DDFH         LINE#         39
  C:7DECH         LINE#         41
  C:7DEEH         LINE#         42
  C:7DF0H         LINE#         44
  C:7DFBH         LINE#         46
  C:7E06H         LINE#         47
  C:7E0EH         LINE#         48
  -------         ENDPROC       TOUCH_SPI_READ
  -------         PROC          L?0046
  -------         ENDPROC       L?0046
  -------         PROC          _TOUCH_XPT_READDATA
  D:0003H         SYMBOL        cmd
  -------         DO            
BL51 BANKED LINKER/LOCATER V6.22                                                      05/26/2020  14:32:30  PAGE 27


  X:017AH         SYMBOL        i
  X:017BH         SYMBOL        j
  X:017CH         SYMBOL        readValue
  X:0190H         SYMBOL        endValue
  -------         ENDDO         
  C:5803H         LINE#         52
  C:5805H         LINE#         53
  C:5805H         LINE#         58
  C:5807H         LINE#         59
  C:5809H         LINE#         61
  C:580EH         LINE#         62
  C:580EH         LINE#         63
  C:5813H         LINE#         65
  C:5822H         LINE#         66
  C:5824H         LINE#         67
  C:5825H         LINE#         68
  C:5826H         LINE#         69
  C:5828H         LINE#         70
  C:5829H         LINE#         71
  C:582AH         LINE#         73
  C:5841H         LINE#         74
  C:584DH         LINE#         75
  C:584FH         LINE#         79
  C:5861H         LINE#         80
  C:5861H         LINE#         81
  C:5872H         LINE#         82
  C:5872H         LINE#         83
  C:589DH         LINE#         84
  C:589DH         LINE#         85
  C:58B7H         LINE#         86
  C:58DDH         LINE#         87
  C:58F8H         LINE#         88
  C:58F8H         LINE#         89
  C:5901H         LINE#         90
  C:590AH         LINE#         95
  C:5914H         LINE#         96
  C:591AH         LINE#         97
  C:591AH         LINE#         98
  C:5951H         LINE#         99
  C:595BH         LINE#         100
  C:5978H         LINE#         102
  C:5982H         LINE#         103
  -------         ENDPROC       _TOUCH_XPT_READDATA
  -------         PROC          TOUCH_XPT_READXY
  -------         DO            
  X:0331H         SYMBOL        x1
  X:0333H         SYMBOL        x2
  X:0335H         SYMBOL        x
  X:0337H         SYMBOL        y1
  D:0004H         SYMBOL        y2
  X:0339H         SYMBOL        y
  -------         ENDDO         
  C:6513H         LINE#         107
  C:6513H         LINE#         108
  C:6513H         LINE#         111
  C:6516H         LINE#         113
  C:651EH         LINE#         114
BL51 BANKED LINKER/LOCATER V6.22                                                      05/26/2020  14:32:30  PAGE 28


  C:6529H         LINE#         115
  C:6531H         LINE#         116
  C:6538H         LINE#         120
  C:654EH         LINE#         121
  C:654EH         LINE#         122
  C:6556H         LINE#         123
  C:6558H         LINE#         125
  C:6558H         LINE#         126
  C:6573H         LINE#         127
  C:6573H         LINE#         130
  C:6581H         LINE#         131
  C:6581H         LINE#         132
  C:6586H         LINE#         133
  C:6588H         LINE#         135
  C:6588H         LINE#         136
  C:659BH         LINE#         137
  C:659BH         LINE#         140
  C:65B8H         LINE#         141
  C:65B8H         LINE#         142
  C:65BBH         LINE#         143
  C:65BBH         LINE#         146
  C:65DCH         LINE#         147
  C:65F5H         LINE#         149
  C:65FCH         LINE#         150
  C:6603H         LINE#         153
  C:6621H         LINE#         154
  C:6621H         LINE#         155
  C:6624H         LINE#         156
  C:6624H         LINE#         158
  C:6626H         LINE#         159
  -------         ENDPROC       TOUCH_XPT_READXY
  -------         PROC          TOUCH_SCAN
  -------         DO            
  X:037EH         SYMBOL        res
  X:037FH         SYMBOL        temp
  -------         ENDDO         
  C:6052H         LINE#         163
  C:6052H         LINE#         164
  C:6052H         LINE#         165
  C:6057H         LINE#         168
  C:6060H         LINE#         169
  C:6060H         LINE#         172
  C:6069H         LINE#         173
  C:6069H         LINE#         175
  C:607AH         LINE#         176
  C:60AFH         LINE#         177
  C:60C0H         LINE#         178
  C:60EAH         LINE#         216
  C:60EDH         LINE#         218
  C:60EDH         LINE#         220
  C:6104H         LINE#         221
  C:6139H         LINE#         222
  C:614AH         LINE#         223
  C:617FH         LINE#         261
  C:617FH         LINE#         278
  C:6185H         LINE#         279
  C:6185H         LINE#         280
BL51 BANKED LINKER/LOCATER V6.22                                                      05/26/2020  14:32:30  PAGE 29


  C:6187H         LINE#         282
  C:618CH         LINE#         283
  C:6191H         LINE#         284
  -------         ENDPROC       TOUCH_SCAN
  -------         ENDMOD        TOUCH

  -------         MODULE        GUI
  C:0000H         SYMBOL        _ICE_DUMMY_
  C:7BC1H         PUBLIC        _gui_pow
  D:00A0H         PUBLIC        P2
  D:00B0H         PUBLIC        P3
  C:7434H         PUBLIC        _gui_num2str
  C:444AH         PUBLIC        _gui_show_ptstr
  D:00A8H         PUBLIC        IE
  C:5983H         PUBLIC        _gui_get_stringline
  D:00B8H         PUBLIC        IP
  C:6A33H         PUBLIC        _gui_draw_bigpoint
  C:5639H         PUBLIC        _gui_show_num
  C:7AA1H         PUBLIC        _gui_disabs
  C:3F9BH         PUBLIC        _gui_fill_ellipse
  D:00D8H         PUBLIC        CCON
  C:2E49H         PUBLIC        _gui_fill_circle
  C:22CCH         PUBLIC        _gui_draw_ellipse
  C:1C19H         PUBLIC        _gui_draw_arcrectangle
  D:0098H         PUBLIC        SCON
  C:693CH         PUBLIC        _gui_alphablend_area
  D:0088H         PUBLIC        TCON
  C:6B27H         PUBLIC        _gui_alpha_blend565
  C:7D5CH         PUBLIC        _gui_rgb332torgb565
  C:5C77H         PUBLIC        _gui_show_strmidex
  C:7301H         PUBLIC        _gui_draw_expoint
  C:48B6H         PUBLIC        _gui_show_stringex
  C:3AD2H         PUBLIC        _gui_draw_bline
  C:50A1H         PUBLIC        _gui_smooth_color
  C:79B3H         PUBLIC        _gui_draw_hline
  C:41FCH         PUBLIC        _gui_show_ptchar
  C:74F3H         PUBLIC        _gui_draw_vline
  C:7933H         PUBLIC        _gui_color_chg
  C:5DC3H         PUBLIC        _gui_show_strmid
  C:5F0BH         PUBLIC        _gui_fill_colorblock
  C:4AD2H         PUBLIC        _gui_draw_line
  C:7D98H         PUBLIC        _gui_draw_point
  C:7202H         PUBLIC        _gui_num2strex
  C:3884H         PUBLIC        _gui_draw_circle8
  C:4690H         PUBLIC        _gui_show_string
  C:76A6H         PUBLIC        _gui_fill_rectangle
  C:547EH         PUBLIC        _gui_draw_arc
  C:6738H         PUBLIC        _gui_draw_smooth_rectangle
  C:713AH         PUBLIC        _gui_draw_rectangle
  C:26D0H         PUBLIC        _gui_draw_bline1
  D:00D0H         PUBLIC        PSW
  C:6F98H         PUBLIC        _gui_show_ptstrwhiterim
  -------         PROC          _GUI_COLOR_CHG
  X:0356H         SYMBOL        rgb
  -------         DO            
  X:035AH         SYMBOL        r
  X:035CH         SYMBOL        g
BL51 BANKED LINKER/LOCATER V6.22                                                      05/26/2020  14:32:30  PAGE 30


  D:0004H         SYMBOL        b
  -------         ENDDO         
  C:7933H         LINE#         15
  C:7939H         LINE#         16
  C:7939H         LINE#         18
  C:7952H         LINE#         19
  C:7971H         LINE#         20
  C:798CH         LINE#         21
  C:79B2H         LINE#         22
  -------         ENDPROC       _GUI_COLOR_CHG
  -------         PROC          _GUI_RGB332TORGB565
  D:0004H         SYMBOL        rgb332
  -------         DO            
  D:0002H         SYMBOL        rgb565
  -------         ENDDO         
  C:7D5CH         LINE#         26
  C:7D60H         LINE#         27
  C:7D60H         LINE#         28
  C:7D64H         LINE#         29
  C:7D79H         LINE#         30
  C:7D8EH         LINE#         31
  C:7D94H         LINE#         32
  C:7D97H         LINE#         33
  -------         ENDPROC       _GUI_RGB332TORGB565
  -------         PROC          _GUI_POW
  X:0378H         SYMBOL        m
  X:0379H         SYMBOL        n
  -------         DO            
  X:037AH         SYMBOL        result
  -------         ENDDO         
  C:7BC1H         LINE#         35
  C:7BC9H         LINE#         36
  C:7BC9H         LINE#         37
  C:7BD1H         LINE#         38
  C:7BFBH         LINE#         39
  C:7C09H         LINE#         40
  -------         ENDPROC       _GUI_POW
  -------         PROC          _GUI_DISABS
  X:035EH         SYMBOL        x1
  X:0362H         SYMBOL        x2
  C:7AA1H         LINE#         42
  C:7AA7H         LINE#         43
  C:7AA7H         LINE#         44
  C:7B0BH         LINE#         45
  -------         ENDPROC       _GUI_DISABS
  -------         PROC          _GUI_DRAW_POINT
  X:0383H         SYMBOL        x0
  D:0004H         SYMBOL        y0
  D:0002H         SYMBOL        color
  -------         DO            
  X:0385H         SYMBOL        tempcolor
  -------         ENDDO         
  C:7D98H         LINE#         51
  C:7DA0H         LINE#         52
  C:7DA0H         LINE#         53
  C:7DAFH         LINE#         54
  C:7DB9H         LINE#         55
BL51 BANKED LINKER/LOCATER V6.22                                                      05/26/2020  14:32:30  PAGE 31


  C:7DC4H         LINE#         56
  C:7DD3H         LINE#         57
  -------         ENDPROC       _GUI_DRAW_POINT
  -------         PROC          _GUI_ALPHABLEND_AREA
  X:0268H         SYMBOL        x
  X:026AH         SYMBOL        y
  X:026CH         SYMBOL        width
  X:026EH         SYMBOL        height
  X:0270H         SYMBOL        color
  X:0272H         SYMBOL        aval
  -------         DO            
  X:0273H         SYMBOL        i
  X:0275H         SYMBOL        j
  X:0277H         SYMBOL        tempcolor
  -------         ENDDO         
  C:693CH         LINE#         63
  C:6950H         LINE#         64
  C:6950H         LINE#         67
  C:696FH         LINE#         68
  C:696FH         LINE#         69
  C:698EH         LINE#         70
  C:698EH         LINE#         71
  C:69C1H         LINE#         72
  C:69D7H         LINE#         73
  C:6A0AH         LINE#         74
  C:6A1EH         LINE#         75
  C:6A32H         LINE#         76
  -------         ENDPROC       _GUI_ALPHABLEND_AREA
  -------         PROC          _GUI_DRAW_BIGPOINT
  X:004BH         SYMBOL        x0
  X:004DH         SYMBOL        y0
  X:004FH         SYMBOL        color
  -------         DO            
  X:0051H         SYMBOL        i
  X:0053H         SYMBOL        j
  X:0055H         SYMBOL        x
  X:0057H         SYMBOL        y
  -------         ENDDO         
  C:6A33H         LINE#         82
  C:6A49H         LINE#         83
  C:6A49H         LINE#         86
  C:6A64H         LINE#         87
  C:6A73H         LINE#         88
  C:6A8FH         LINE#         89
  C:6A9EH         LINE#         90
  C:6AC8H         LINE#         91
  C:6AC8H         LINE#         92
  C:6B16H         LINE#         93
  C:6B26H         LINE#         94
  -------         ENDPROC       _GUI_DRAW_BIGPOINT
  -------         PROC          _GUI_DRAW_LINE
  X:0122H         SYMBOL        x0
  X:0124H         SYMBOL        y0
  D:0002H         SYMBOL        x1
  X:0128H         SYMBOL        y1
  X:012AH         SYMBOL        color
  -------         DO            
BL51 BANKED LINKER/LOCATER V6.22                                                      05/26/2020  14:32:30  PAGE 32


  X:012CH         SYMBOL        t
  X:012EH         SYMBOL        xerr
  X:0130H         SYMBOL        yerr
  X:0132H         SYMBOL        delta_x
  X:0134H         SYMBOL        delta_y
  X:0136H         SYMBOL        distance
  X:0138H         SYMBOL        incx
  X:013AH         SYMBOL        incy
  X:013CH         SYMBOL        uRow
  X:013EH         SYMBOL        uCol
  -------         ENDDO         
  C:4AD2H         LINE#         98
  C:4AE0H         LINE#         99
  C:4AE0H         LINE#         101
  C:4AEBH         LINE#         104
  C:4B00H         LINE#         105
  C:4B1BH         LINE#         106
  C:4B2AH         LINE#         107
  C:4B30H         LINE#         108
  C:4B4CH         LINE#         109
  C:4B58H         LINE#         110
  C:4B6DH         LINE#         111
  C:4B89H         LINE#         112
  C:4B95H         LINE#         113
  C:4BAAH         LINE#         114
  C:4BD0H         LINE#         115
  C:4BD5H         LINE#         116
  C:4BFAH         LINE#         117
  C:4BFAH         LINE#         118
  C:4C13H         LINE#         119
  C:4C27H         LINE#         120
  C:4C3BH         LINE#         121
  C:4C57H         LINE#         122
  C:4C57H         LINE#         123
  C:4C63H         LINE#         124
  C:4C77H         LINE#         125
  C:4C77H         LINE#         126
  C:4C93H         LINE#         127
  C:4C93H         LINE#         128
  C:4C9FH         LINE#         129
  C:4CB3H         LINE#         130
  C:4CB3H         LINE#         131
  C:4CC4H         LINE#         132
  -------         ENDPROC       _GUI_DRAW_LINE
  -------         PROC          _GUI_DRAW_BLINE
  X:00E5H         SYMBOL        x1
  X:00E7H         SYMBOL        y1
  X:00E9H         SYMBOL        x2
  X:00EBH         SYMBOL        y2
  X:00EDH         SYMBOL        size
  X:00EEH         SYMBOL        color
  -------         DO            
  X:00F0H         SYMBOL        t
  X:00F2H         SYMBOL        xerr
  X:00F4H         SYMBOL        yerr
  X:00F6H         SYMBOL        delta_x
  X:00F8H         SYMBOL        delta_y
BL51 BANKED LINKER/LOCATER V6.22                                                      05/26/2020  14:32:30  PAGE 33


  X:00FAH         SYMBOL        distance
  X:00FCH         SYMBOL        incx
  X:00FEH         SYMBOL        incy
  X:0100H         SYMBOL        uRow
  X:0102H         SYMBOL        uCol
  -------         ENDDO         
  C:3AD2H         LINE#         137
  C:3AE6H         LINE#         138
  C:3AE6H         LINE#         140
  C:3AF1H         LINE#         142
  C:3B36H         LINE#         143
  C:3B4FH         LINE#         144
  C:3B6AH         LINE#         145
  C:3B85H         LINE#         146
  C:3B8DH         LINE#         147
  C:3B9BH         LINE#         148
  C:3BB7H         LINE#         149
  C:3BC3H         LINE#         150
  C:3BD8H         LINE#         151
  C:3BF4H         LINE#         152
  C:3C00H         LINE#         153
  C:3C15H         LINE#         154
  C:3C3BH         LINE#         155
  C:3C40H         LINE#         156
  C:3C65H         LINE#         157
  C:3C65H         LINE#         158
  C:3C8CH         LINE#         159
  C:3CA0H         LINE#         160
  C:3CB4H         LINE#         161
  C:3CF0H         LINE#         162
  C:3D2CH         LINE#         163
  C:3D3DH         LINE#         164
  -------         ENDPROC       _GUI_DRAW_BLINE
  -------         PROC          _GUI_DRAW_BLINE1
  X:000CH         SYMBOL        x0
  X:000EH         SYMBOL        y0
  D:0002H         SYMBOL        x1
  X:0012H         SYMBOL        y1
  X:0014H         SYMBOL        size
  X:0015H         SYMBOL        color
  -------         DO            
  X:0017H         SYMBOL        t
  X:0019H         SYMBOL        xerr
  X:001BH         SYMBOL        yerr
  X:001DH         SYMBOL        delta_x
  X:001FH         SYMBOL        delta_y
  X:0021H         SYMBOL        distance
[...]


  -------         PROC          _GUI_SHOW_NUM
  X:02A9H         SYMBOL        x
  X:02ABH         SYMBOL        y
  X:02ADH         SYMBOL        len
  X:02AEH         SYMBOL        color
  X:02B0H         SYMBOL        size
  X:02B1H         SYMBOL        num
  X:02B5H         SYMBOL        mode
  -------         DO            
  X:02B6H         SYMBOL        t
  X:02B7H         SYMBOL        temp
  X:02B8H         SYMBOL        enshow
  -------         ENDDO         
  C:5639H         LINE#         648
  C:564AH         LINE#         649
  C:564AH         LINE#         651
  C:564FH         LINE#         652
  C:5664H         LINE#         653
  C:5664H         LINE#         654
  C:5695H         LINE#         655
  C:56AEH         LINE#         656
  C:56AEH         LINE#         657
  C:56B5H         LINE#         658
  C:56B5H         LINE#         659
  C:5717H         LINE#         660
  C:5773H         LINE#         661
  C:5775H         LINE#         662
  C:577BH         LINE#         664
  C:577BH         LINE#         665
  C:57F2H         LINE#         666
  C:57FBH         LINE#         667
  -------         ENDPROC       _GUI_SHOW_NUM
  -------         PROC          _GUI_NUM2STR
  X:0345H         SYMBOL        str
  X:0348H         SYMBOL        num
  -------         DO            
  X:034CH         SYMBOL        t
  D:0007H         SYMBOL        temp
  X:034DH         SYMBOL        enrec
  -------         ENDDO         
  C:7434H         LINE#         672
  C:7443H         LINE#         673
  C:7443H         LINE#         675
  C:7448H         LINE#         676
  C:7456H         LINE#         677
  C:7456H         LINE#         678
  C:7484H         LINE#         679
  C:7493H         LINE#         680
  C:7493H         LINE#         681
  C:7498H         LINE#         682
  C:749EH         LINE#         683
  C:749EH         LINE#         684
  C:74B1H         LINE#         685
  C:74BBH         LINE#         686
  C:74C3H         LINE#         687
  C:74D2H         LINE#         688
  C:74DDH         LINE#         689
BL51 BANKED LINKER/LOCATER V6.22                                                      05/26/2020  14:32:30  PAGE 45


  -------         ENDPROC       _GUI_NUM2STR
  -------         PROC          _GUI_NUM2STREX
  X:000DH         SYMBOL        n
  X:000FH         SYMBOL        str
  -------         DO            
  D:0003H         SYMBOL        i
  X:0012H         SYMBOL        j
  X:0013H         SYMBOL        k
  X:0014H         SYMBOL        s
  -------         ENDDO         
  C:7202H         LINE#         694
  C:7213H         LINE#         695
  C:7213H         LINE#         696
  C:7219H         LINE#         700
  C:7219H         LINE#         701
  C:7241H         LINE#         702
  C:7241H         LINE#         703
  C:7262H         LINE#         704
  C:7276H         LINE#         705
  C:72AEH         LINE#         706
  -------         ENDPROC       _GUI_NUM2STREX
  -------         PROC          _GUI_SHOW_PTSTR
  X:001FH         SYMBOL        x
  X:0021H         SYMBOL        y
  X:0023H         SYMBOL        xend
  X:0025H         SYMBOL        yend
  X:0027H         SYMBOL        offset
  X:0029H         SYMBOL        color
  X:002BH         SYMBOL        size
  X:002CH         SYMBOL        str
  X:002FH         SYMBOL        mode
  -------         DO            
  X:0030H         SYMBOL        bHz
  X:0031H         SYMBOL        EnDisp
  -------         ENDDO         
  C:444AH         LINE#         717
  C:445EH         LINE#         718
  C:445EH         LINE#         719
  C:4463H         LINE#         720
  C:4465H         LINE#         721
  C:4479H         LINE#         722
  C:4479H         LINE#         723
  C:4482H         LINE#         724
  C:4482H         LINE#         725
  C:448DH         LINE#         727
  C:448DH         LINE#         728
  C:4493H         LINE#         729
  C:4493H         LINE#         730
  C:44AAH         LINE#         731
  C:44AAH         LINE#         732
  C:44B7H         LINE#         733
  C:44B9H         LINE#         734
  C:44B9H         LINE#         735
  C:44D0H         LINE#         736
  C:44D6H         LINE#         737
  C:44D6H         LINE#         738
  C:44D6H         LINE#         739
BL51 BANKED LINKER/LOCATER V6.22                                                      05/26/2020  14:32:30  PAGE 46


  C:44E1H         LINE#         740
  C:44E1H         LINE#         741
  C:4549H         LINE#         742
  C:457CH         LINE#         743
  C:4584H         LINE#         744
  C:458FH         LINE#         745
  C:458FH         LINE#         746
  C:459CH         LINE#         747
  C:45A3H         LINE#         748
  C:45A3H         LINE#         749
  C:45A3H         LINE#         750
  C:45BBH         LINE#         751
  C:45C2H         LINE#         752
  C:45C2H         LINE#         753
  C:45C5H         LINE#         754
  C:45C5H         LINE#         755
  C:45CAH         LINE#         756
  C:45CEH         LINE#         757
  C:45CEH         LINE#         758
  C:45E3H         LINE#         759
  C:45E3H         LINE#         760
  C:45F0H         LINE#         761
  C:45F2H         LINE#         762
  C:45F2H         LINE#         763
  C:4609H         LINE#         764
  C:460FH         LINE#         765
  C:460FH         LINE#         766
  C:460FH         LINE#         767
  C:4615H         LINE#         768
  C:4615H         LINE#         770
  C:4646H         LINE#         771
  C:464EH         LINE#         772
  C:4659H         LINE#         773
  C:4659H         LINE#         774
  C:4666H         LINE#         775
  C:466DH         LINE#         776
  C:466DH         LINE#         777
  C:466DH         LINE#         778
  C:4682H         LINE#         779
  C:468CH         LINE#         780
  C:468CH         LINE#         781
  C:468FH         LINE#         782
  -------         ENDPROC       _GUI_SHOW_PTSTR
  -------         PROC          _GUI_SHOW_PTSTRWHITERIM
  X:0256H         SYMBOL        x
  X:0258H         SYMBOL        y
  X:025AH         SYMBOL        xend
  X:025CH         SYMBOL        yend
  X:025EH         SYMBOL        offset
  X:0260H         SYMBOL        color
  X:0262H         SYMBOL        rimcolor
  X:0264H         SYMBOL        size
  X:0265H         SYMBOL        str
  C:6F98H         LINE#         792
  C:6FACH         LINE#         793
  C:6FACH         LINE#         794
  C:7003H         LINE#         795
BL51 BANKED LINKER/LOCATER V6.22                                                      05/26/2020  14:32:30  PAGE 47


  -------         ENDPROC       _GUI_SHOW_PTSTRWHITERIM
  -------         PROC          _GUI_GET_STRINGLINE
  X:02FCH         SYMBOL        str
  X:02FFH         SYMBOL        linelenth
  X:0301H         SYMBOL        font
  -------         DO            
  X:0302H         SYMBOL        xpos
  X:0304H         SYMBOL        lincnt
  -------         ENDDO         
  C:5983H         LINE#         803
  C:5996H         LINE#         804
  C:5996H         LINE#         805
  C:599DH         LINE#         806
  C:59A5H         LINE#         807
  C:59BBH         LINE#         808
  C:59EBH         LINE#         809
  C:59EBH         LINE#         810
  C:5A0BH         LINE#         811
  C:5A0BH         LINE#         812
  C:5A1AH         LINE#         813
  C:5A21H         LINE#         814
  C:5A40H         LINE#         815
  C:5A47H         LINE#         816
  C:5A5DH         LINE#         817
  C:5A5DH         LINE#         818
  C:5A70H         LINE#         819
  C:5A7AH         LINE#         820
  C:5A92H         LINE#         821
  C:5A92H         LINE#         822
  C:5A92H         LINE#         823
  C:5A92H         LINE#         824
  C:5A92H         LINE#         825
  C:5A94H         LINE#         826
  C:5A94H         LINE#         827
  C:5AA9H         LINE#         828
  C:5AB3H         LINE#         829
  C:5ACBH         LINE#         830
  C:5ACBH         LINE#         831
  C:5AD0H         LINE#         832
  C:5AEDH         LINE#         833
  C:5AEDH         LINE#         834
  C:5AEDH         LINE#         835
  C:5AF0H         LINE#         836
  C:5AFEH         LINE#         837
  -------         ENDPROC       _GUI_GET_STRINGLINE
  -------         PROC          _GUI_SHOW_STRING
  X:01F3H         SYMBOL        str
  X:01F6H         SYMBOL        x
  X:01F8H         SYMBOL        y
  X:01FAH         SYMBOL        width
  X:01FCH         SYMBOL        height
  X:01FEH         SYMBOL        font
  X:01FFH         SYMBOL        fcolor
  -------         DO            
  X:0201H         SYMBOL        xpos
  X:0203H         SYMBOL        ypos
  X:0205H         SYMBOL        endx
BL51 BANKED LINKER/LOCATER V6.22                                                      05/26/2020  14:32:30  PAGE 48


  X:0207H         SYMBOL        endy
  -------         ENDDO         
  C:4690H         LINE#         844
  C:46A1H         LINE#         845
  C:46A1H         LINE#         846
  C:46B1H         LINE#         847
  C:46C1H         LINE#         848
  C:46DBH         LINE#         849
  C:46F5H         LINE#         850
  C:470DH         LINE#         851
  C:4720H         LINE#         852
  C:4720H         LINE#         853
  C:4734H         LINE#         854
  C:4734H         LINE#         855
  C:4743H         LINE#         856
  C:474AH         LINE#         857
  C:4759H         LINE#         858
  C:476BH         LINE#         859
  C:477FH         LINE#         860
  C:477FH         LINE#         861
  C:47A7H         LINE#         862
  C:47A7H         LINE#         863
  C:47B6H         LINE#         864
  C:47C2H         LINE#         865
  C:47C2H         LINE#         867
  C:47D4H         LINE#         868
  C:47DBH         LINE#         870
  C:47DEH         LINE#         871
  C:47DEH         LINE#         872
  C:4808H         LINE#         873
  C:4808H         LINE#         874
  C:4817H         LINE#         875
  C:4824H         LINE#         876
  C:4824H         LINE#         877
  C:487EH         LINE#         878
  C:4892H         LINE#         879
  C:489CH         LINE#         880
  C:489CH         LINE#         881
  C:48B5H         LINE#         883
  -------         ENDPROC       _GUI_SHOW_STRING
  -------         PROC          _GUI_SHOW_STRINGEX
  X:01DCH         SYMBOL        x
  X:01DEH         SYMBOL        y
  D:0002H         SYMBOL        width
  X:01E2H         SYMBOL        height
  X:01E4H         SYMBOL        fcolor
  X:01E6H         SYMBOL        font
  X:01E7H         SYMBOL        str
  X:01EAH         SYMBOL        mode
  -------         DO            
  X:01EBH         SYMBOL        xpos
  X:01EDH         SYMBOL        ypos
  X:01EFH         SYMBOL        endx
  X:01F1H         SYMBOL        endy
  -------         ENDDO         
  C:48B6H         LINE#         891
  C:48C4H         LINE#         892
BL51 BANKED LINKER/LOCATER V6.22                                                      05/26/2020  14:32:30  PAGE 49


  C:48C4H         LINE#         893
  C:48D4H         LINE#         894
  C:48E3H         LINE#         895
  C:48F3H         LINE#         896
  C:4913H         LINE#         897
  C:4925H         LINE#         898
  C:4938H         LINE#         899
  C:4938H         LINE#         900
  C:494CH         LINE#         901
  C:494CH         LINE#         902
  C:495BH         LINE#         903
  C:4962H         LINE#         904
  C:4971H         LINE#         905
  C:4983H         LINE#         906
  C:4997H         LINE#         907
  C:4997H         LINE#         908
  C:49BFH         LINE#         909
  C:49BFH         LINE#         910
  C:49CEH         LINE#         911
  C:49DAH         LINE#         912
  C:49DAH         LINE#         914
  C:49ECH         LINE#         915
  C:49F3H         LINE#         917
  C:49F6H         LINE#         918
  C:49F6H         LINE#         919
  C:4A20H         LINE#         920
  C:4A20H         LINE#         921
  C:4A2FH         LINE#         922
  C:4A3CH         LINE#         923
  C:4A3CH         LINE#         924
  C:4A9AH         LINE#         925
  C:4AAEH         LINE#         926
  C:4AB8H         LINE#         927
  C:4AB8H         LINE#         928
  C:4AD1H         LINE#         930
  -------         ENDPROC       _GUI_SHOW_STRINGEX
  -------         ENDMOD        GUI

  -------         MODULE        ?C?CLDPTR
  C:2A9AH         PUBLIC        ?C?CLDPTR
  -------         ENDMOD        ?C?CLDPTR

  -------         MODULE        ?C?CLDOPTR
  C:2AB3H         PUBLIC        ?C?CLDOPTR
  -------         ENDMOD        ?C?CLDOPTR

  -------         MODULE        ?C?CSTPTR
  C:2AE0H         PUBLIC        ?C?CSTPTR
  -------         ENDMOD        ?C?CSTPTR

  -------         MODULE        ?C?CSTOPTR
  C:2AF2H         PUBLIC        ?C?CSTOPTR
  -------         ENDMOD        ?C?CSTOPTR

  -------         MODULE        ?C?IMUL
  C:2B14H         PUBLIC        ?C?IMUL
  -------         ENDMOD        ?C?IMUL
BL51 BANKED LINKER/LOCATER V6.22                                                      05/26/2020  14:32:30  PAGE 50



  -------         MODULE        ?C?UIDIV
  C:2B26H         PUBLIC        ?C?UIDIV
  -------         ENDMOD        ?C?UIDIV

  -------         MODULE        ?C?SIDIV
  C:2B7BH         PUBLIC        ?C?SIDIV
  -------         ENDMOD        ?C?SIDIV

  -------         MODULE        ?C?IILDX
  C:2BB1H         PUBLIC        ?C?IILDX
  -------         ENDMOD        ?C?IILDX

  -------         MODULE        ?C?ILDIX
  C:2BC7H         PUBLIC        ?C?ILDIX
  -------         ENDMOD        ?C?ILDIX

  -------         MODULE        ?C?ILDOPTR
  C:2BDDH         PUBLIC        ?C?ILDOPTR
  -------         ENDMOD        ?C?ILDOPTR

  -------         MODULE        ?C?ISTOPTR
  C:2C15H         PUBLIC        ?C?ISTOPTR
  -------         ENDMOD        ?C?ISTOPTR

  -------         MODULE        ?C?LMUL
  C:2C42H         PUBLIC        ?C?LMUL
  -------         ENDMOD        ?C?LMUL

  -------         MODULE        ?C?ULDIV
  C:2CCDH         PUBLIC        ?C?ULDIV
  -------         ENDMOD        ?C?ULDIV

  -------         MODULE        ?C?SLDIV
  C:7C98H         PUBLIC        ?C?SLDIV
  -------         ENDMOD        ?C?SLDIV

  -------         MODULE        ?C?SLCMP
  C:2D5FH         PUBLIC        ?C?SLCMP
  -------         ENDMOD        ?C?SLCMP

  -------         MODULE        ?C?ULCMP
  C:2D75H         PUBLIC        ?C?ULCMP
  -------         ENDMOD        ?C?ULCMP

  -------         MODULE        ?C?ULSHR
  C:2D86H         PUBLIC        ?C?ULSHR
  -------         ENDMOD        ?C?ULSHR

  -------         MODULE        ?C?LSTXDATA
  C:2D99H         PUBLIC        ?C?LSTXDATA
  -------         ENDMOD        ?C?LSTXDATA

  -------         MODULE        ?C?LSTKXDATA
  C:2DA5H         PUBLIC        ?C?LSTKXDATA
  -------         ENDMOD        ?C?LSTKXDATA

BL51 BANKED LINKER/LOCATER V6.22                                                      05/26/2020  14:32:30  PAGE 51


  -------         MODULE        ?C?LIMUL
  C:2DD6H         PUBLIC        ?C?LIMUL
  -------         ENDMOD        ?C?LIMUL

  -------         MODULE        PRINTF
  X:0000H         PUBLIC        ?_PRINTF517?BYTE
  X:0000H         PUBLIC        ?_PRINTF?BYTE
  X:0000H         PUBLIC        ?_SPRINTF517?BYTE
  X:0000H         PUBLIC        ?_SPRINTF?BYTE
  C:3254H         PUBLIC        _PRINTF
  C:3254H         PUBLIC        _PRINTF517
  C:324EH         PUBLIC        _SPRINTF
  C:324EH         PUBLIC        _SPRINTF517
  -------         ENDMOD        PRINTF

  -------         MODULE        STRLEN
  C:7F76H         PUBLIC        _STRLEN
  -------         ENDMOD        STRLEN

  -------         MODULE        ?C?PLDIXDATA
  C:2E03H         PUBLIC        ?C?PLDIXDATA
  -------         ENDMOD        ?C?PLDIXDATA

  -------         MODULE        ?C?PSTXDATA
  C:2E1AH         PUBLIC        ?C?PSTXDATA
  -------         ENDMOD        ?C?PSTXDATA

  -------         MODULE        ?C?CCASE
  C:2E23H         PUBLIC        ?C?CCASE
  -------         ENDMOD        ?C?CCASE

  -------         MODULE        PUTCHAR
  C:7E9AH         PUBLIC        _PUTCHAR
  -------         ENDMOD        PUTCHAR

*** WARNING L16: UNCALLED SEGMENT, IGNORED FOR OVERLAY PROCESS
    SEGMENT: ?PR?_UART_CMD?UART

*** WARNING L16: UNCALLED SEGMENT, IGNORED FOR OVERLAY PROCESS
    SEGMENT: ?PR?_UART_SENDSTRING?UART

*** WARNING L16: UNCALLED SEGMENT, IGNORED FOR OVERLAY PROCESS
    SEGMENT: ?PR?_DELAY?TFTLCD

*** WARNING L16: UNCALLED SEGMENT, IGNORED FOR OVERLAY PROCESS
    SEGMENT: ?PR?_LCD_COLOR_FILL?TFTLCD

*** WARNING L16: UNCALLED SEGMENT, IGNORED FOR OVERLAY PROCESS
    SEGMENT: ?PR?_LCD_DRAWBIGPOINT?TFTLCD

*** WARNING L16: UNCALLED SEGMENT, IGNORED FOR OVERLAY PROCESS
    SEGMENT: ?PR?_LCD_DRAWLINE_COLOR?TFTLCD

*** WARNING L16: UNCALLED SEGMENT, IGNORED FOR OVERLAY PROCESS
    SEGMENT: ?PR?_LCD_DROWSIGN?TFTLCD

*** WARNING L16: UNCALLED SEGMENT, IGNORED FOR OVERLAY PROCESS
BL51 BANKED LINKER/LOCATER V6.22                                                      05/26/2020  14:32:30  PAGE 52


    SEGMENT: ?PR?_LCD_DRAWRECTANGLE?TFTLCD

*** WARNING L16: UNCALLED SEGMENT, IGNORED FOR OVERLAY PROCESS
    SEGMENT: ?PR?_LCD_DRAW_CIRCLE?TFTLCD

*** WARNING L16: UNCALLED SEGMENT, IGNORED FOR OVERLAY PROCESS
    SEGMENT: ?PR?_LCD_SHOWNUM?TFTLCD

*** WARNING L16: UNCALLED SEGMENT, IGNORED FOR OVERLAY PROCESS
    SEGMENT: ?PR?_LCD_SHOWXNUM?TFTLCD

*** WARNING L16: UNCALLED SEGMENT, IGNORED FOR OVERLAY PROCESS
    SEGMENT: ?PR?_LCD_SHOWFONTHZ?TFTLCD

*** WARNING L16: UNCALLED SEGMENT, IGNORED FOR OVERLAY PROCESS
    SEGMENT: ?PR?_LCD_SHOWPICTURE?TFTLCD

*** WARNING L16: UNCALLED SEGMENT, IGNORED FOR OVERLAY PROCESS
    SEGMENT: ?PR?TOUCH_SCAN?TOUCH

*** WARNING L16: UNCALLED SEGMENT, IGNORED FOR OVERLAY PROCESS
    SEGMENT: ?PR?_GUI_COLOR_CHG?GUI

*** WARNING L16: UNCALLED SEGMENT, IGNORED FOR OVERLAY PROCESS
    SEGMENT: ?PR?_GUI_RGB332TORGB565?GUI

*** WARNING L16: UNCALLED SEGMENT, IGNORED FOR OVERLAY PROCESS
    SEGMENT: ?PR?_GUI_DISABS?GUI

*** WARNING L16: UNCALLED SEGMENT, IGNORED FOR OVERLAY PROCESS
    SEGMENT: ?PR?_GUI_DRAW_POINT?GUI

*** WARNING L16: UNCALLED SEGMENT, IGNORED FOR OVERLAY PROCESS
    SEGMENT: ?PR?_GUI_ALPHABLEND_AREA?GUI

*** WARNING L16: UNCALLED SEGMENT, IGNORED FOR OVERLAY PROCESS
    SEGMENT: ?PR?_GUI_DRAW_BLINE?GUI

*** WARNING L16: UNCALLED SEGMENT, IGNORED FOR OVERLAY PROCESS
    SEGMENT: ?PR?_GUI_FILL_COLORBLOCK?GUI

*** WARNING L16: UNCALLED SEGMENT, IGNORED FOR OVERLAY PROCESS
    SEGMENT: ?PR?_GUI_DRAW_SMOOTH_RECTANGLE?GUI

*** WARNING L16: UNCALLED SEGMENT, IGNORED FOR OVERLAY PROCESS
    SEGMENT: ?PR?_GUI_DRAW_RECTANGLE?GUI

*** WARNING L16: UNCALLED SEGMENT, IGNORED FOR OVERLAY PROCESS
    SEGMENT: ?PR?_GUI_DRAW_ARCRECTANGLE?GUI

*** WARNING L16: UNCALLED SEGMENT, IGNORED FOR OVERLAY PROCESS
    SEGMENT: ?PR?_GUI_DRAW_ELLIPSE?GUI

*** WARNING L16: UNCALLED SEGMENT, IGNORED FOR OVERLAY PROCESS
    SEGMENT: ?PR?_GUI_FILL_ELLIPSE?GUI

*** WARNING L16: UNCALLED SEGMENT, IGNORED FOR OVERLAY PROCESS
BL51 BANKED LINKER/LOCATER V6.22                                                      05/26/2020  14:32:30  PAGE 53


    SEGMENT: ?PR?_GUI_SHOW_STRMIDEX?GUI

*** WARNING L16: UNCALLED SEGMENT, IGNORED FOR OVERLAY PROCESS
    SEGMENT: ?PR?_GUI_SHOW_NUM?GUI

*** WARNING L16: UNCALLED SEGMENT, IGNORED FOR OVERLAY PROCESS
    SEGMENT: ?PR?_GUI_NUM2STR?GUI

*** WARNING L16: UNCALLED SEGMENT, IGNORED FOR OVERLAY PROCESS
    SEGMENT: ?PR?_GUI_SHOW_PTSTRWHITERIM?GUI

*** WARNING L16: UNCALLED SEGMENT, IGNORED FOR OVERLAY PROCESS
    SEGMENT: ?PR?_GUI_GET_STRINGLINE?GUI

*** WARNING L16: UNCALLED SEGMENT, IGNORED FOR OVERLAY PROCESS
    SEGMENT: ?PR?_GUI_SHOW_STRING?GUI

*** WARNING L16: UNCALLED SEGMENT, IGNORED FOR OVERLAY PROCESS
    SEGMENT: ?PR?_GUI_SHOW_STRINGEX?GUI

Program Size: data=15.1 xdata=908 code=32717
LINK/LOCATE RUN COMPLETE.  33 WARNING(S),  0 ERROR(S)
