BL51 BANKED LINKER/LOCATER V6.22                                                        05/26/2020  14:22:29  PAGE 1


BL51 BANKED LINKER/LOCATER V6.22, INVOKED BY:
D:\YZ\KEILC51\C51\BIN\BL51.EXE .\output\main.obj, .\output\public.obj, .\output\uart.obj, .\output\tftlcd.obj, .\output\
>> touch.obj, .\output\gui.obj TO .\output\template PRINT (.\output\template.m51) RAMSIZE (256)


MEMORY MODEL: LARGE


INPUT MODULES INCLUDED:
  .\output\main.obj (MAIN)
  .\output\public.obj (PUBLIC)
  .\output\uart.obj (UART)
  .\output\tftlcd.obj (TFTLCD)
  .\output\touch.obj (TOUCH)
  .\output\gui.obj (GUI)
  D:\YZ\KEILC51\C51\LIB\C51L.LIB (?C_STARTUP)
  D:\YZ\KEILC51\C51\LIB\C51L.LIB (?C?CLDPTR)
  D:\YZ\KEILC51\C51\LIB\C51L.LIB (?C?CLDOPTR)
  D:\YZ\KEILC51\C51\LIB\C51L.LIB (?C?CSTPTR)
  D:\YZ\KEILC51\C51\LIB\C51L.LIB (?C?IMUL)
  D:\YZ\KEILC51\C51\LIB\C51L.LIB (?C?UIDIV)
  D:\YZ\KEILC51\C51\LIB\C51L.LIB (?C?IILDX)
  D:\YZ\KEILC51\C51\LIB\C51L.LIB (?C?ILDIX)
  D:\YZ\KEILC51\C51\LIB\C51L.LIB (?C?ILDOPTR)
  D:\YZ\KEILC51\C51\LIB\C51L.LIB (?C?ISTOPTR)
  D:\YZ\KEILC51\C51\LIB\C51L.LIB (?C?LMUL)
  D:\YZ\KEILC51\C51\LIB\C51L.LIB (?C?ULDIV)
  D:\YZ\KEILC51\C51\LIB\C51L.LIB (?C?SLDIV)
  D:\YZ\KEILC51\C51\LIB\C51L.LIB (?C?SLCMP)
  D:\YZ\KEILC51\C51\LIB\C51L.LIB (?C?ULCMP)
  D:\YZ\KEILC51\C51\LIB\C51L.LIB (?C?ULSHR)
  D:\YZ\KEILC51\C51\LIB\C51L.LIB (?C?LSTXDATA)
  D:\YZ\KEILC51\C51\LIB\C51L.LIB (?C?LSTKXDATA)
  D:\YZ\KEILC51\C51\LIB\C51L.LIB (?C?LIMUL)
  D:\YZ\KEILC51\C51\LIB\C51L.LIB (PRINTF)
  D:\YZ\KEILC51\C51\LIB\C51L.LIB (STRLEN)
  D:\YZ\KEILC51\C51\LIB\C51L.LIB (?C_INIT)
  D:\YZ\KEILC51\C51\LIB\C51L.LIB (?C?PLDIXDATA)
  D:\YZ\KEILC51\C51\LIB\C51L.LIB (?C?PSTXDATA)
  D:\YZ\KEILC51\C51\LIB\C51L.LIB (?C?CCASE)
  D:\YZ\KEILC51\C51\LIB\C51L.LIB (PUTCHAR)


LINK MAP OF MODULE:  .\output\template (MAIN)


            TYPE    BASE      LENGTH    RELOCATION   SEGMENT NAME
            -----------------------------------------------------

            * * * * * * *   D A T A   M E M O R Y   * * * * * * *
            REG     0000H     0008H     ABSOLUTE     "REG BANK 0"
            DATA    0008H     0005H     UNIT         _DATA_GROUP_
                    000DH     0013H                  *** GAP ***
            BIT     0020H.0   0001H.1   UNIT         _BIT_GROUP_
                    0021H.1   0000H.7                *** GAP ***
            IDATA   0022H     0001H     UNIT         ?STACK

            * * * * * * *  X D A T A   M E M O R Y  * * * * * * *
BL51 BANKED LINKER/LOCATER V6.22                                                      05/26/2020  14:22:29  PAGE 2


            XDATA   0000H     0057H     UNIT         _XDATA_GROUP_
            XDATA   0057H     0034H     UNIT         ?XD?UART
            XDATA   008BH     001FH     UNIT         ?XD?_GUI_DRAW_BLINE1?GUI
            XDATA   00AAH     001EH     UNIT         ?XD?_LCD_DRAWLINE_COLOR?TFTLCD
            XDATA   00C8H     001EH     UNIT         ?XD?_GUI_SMOOTH_COLOR?GUI
            XDATA   00E6H     001CH     UNIT         ?XD?_LCD_DRAWLINE?TFTLCD
            XDATA   0102H     001AH     UNIT         ?XD?_TOUCH_XPT_READDATA?TOUCH
            XDATA   011CH     0019H     UNIT         ?XD?_GUI_SHOW_PTCHAR?GUI
            XDATA   0135H     0017H     UNIT         ?XD?_GUI_DRAW_SMOOTH_RECTANGLE?GUI
            XDATA   014CH     0016H     UNIT         ?XD?_GUI_SHOW_STRING?GUI
            XDATA   0162H     0015H     UNIT         ?XD?_LCD_SHOWPICTURE?TFTLCD
            XDATA   0177H     0013H     UNIT         ?XD?_LCD_COLOR_FILL?TFTLCD
            XDATA   018AH     0013H     UNIT         ?XD?_GUI_SHOW_PTSTR?GUI
            XDATA   019DH     0012H     UNIT         ?XD?_GUI_SHOW_STRMID?GUI
            XDATA   01AFH     0012H     UNIT         ?XD?_GUI_SHOW_PTSTRWHITERIM?GUI
            XDATA   01C1H     0011H     UNIT         ?XD?_GUI_ALPHABLEND_AREA?GUI
            XDATA   01D2H     0010H     UNIT         ?XD?_GUI_SHOW_NUM?GUI
            XDATA   01E2H     000EH     UNIT         ?XD?_LCD_SHOWXNUM?TFTLCD
            XDATA   01F0H     000EH     UNIT         ?XD?_GUI_FILL_COLORBLOCK?GUI
            XDATA   01FEH     000DH     UNIT         ?XD?_LCD_SHOWNUM?TFTLCD
            XDATA   020BH     000DH     UNIT         ?XD?TOUCH
            XDATA   0218H     000DH     UNIT         ?XD?_GUI_ALPHA_BLEND565?GUI
            XDATA   0225H     000CH     UNIT         ?XD?_GUI_GET_STRINGLINE?GUI
            XDATA   0231H     000BH     UNIT         ?XD?TFTLCD
            XDATA   023CH     000AH     UNIT         ?XD?_LCD_READPOINT?TFTLCD
            XDATA   0246H     000AH     UNIT         ?XD?_LCD_DRAW_CIRCLE?TFTLCD
            XDATA   0250H     000AH     UNIT         ?XD?_LCD_SHOWFONTHZ?TFTLCD
            XDATA   025AH     000AH     UNIT         ?XD?TOUCH_XPT_READXY?TOUCH
            XDATA   0264H     0009H     UNIT         ?XD?_GUI_NUM2STR?GUI
            XDATA   026DH     0008H     UNIT         ?XD?_LCD_DRAWRECTANGLE?TFTLCD
            XDATA   0275H     0008H     UNIT         ?XD?_GUI_COLOR_CHG?GUI
            XDATA   027DH     0008H     UNIT         ?XD?_GUI_DISABS?GUI
            XDATA   0285H     0006H     UNIT         ?XD?_LCD_DRAWBIGPOINT?TFTLCD
            XDATA   028BH     0006H     UNIT         ?XD?_LCD_DROWSIGN?TFTLCD
            XDATA   0291H     0006H     UNIT         ?XD?_LCD_POW?TFTLCD
            XDATA   0297H     0006H     UNIT         ?XD?_GUI_POW?GUI
            XDATA   029DH     0005H     UNIT         ?XD?TOUCH_SCAN?TOUCH
            XDATA   02A2H     0004H     UNIT         ?XD?_GUI_DRAW_POINT?GUI
            XDATA   02A6H     0003H     UNIT         ?XD?_UART_SENDSTRING?UART
            XDATA   02A9H     0002H     UNIT         ?XD?TOUCH_SPI_READ?TOUCH

            * * * * * * *   C O D E   M E M O R Y   * * * * * * *
            CODE    0000H     0003H     ABSOLUTE     
            CODE    0003H     001FH     UNIT         ?PR?_DELAY?TFTLCD
                    0022H     0001H                  *** GAP ***
            CODE    0023H     0003H     ABSOLUTE     
            CODE    0026H     1BF3H     UNIT         ?CO?TFTLCD
            CODE    1C19H     06B3H     UNIT         ?PR?_GUI_DRAW_ARCRECTANGLE?GUI
            CODE    22CCH     0404H     UNIT         ?PR?_GUI_DRAW_ELLIPSE?GUI
            CODE    26D0H     03CAH     UNIT         ?PR?_GUI_DRAW_BLINE1?GUI
            CODE    2A9AH     03A0H     UNIT         ?PR?_GUI_FILL_CIRCLE?GUI
            CODE    2E3AH     0365H     UNIT         ?PR?PRINTF?PRINTF
            CODE    319FH     0357H     UNIT         ?C?LIB_CODE
            CODE    34F6H     0271H     UNIT         ?PR?_GUI_DRAW_CIRCLE8?GUI
            CODE    3767H     026CH     UNIT         ?PR?_GUI_DRAW_BLINE?GUI
            CODE    39D3H     025DH     UNIT         ?PR?TFTLCD_INIT?TFTLCD
            CODE    3C30H     025CH     UNIT         ?PR?_GUI_FILL_ELLIPSE?GUI
BL51 BANKED LINKER/LOCATER V6.22                                                      05/26/2020  14:22:29  PAGE 3


            CODE    3E8CH     024EH     UNIT         ?PR?_GUI_SHOW_PTCHAR?GUI
            CODE    40DAH     024BH     UNIT         ?PR?_GUI_SHOW_PTSTR?GUI
            CODE    4325H     022BH     UNIT         ?PR?_GUI_SHOW_STRING?GUI
            CODE    4550H     01F3H     UNIT         ?PR?_GUI_DRAW_LINE?GUI
            CODE    4743H     01EFH     UNIT         ?PR?_LCD_DRAWLINE?TFTLCD
            CODE    4932H     01EDH     UNIT         ?PR?_LCD_DRAWLINE_COLOR?TFTLCD
            CODE    4B1FH     01E9H     UNIT         ?PR?_GUI_SMOOTH_COLOR?GUI
            CODE    4D08H     01D8H     UNIT         ?PR?_LCD_DRAW_CIRCLE?TFTLCD
            CODE    4EE0H     01D7H     UNIT         ?PR?_GUI_DRAW_ARC?GUI
            CODE    50B7H     01C3H     UNIT         ?PR?_GUI_SHOW_NUM?GUI
            CODE    527AH     0187H     UNIT         ?PR?_TOUCH_XPT_READDATA?TOUCH
            CODE    5401H     017CH     UNIT         ?PR?_GUI_GET_STRINGLINE?GUI
            CODE    557DH     0178H     UNIT         ?PR?_LCD_SHOWCHAR?TFTLCD
            CODE    56F5H     0173H     UNIT         ?PR?BASEGRAPHICAL_TEST?MAIN
            CODE    5868H     0148H     UNIT         ?PR?_GUI_SHOW_STRMID?GUI
            CODE    59B0H     0147H     UNIT         ?PR?_GUI_FILL_COLORBLOCK?GUI
            CODE    5AF7H     0140H     UNIT         ?PR?TOUCH_SCAN?TOUCH
            CODE    5C37H     012DH     UNIT         ?PR?_LCD_SHOWPICTURE?TFTLCD
            CODE    5D64H     012BH     UNIT         ?PR?_LCD_SHOWFONTHZ?TFTLCD
            CODE    5E8FH     0129H     UNIT         ?PR?_LCD_SHOWXNUM?TFTLCD
            CODE    5FB8H     0114H     UNIT         ?PR?TOUCH_XPT_READXY?TOUCH
            CODE    60CCH     010CH     UNIT         ?PR?_GUI_DRAW_SMOOTH_RECTANGLE?GUI
            CODE    61D8H     00F8H     UNIT         ?PR?_LCD_COLOR_FILL?TFTLCD
            CODE    62D0H     00F7H     UNIT         ?PR?_GUI_ALPHABLEND_AREA?GUI
            CODE    63C7H     00F4H     UNIT         ?PR?_GUI_DRAW_BIGPOINT?GUI
            CODE    64BBH     00EDH     UNIT         ?PR?_GUI_ALPHA_BLEND565?GUI
            CODE    65A8H     00E5H     UNIT         ?PR?_LCD_SHOWSTRING?TFTLCD
            CODE    668DH     00DCH     UNIT         ?PR?_LCD_SHOWNUM?TFTLCD
            CODE    6769H     00D8H     UNIT         ?PR?_LCD_DROWSIGN?TFTLCD
            CODE    6841H     00D2H     UNIT         ?PR?_GUI_SHOW_PTSTRWHITERIM?GUI
            CODE    6913H     00D0H     UNIT         ?PR?_LCD_FILL?TFTLCD
            CODE    69E3H     00C8H     UNIT         ?PR?_GUI_DRAW_RECTANGLE?GUI
            CODE    6AABH     00C1H     UNIT         ?PR?_GUI_DRAW_EXPOINT?GUI
            CODE    6B6CH     00AAH     UNIT         ?PR?_LCD_DRAWRECTANGLE?TFTLCD
            CODE    6C16H     00AAH     UNIT         ?PR?_GUI_NUM2STR?GUI
            CODE    6CC0H     0096H     UNIT         ?PR?_GUI_DRAW_VLINE?GUI
            CODE    6D56H     0092H     UNIT         ?PR?_LCD_SET_WINDOW?TFTLCD
            CODE    6DE8H     008CH     UNIT         ?C_C51STARTUP
            CODE    6E74H     008AH     UNIT         ?PR?_GUI_FILL_RECTANGLE?GUI
            CODE    6EFEH     0087H     UNIT         ?PR?UART_IRQN?UART
            CODE    6F85H     0081H     UNIT         ?PR?_LCD_CLEAR?TFTLCD
            CODE    7006H     0080H     UNIT         ?PR?_GUI_COLOR_CHG?GUI
            CODE    7086H     007BH     UNIT         ?PR?_GUI_DRAW_HLINE?GUI
            CODE    7101H     0073H     UNIT         ?PR?_LCD_DRAWBIGPOINT?TFTLCD
            CODE    7174H     006BH     UNIT         ?PR?_GUI_DISABS?GUI
            CODE    71DFH     0065H     UNIT         ?PR?_LCD_READPOINT?TFTLCD
            CODE    7244H     0050H     UNIT         ?PR?_LCD_POW?TFTLCD
            CODE    7294H     0049H     UNIT         ?PR?_GUI_POW?GUI
            CODE    72DDH     0048H     UNIT         ?PR?_LCD_DRAWFRONT_COLOR?TFTLCD
            CODE    7325H     0044H     UNIT         ?C?LDIV
            CODE    7369H     0040H     UNIT         ?PR?_LCD_DISPLAY_DIR?TFTLCD
            CODE    73A9H     0040H     UNIT         ?PR?_LCD_DRAWPOINT?TFTLCD
            CODE    73E9H     003CH     UNIT         ?PR?_GUI_RGB332TORGB565?GUI
            CODE    7425H     003CH     UNIT         ?PR?_GUI_DRAW_POINT?GUI
            CODE    7461H     003BH     UNIT         ?PR?TOUCH_SPI_READ?TOUCH
            CODE    749CH     0033H     UNIT         ?PR?_UART_SENDSTRING?UART
            CODE    74CFH     002FH     UNIT         ?PR?_LCD_WRITECMD?TFTLCD
BL51 BANKED LINKER/LOCATER V6.22                                                      05/26/2020  14:22:29  PAGE 4


            CODE    74FEH     0027H     UNIT         ?PR?PUTCHAR?PUTCHAR
            CODE    7525H     0025H     UNIT         ?PR?_LCD_WRITEDATA?TFTLCD
            CODE    754AH     0025H     UNIT         ?PR?_LCD_WRITEDATA_COLOR?TFTLCD
            CODE    756FH     001EH     UNIT         ?PR?_DELAY_MS?PUBLIC
            CODE    758DH     001DH     UNIT         ?PR?_TOUCH_SPI_WRITE?TOUCH
            CODE    75AAH     001AH     UNIT         ?PR?LCD_READDATA?TFTLCD
            CODE    75C4H     0016H     UNIT         ?PR?UART_INIT?UART
            CODE    75DAH     0015H     UNIT         ?PR?_STRLEN?STRLEN
            CODE    75EFH     0014H     UNIT         ?CO?MAIN
            CODE    7603H     0010H     UNIT         ?C_INITSEG
            CODE    7613H     000EH     UNIT         ?PR?_UART_SENDDATA?UART
            CODE    7621H     000EH     UNIT         ?PR?_LCD_WRITECMDDATA?TFTLCD
            CODE    762FH     000BH     UNIT         ?PR?MAIN?MAIN
            CODE    763AH     000BH     UNIT         ?PR?_DELAY_10US?PUBLIC
            CODE    7645H     000BH     UNIT         ?PR?TOUCH_SPI_START?TOUCH
            CODE    7650H     0006H     UNIT         ?PR?_UART_CMD?UART



OVERLAY MAP OF MODULE:   .\output\template (MAIN)


SEGMENT                                       BIT_GROUP          DATA_GROUP          XDATA_GROUP
  +--> CALLED SEGMENT                      START    LENGTH     START    LENGTH     START    LENGTH
--------------------------------------------------------------------------------------------------
?C_C51STARTUP                              -----    -----      -----    -----      -----    -----
  +--> ?PR?MAIN?MAIN
  +--> ?C_INITSEG

?PR?MAIN?MAIN                              -----    -----      -----    -----      -----    -----
  +--> ?PR?UART_INIT?UART
  +--> ?PR?TFTLCD_INIT?TFTLCD
  +--> ?PR?BASEGRAPHICAL_TEST?MAIN

?PR?TFTLCD_INIT?TFTLCD                     -----    -----      -----    -----      -----    -----
  +--> ?PR?_DELAY_MS?PUBLIC
  +--> ?PR?_LCD_WRITECMD?TFTLCD
  +--> ?PR?LCD_READDATA?TFTLCD
  +--> ?CO?TFTLCD
  +--> ?PR?PRINTF?PRINTF
  +--> ?PR?_LCD_WRITEDATA?TFTLCD
  +--> ?PR?_LCD_DISPLAY_DIR?TFTLCD
  +--> ?PR?_LCD_CLEAR?TFTLCD

?PR?_LCD_WRITECMD?TFTLCD                   -----    -----      -----    -----      -----    -----
  +--> ?PR?_LCD_WRITEDATA?TFTLCD

?PR?PRINTF?PRINTF                          0020H.0  0001H.1    0008H    0005H      0000H    0028H
  +--> ?PR?PUTCHAR?PUTCHAR

?PR?_LCD_DISPLAY_DIR?TFTLCD                -----    -----      -----    -----      -----    -----
  +--> ?PR?_LCD_WRITECMDDATA?TFTLCD

?PR?_LCD_WRITECMDDATA?TFTLCD               -----    -----      -----    -----      -----    -----
  +--> ?PR?_LCD_WRITECMD?TFTLCD
  +--> ?PR?_LCD_WRITEDATA?TFTLCD

BL51 BANKED LINKER/LOCATER V6.22                                                      05/26/2020  14:22:29  PAGE 5


?PR?_LCD_CLEAR?TFTLCD                      -----    -----      -----    -----      0000H    0004H
  +--> ?PR?_LCD_SET_WINDOW?TFTLCD
  +--> ?PR?_LCD_WRITEDATA_COLOR?TFTLCD

?PR?_LCD_SET_WINDOW?TFTLCD                 -----    -----      -----    -----      004BH    000CH
  +--> ?PR?_LCD_WRITECMD?TFTLCD
  +--> ?PR?_LCD_WRITEDATA?TFTLCD

?PR?BASEGRAPHICAL_TEST?MAIN                -----    -----      -----    -----      -----    -----
  +--> ?CO?MAIN
  +--> ?PR?_LCD_SHOWSTRING?TFTLCD
  +--> ?PR?_GUI_DRAW_BIGPOINT?GUI
  +--> ?PR?_GUI_DRAW_BLINE?GUI
  +--> ?PR?_GUI_DRAW_RECTANGLE?GUI
  +--> ?PR?_GUI_DRAW_ARCRECTANGLE?GUI
  +--> ?PR?_GUI_FILL_RECTANGLE?GUI
  +--> ?PR?_GUI_FILL_ELLIPSE?GUI
  +--> ?PR?_GUI_FILL_CIRCLE?GUI
  +--> ?PR?_GUI_DRAW_ELLIPSE?GUI
  +--> ?PR?_GUI_DRAW_ARC?GUI

?PR?_LCD_SHOWSTRING?TFTLCD                 -----    -----      -----    -----      0000H    000DH
  +--> ?PR?_LCD_SHOWCHAR?TFTLCD

?PR?_LCD_SHOWCHAR?TFTLCD                   -----    -----      -----    -----      000DH    000CH
  +--> ?CO?TFTLCD
  +--> ?PR?_LCD_DRAWFRONT_COLOR?TFTLCD

?PR?_LCD_DRAWFRONT_COLOR?TFTLCD            -----    -----      -----    -----      0042H    0006H
  +--> ?PR?_LCD_SET_WINDOW?TFTLCD
  +--> ?PR?_LCD_WRITEDATA_COLOR?TFTLCD

?PR?_GUI_DRAW_BIGPOINT?GUI                 -----    -----      -----    -----      0000H    000EH
  +--> ?PR?_LCD_DRAWFRONT_COLOR?TFTLCD

?PR?_GUI_DRAW_BLINE?GUI                    -----    -----      -----    -----      0000H    001FH
  +--> ?PR?_LCD_DRAWFRONT_COLOR?TFTLCD
  +--> ?PR?_GUI_FILL_CIRCLE?GUI

?PR?_GUI_FILL_CIRCLE?GUI                   -----    -----      -----    -----      001FH    0018H
  +--> ?PR?_GUI_DRAW_HLINE?GUI

?PR?_GUI_DRAW_HLINE?GUI                    -----    -----      -----    -----      0037H    0008H
  +--> ?PR?_LCD_FILL?TFTLCD

?PR?_LCD_FILL?TFTLCD                       -----    -----      -----    -----      003FH    000CH
  +--> ?PR?_LCD_SET_WINDOW?TFTLCD
  +--> ?PR?_LCD_WRITEDATA_COLOR?TFTLCD

?PR?_GUI_DRAW_RECTANGLE?GUI                -----    -----      -----    -----      0000H    000AH
  +--> ?PR?_GUI_DRAW_HLINE?GUI
  +--> ?PR?_GUI_DRAW_VLINE?GUI

?PR?_GUI_DRAW_VLINE?GUI                    -----    -----      -----    -----      0010H    0008H
  +--> ?PR?_LCD_FILL?TFTLCD

?PR?_GUI_DRAW_ARCRECTANGLE?GUI             -----    -----      -----    -----      0000H    0010H
BL51 BANKED LINKER/LOCATER V6.22                                                      05/26/2020  14:22:29  PAGE 6


  +--> ?PR?_GUI_FILL_RECTANGLE?GUI
  +--> ?PR?_GUI_DRAW_HLINE?GUI
  +--> ?PR?_GUI_DRAW_VLINE?GUI
  +--> ?PR?_GUI_DRAW_ARC?GUI

?PR?_GUI_FILL_RECTANGLE?GUI                -----    -----      -----    -----      0010H    000AH
  +--> ?PR?_LCD_FILL?TFTLCD

?PR?_GUI_DRAW_ARC?GUI                      -----    -----      -----    -----      0010H    0019H
  +--> ?PR?_GUI_DRAW_CIRCLE8?GUI

?PR?_GUI_DRAW_CIRCLE8?GUI                  -----    -----      -----    -----      0029H    0012H
  +--> ?PR?_GUI_DRAW_EXPOINT?GUI

?PR?_GUI_DRAW_EXPOINT?GUI                  -----    -----      -----    -----      003BH    0010H
  +--> ?PR?_LCD_DRAWPOINT?TFTLCD

?PR?_LCD_DRAWPOINT?TFTLCD                  -----    -----      -----    -----      -----    -----
  +--> ?PR?_LCD_SET_WINDOW?TFTLCD
  +--> ?PR?_LCD_WRITEDATA_COLOR?TFTLCD

?PR?_GUI_FILL_ELLIPSE?GUI                  -----    -----      -----    -----      0000H    0022H
  +--> ?PR?_GUI_DRAW_HLINE?GUI

?PR?_GUI_DRAW_ELLIPSE?GUI                  -----    -----      -----    -----      0000H    0024H
  +--> ?PR?_GUI_DRAW_LINE?GUI

?PR?_GUI_DRAW_LINE?GUI                     -----    -----      -----    -----      0024H    001EH
  +--> ?PR?_LCD_DRAWFRONT_COLOR?TFTLCD



SYMBOL TABLE OF MODULE:  .\output\template (MAIN)

  VALUE           TYPE          NAME
  ----------------------------------

  -------         MODULE        MAIN
  C:0000H         SYMBOL        _ICE_DUMMY_
  D:00A0H         PUBLIC        P2
  D:00B0H         PUBLIC        P3
  D:00A8H         PUBLIC        IE
  C:56F5H         PUBLIC        BaseGraphical_Test
  D:00B8H         PUBLIC        IP
  D:00D8H         PUBLIC        CCON
  C:762FH         PUBLIC        main
  D:0098H         PUBLIC        SCON
  D:0088H         PUBLIC        TCON
  D:00D0H         PUBLIC        PSW
  -------         PROC          BASEGRAPHICAL_TEST
  C:56F5H         LINE#         10
  C:56F5H         LINE#         11
  C:56F5H         LINE#         12
  C:56FEH         LINE#         13
  C:5736H         LINE#         15
  C:573EH         LINE#         16
  C:574DH         LINE#         17
BL51 BANKED LINKER/LOCATER V6.22                                                      05/26/2020  14:22:29  PAGE 7


  C:576FH         LINE#         18
  C:578EH         LINE#         19
  C:57BEH         LINE#         20
  C:57DEH         LINE#         21
  C:57FEH         LINE#         22
  C:5817H         LINE#         23
  C:5835H         LINE#         24
  -------         ENDPROC       BASEGRAPHICAL_TEST
  -------         PROC          MAIN
  C:762FH         LINE#         27
  C:762FH         LINE#         28
  C:762FH         LINE#         30
  C:7632H         LINE#         31
  C:7635H         LINE#         33
  C:7638H         LINE#         35
  C:7638H         LINE#         36
  C:7638H         LINE#         38
  -------         ENDPROC       MAIN
  -------         ENDMOD        MAIN

  -------         MODULE        PUBLIC
  C:0000H         SYMBOL        _ICE_DUMMY_
  D:00A8H         PUBLIC        IE
  D:00B8H         PUBLIC        IP
  D:00D8H         PUBLIC        CCON
  D:0098H         PUBLIC        SCON
  D:0088H         PUBLIC        TCON
  C:763AH         PUBLIC        _delay_10us
  C:756FH         PUBLIC        _delay_ms
  D:00D0H         PUBLIC        PSW
  -------         PROC          _DELAY_10US
  D:0006H         SYMBOL        us
  C:763AH         LINE#         6
  C:763AH         LINE#         7
  C:763AH         LINE#         8
  C:7644H         LINE#         9
  -------         ENDPROC       _DELAY_10US
  -------         PROC          _DELAY_MS
  D:0006H         SYMBOL        ms
  -------         DO            
  D:0006H         SYMBOL        i
  D:0004H         SYMBOL        j
  -------         ENDDO         
  C:756FH         LINE#         11
  C:756FH         LINE#         12
  C:756FH         LINE#         14
  C:7578H         LINE#         15
  C:758CH         LINE#         16
  -------         ENDPROC       _DELAY_MS
  -------         ENDMOD        PUBLIC

  -------         MODULE        UART
  C:0000H         SYMBOL        _ICE_DUMMY_
  B:00A8H.7       PUBLIC        EA
  X:0057H         PUBLIC        UART_RX_BUF
  D:00A8H         PUBLIC        IE
  X:0089H         PUBLIC        UART_RX_STA
BL51 BANKED LINKER/LOCATER V6.22                                                      05/26/2020  14:22:29  PAGE 8


  B:00A8H.4       PUBLIC        ES
  D:00B8H         PUBLIC        IP
  B:0098H.0       PUBLIC        RI
  B:0098H.1       PUBLIC        TI
  D:00D8H         PUBLIC        CCON
  C:749CH         PUBLIC        _UART_SendString
  C:7613H         PUBLIC        _UART_SendData
  D:0099H         PUBLIC        SBUF
  D:0087H         PUBLIC        PCON
  C:7650H         PUBLIC        _UART_Cmd
  C:75C4H         PUBLIC        UART_Init
  D:0098H         PUBLIC        SCON
  D:0089H         PUBLIC        TMOD
  D:0088H         PUBLIC        TCON
  D:008DH         PUBLIC        TH1
  D:008BH         PUBLIC        TL1
  B:0088H.6       PUBLIC        TR1
  C:6EFEH         PUBLIC        UART_IRQn
  D:00D0H         PUBLIC        PSW
  -------         PROC          UART_INIT
  C:75C4H         LINE#         5
  C:75C4H         LINE#         6
  C:75C4H         LINE#         7
  C:75C7H         LINE#         8
  C:75CAH         LINE#         9
  C:75CDH         LINE#         10
  C:75D0H         LINE#         11
  C:75D3H         LINE#         13
  C:75D5H         LINE#         14
  C:75D7H         LINE#         15
  C:75D9H         LINE#         16
  -------         ENDPROC       UART_INIT
  -------         PROC          _UART_CMD
  D:0007H         SYMBOL        ensta
  C:7650H         LINE#         18
  C:7650H         LINE#         19
  C:7650H         LINE#         20
  C:7655H         LINE#         21
  -------         ENDPROC       _UART_CMD
  -------         PROC          _UART_SENDDATA
  D:0007H         SYMBOL        dat
  C:7613H         LINE#         23
  C:7613H         LINE#         24
  C:7613H         LINE#         25
  C:7615H         LINE#         26
  C:7617H         LINE#         27
  C:7619H         LINE#         28
  C:761CH         LINE#         29
  C:761EH         LINE#         30
  C:7620H         LINE#         31
  -------         ENDPROC       _UART_SENDDATA
  -------         PROC          _UART_SENDSTRING
  X:02A6H         SYMBOL        pbuf
  C:749CH         LINE#         33
  C:74A7H         LINE#         34
  C:74A7H         LINE#         35
  C:74B8H         LINE#         36
BL51 BANKED LINKER/LOCATER V6.22                                                      05/26/2020  14:22:29  PAGE 9


  C:74B8H         LINE#         37
  C:74BBH         LINE#         38
  C:74C2H         LINE#         39
  C:74CCH         LINE#         40
  C:74CEH         LINE#         41
  -------         ENDPROC       _UART_SENDSTRING
  -------         PROC          UART_IRQN
  -------         DO            
  D:0007H         SYMBOL        r
  -------         ENDDO         
  C:6EFEH         LINE#         51
  C:6F0FH         LINE#         55
  C:6F12H         LINE#         56
  C:6F12H         LINE#         57
  C:6F14H         LINE#         58
  C:6F16H         LINE#         59
  C:6F1FH         LINE#         60
  C:6F1FH         LINE#         61
  C:6F22H         LINE#         62
  C:6F22H         LINE#         63
  C:6F2CH         LINE#         64
  C:6F2FH         LINE#         65
  C:6F31H         LINE#         67
  C:6F31H         LINE#         68
  C:6F41H         LINE#         70
  C:6F41H         LINE#         71
  C:6F55H         LINE#         72
  C:6F63H         LINE#         73
  C:6F76H         LINE#         74
  C:6F76H         LINE#         75
  C:6F76H         LINE#         76
  C:6F76H         LINE#         77
  C:6F76H         LINE#         78
  -------         ENDPROC       UART_IRQN
  -------         ENDMOD        UART

  -------         MODULE        TFTLCD
  C:0000H         SYMBOL        _ICE_DUMMY_
  D:0080H         PUBLIC        P0
  D:0090H         PUBLIC        P1
  X:0231H         PUBLIC        tftlcd_data
  D:00A0H         PUBLIC        P2
  C:5E8FH         PUBLIC        _LCD_ShowxNum
  D:00B0H         PUBLIC        P3
  C:668DH         PUBLIC        _LCD_ShowNum
  D:00A8H         PUBLIC        IE
  C:7369H         PUBLIC        _LCD_Display_Dir
  C:5D64H         PUBLIC        _LCD_ShowFontHZ
  D:00B8H         PUBLIC        IP
  C:6F85H         PUBLIC        _LCD_Clear
  C:61D8H         PUBLIC        _LCD_Color_Fill
  C:7552H         PUBLIC        _LCD_WriteData_Color
  D:00D8H         PUBLIC        CCON
  C:75AAH         PUBLIC        LCD_ReadData
  C:4932H         PUBLIC        _LCD_DrawLine_Color
  C:72E3H         PUBLIC        _LCD_DrawFRONT_COLOR
  D:0098H         PUBLIC        SCON
BL51 BANKED LINKER/LOCATER V6.22                                                      05/26/2020  14:22:29  PAGE 10


  D:0088H         PUBLIC        TCON
  C:0A97H         PUBLIC        ascii_2412
  C:0033H         PUBLIC        ascii_1206
  C:5C37H         PUBLIC        _LCD_ShowPicture
  C:39D3H         PUBLIC        TFTLCD_Init
  C:04A7H         PUBLIC        ascii_1608
  C:6913H         PUBLIC        _LCD_Fill
  C:6D5BH         PUBLIC        _LCD_Set_Window
  C:752DH         PUBLIC        _LCD_WriteData
  C:71DFH         PUBLIC        _LCD_ReadPoint
  B:00B0H.3       PUBLIC        TFT_RST
  C:4743H         PUBLIC        _LCD_DrawLine
  C:73BFH         PUBLIC        _LCD_DrawPoint
  C:65A8H         PUBLIC        _LCD_ShowString
  C:7621H         PUBLIC        _LCD_WriteCmdData
  C:557DH         PUBLIC        _LCD_ShowChar
  C:74E1H         PUBLIC        _LCD_WriteCmd
  C:6B6CH         PUBLIC        _LCD_DrawRectangle
  B:00B0H.2       PUBLIC        TFT_RD
  B:00A0H.7       PUBLIC        TFT_CS
  C:6769H         PUBLIC        _LCD_DrowSign
  C:7101H         PUBLIC        _LCD_DrawBigPoint
  C:724BH         PUBLIC        _LCD_Pow
  X:0238H         PUBLIC        FRONT_COLOR
  C:0003H         PUBLIC        _Delay
  X:023AH         PUBLIC        BACK_COLOR
  B:00A0H.6       PUBLIC        TFT_RS
  B:00A0H.5       PUBLIC        TFT_WR
  C:4D08H         PUBLIC        _LCD_Draw_Circle
  D:00D0H         PUBLIC        PSW
  C:17F3H         PUBLIC        CnChar32x29
  -------         PROC          _DELAY
  D:0006H         SYMBOL        dly
  -------         DO            
  D:0004H         SYMBOL        i
  D:0002H         SYMBOL        j
  -------         ENDDO         
  C:0003H         LINE#         14
  C:0003H         LINE#         15
  C:0003H         LINE#         18
  C:000DH         LINE#         19
  C:0021H         LINE#         20
  -------         ENDPROC       _DELAY
  -------         PROC          L?0217
  -------         ENDPROC       L?0217
  -------         PROC          _LCD_WRITECMD
  D:0004H         SYMBOL        cmd
  -------         DO            
  D:0007H         SYMBOL        cmdH
  D:0006H         SYMBOL        cmdL
  -------         ENDDO         
  C:74E1H         LINE#         23
  C:74E5H         LINE#         24
  C:74E5H         LINE#         27
  C:74E7H         LINE#         28
  C:74E9H         LINE#         30
  C:74EBH         LINE#         31
BL51 BANKED LINKER/LOCATER V6.22                                                      05/26/2020  14:22:29  PAGE 11


  C:74EDH         LINE#         33
  C:74EFH         LINE#         34
  C:74F1H         LINE#         36
  C:74F3H         LINE#         37
  C:74F7H         LINE#         39
  C:74F9H         LINE#         40
  C:74FBH         LINE#         42
  C:74FDH         LINE#         115
  -------         ENDPROC       _LCD_WRITECMD
  C:7525H         SYMBOL        L?0210
  -------         PROC          L?0209
  -------         ENDPROC       L?0209
  C:7525H         SYMBOL        L?0210
  -------         PROC          _LCD_WRITEDATA
  D:0004H         SYMBOL        dat
  -------         DO            
  D:0007H         SYMBOL        datH
  D:0006H         SYMBOL        datL
  -------         ENDDO         
  C:752DH         LINE#         119
  C:7531H         LINE#         120
  C:7531H         LINE#         123
  C:7533H         LINE#         124
  C:7535H         LINE#         126
  C:7537H         LINE#         127
  C:7539H         LINE#         129
  C:753BH         LINE#         130
  C:753DH         LINE#         132
  C:753FH         LINE#         133
  C:7543H         LINE#         135
  C:7545H         LINE#         136
  C:7547H         LINE#         138
  C:7549H         LINE#         209
  -------         ENDPROC       _LCD_WRITEDATA
  C:754AH         SYMBOL        L?0215
  C:754DH         SYMBOL        L?0216
  -------         PROC          L?0214
  -------         ENDPROC       L?0214
  C:754AH         SYMBOL        L?0215
  C:754DH         SYMBOL        L?0216
  -------         PROC          _LCD_WRITEDATA_COLOR
  D:0004H         SYMBOL        color
  -------         DO            
  D:0007H         SYMBOL        datH
  D:0006H         SYMBOL        datL
  -------         ENDDO         
  C:7552H         LINE#         211
  C:7556H         LINE#         212
  C:7556H         LINE#         215
  C:7558H         LINE#         216
  C:755AH         LINE#         218
  C:755CH         LINE#         219
  C:755EH         LINE#         221
  C:7560H         LINE#         222
  C:7562H         LINE#         224
  C:7564H         LINE#         225
  C:7568H         LINE#         227
BL51 BANKED LINKER/LOCATER V6.22                                                      05/26/2020  14:22:29  PAGE 12


  C:756AH         LINE#         228
  C:756CH         LINE#         230
  C:756EH         LINE#         301
  -------         ENDPROC       _LCD_WRITEDATA_COLOR
  -------         PROC          _LCD_WRITECMDDATA
  D:0006H         SYMBOL        cmd
  D:0002H         SYMBOL        dat
  C:7621H         LINE#         303
  C:7625H         LINE#         304
  C:7625H         LINE#         305
  C:7628H         LINE#         306
  -------         ENDPROC       _LCD_WRITECMDDATA
  -------         PROC          LCD_READDATA
  -------         DO            
  D:0006H         SYMBOL        ram
  -------         ENDDO         
  C:75AAH         LINE#         311
  C:75AAH         LINE#         312
  C:75AAH         LINE#         315
  C:75ADH         LINE#         316
  C:75B0H         LINE#         319
  C:75B2H         LINE#         320
  C:75B4H         LINE#         321
  C:75B6H         LINE#         322
  C:75B7H         LINE#         323
  C:75B9H         LINE#         324
  C:75BBH         LINE#         325
  C:75BFH         LINE#         326
  C:75C1H         LINE#         327
  C:75C3H         LINE#         399
  C:75C3H         LINE#         400
  -------         ENDPROC       LCD_READDATA
  -------         PROC          _LCD_DISPLAY_DIR
  D:0007H         SYMBOL        dir
  C:7369H         LINE#         404
  C:7369H         LINE#         405
  C:7369H         LINE#         406
  C:736EH         LINE#         407
  C:7370H         LINE#         408
  C:7370H         LINE#         410
  C:737AH         LINE#         437
  C:7383H         LINE#         438
  C:738CH         LINE#         439
  C:738DH         LINE#         441
  C:738DH         LINE#         443
  C:7396H         LINE#         472
  C:739FH         LINE#         473
  C:73A8H         LINE#         474
  C:73A8H         LINE#         475
  -------         ENDPROC       _LCD_DISPLAY_DIR
  -------         PROC          TFTLCD_INIT
  -------         DO            
  D:0006H         SYMBOL        i
  -------         ENDDO         
  C:39D3H         LINE#         478
  C:39D3H         LINE#         479
  C:39D3H         LINE#         480
BL51 BANKED LINKER/LOCATER V6.22                                                      05/26/2020  14:22:29  PAGE 13


  C:39D5H         LINE#         481
  C:39D7H         LINE#         482
  C:39DCH         LINE#         484
  C:39DEH         LINE#         485
  C:39E5H         LINE#         487
  C:39E7H         LINE#         488
  C:39EEH         LINE#         491
  C:39F4H         LINE#         492
  C:39FFH         LINE#         519
  C:3A10H         LINE#         522
  C:3A15H         LINE#         523
  C:3A1AH         LINE#         524
  C:3A1FH         LINE#         525
  C:3A24H         LINE#         526
  C:3A31H         LINE#         527
  C:3A3EH         LINE#         528
  C:3A4CH         LINE#         529
  C:3A5AH         LINE#         530
  C:3A68H         LINE#         531
  C:3A76H         LINE#         532
  C:3A83H         LINE#         534
  C:3A91H         LINE#         536
  C:3A9FH         LINE#         537
  C:3AACH         LINE#         538
  C:3ABAH         LINE#         539
  C:3AC8H         LINE#         540
  C:3ACDH         LINE#         542
  C:3AD2H         LINE#         543
  C:3AD7H         LINE#         544
  C:3ADCH         LINE#         546
  C:3AE1H         LINE#         547
  C:3AE6H         LINE#         548
  C:3AF4H         LINE#         549
  C:3B02H         LINE#         550
  C:3B07H         LINE#         551
  C:3B0CH         LINE#         552
  C:3B11H         LINE#         553
  C:3B16H         LINE#         554
  C:3B1BH         LINE#         555
  C:3B20H         LINE#         557
  C:3B2EH         LINE#         558
  C:3B3CH         LINE#         559
  C:3B4AH         LINE#         560
  C:3B4FH         LINE#         561
  C:3B54H         LINE#         563
  C:3B59H         LINE#         564
  C:3B67H         LINE#         566
  C:3B75H         LINE#         567
  C:3B83H         LINE#         568
  C:3B91H         LINE#         569
  C:3B9FH         LINE#         571
  C:3BADH         LINE#         572
  C:3BBBH         LINE#         573
  C:3BC8H         LINE#         574
  C:3BD6H         LINE#         575
  C:3BE3H         LINE#         576
  C:3BF1H         LINE#         577
BL51 BANKED LINKER/LOCATER V6.22                                                      05/26/2020  14:22:29  PAGE 14


  C:3BFEH         LINE#         578
  C:3C0CH         LINE#         579
  C:3C19H         LINE#         580
  C:3C20H         LINE#         893
  C:3C25H         LINE#         894
  -------         ENDPROC       TFTLCD_INIT
  C:6D56H         SYMBOL        L?0221
  -------         PROC          L?0220
  -------         ENDPROC       L?0220
  C:6D56H         SYMBOL        L?0221
  -------         PROC          _LCD_SET_WINDOW
  X:004BH         SYMBOL        sx
  X:004DH         SYMBOL        sy
  D:0002H         SYMBOL        width
  X:0051H         SYMBOL        height
  -------         DO            
  X:0053H         SYMBOL        x
  X:0055H         SYMBOL        y
  D:0002H         SYMBOL        xy
  -------         ENDDO         
  C:6D5BH         LINE#         901
  C:6D69H         LINE#         902
  C:6D69H         LINE#         905
  C:6D7FH         LINE#         906
  C:6D98H         LINE#         907
  C:6DA1H         LINE#         908
  C:6DA7H         LINE#         909
  C:6DA7H         LINE#         910
  C:6DB8H         LINE#         911
  C:6DBAH         LINE#         912
  C:6DC1H         LINE#         913
  C:6DC3H         LINE#         915
  C:6DC3H         LINE#         916
  C:6DD5H         LINE#         917
  C:6DD7H         LINE#         918
  C:6DE1H         LINE#         919
  C:6DE1H         LINE#         920
  -------         ENDPROC       _LCD_SET_WINDOW
  -------         PROC          _LCD_READPOINT
  D:0002H         SYMBOL        x
  X:023CH         SYMBOL        y
  -------         DO            
  X:023EH         SYMBOL        r
  X:0240H         SYMBOL        g
  X:0242H         SYMBOL        b
  X:0244H         SYMBOL        dat
  -------         ENDDO         
  C:71DFH         LINE#         1072
  C:71EBH         LINE#         1073
  C:71EBH         LINE#         1074
  C:71FBH         LINE#         1075
  C:7221H         LINE#         1076
  C:723BH         LINE#         1122
  C:7243H         LINE#         1123
  -------         ENDPROC       _LCD_READPOINT
  -------         PROC          _LCD_CLEAR
  X:0000H         SYMBOL        color
BL51 BANKED LINKER/LOCATER V6.22                                                      05/26/2020  14:22:29  PAGE 15


  -------         DO            
  D:0002H         SYMBOL        i
  X:0002H         SYMBOL        j
  -------         ENDDO         
  C:6F85H         LINE#         1127
  C:6F8DH         LINE#         1128
  C:6F8DH         LINE#         1129
  C:6F92H         LINE#         1131
  C:6FBCH         LINE#         1132
  C:6FCCH         LINE#         1133
  C:6FCCH         LINE#         1134
  C:6FE8H         LINE#         1135
  C:6FE8H         LINE#         1136
  C:6FEEH         LINE#         1137
  C:6FFEH         LINE#         1138
  C:7005H         LINE#         1139
  -------         ENDPROC       _LCD_CLEAR
  -------         PROC          _LCD_FILL
  X:003FH         SYMBOL        xState
  X:0041H         SYMBOL        yState
  X:0043H         SYMBOL        xEnd
  X:0045H         SYMBOL        yEnd
  X:0047H         SYMBOL        color
  -------         DO            
  X:0049H         SYMBOL        temp
  -------         ENDDO         
  C:6913H         LINE#         1144
  C:692BH         LINE#         1145
  C:692BH         LINE#         1146
  C:6932H         LINE#         1148
  C:6954H         LINE#         1149
  C:6954H         LINE#         1151
  C:6954H         LINE#         1152
  C:696FH         LINE#         1153
  C:6990H         LINE#         1154
  C:69AFH         LINE#         1156
  C:69BDH         LINE#         1157
  C:69BDH         LINE#         1158
  C:69CCH         LINE#         1159
  C:69DAH         LINE#         1160
  C:69DAH         LINE#         1161
  C:69E0H         LINE#         1162
  C:69E2H         LINE#         1163
  C:69E2H         LINE#         1164
  -------         ENDPROC       _LCD_FILL
  -------         PROC          _LCD_COLOR_FILL
  X:0177H         SYMBOL        sx
  X:0179H         SYMBOL        sy
  D:0002H         SYMBOL        ex
  X:017DH         SYMBOL        ey
  X:017FH         SYMBOL        color
  -------         DO            
  X:0182H         SYMBOL        height
  X:0184H         SYMBOL        width
  X:0186H         SYMBOL        i
  X:0188H         SYMBOL        j
  -------         ENDDO         
BL51 BANKED LINKER/LOCATER V6.22                                                      05/26/2020  14:22:29  PAGE 16


  C:61D8H         LINE#         1169
  C:61E6H         LINE#         1170
  C:61E6H         LINE#         1173
  C:6201H         LINE#         1174
  C:6222H         LINE#         1175
  C:623FH         LINE#         1176
  C:625BH         LINE#         1177
  C:625BH         LINE#         1178
  C:6278H         LINE#         1179
  C:6278H         LINE#         1180
  C:62AEH         LINE#         1181
  C:62BEH         LINE#         1182
  C:62CFH         LINE#         1183
  -------         ENDPROC       _LCD_COLOR_FILL
  C:73ACH         SYMBOL        L?0212
  C:73ADH         SYMBOL        L?0213
  -------         PROC          L?0211
  -------         ENDPROC       L?0211
  C:73ACH         SYMBOL        L?0212
  C:73ADH         SYMBOL        L?0213
  -------         PROC          _LCD_DRAWPOINT
  D:0002H         SYMBOL        x
  D:0082H         SYMBOL        y
  C:73BFH         LINE#         1188
  C:73C7H         LINE#         1189
  C:73C7H         LINE#         1190
  C:73DEH         LINE#         1191
  -------         ENDPROC       _LCD_DRAWPOINT
  C:72DEH         SYMBOL        L?0219
  -------         PROC          L?0218
  -------         ENDPROC       L?0218
  C:72DEH         SYMBOL        L?0219
  -------         PROC          _LCD_DRAWFRONT_COLOR
  X:0042H         SYMBOL        x
  X:0044H         SYMBOL        y
  X:0046H         SYMBOL        color
  C:72E3H         LINE#         1197
  C:72FBH         LINE#         1198
  C:72FBH         LINE#         1199
  C:731AH         LINE#         1200
  -------         ENDPROC       _LCD_DRAWFRONT_COLOR
  -------         PROC          _LCD_DRAWBIGPOINT
  X:0285H         SYMBOL        x
  X:0287H         SYMBOL        y
  X:0289H         SYMBOL        color
  C:7101H         LINE#         1205
  C:7115H         LINE#         1206
  C:7115H         LINE#         1207
  C:7118H         LINE#         1208
  C:7131H         LINE#         1209
  C:714DH         LINE#         1210
  -------         ENDPROC       _LCD_DRAWBIGPOINT
  -------         PROC          _LCD_DRAWLINE
  X:00E6H         SYMBOL        x1
  X:00E8H         SYMBOL        y1
  D:0002H         SYMBOL        x2
  X:00ECH         SYMBOL        y2
BL51 BANKED LINKER/LOCATER V6.22                                                      05/26/2020  14:22:29  PAGE 17


  -------         DO            
  X:00EEH         SYMBOL        t
  X:00F0H         SYMBOL        xerr
  X:00F2H         SYMBOL        yerr
  X:00F4H         SYMBOL        delta_x
  X:00F6H         SYMBOL        delta_y
  X:00F8H         SYMBOL        distance
  X:00FAH         SYMBOL        incx
  X:00FCH         SYMBOL        incy
  X:00FEH         SYMBOL        uRow
  X:0100H         SYMBOL        uCol
  -------         ENDDO         
  C:4743H         LINE#         1216
  C:4751H         LINE#         1217
  C:4751H         LINE#         1218
  C:4758H         LINE#         1219
  C:4760H         LINE#         1221
  C:4775H         LINE#         1222
  C:4790H         LINE#         1223
  C:479FH         LINE#         1224
  C:47A5H         LINE#         1225
  C:47C1H         LINE#         1226
  C:47CDH         LINE#         1227
  C:47E2H         LINE#         1228
  C:47FEH         LINE#         1229
  C:480AH         LINE#         1230
  C:481FH         LINE#         1231
  C:4845H         LINE#         1232
  C:484AH         LINE#         1233
  C:486FH         LINE#         1234
  C:486FH         LINE#         1235
  C:4880H         LINE#         1236
  C:4894H         LINE#         1237
  C:48A8H         LINE#         1238
  C:48C4H         LINE#         1239
  C:48C4H         LINE#         1240
  C:48D0H         LINE#         1241
  C:48E4H         LINE#         1242
  C:48E4H         LINE#         1243
  C:4900H         LINE#         1244
  C:4900H         LINE#         1245
  C:490CH         LINE#         1246
  C:4920H         LINE#         1247
  C:4920H         LINE#         1248
  C:4931H         LINE#         1249
  -------         ENDPROC       _LCD_DRAWLINE
  -------         PROC          _LCD_DRAWLINE_COLOR
  X:00AAH         SYMBOL        x1
  X:00ACH         SYMBOL        y1
  D:0002H         SYMBOL        x2
  X:00B0H         SYMBOL        y2
  X:00B2H         SYMBOL        color
  -------         DO            
  X:00B4H         SYMBOL        t
  X:00B6H         SYMBOL        xerr
  X:00B8H         SYMBOL        yerr
  X:00BAH         SYMBOL        delta_x
BL51 BANKED LINKER/LOCATER V6.22                                                      05/26/2020  14:22:29  PAGE 18


  X:00BCH         SYMBOL        delta_y
  X:00BEH         SYMBOL        distance
  X:00C0H         SYMBOL        incx
  X:00C2H         SYMBOL        incy
  X:00C4H         SYMBOL        uRow
  X:00C6H         SYMBOL        uCol
  -------         ENDDO         
  C:4932H         LINE#         1251
  C:4940H         LINE#         1252
  C:4940H         LINE#         1254
  C:494BH         LINE#         1256
  C:4960H         LINE#         1257
  C:497BH         LINE#         1258
  C:498AH         LINE#         1259
  C:4990H         LINE#         1260
  C:49ACH         LINE#         1261
  C:49B8H         LINE#         1262
  C:49CDH         LINE#         1263
  C:49E9H         LINE#         1264
  C:49F5H         LINE#         1265
  C:4A0AH         LINE#         1266
  C:4A30H         LINE#         1267
  C:4A35H         LINE#         1268
  C:4A5AH         LINE#         1269
  C:4A5AH         LINE#         1270
  C:4A6DH         LINE#         1271
  C:4A81H         LINE#         1272
  C:4A95H         LINE#         1273
  C:4AB1H         LINE#         1274
  C:4AB1H         LINE#         1275
  C:4ABDH         LINE#         1276
  C:4AD1H         LINE#         1277
  C:4AD1H         LINE#         1278
  C:4AEDH         LINE#         1279
  C:4AEDH         LINE#         1280
  C:4AF9H         LINE#         1281
  C:4B0DH         LINE#         1282
  C:4B0DH         LINE#         1283
  C:4B1EH         LINE#         1284
  -------         ENDPROC       _LCD_DRAWLINE_COLOR
  -------         PROC          _LCD_DROWSIGN
  X:028BH         SYMBOL        x
  X:028DH         SYMBOL        y
  X:028FH         SYMBOL        color
  -------         DO            
  D:0003H         SYMBOL        i
  -------         ENDDO         
  C:6769H         LINE#         1291
  C:6781H         LINE#         1292
  C:6781H         LINE#         1296
  C:67BBH         LINE#         1297
  C:67BDH         LINE#         1298
  C:67BDH         LINE#         1299
  C:67C0H         LINE#         1300
  C:67C5H         LINE#         1303
  C:67FFH         LINE#         1304
  C:6801H         LINE#         1305
BL51 BANKED LINKER/LOCATER V6.22                                                      05/26/2020  14:22:29  PAGE 19


  C:6801H         LINE#         1306
  C:6804H         LINE#         1307
  C:6809H         LINE#         1310
  C:6836H         LINE#         1311
  C:6838H         LINE#         1312
  C:6838H         LINE#         1313
  C:683BH         LINE#         1314
  C:6840H         LINE#         1315
  -------         ENDPROC       _LCD_DROWSIGN
  -------         PROC          _LCD_DRAWRECTANGLE
  X:026DH         SYMBOL        x1
  X:026FH         SYMBOL        y1
  X:0271H         SYMBOL        x2
  X:0273H         SYMBOL        y2
  C:6B6CH         LINE#         1319
  C:6B82H         LINE#         1320
  C:6B82H         LINE#         1321
  C:6B9EH         LINE#         1322
  C:6BC5H         LINE#         1323
  C:6BEDH         LINE#         1324
  -------         ENDPROC       _LCD_DRAWRECTANGLE
  -------         PROC          _LCD_DRAW_CIRCLE
  X:0246H         SYMBOL        x0
  X:0248H         SYMBOL        y0
  D:0003H         SYMBOL        r
  -------         DO            
  X:024AH         SYMBOL        a
  X:024CH         SYMBOL        b
  X:024EH         SYMBOL        di
  -------         ENDDO         
  C:4D08H         LINE#         1329
  C:4D16H         LINE#         1330
  C:4D16H         LINE#         1333
  C:4D25H         LINE#         1334
  C:4D39H         LINE#         1335
  C:4D58H         LINE#         1336
  C:4D58H         LINE#         1337
  C:4D66H         LINE#         1338
  C:4D7FH         LINE#         1339
  C:4DAAH         LINE#         1340
  C:4DD5H         LINE#         1341
  C:4E01H         LINE#         1342
  C:4E2DH         LINE#         1343
  C:4E44H         LINE#         1344
  C:4E5FH         LINE#         1345
  C:4E6DH         LINE#         1347
  C:4E9DH         LINE#         1349
  C:4E9DH         LINE#         1350
  C:4ECEH         LINE#         1351
  C:4EDCH         LINE#         1352
  C:4EDCH         LINE#         1353
  C:4EDFH         LINE#         1354
  -------         ENDPROC       _LCD_DRAW_CIRCLE
  -------         PROC          _LCD_SHOWCHAR
  X:000DH         SYMBOL        x
  X:000FH         SYMBOL        y
  X:0011H         SYMBOL        num
BL51 BANKED LINKER/LOCATER V6.22                                                      05/26/2020  14:22:29  PAGE 20


  X:0012H         SYMBOL        size
  X:0013H         SYMBOL        mode
  -------         DO            
  X:0014H         SYMBOL        temp
  X:0015H         SYMBOL        t1
  D:0001H         SYMBOL        t
  X:0016H         SYMBOL        y0
  X:0018H         SYMBOL        csize
  -------         ENDDO         
  C:557DH         LINE#         1362
  C:5592H         LINE#         1363
  C:5592H         LINE#         1365
  C:559AH         LINE#         1366
  C:55C2H         LINE#         1367
  C:55C9H         LINE#         1368
  C:55D8H         LINE#         1369
  C:55D8H         LINE#         1370
  C:55F2H         LINE#         1371
  C:5608H         LINE#         1372
  C:5635H         LINE#         1374
  C:563AH         LINE#         1375
  C:563AH         LINE#         1376
  C:5654H         LINE#         1377
  C:566EH         LINE#         1378
  C:5675H         LINE#         1379
  C:5683H         LINE#         1380
  C:5699H         LINE#         1381
  C:56B5H         LINE#         1382
  C:56B5H         LINE#         1383
  C:56BDH         LINE#         1384
  C:56CBH         LINE#         1385
  C:56E1H         LINE#         1387
  C:56E1H         LINE#         1388
  C:56F0H         LINE#         1389
  C:56F4H         LINE#         1390
  -------         ENDPROC       _LCD_SHOWCHAR
  -------         PROC          L?0222
  -------         ENDPROC       L?0222
  -------         PROC          _LCD_POW
  X:0291H         SYMBOL        m
  X:0292H         SYMBOL        n
  -------         DO            
  X:0293H         SYMBOL        result
  -------         ENDDO         
  C:724BH         LINE#         1393
  C:7253H         LINE#         1394
  C:7253H         LINE#         1395
  C:725BH         LINE#         1396
  C:7285H         LINE#         1397
  C:7293H         LINE#         1398
  -------         ENDPROC       _LCD_POW
  -------         PROC          _LCD_SHOWNUM
  X:01FEH         SYMBOL        x
  X:0200H         SYMBOL        y
  X:0202H         SYMBOL        num
  X:0206H         SYMBOL        len
  X:0207H         SYMBOL        size
BL51 BANKED LINKER/LOCATER V6.22                                                      05/26/2020  14:22:29  PAGE 21


  -------         DO            
  X:0208H         SYMBOL        t
  X:0209H         SYMBOL        temp
  X:020AH         SYMBOL        enshow
  -------         ENDDO         
  C:668DH         LINE#         1405
  C:669BH         LINE#         1406
  C:669BH         LINE#         1408
  C:66A0H         LINE#         1409
  C:66B5H         LINE#         1410
  C:66B5H         LINE#         1411
  C:66DFH         LINE#         1412
  C:66F2H         LINE#         1413
  C:66F2H         LINE#         1414
  C:66F6H         LINE#         1415
  C:66F6H         LINE#         1416
  C:6720H         LINE#         1417
  C:6722H         LINE#         1418
  C:6728H         LINE#         1420
  C:6728H         LINE#         1421
  C:675FH         LINE#         1422
  C:6768H         LINE#         1423
  -------         ENDPROC       _LCD_SHOWNUM
  -------         PROC          _LCD_SHOWXNUM
  X:01E2H         SYMBOL        x
  X:01E4H         SYMBOL        y
  X:01E6H         SYMBOL        num
  X:01EAH         SYMBOL        len
  X:01EBH         SYMBOL        size
  X:01ECH         SYMBOL        mode
  -------         DO            
  X:01EDH         SYMBOL        t
  X:01EEH         SYMBOL        temp
  X:01EFH         SYMBOL        enshow
  -------         ENDDO         
  C:5E8FH         LINE#         1434
  C:5E9DH         LINE#         1435
  C:5E9DH         LINE#         1437
  C:5EA2H         LINE#         1438
  C:5EB7H         LINE#         1439
  C:5EB7H         LINE#         1440
  C:5EE1H         LINE#         1441
  C:5EF7H         LINE#         1442
  C:5EF7H         LINE#         1443
  C:5EFBH         LINE#         1444
  C:5EFBH         LINE#         1445
  C:5F31H         LINE#         1446
  C:5F66H         LINE#         1447
  C:5F68H         LINE#         1448
  C:5F6EH         LINE#         1450
  C:5F6EH         LINE#         1451
  C:5FAEH         LINE#         1452
  C:5FB7H         LINE#         1453
  -------         ENDPROC       _LCD_SHOWXNUM
  -------         PROC          _LCD_SHOWSTRING
  X:0000H         SYMBOL        x
  X:0002H         SYMBOL        y
BL51 BANKED LINKER/LOCATER V6.22                                                      05/26/2020  14:22:29  PAGE 22


  X:0004H         SYMBOL        width
  X:0006H         SYMBOL        height
  X:0008H         SYMBOL        size
  X:0009H         SYMBOL        p
  -------         DO            
  X:000CH         SYMBOL        x0
  -------         ENDDO         
  C:65A8H         LINE#         1459
  C:65BCH         LINE#         1460
  C:65BCH         LINE#         1461
  C:65C8H         LINE#         1462
  C:65D4H         LINE#         1463
  C:65E8H         LINE#         1464
  C:6608H         LINE#         1465
  C:6608H         LINE#         1466
  C:663BH         LINE#         1467
  C:6651H         LINE#         1468
  C:666BH         LINE#         1469
  C:667FH         LINE#         1470
  C:6689H         LINE#         1471
  C:668CH         LINE#         1472
  -------         ENDPROC       _LCD_SHOWSTRING
  -------         PROC          _LCD_SHOWFONTHZ
  X:0250H         SYMBOL        x
  X:0252H         SYMBOL        y
  X:0254H         SYMBOL        cn
  -------         DO            
  D:0003H         SYMBOL        i
  D:0002H         SYMBOL        j
  X:0257H         SYMBOL        wordNum
  X:0258H         SYMBOL        color
  -------         ENDDO         
  C:5D64H         LINE#         1485
  C:5D7BH         LINE#         1486
  C:5D7BH         LINE#         1489
  C:5D8EH         LINE#         1490
  C:5D8EH         LINE#         1491
  C:5DC4H         LINE#         1492
  C:5DD6H         LINE#         1493
  C:5DD6H         LINE#         1494
  C:5E17H         LINE#         1496
  C:5E17H         LINE#         1498
  C:5E18H         LINE#         1499
  C:5E18H         LINE#         1500
  C:5E3FH         LINE#         1501
  C:5E41H         LINE#         1502
  C:5E41H         LINE#         1503
  C:5E48H         LINE#         1504
  C:5E48H         LINE#         1505
  C:5E4BH         LINE#         1506
  C:5E4DH         LINE#         1508
  C:5E4DH         LINE#         1509
  C:5E53H         LINE#         1510
  C:5E53H         LINE#         1511
  C:5E60H         LINE#         1512
  C:5E65H         LINE#         1513
  C:5E6AH         LINE#         1514
BL51 BANKED LINKER/LOCATER V6.22                                                      05/26/2020  14:22:29  PAGE 23


  C:5E6AH         LINE#         1515
  C:5E73H         LINE#         1516
  C:5E7DH         LINE#         1517
  C:5E8BH         LINE#         1518
  C:5E8EH         LINE#         1519
  -------         ENDPROC       _LCD_SHOWFONTHZ
  -------         PROC          _LCD_SHOWPICTURE
  X:0162H         SYMBOL        x
  X:0164H         SYMBOL        y
  X:0166H         SYMBOL        wide
  X:0168H         SYMBOL        high
  X:016AH         SYMBOL        pic
  -------         DO            
  X:016DH         SYMBOL        temp
  X:016FH         SYMBOL        tmp
  X:0173H         SYMBOL        num
  -------         ENDDO         
  C:5C37H         LINE#         1573
  C:5C4BH         LINE#         1574
  C:5C4BH         LINE#         1575
  C:5C52H         LINE#         1576
  C:5C64H         LINE#         1577
  C:5CABH         LINE#         1578
  C:5CCEH         LINE#         1580
  C:5CCEH         LINE#         1581
  C:5CFBH         LINE#         1582
  C:5D04H         LINE#         1583
  C:5D1EH         LINE#         1584
  C:5D21H         LINE#         1585
  C:5D3EH         LINE#         1586
  C:5D3EH         LINE#         1587
  C:5D63H         LINE#         1588
  -------         ENDPROC       _LCD_SHOWPICTURE
  -------         ENDMOD        TFTLCD

  -------         MODULE        TOUCH
  C:0000H         SYMBOL        _ICE_DUMMY_
  D:00A0H         PUBLIC        P2
  D:00B0H         PUBLIC        P3
  D:00A8H         PUBLIC        IE
  D:00B8H         PUBLIC        IP
  B:00A0H.0       PUBLIC        TOUCH_DOUT
  D:00D8H         PUBLIC        CCON
  X:020BH         PUBLIC        xpt_xy
  C:7461H         PUBLIC        TOUCH_SPI_Read
  D:0098H         PUBLIC        SCON
  D:0088H         PUBLIC        TCON
  C:5281H         PUBLIC        _TOUCH_XPT_ReadData
  B:00A0H.1       PUBLIC        TOUCH_CLK
  C:758DH         PUBLIC        _TOUCH_SPI_Write
  B:00A0H.2       PUBLIC        TOUCH_DIN
  C:7645H         PUBLIC        TOUCH_SPI_Start
  C:5AF7H         PUBLIC        TOUCH_Scan
  C:5FB8H         PUBLIC        TOUCH_XPT_ReadXY
  D:00D0H         PUBLIC        PSW
  B:00A0H.3       PUBLIC        TOUCH_CS
  -------         PROC          TOUCH_SPI_START
BL51 BANKED LINKER/LOCATER V6.22                                                      05/26/2020  14:22:29  PAGE 24


  C:7645H         LINE#         9
  C:7645H         LINE#         10
  C:7645H         LINE#         11
  C:7647H         LINE#         12
  C:7649H         LINE#         13
  C:764BH         LINE#         14
  C:764DH         LINE#         15
  C:764FH         LINE#         16
  -------         ENDPROC       TOUCH_SPI_START
  -------         PROC          _TOUCH_SPI_WRITE
  D:0007H         SYMBOL        dat
  -------         DO            
  D:0006H         SYMBOL        i
  -------         ENDDO         
  C:758DH         LINE#         18
  C:758DH         LINE#         19
  C:758DH         LINE#         21
  C:758FH         LINE#         22
  C:7591H         LINE#         23
  C:7591H         LINE#         24
  C:759CH         LINE#         25
  C:75A0H         LINE#         26
  C:75A2H         LINE#         28
  C:75A4H         LINE#         30
  C:75A9H         LINE#         31
  -------         ENDPROC       _TOUCH_SPI_WRITE
  -------         PROC          TOUCH_SPI_READ
  -------         DO            
  D:0004H         SYMBOL        i
  X:02A9H         SYMBOL        dat
  -------         ENDDO         
  C:7461H         LINE#         33
  C:7461H         LINE#         34
  C:7461H         LINE#         35
  C:7468H         LINE#         36
  C:746AH         LINE#         37
  C:746CH         LINE#         38
  C:746CH         LINE#         39
  C:7479H         LINE#         41
  C:747BH         LINE#         42
  C:747DH         LINE#         44
  C:7488H         LINE#         46
  C:7493H         LINE#         47
  C:749BH         LINE#         48
  -------         ENDPROC       TOUCH_SPI_READ
  -------         PROC          L?0046
  -------         ENDPROC       L?0046
  -------         PROC          _TOUCH_XPT_READDATA
  D:0003H         SYMBOL        cmd
  -------         DO            
  X:0102H         SYMBOL        i
  X:0103H         SYMBOL        j
  X:0104H         SYMBOL        readValue
  X:0118H         SYMBOL        endValue
  -------         ENDDO         
  C:5281H         LINE#         52
  C:5283H         LINE#         53
BL51 BANKED LINKER/LOCATER V6.22                                                      05/26/2020  14:22:29  PAGE 25


  C:5283H         LINE#         58
  C:5285H         LINE#         59
  C:5287H         LINE#         61
  C:528CH         LINE#         62
  C:528CH         LINE#         63
  C:5291H         LINE#         65
  C:52A0H         LINE#         66
  C:52A2H         LINE#         67
  C:52A3H         LINE#         68
  C:52A4H         LINE#         69
  C:52A6H         LINE#         70
  C:52A7H         LINE#         71
  C:52A8H         LINE#         73
  C:52BFH         LINE#         74
  C:52CBH         LINE#         75
  C:52CDH         LINE#         79
  C:52DFH         LINE#         80
  C:52DFH         LINE#         81
  C:52F0H         LINE#         82
  C:52F0H         LINE#         83
  C:531BH         LINE#         84
  C:531BH         LINE#         85
  C:5335H         LINE#         86
  C:535BH         LINE#         87
  C:5376H         LINE#         88
  C:5376H         LINE#         89
  C:537FH         LINE#         90
  C:5388H         LINE#         95
  C:5392H         LINE#         96
  C:5398H         LINE#         97
  C:5398H         LINE#         98
  C:53CFH         LINE#         99
  C:53D9H         LINE#         100
  C:53F6H         LINE#         102
  C:5400H         LINE#         103
  -------         ENDPROC       _TOUCH_XPT_READDATA
  -------         PROC          TOUCH_XPT_READXY
  -------         DO            
  X:025AH         SYMBOL        x1
  X:025CH         SYMBOL        x2
  X:025EH         SYMBOL        x
  X:0260H         SYMBOL        y1
  D:0004H         SYMBOL        y2
  X:0262H         SYMBOL        y
  -------         ENDDO         
  C:5FB8H         LINE#         107
  C:5FB8H         LINE#         108
  C:5FB8H         LINE#         111
  C:5FBBH         LINE#         113
  C:5FC3H         LINE#         114
  C:5FCEH         LINE#         115
  C:5FD6H         LINE#         116
  C:5FDDH         LINE#         120
  C:5FF3H         LINE#         121
  C:5FF3H         LINE#         122
  C:5FFBH         LINE#         123
  C:5FFDH         LINE#         125
BL51 BANKED LINKER/LOCATER V6.22                                                      05/26/2020  14:22:29  PAGE 26


  C:5FFDH         LINE#         126
  C:6018H         LINE#         127
  C:6018H         LINE#         130
  C:6026H         LINE#         131
  C:6026H         LINE#         132
  C:602BH         LINE#         133
  C:602DH         LINE#         135
  C:602DH         LINE#         136
  C:6040H         LINE#         137
  C:6040H         LINE#         140
  C:605DH         LINE#         141
  C:605DH         LINE#         142
  C:6060H         LINE#         143
  C:6060H         LINE#         146
  C:6081H         LINE#         147
  C:609AH         LINE#         149
  C:60A1H         LINE#         150
  C:60A8H         LINE#         153
  C:60C6H         LINE#         154
  C:60C6H         LINE#         155
  C:60C9H         LINE#         156
  C:60C9H         LINE#         158
  C:60CBH         LINE#         159
  -------         ENDPROC       TOUCH_XPT_READXY
  -------         PROC          TOUCH_SCAN
  -------         DO            
  X:029DH         SYMBOL        res
  X:029EH         SYMBOL        temp
  -------         ENDDO         
  C:5AF7H         LINE#         163
  C:5AF7H         LINE#         164
  C:5AF7H         LINE#         165
  C:5AFCH         LINE#         168
  C:5B05H         LINE#         169
  C:5B05H         LINE#         172
  C:5B0EH         LINE#         173
  C:5B0EH         LINE#         175
  C:5B1FH         LINE#         176
  C:5B54H         LINE#         177
  C:5B65H         LINE#         178
  C:5B8FH         LINE#         216
  C:5B92H         LINE#         218
  C:5B92H         LINE#         220
  C:5BA9H         LINE#         221
  C:5BDEH         LINE#         222
  C:5BEFH         LINE#         223
  C:5C24H         LINE#         261
  C:5C24H         LINE#         278
  C:5C2AH         LINE#         279
  C:5C2AH         LINE#         280
  C:5C2CH         LINE#         282
  C:5C31H         LINE#         283
  C:5C36H         LINE#         284
  -------         ENDPROC       TOUCH_SCAN
  -------         ENDMOD        TOUCH

  -------         MODULE        GUI
BL51 BANKED LINKER/LOCATER V6.22                                                      05/26/2020  14:22:29  PAGE 27


  C:0000H         SYMBOL        _ICE_DUMMY_
  C:7294H         PUBLIC        _gui_pow
  D:00A0H         PUBLIC        P2
  D:00B0H         PUBLIC        P3
  C:6C16H         PUBLIC        _gui_num2str
  C:40DAH         PUBLIC        _gui_show_ptstr
  D:00A8H         PUBLIC        IE
  C:5401H         PUBLIC        _gui_get_stringline
  D:00B8H         PUBLIC        IP
  C:63C7H         PUBLIC        _gui_draw_bigpoint
  C:50B7H         PUBLIC        _gui_show_num
  C:7174H         PUBLIC        _gui_disabs
  C:3C30H         PUBLIC        _gui_fill_ellipse
  D:00D8H         PUBLIC        CCON
  C:2A9AH         PUBLIC        _gui_fill_circle
  C:22CCH         PUBLIC        _gui_draw_ellipse
  C:1C19H         PUBLIC        _gui_draw_arcrectangle
  D:0098H         PUBLIC        SCON
  C:62D0H         PUBLIC        _gui_alphablend_area
  D:0088H         PUBLIC        TCON
  C:64BBH         PUBLIC        _gui_alpha_blend565
  C:73E9H         PUBLIC        _gui_rgb332torgb565
  C:6AE3H         PUBLIC        _gui_draw_expoint
  C:3767H         PUBLIC        _gui_draw_bline
  C:4B1FH         PUBLIC        _gui_smooth_color
  C:7086H         PUBLIC        _gui_draw_hline
  C:3E8CH         PUBLIC        _gui_show_ptchar
  C:6CD5H         PUBLIC        _gui_draw_vline
  C:7006H         PUBLIC        _gui_color_chg
  C:5868H         PUBLIC        _gui_show_strmid
  C:59B0H         PUBLIC        _gui_fill_colorblock
  C:4550H         PUBLIC        _gui_draw_line
  C:7425H         PUBLIC        _gui_draw_point
  C:3519H         PUBLIC        _gui_draw_circle8
  C:4325H         PUBLIC        _gui_show_string
  C:6E88H         PUBLIC        _gui_fill_rectangle
  C:4EFCH         PUBLIC        _gui_draw_arc
  C:60CCH         PUBLIC        _gui_draw_smooth_rectangle
  C:69E3H         PUBLIC        _gui_draw_rectangle
  C:26D0H         PUBLIC        _gui_draw_bline1
  D:00D0H         PUBLIC        PSW
  C:6841H         PUBLIC        _gui_show_ptstrwhiterim
  -------         PROC          _GUI_COLOR_CHG
  X:0275H         SYMBOL        rgb
  -------         DO            
  X:0279H         SYMBOL        r
  X:027BH         SYMBOL        g
  D:0004H         SYMBOL        b
  -------         ENDDO         
  C:7006H         LINE#         15
  C:700CH         LINE#         16
  C:700CH         LINE#         18
  C:7025H         LINE#         19
  C:7044H         LINE#         20
  C:705FH         LINE#         21
  C:7085H         LINE#         22
  -------         ENDPROC       _GUI_COLOR_CHG
BL51 BANKED LINKER/LOCATER V6.22                                                      05/26/2020  14:22:29  PAGE 28


  -------         PROC          _GUI_RGB332TORGB565
  D:0004H         SYMBOL        rgb332
  -------         DO            
  D:0002H         SYMBOL        rgb565
  -------         ENDDO         
  C:73E9H         LINE#         26
  C:73EDH         LINE#         27
  C:73EDH         LINE#         28
  C:73F1H         LINE#         29
  C:7406H         LINE#         30
  C:741BH         LINE#         31
  C:7421H         LINE#         32
  C:7424H         LINE#         33
  -------         ENDPROC       _GUI_RGB332TORGB565
  -------         PROC          _GUI_POW
  X:0297H         SYMBOL        m
  X:0298H         SYMBOL        n
  -------         DO            
  X:0299H         SYMBOL        result
  -------         ENDDO         
  C:7294H         LINE#         35
  C:729CH         LINE#         36
  C:729CH         LINE#         37
  C:72A4H         LINE#         38
  C:72CEH         LINE#         39
  C:72DCH         LINE#         40
  -------         ENDPROC       _GUI_POW
  -------         PROC          _GUI_DISABS
  X:027DH         SYMBOL        x1
  X:0281H         SYMBOL        x2
  C:7174H         LINE#         42
  C:717AH         LINE#         43
  C:717AH         LINE#         44
  C:71DEH         LINE#         45
  -------         ENDPROC       _GUI_DISABS
  -------         PROC          _GUI_DRAW_POINT
  X:02A2H         SYMBOL        x0
  D:0004H         SYMBOL        y0
  D:0002H         SYMBOL        color
  -------         DO            
  X:02A4H         SYMBOL        tempcolor
  -------         ENDDO         
  C:7425H         LINE#         51
  C:742DH         LINE#         52
  C:742DH         LINE#         53
  C:743CH         LINE#         54
  C:7446H         LINE#         55
  C:7451H         LINE#         56
  C:7460H         LINE#         57
  -------         ENDPROC       _GUI_DRAW_POINT
  -------         PROC          _GUI_ALPHABLEND_AREA
  X:01C1H         SYMBOL        x
  X:01C3H         SYMBOL        y
  X:01C5H         SYMBOL        width
  X:01C7H         SYMBOL        height
  X:01C9H         SYMBOL        color
  X:01CBH         SYMBOL        aval
BL51 BANKED LINKER/LOCATER V6.22                                                      05/26/2020  14:22:29  PAGE 29


  -------         DO            
  X:01CCH         SYMBOL        i
  X:01CEH         SYMBOL        j
  X:01D0H         SYMBOL        tempcolor
  -------         ENDDO         
  C:62D0H         LINE#         63
  C:62E4H         LINE#         64
  C:62E4H         LINE#         67
  C:6303H         LINE#         68
  C:6303H         LINE#         69
  C:6322H         LINE#         70
  C:6322H         LINE#         71
  C:6355H         LINE#         72
  C:636BH         LINE#         73
  C:639EH         LINE#         74
  C:63B2H         LINE#         75
  C:63C6H         LINE#         76
  -------         ENDPROC       _GUI_ALPHABLEND_AREA
  -------         PROC          _GUI_DRAW_BIGPOINT
  X:0000H         SYMBOL        x0
  X:0002H         SYMBOL        y0
  X:0004H         SYMBOL        color
  -------         DO            
  X:0006H         SYMBOL        i
  X:0008H         SYMBOL        j
  X:000AH         SYMBOL        x
  X:000CH         SYMBOL        y
  -------         ENDDO         
  C:63C7H         LINE#         82
  C:63DDH         LINE#         83
  C:63DDH         LINE#         86
  C:63F8H         LINE#         87
  C:6407H         LINE#         88
  C:6423H         LINE#         89
  C:6432H         LINE#         90
  C:645CH         LINE#         91
  C:645CH         LINE#         92
  C:64AAH         LINE#         93
  C:64BAH         LINE#         94
  -------         ENDPROC       _GUI_DRAW_BIGPOINT
  -------         PROC          _GUI_DRAW_LINE
  X:0024H         SYMBOL        x0
  X:0026H         SYMBOL        y0
  D:0002H         SYMBOL        x1
  X:002AH         SYMBOL        y1
  X:002CH         SYMBOL        color
  -------         DO            
  X:002EH         SYMBOL        t
  X:0030H         SYMBOL        xerr
  X:0032H         SYMBOL        yerr
  X:0034H         SYMBOL        delta_x
  X:0036H         SYMBOL        delta_y
  X:0038H         SYMBOL        distance
  X:003AH         SYMBOL        incx
  X:003CH         SYMBOL        incy
  X:003EH         SYMBOL        uRow
  X:0040H         SYMBOL        uCol
BL51 BANKED LINKER/LOCATER V6.22                                                      05/26/2020  14:22:29  PAGE 30


  -------         ENDDO         
  C:4550H         LINE#         98
  C:455EH         LINE#         99
  C:455EH         LINE#         101
  C:4569H         LINE#         104
  C:457EH         LINE#         105
  C:4599H         LINE#         106
  C:45A8H         LINE#         107
  C:45AEH         LINE#         108
  C:45CAH         LINE#         109
  C:45D6H         LINE#         110
  C:45EBH         LINE#         111
  C:4607H         LINE#         112
  C:4613H         LINE#         113
  C:4628H         LINE#         114
  C:464EH         LINE#         115
  C:4653H         LINE#         116
  C:4678H         LINE#         117
  C:4678H         LINE#         118
  C:4691H         LINE#         119
  C:46A5H         LINE#         120
  C:46B9H         LINE#         121
  C:46D5H         LINE#         122
  C:46D5H         LINE#         123
  C:46E1H         LINE#         124
  C:46F5H         LINE#         125
  C:46F5H         LINE#         126
  C:4711H         LINE#         127
  C:4711H         LINE#         128
  C:471DH         LINE#         129
  C:4731H         LINE#         130
  C:4731H         LINE#         131
  C:4742H         LINE#         132
  -------         ENDPROC       _GUI_DRAW_LINE
  -------         PROC          _GUI_DRAW_BLINE
  X:0000H         SYMBOL        x1
  X:0002H         SYMBOL        y1
  X:0004H         SYMBOL        x2
  X:0006H         SYMBOL        y2
  X:0008H         SYMBOL        size
  X:0009H         SYMBOL        color
  -------         DO            
  X:000BH         SYMBOL        t
  X:000DH         SYMBOL        xerr
  X:000FH         SYMBOL        yerr
  X:0011H         SYMBOL        delta_x
  X:0013H         SYMBOL        delta_y
  X:0015H         SYMBOL        distance
  X:0017H         SYMBOL        incx
  X:0019H         SYMBOL        incy
  X:001BH         SYMBOL        uRow
  X:001DH         SYMBOL        uCol
  -------         ENDDO         
  C:3767H         LINE#         137
  C:377BH         LINE#         138
  C:377BH         LINE#         140
  C:3786H         LINE#         142
BL51 BANKED LINKER/LOCATER V6.22                                                      05/26/2020  14:22:29  PAGE 31


  C:37CBH         LINE#         143
  C:37E4H         LINE#         144
  C:37FFH         LINE#         145
  C:381AH         LINE#         146
  C:3822H         LINE#         147
  C:3830H         LINE#         148
  C:384CH         LINE#         149
  C:3858H         LINE#         150
  C:386DH         LINE#         151
  C:3889H         LINE#         152
  C:3895H         LINE#         153
  C:38AAH         LINE#         154
  C:38D0H         LINE#         155
  C:38D5H         LINE#         156
  C:38FAH         LINE#         157
  C:38FAH         LINE#         158
  C:3921H         LINE#         159
  C:3935H         LINE#         160
  C:3949H         LINE#         161
  C:3985H         LINE#         162
  C:39C1H         LINE#         163
  C:39D2H         LINE#         164
  -------         ENDPROC       _GUI_DRAW_BLINE
  -------         PROC          _GUI_DRAW_BLINE1
  X:008BH         SYMBOL        x0
  X:008DH         SYMBOL        y0
  D:0002H         SYMBOL        x1
  X:0091H         SYMBOL        y1
  X:0093H         SYMBOL        size
  X:0094H         SYMBOL        color
  -------         DO            
  X:0096H         SYMBOL        t
  X:0098H         SYMBOL        xerr
  X:009AH         SYMBOL        yerr
  X:009CH         SYMBOL        delta_x
  X:009EH         SYMBOL        delta_y
  X:00A0H         SYMBOL        distance
  X:00A2H         SYMBOL        incx
  X:00A4H         SYMBOL        incy
  X:00A6H         SYMBOL        uRow
  X:00A8H         SYMBOL        uCol
  -------         ENDDO         
  C:26D0H         LINE#         170
  C:26DEH         LINE#         171
  C:26DEH         LINE#         173
  C:26E9H         LINE#         176
  C:26FEH         LINE#         177
  C:2719H         LINE#         178
  C:2728H         LINE#         179
  C:272EH         LINE#         180
  C:274AH         LINE#         181
  C:2756H         LINE#         182
  C:276BH         LINE#         183
  C:2787H         LINE#         184
  C:2793H         LINE#         185
  C:27A8H         LINE#         186
  C:27CEH         LINE#         187
BL51 BANKED LINKER/LOCATER V6.22                                                      05/26/2020  14:22:29  PAGE 32


  C:27D3H         LINE#         188
  C:27F8H         LINE#         189
  C:27F8H         LINE#         190
  C:2817H         LINE#         191
  C:2822H         LINE#         192
  C:2822H         LINE#         193
  C:283BH         LINE#         194
  C:285CH         LINE#         195
  C:287DH         LINE#         196
  C:28A4H         LINE#         197
  C:28A4H         LINE#         198
  C:28AFH         LINE#         199
  C:28AFH         LINE#         200
  C:28C8H         LINE#         201
  C:28E9H         LINE#         202
  C:290AH         LINE#         203
  C:2931H         LINE#         204
  C:2958H         LINE#         205
  C:297FH         LINE#         206
  C:29A6H         LINE#         207
  C:29C7H         LINE#         208
  C:29E8H         LINE#         209
  C:29E8H         LINE#         210
  C:29FCH         LINE#         211
  C:2A10H         LINE#         212
  C:2A2CH         LINE#         213
  C:2A2CH         LINE#         214
  C:2A38H         LINE#         215
  C:2A4CH         LINE#         216
  C:2A4CH         LINE#         217
  C:2A68H         LINE#         218
  C:2A68H         LINE#         219
  C:2A74H         LINE#         220
  C:2A88H         LINE#         221
  C:2A88H         LINE#         222
  C:2A99H         LINE#         223
  -------         ENDPROC       _GUI_DRAW_BLINE1
  C:6CD0H         SYMBOL        L?0318
  -------         PROC          L?0317
  -------         ENDPROC       L?0317
  C:6CD0H         SYMBOL        L?0318
  -------         PROC          _GUI_DRAW_VLINE
  X:0010H         SYMBOL        x0
  X:0012H         SYMBOL        y0
  X:0014H         SYMBOL        len
  X:0016H         SYMBOL        color
  C:6CD5H         LINE#         228
  C:6CE9H         LINE#         229
  C:6CE9H         LINE#         230
  C:6D17H         LINE#         231
  C:6D55H         LINE#         232
  -------         ENDPROC       _GUI_DRAW_VLINE
  -------         PROC          _GUI_DRAW_HLINE
  X:0037H         SYMBOL        x0
  X:0039H         SYMBOL        y0
  D:0002H         SYMBOL        len
  X:003DH         SYMBOL        color
BL51 BANKED LINKER/LOCATER V6.22                                                      05/26/2020  14:22:29  PAGE 33


  C:7086H         LINE#         237
  C:7094H         LINE#         238
  C:7094H         LINE#         239
  C:70C2H         LINE#         240
  C:7100H         LINE#         241
  -------         ENDPROC       _GUI_DRAW_HLINE
  -------         PROC          _GUI_FILL_COLORBLOCK
  X:01F0H         SYMBOL        x0
  X:01F2H         SYMBOL        y0
  X:01F4H         SYMBOL        width
  X:01F6H         SYMBOL        height
  X:01F8H         SYMBOL        ctbl
  X:01FBH         SYMBOL        mode
  -------         DO            
  X:01FCH         SYMBOL        i
  -------         ENDDO         
  C:59B0H         LINE#         248
  C:59C4H         LINE#         249
  C:59C4H         LINE#         251
  C:59DCH         LINE#         252
  C:59E6H         LINE#         253
  C:59E6H         LINE#         254
  C:5A04H         LINE#         255
  C:5A04H         LINE#         256
  C:5A62H         LINE#         257
  C:5A73H         LINE#         258
  C:5A73H         LINE#         259
  C:5A73H         LINE#         260
  C:5A90H         LINE#         261
  C:5A90H         LINE#         262
  C:5AE6H         LINE#         263
  C:5AF6H         LINE#         264
  C:5AF6H         LINE#         265
  -------         ENDPROC       _GUI_FILL_COLORBLOCK
  -------         PROC          _GUI_SMOOTH_COLOR
  X:00C8H         SYMBOL        srgb
  X:00CCH         SYMBOL        ergb
  X:00D0H         SYMBOL        cbuf
  X:00D3H         SYMBOL        len
  -------         DO            
  X:00D5H         SYMBOL        sr
  X:00D6H         SYMBOL        sg
  X:00D7H         SYMBOL        sb
  X:00D8H         SYMBOL        dr
  X:00DAH         SYMBOL        dg
  X:00DCH         SYMBOL        db
  X:00DEH         SYMBOL        r
  X:00E0H         SYMBOL        g
  X:00E2H         SYMBOL        b
  X:00E4H         SYMBOL        i
  -------         ENDDO         
  C:4B1FH         LINE#         271
  C:4B25H         LINE#         272
  C:4B25H         LINE#         276
  C:4B2CH         LINE#         277
  C:4B45H         LINE#         278
  C:4B5EH         LINE#         279
BL51 BANKED LINKER/LOCATER V6.22                                                      05/26/2020  14:22:29  PAGE 34


  C:4B6DH         LINE#         280
  C:4B90H         LINE#         281
  C:4BB3H         LINE#         282
  C:4BCBH         LINE#         283
  C:4BEAH         LINE#         284
  C:4BEAH         LINE#         285
[...]
  X:01A8H         SYMBOL        str
  -------         DO            
  X:01ABH         SYMBOL        xoff
  X:01ADH         SYMBOL        yoff
  D:0004H         SYMBOL        strlenth
  D:0004H         SYMBOL        strwidth
  -------         ENDDO         
  C:5868H         LINE#         533
  C:587CH         LINE#         534
  C:587CH         LINE#         535
  C:5887H         LINE#         538
  C:5895H         LINE#         539
  C:58A7H         LINE#         540
  C:58BBH         LINE#         541
  C:58E0H         LINE#         542
  C:58EDH         LINE#         543
  C:58EDH         LINE#         544
  C:5904H         LINE#         545
  C:5904H         LINE#         546
  C:59AFH         LINE#         547
  -------         ENDPROC       _GUI_SHOW_STRMID
  -------         PROC          _GUI_SHOW_PTCHAR
  X:011CH         SYMBOL        x
  X:011EH         SYMBOL        y
BL51 BANKED LINKER/LOCATER V6.22                                                      05/26/2020  14:22:29  PAGE 40


  X:0120H         SYMBOL        xend
  X:0122H         SYMBOL        yend
  X:0124H         SYMBOL        offset
  X:0126H         SYMBOL        color
  X:0128H         SYMBOL        size
  X:012AH         SYMBOL        chr
  X:012BH         SYMBOL        mode
  -------         DO            
  X:012CH         SYMBOL        temp
  X:012DH         SYMBOL        t1
  X:012EH         SYMBOL        t
  X:012FH         SYMBOL        tempoff
  X:0131H         SYMBOL        y0
  X:0133H         SYMBOL        csize
  -------         ENDDO         
  C:3E8CH         LINE#         557
  C:3EA4H         LINE#         558
  C:3EA4H         LINE#         562
  C:3EACH         LINE#         563
  C:3EEDH         LINE#         564
  C:3EFCH         LINE#         565
  C:3F01H         LINE#         566
  C:3F1DH         LINE#         567
  C:3F1DH         LINE#         568
  C:3F3BH         LINE#         569
  C:3F3BH         LINE#         570
  C:3F3BH         LINE#         571
  C:3F4BH         LINE#         572
  C:3F4DH         LINE#         573
  C:3F4DH         LINE#         574
  C:3F62H         LINE#         575
  C:3F64H         LINE#         576
  C:3F64H         LINE#         577
  C:3F8BH         LINE#         578
  C:3F8BH         LINE#         579
  C:3F8BH         LINE#         581
  C:3F8BH         LINE#         582
  C:3F9AH         LINE#         583
  C:3FB2H         LINE#         584
  C:3FBFH         LINE#         585
  C:3FBFH         LINE#         586
  C:3FC3H         LINE#         587
  C:3FC3H         LINE#         588
  C:3FD9H         LINE#         589
  C:3FD9H         LINE#         590
  C:3FE0H         LINE#         591
  C:3FE0H         LINE#         592
  C:3FFCH         LINE#         593
  C:400AH         LINE#         594
  C:402BH         LINE#         595
  C:402BH         LINE#         596
  C:4032H         LINE#         597
  C:4040H         LINE#         598
  C:4061H         LINE#         599
  C:4061H         LINE#         600
  C:4069H         LINE#         601
  C:4077H         LINE#         602
BL51 BANKED LINKER/LOCATER V6.22                                                      05/26/2020  14:22:29  PAGE 41


  C:4079H         LINE#         603
  C:4079H         LINE#         604
  C:408AH         LINE#         605
  C:408AH         LINE#         606
  C:408AH         LINE#         607
  C:4098H         LINE#         608
  C:40BAH         LINE#         609
  C:40BAH         LINE#         610
  C:40C2H         LINE#         611
  C:40D0H         LINE#         612
  C:40D0H         LINE#         613
  C:40D0H         LINE#         614
  C:40D9H         LINE#         615
  -------         ENDPROC       _GUI_SHOW_PTCHAR
  -------         PROC          _GUI_SHOW_NUM
  X:01D2H         SYMBOL        x
  X:01D4H         SYMBOL        y
  X:01D6H         SYMBOL        len
  X:01D7H         SYMBOL        color
  X:01D9H         SYMBOL        size
  X:01DAH         SYMBOL        num
  X:01DEH         SYMBOL        mode
  -------         DO            
  X:01DFH         SYMBOL        t
  X:01E0H         SYMBOL        temp
  X:01E1H         SYMBOL        enshow
  -------         ENDDO         
  C:50B7H         LINE#         626
  C:50C8H         LINE#         627
  C:50C8H         LINE#         629
  C:50CDH         LINE#         630
  C:50E2H         LINE#         631
  C:50E2H         LINE#         632
  C:5113H         LINE#         633
  C:512CH         LINE#         634
  C:512CH         LINE#         635
  C:5133H         LINE#         636
  C:5133H         LINE#         637
  C:5195H         LINE#         638
  C:51F1H         LINE#         639
  C:51F3H         LINE#         640
  C:51F9H         LINE#         642
  C:51F9H         LINE#         643
  C:5270H         LINE#         644
  C:5279H         LINE#         645
  -------         ENDPROC       _GUI_SHOW_NUM
  -------         PROC          _GUI_NUM2STR
  X:0264H         SYMBOL        str
  X:0267H         SYMBOL        num
  -------         DO            
  X:026BH         SYMBOL        t
  D:0007H         SYMBOL        temp
  X:026CH         SYMBOL        enrec
  -------         ENDDO         
  C:6C16H         LINE#         650
  C:6C25H         LINE#         651
  C:6C25H         LINE#         653
BL51 BANKED LINKER/LOCATER V6.22                                                      05/26/2020  14:22:29  PAGE 42


  C:6C2AH         LINE#         654
  C:6C38H         LINE#         655
  C:6C38H         LINE#         656
  C:6C66H         LINE#         657
  C:6C75H         LINE#         658
  C:6C75H         LINE#         659
  C:6C7AH         LINE#         660
  C:6C80H         LINE#         661
  C:6C80H         LINE#         662
  C:6C93H         LINE#         663
  C:6C9DH         LINE#         664
  C:6CA5H         LINE#         665
  C:6CB4H         LINE#         666
  C:6CBFH         LINE#         667
  -------         ENDPROC       _GUI_NUM2STR
  -------         PROC          _GUI_SHOW_PTSTR
  X:018AH         SYMBOL        x
  X:018CH         SYMBOL        y
  X:018EH         SYMBOL        xend
  X:0190H         SYMBOL        yend
  X:0192H         SYMBOL        offset
  X:0194H         SYMBOL        color
  X:0196H         SYMBOL        size
  X:0197H         SYMBOL        str
  X:019AH         SYMBOL        mode
  -------         DO            
  X:019BH         SYMBOL        bHz
  X:019CH         SYMBOL        EnDisp
  -------         ENDDO         
  C:40DAH         LINE#         677
  C:40EEH         LINE#         678
  C:40EEH         LINE#         679
  C:40F3H         LINE#         680
  C:40F5H         LINE#         681
  C:4109H         LINE#         682
  C:4109H         LINE#         683
  C:4112H         LINE#         684
  C:4112H         LINE#         685
  C:411DH         LINE#         687
  C:411DH         LINE#         688
  C:4123H         LINE#         689
  C:4123H         LINE#         690
  C:413AH         LINE#         691
  C:413AH         LINE#         692
  C:4147H         LINE#         693
  C:4149H         LINE#         694
  C:4149H         LINE#         695
  C:4160H         LINE#         696
  C:4166H         LINE#         697
  C:4166H         LINE#         698
  C:4166H         LINE#         699
  C:4171H         LINE#         700
  C:4171H         LINE#         701
  C:41DEH         LINE#         702
  C:4211H         LINE#         703
  C:4219H         LINE#         704
  C:4224H         LINE#         705
BL51 BANKED LINKER/LOCATER V6.22                                                      05/26/2020  14:22:29  PAGE 43


  C:4224H         LINE#         706
  C:4231H         LINE#         707
  C:4238H         LINE#         708
  C:4238H         LINE#         709
  C:4238H         LINE#         710
  C:4250H         LINE#         711
  C:4257H         LINE#         712
  C:4257H         LINE#         713
  C:425AH         LINE#         714
  C:425AH         LINE#         715
  C:425FH         LINE#         716
  C:4263H         LINE#         717
  C:4263H         LINE#         718
  C:4278H         LINE#         719
  C:4278H         LINE#         720
  C:4285H         LINE#         721
  C:4287H         LINE#         722
  C:4287H         LINE#         723
  C:429EH         LINE#         724
  C:42A4H         LINE#         725
  C:42A4H         LINE#         726
  C:42A4H         LINE#         727
  C:42AAH         LINE#         728
  C:42AAH         LINE#         730
  C:42DBH         LINE#         731
  C:42E3H         LINE#         732
  C:42EEH         LINE#         733
  C:42EEH         LINE#         734
  C:42FBH         LINE#         735
  C:4302H         LINE#         736
  C:4302H         LINE#         737
  C:4302H         LINE#         738
  C:4317H         LINE#         739
  C:4321H         LINE#         740
  C:4321H         LINE#         741
  C:4324H         LINE#         742
  -------         ENDPROC       _GUI_SHOW_PTSTR
  -------         PROC          _GUI_SHOW_PTSTRWHITERIM
  X:01AFH         SYMBOL        x
  X:01B1H         SYMBOL        y
  X:01B3H         SYMBOL        xend
  X:01B5H         SYMBOL        yend
  X:01B7H         SYMBOL        offset
  X:01B9H         SYMBOL        color
  X:01BBH         SYMBOL        rimcolor
  X:01BDH         SYMBOL        size
  X:01BEH         SYMBOL        str
  C:6841H         LINE#         752
  C:6855H         LINE#         753
  C:6855H         LINE#         754
  C:68ACH         LINE#         755
  -------         ENDPROC       _GUI_SHOW_PTSTRWHITERIM
  -------         PROC          _GUI_GET_STRINGLINE
  X:0225H         SYMBOL        str
  X:0228H         SYMBOL        linelenth
  X:022AH         SYMBOL        font
  -------         DO            
BL51 BANKED LINKER/LOCATER V6.22                                                      05/26/2020  14:22:29  PAGE 44


  X:022BH         SYMBOL        xpos
  X:022DH         SYMBOL        lincnt
  -------         ENDDO         
  C:5401H         LINE#         763
  C:5414H         LINE#         764
  C:5414H         LINE#         765
  C:541BH         LINE#         766
  C:5423H         LINE#         767
  C:5439H         LINE#         768
  C:5469H         LINE#         769
  C:5469H         LINE#         770
  C:5489H         LINE#         771
  C:5489H         LINE#         772
  C:5498H         LINE#         773
  C:549FH         LINE#         774
  C:54BEH         LINE#         775
  C:54C5H         LINE#         776
  C:54DBH         LINE#         777
  C:54DBH         LINE#         778
  C:54EEH         LINE#         779
  C:54F8H         LINE#         780
  C:5510H         LINE#         781
  C:5510H         LINE#         782
  C:5510H         LINE#         783
  C:5510H         LINE#         784
  C:5510H         LINE#         785
  C:5512H         LINE#         786
  C:5512H         LINE#         787
  C:5527H         LINE#         788
  C:5531H         LINE#         789
  C:5549H         LINE#         790
  C:5549H         LINE#         791
  C:554EH         LINE#         792
  C:556BH         LINE#         793
  C:556BH         LINE#         794
  C:556BH         LINE#         795
  C:556EH         LINE#         796
  C:557CH         LINE#         797
  -------         ENDPROC       _GUI_GET_STRINGLINE
  -------         PROC          _GUI_SHOW_STRING
  X:014CH         SYMBOL        str
  X:014FH         SYMBOL        x
  X:0151H         SYMBOL        y
  X:0153H         SYMBOL        width
  X:0155H         SYMBOL        height
  X:0157H         SYMBOL        font
  X:0158H         SYMBOL        fcolor
  -------         DO            
  X:015AH         SYMBOL        xpos
  X:015CH         SYMBOL        ypos
  X:015EH         SYMBOL        endx
  X:0160H         SYMBOL        endy
  -------         ENDDO         
  C:4325H         LINE#         804
  C:4336H         LINE#         805
  C:4336H         LINE#         806
  C:4346H         LINE#         807
BL51 BANKED LINKER/LOCATER V6.22                                                      05/26/2020  14:22:29  PAGE 45


  C:4356H         LINE#         808
  C:4370H         LINE#         809
  C:438AH         LINE#         810
  C:43A2H         LINE#         811
  C:43B5H         LINE#         812
  C:43B5H         LINE#         813
  C:43C9H         LINE#         814
  C:43C9H         LINE#         815
  C:43D8H         LINE#         816
  C:43DFH         LINE#         817
  C:43EEH         LINE#         818
  C:4400H         LINE#         819
  C:4414H         LINE#         820
  C:4414H         LINE#         821
  C:443CH         LINE#         822
  C:443CH         LINE#         823
  C:444BH         LINE#         824
  C:4457H         LINE#         825
  C:4457H         LINE#         827
  C:4469H         LINE#         828
  C:4470H         LINE#         830
  C:4473H         LINE#         831
  C:4473H         LINE#         832
  C:449DH         LINE#         833
  C:449DH         LINE#         834
  C:44ACH         LINE#         835
  C:44B9H         LINE#         836
  C:44B9H         LINE#         837
  C:4518H         LINE#         838
  C:452CH         LINE#         839
  C:4536H         LINE#         840
  C:4536H         LINE#         841
  C:454FH         LINE#         843
  -------         ENDPROC       _GUI_SHOW_STRING
  -------         ENDMOD        GUI

  -------         MODULE        ?C?CLDPTR
  C:319FH         PUBLIC        ?C?CLDPTR
  -------         ENDMOD        ?C?CLDPTR

  -------         MODULE        ?C?CLDOPTR
  C:31B8H         PUBLIC        ?C?CLDOPTR
  -------         ENDMOD        ?C?CLDOPTR

  -------         MODULE        ?C?CSTPTR
  C:31E5H         PUBLIC        ?C?CSTPTR
  -------         ENDMOD        ?C?CSTPTR

  -------         MODULE        ?C?IMUL
  C:31F7H         PUBLIC        ?C?IMUL
  -------         ENDMOD        ?C?IMUL

  -------         MODULE        ?C?UIDIV
  C:3209H         PUBLIC        ?C?UIDIV
  -------         ENDMOD        ?C?UIDIV

  -------         MODULE        ?C?IILDX
BL51 BANKED LINKER/LOCATER V6.22                                                      05/26/2020  14:22:29  PAGE 46


  C:325EH         PUBLIC        ?C?IILDX
  -------         ENDMOD        ?C?IILDX

  -------         MODULE        ?C?ILDIX
  C:3274H         PUBLIC        ?C?ILDIX
  -------         ENDMOD        ?C?ILDIX

  -------         MODULE        ?C?ILDOPTR
  C:328AH         PUBLIC        ?C?ILDOPTR
  -------         ENDMOD        ?C?ILDOPTR

  -------         MODULE        ?C?ISTOPTR
  C:32C2H         PUBLIC        ?C?ISTOPTR
  -------         ENDMOD        ?C?ISTOPTR

  -------         MODULE        ?C?LMUL
  C:32EFH         PUBLIC        ?C?LMUL
  -------         ENDMOD        ?C?LMUL

  -------         MODULE        ?C?ULDIV
  C:337AH         PUBLIC        ?C?ULDIV
  -------         ENDMOD        ?C?ULDIV

  -------         MODULE        ?C?SLDIV
  C:7325H         PUBLIC        ?C?SLDIV
  -------         ENDMOD        ?C?SLDIV

  -------         MODULE        ?C?SLCMP
  C:340CH         PUBLIC        ?C?SLCMP
  -------         ENDMOD        ?C?SLCMP

  -------         MODULE        ?C?ULCMP
  C:3422H         PUBLIC        ?C?ULCMP
  -------         ENDMOD        ?C?ULCMP

  -------         MODULE        ?C?ULSHR
  C:3433H         PUBLIC        ?C?ULSHR
  -------         ENDMOD        ?C?ULSHR

  -------         MODULE        ?C?LSTXDATA
  C:3446H         PUBLIC        ?C?LSTXDATA
  -------         ENDMOD        ?C?LSTXDATA

  -------         MODULE        ?C?LSTKXDATA
  C:3452H         PUBLIC        ?C?LSTKXDATA
  -------         ENDMOD        ?C?LSTKXDATA

  -------         MODULE        ?C?LIMUL
  C:3483H         PUBLIC        ?C?LIMUL
  -------         ENDMOD        ?C?LIMUL

  -------         MODULE        PRINTF
  X:0000H         PUBLIC        ?_PRINTF517?BYTE
  X:0000H         PUBLIC        ?_PRINTF?BYTE
  X:0000H         PUBLIC        ?_SPRINTF517?BYTE
  X:0000H         PUBLIC        ?_SPRINTF?BYTE
  C:2EA5H         PUBLIC        _PRINTF
BL51 BANKED LINKER/LOCATER V6.22                                                      05/26/2020  14:22:29  PAGE 47


  C:2EA5H         PUBLIC        _PRINTF517
  C:2E9FH         PUBLIC        _SPRINTF
  C:2E9FH         PUBLIC        _SPRINTF517
  -------         ENDMOD        PRINTF

  -------         MODULE        STRLEN
  C:75DAH         PUBLIC        _STRLEN
  -------         ENDMOD        STRLEN

  -------         MODULE        ?C?PLDIXDATA
  C:34B0H         PUBLIC        ?C?PLDIXDATA
  -------         ENDMOD        ?C?PLDIXDATA

  -------         MODULE        ?C?PSTXDATA
  C:34C7H         PUBLIC        ?C?PSTXDATA
  -------         ENDMOD        ?C?PSTXDATA

  -------         MODULE        ?C?CCASE
  C:34D0H         PUBLIC        ?C?CCASE
  -------         ENDMOD        ?C?CCASE

  -------         MODULE        PUTCHAR
  C:74FEH         PUBLIC        _PUTCHAR
  -------         ENDMOD        PUTCHAR

*** WARNING L16: UNCALLED SEGMENT, IGNORED FOR OVERLAY PROCESS
    SEGMENT: ?PR?_UART_CMD?UART

*** WARNING L16: UNCALLED SEGMENT, IGNORED FOR OVERLAY PROCESS
    SEGMENT: ?PR?_UART_SENDSTRING?UART

*** WARNING L16: UNCALLED SEGMENT, IGNORED FOR OVERLAY PROCESS
    SEGMENT: ?PR?_DELAY?TFTLCD

*** WARNING L16: UNCALLED SEGMENT, IGNORED FOR OVERLAY PROCESS
    SEGMENT: ?PR?_LCD_COLOR_FILL?TFTLCD

*** WARNING L16: UNCALLED SEGMENT, IGNORED FOR OVERLAY PROCESS
    SEGMENT: ?PR?_LCD_DRAWBIGPOINT?TFTLCD

*** WARNING L16: UNCALLED SEGMENT, IGNORED FOR OVERLAY PROCESS
    SEGMENT: ?PR?_LCD_DRAWLINE_COLOR?TFTLCD

*** WARNING L16: UNCALLED SEGMENT, IGNORED FOR OVERLAY PROCESS
    SEGMENT: ?PR?_LCD_DROWSIGN?TFTLCD

*** WARNING L16: UNCALLED SEGMENT, IGNORED FOR OVERLAY PROCESS
    SEGMENT: ?PR?_LCD_DRAWRECTANGLE?TFTLCD

*** WARNING L16: UNCALLED SEGMENT, IGNORED FOR OVERLAY PROCESS
    SEGMENT: ?PR?_LCD_DRAW_CIRCLE?TFTLCD

*** WARNING L16: UNCALLED SEGMENT, IGNORED FOR OVERLAY PROCESS
    SEGMENT: ?PR?_LCD_SHOWNUM?TFTLCD

*** WARNING L16: UNCALLED SEGMENT, IGNORED FOR OVERLAY PROCESS
    SEGMENT: ?PR?_LCD_SHOWXNUM?TFTLCD
BL51 BANKED LINKER/LOCATER V6.22                                                      05/26/2020  14:22:29  PAGE 48



*** WARNING L16: UNCALLED SEGMENT, IGNORED FOR OVERLAY PROCESS
    SEGMENT: ?PR?_LCD_SHOWFONTHZ?TFTLCD

*** WARNING L16: UNCALLED SEGMENT, IGNORED FOR OVERLAY PROCESS
    SEGMENT: ?PR?_LCD_SHOWPICTURE?TFTLCD

*** WARNING L16: UNCALLED SEGMENT, IGNORED FOR OVERLAY PROCESS
    SEGMENT: ?PR?TOUCH_SCAN?TOUCH

*** WARNING L16: UNCALLED SEGMENT, IGNORED FOR OVERLAY PROCESS
    SEGMENT: ?PR?_GUI_COLOR_CHG?GUI

*** WARNING L16: UNCALLED SEGMENT, IGNORED FOR OVERLAY PROCESS
    SEGMENT: ?PR?_GUI_RGB332TORGB565?GUI

*** WARNING L16: UNCALLED SEGMENT, IGNORED FOR OVERLAY PROCESS
    SEGMENT: ?PR?_GUI_DISABS?GUI

*** WARNING L16: UNCALLED SEGMENT, IGNORED FOR OVERLAY PROCESS
    SEGMENT: ?PR?_GUI_DRAW_POINT?GUI

*** WARNING L16: UNCALLED SEGMENT, IGNORED FOR OVERLAY PROCESS
    SEGMENT: ?PR?_GUI_ALPHABLEND_AREA?GUI

*** WARNING L16: UNCALLED SEGMENT, IGNORED FOR OVERLAY PROCESS
    SEGMENT: ?PR?_GUI_DRAW_BLINE1?GUI

*** WARNING L16: UNCALLED SEGMENT, IGNORED FOR OVERLAY PROCESS
    SEGMENT: ?PR?_GUI_FILL_COLORBLOCK?GUI

*** WARNING L16: UNCALLED SEGMENT, IGNORED FOR OVERLAY PROCESS
    SEGMENT: ?PR?_GUI_DRAW_SMOOTH_RECTANGLE?GUI

*** WARNING L16: UNCALLED SEGMENT, IGNORED FOR OVERLAY PROCESS
    SEGMENT: ?PR?_GUI_SHOW_STRMID?GUI

*** WARNING L16: UNCALLED SEGMENT, IGNORED FOR OVERLAY PROCESS
    SEGMENT: ?PR?_GUI_SHOW_NUM?GUI

*** WARNING L16: UNCALLED SEGMENT, IGNORED FOR OVERLAY PROCESS
    SEGMENT: ?PR?_GUI_NUM2STR?GUI

*** WARNING L16: UNCALLED SEGMENT, IGNORED FOR OVERLAY PROCESS
    SEGMENT: ?PR?_GUI_SHOW_PTSTRWHITERIM?GUI

*** WARNING L16: UNCALLED SEGMENT, IGNORED FOR OVERLAY PROCESS
    SEGMENT: ?PR?_GUI_GET_STRINGLINE?GUI

*** WARNING L16: UNCALLED SEGMENT, IGNORED FOR OVERLAY PROCESS
    SEGMENT: ?PR?_GUI_SHOW_STRING?GUI

Program Size: data=15.1 xdata=683 code=30293
LINK/LOCATE RUN COMPLETE.  28 WARNING(S),  0 ERROR(S)
